{"iteration":1,"score":7.801218314018919,"best":7.801218314018919,"gradient_rms":1.5795904591166543,"update_rms":0.009999999768192842,"accepted":true,"wall_s":6.6390466070733964}
{"iteration":2,"score":5.542600108571313,"best":7.801218314018919,"gradient_rms":4.679654706812864,"update_rms":0.00790513241008492,"accepted":true,"wall_s":7.414943692274392}
{"iteration":3,"score":7.468945475126073,"best":7.801218314018919,"gradient_rms":18.41778748251358,"update_rms":0.007296927596524649,"accepted":true,"wall_s":7.352151586674154}
{"iteration":4,"score":7.129241644271183,"best":7.801218314018919,"gradient_rms":3.547498730070389,"update_rms":0.005411223124006052,"accepted":true,"wall_s":6.556838345713913}
{"iteration":5,"score":7.839051835252293,"best":7.839051835252293,"gradient_rms":2.9698612002201887,"update_rms":0.00423277973563045,"accepted":true,"wall_s":6.574129473883659}
{"iteration":6,"score":11.843691709310155,"best":11.843691709310155,"gradient_rms":4.891611691490634,"update_rms":0.004361051394875191,"accepted":true,"wall_s":6.605838303919882}
{"iteration":7,"score":24.1584030178372,"best":24.1584030178372,"gradient_rms":12.882831038044019,"update_rms":0.005429572731832254,"accepted":true,"wall_s":6.5767942811362445}
{"iteration":8,"score":35.08163128616689,"best":35.08163128616689,"gradient_rms":21.960651512729402,"update_rms":0.006725890795787039,"accepted":true,"wall_s":7.024238053709269}
{"iteration":9,"score":44.14286945343761,"best":44.14286945343761,"gradient_rms":22.629742677363236,"update_rms":0.006790904065676075,"accepted":true,"wall_s":7.129782228730619}
{"iteration":10,"score":53.873747225974206,"best":53.873747225974206,"gradient_rms":27.778643907122344,"update_rms":0.0068539474139723685,"accepted":true,"wall_s":7.139563775155693}
{"iteration":11,"score":59.574614832276794,"best":59.574614832276794,"gradient_rms":21.673857844743363,"update_rms":0.006435694617215936,"accepted":true,"wall_s":7.115958191920072}
{"iteration":12,"score":60.695503469798965,"best":60.695503469798965,"gradient_rms":7.956746144455291,"update_rms":0.0051323216718067955,"accepted":true,"wall_s":6.7327547781169415}
{"iteration":13,"score":61.45017968052524,"best":61.45017968052524,"gradient_rms":6.609356443677733,"update_rms":0.004050205375003692,"accepted":true,"wall_s":6.749197744764388}
{"iteration":14,"score":62.067025689213565,"best":62.067025689213565,"gradient_rms":5.888318890976671,"update_rms":0.003462558014824753,"accepted":true,"wall_s":6.717102948110551}
{"iteration":15,"score":62.57510076155742,"best":62.57510076155742,"gradient_rms":5.106294746934716,"update_rms":0.002867959953031353,"accepted":true,"wall_s":6.723748384974897}
{"iteration":16,"score":63.207659700964015,"best":63.207659700964015,"gradient_rms":5.213805099605848,"update_rms":0.0025166253728853465,"accepted":true,"wall_s":6.751349790021777}
{"iteration":17,"score":63.95479997844734,"best":63.95479997844734,"gradient_rms":6.360678964736833,"update_rms":0.0025441448716250355,"accepted":true,"wall_s":6.755808919202536}
{"iteration":18,"score":64.80173663891239,"best":64.80173663891239,"gradient_rms":9.392448148413406,"update_rms":0.003041356214844843,"accepted":true,"wall_s":6.763720307033509}
{"iteration":19,"score":65.68687382017403,"best":65.68687382017403,"gradient_rms":11.248271628738125,"update_rms":0.003602815847577644,"accepted":true,"wall_s":6.751586256083101}
{"iteration":20,"score":66.46333875094201,"best":66.46333875094201,"gradient_rms":7.228387938727564,"update_rms":0.0033546465166206544,"accepted":true,"wall_s":6.7506288406439126}
{"iteration":21,"score":67.27236611085355,"best":67.27236611085355,"gradient_rms":7.5232407505815475,"update_rms":0.0032809231019716523,"accepted":true,"wall_s":6.751566403079778}
{"iteration":22,"score":67.92090546522505,"best":67.92090546522505,"gradient_rms":6.414538591581203,"update_rms":0.0031221525796584194,"accepted":true,"wall_s":6.755769367795438}
{"iteration":23,"score":68.30921327964484,"best":68.30921327964484,"gradient_rms":9.030376901507235,"update_rms":0.003304069234296583,"accepted":true,"wall_s":6.3596857520751655}
{"iteration":24,"score":68.6732312641935,"best":68.6732312641935,"gradient_rms":6.692682348520089,"update_rms":0.0030146343589140005,"accepted":true,"wall_s":6.369748644065112}
{"iteration":25,"score":69.20563383660892,"best":69.20563383660892,"gradient_rms":8.239319006008074,"update_rms":0.0030647422967200132,"accepted":true,"wall_s":6.759840121027082}
{"iteration":26,"score":69.75241172915193,"best":69.75241172915193,"gradient_rms":5.580956548960856,"update_rms":0.0027483592530583596,"accepted":true,"wall_s":6.741834848187864}
{"iteration":27,"score":70.23348992708289,"best":70.23348992708289,"gradient_rms":5.710006450825228,"update_rms":0.0025471917059476223,"accepted":true,"wall_s":6.765880343969911}
{"iteration":28,"score":70.62602357671628,"best":70.62602357671628,"gradient_rms":6.077431265874302,"update_rms":0.0023535123033791663,"accepted":true,"wall_s":6.356480534188449}
{"iteration":29,"score":70.94209206300167,"best":70.94209206300167,"gradient_rms":9.788974197182977,"update_rms":0.003338583438789128,"accepted":true,"wall_s":6.754481287207454}
{"iteration":30,"score":71.32063597411907,"best":71.32063597411907,"gradient_rms":4.777089518258312,"update_rms":0.002873678456801276,"accepted":true,"wall_s":6.73997282795608}
{"iteration":31,"score":71.59122774965216,"best":71.59122774965216,"gradient_rms":5.053354498232504,"update_rms":0.0026633770562026044,"accepted":true,"wall_s":6.752714679110795}
{"iteration":32,"score":71.75581810311262,"best":71.75581810311262,"gradient_rms":6.50980811935181,"update_rms":0.002712120017799051,"accepted":true,"wall_s":6.384661436080933}
{"iteration":33,"score":72.15048123654114,"best":72.15048123654114,"gradient_rms":8.884842228865534,"update_rms":0.00337963677840896,"accepted":true,"wall_s":6.748068294022232}
{"iteration":34,"score":72.40123506375261,"best":72.40123506375261,"gradient_rms":6.813188585454477,"update_rms":0.0031736495115136988,"accepted":true,"wall_s":6.78192431665957}
{"iteration":35,"score":72.57832179310947,"best":72.57832179310947,"gradient_rms":7.626296929645524,"update_rms":0.0031588933201470624,"accepted":true,"wall_s":6.75620877975598}
{"iteration":36,"score":72.81591525677935,"best":72.81591525677935,"gradient_rms":7.909290317111155,"update_rms":0.003284636698773759,"accepted":true,"wall_s":6.744436900597066}
{"iteration":37,"score":72.92223393479665,"best":72.92223393479665,"gradient_rms":5.3905124801050945,"update_rms":0.0028049920487970906,"accepted":true,"wall_s":6.764940921217203}
{"iteration":38,"score":73.24931082790147,"best":73.24931082790147,"gradient_rms":11.773813524626117,"update_rms":0.003941527569468149,"accepted":true,"wall_s":6.743404556065798}
{"iteration":39,"score":73.58844360433105,"best":73.58844360433105,"gradient_rms":7.454468297833574,"update_rms":0.0036425465924534613,"accepted":true,"wall_s":6.777243602089584}
{"iteration":40,"score":73.78568226418251,"best":73.78568226418251,"gradient_rms":8.756826759600695,"update_rms":0.003612007598185102,"accepted":true,"wall_s":6.743541104719043}
{"iteration":41,"score":73.63414618932973,"best":73.78568226418251,"gradient_rms":6.469816478165318,"update_rms":0.0033812347452761723,"accepted":true,"wall_s":6.344937097281218}
{"iteration":42,"score":73.94148213966167,"best":73.94148213966167,"gradient_rms":10.011934953865886,"update_rms":0.0036838831623402274,"accepted":true,"wall_s":6.401922286953777}
{"iteration":43,"score":74.03465299090928,"best":74.03465299090928,"gradient_rms":20.25022109221159,"update_rms":0.006361833170994984,"accepted":true,"wall_s":6.765714258886874}
{"iteration":44,"score":73.67970069048437,"best":74.03465299090928,"gradient_rms":31.912746018135557,"update_rms":0.008665805379360313,"accepted":true,"wall_s":6.745730668306351}
{"iteration":45,"score":73.04681495955884,"best":74.03465299090928,"gradient_rms":28.193217838989412,"update_rms":0.008581786871915192,"accepted":true,"wall_s":6.774458582047373}
{"iteration":46,"score":72.51639342107639,"best":74.03465299090928,"gradient_rms":28.312821649964295,"update_rms":0.008762022089382015,"accepted":true,"wall_s":6.742441070266068}
{"iteration":47,"score":73.24871991071836,"best":74.03465299090928,"gradient_rms":14.906192390821793,"update_rms":0.007024080618575761,"accepted":true,"wall_s":6.748230753000826}
{"iteration":48,"score":73.81093316339596,"best":74.03465299090928,"gradient_rms":32.17291425569633,"update_rms":0.008577927322453351,"accepted":true,"wall_s":6.746665322221816}
{"iteration":49,"score":73.69594005385605,"best":74.03465299090928,"gradient_rms":7.652691331824448,"update_rms":0.006361101023168443,"accepted":true,"wall_s":6.74821855686605}
{"iteration":50,"score":73.65570861777296,"best":74.03465299090928,"gradient_rms":6.059342651581263,"update_rms":0.0045942481621611434,"accepted":true,"wall_s":6.736946321092546}
{"iteration":51,"score":73.88232841504987,"best":74.03465299090928,"gradient_rms":7.39272870094246,"update_rms":0.0037050841588540206,"accepted":true,"wall_s":6.730699750594795}
{"iteration":52,"score":74.2223035140701,"best":74.2223035140701,"gradient_rms":7.283597778221637,"update_rms":0.003151274034183391,"accepted":true,"wall_s":6.74467107327655}
{"iteration":53,"score":74.38816501068914,"best":74.38816501068914,"gradient_rms":6.9341758873019375,"update_rms":0.002618444329655022,"accepted":true,"wall_s":6.7443474237807095}
{"iteration":54,"score":74.79124565853954,"best":74.79124565853954,"gradient_rms":5.822344154316926,"update_rms":0.0022794725106328162,"accepted":true,"wall_s":6.74032731866464}
{"iteration":55,"score":75.19092705767522,"best":75.19092705767522,"gradient_rms":7.116171643756723,"update_rms":0.0024323892983548418,"accepted":true,"wall_s":6.756915577687323}
{"iteration":56,"score":75.33893181488563,"best":75.33893181488563,"gradient_rms":5.119781723442038,"update_rms":0.002169852135130701,"accepted":true,"wall_s":6.769336828961968}
{"iteration":57,"score":75.54421214884563,"best":75.54421214884563,"gradient_rms":7.292502519903377,"update_rms":0.0024070943606875695,"accepted":true,"wall_s":6.769101384095848}
{"iteration":58,"score":75.66654138670489,"best":75.66654138670489,"gradient_rms":5.4909410041030755,"update_rms":0.0022504147809741045,"accepted":true,"wall_s":6.751073089893907}
{"iteration":59,"score":75.70025486817426,"best":75.70025486817426,"gradient_rms":8.567201761344952,"update_rms":0.0026978500248599855,"accepted":true,"wall_s":6.749120749998838}
{"iteration":60,"score":75.66903123228673,"best":75.70025486817426,"gradient_rms":6.330724657406883,"update_rms":0.002534855834370372,"accepted":true,"wall_s":6.759252204094082}
{"iteration":61,"score":75.79547468535128,"best":75.79547468535128,"gradient_rms":13.83570973971916,"update_rms":0.0037780862228689563,"accepted":true,"wall_s":6.781651260796934}
{"iteration":62,"score":76.00710281315767,"best":76.00710281315767,"gradient_rms":10.819474083947908,"update_rms":0.003946916443186741,"accepted":true,"wall_s":6.7611537668854}
{"iteration":63,"score":76.18821827855324,"best":76.18821827855324,"gradient_rms":10.088230588017684,"update_rms":0.003782519689696671,"accepted":true,"wall_s":6.368053087033331}
{"iteration":64,"score":76.2655781354462,"best":76.2655781354462,"gradient_rms":13.200986059296687,"update_rms":0.004153380007987622,"accepted":true,"wall_s":6.754481287673116}
{"iteration":65,"score":76.0264625790568,"best":76.2655781354462,"gradient_rms":12.81267703551638,"update_rms":0.004254139514333558,"accepted":true,"wall_s":6.743988181930035}
{"iteration":66,"score":75.80845280819106,"best":76.2655781354462,"gradient_rms":36.193741365804534,"update_rms":0.008470195988595759,"accepted":true,"wall_s":6.749650691170245}
{"iteration":67,"score":74.4825757813116,"best":76.2655781354462,"gradient_rms":51.91811410991069,"update_rms":0.011550964784719609,"accepted":true,"wall_s":6.777013400103897}
{"iteration":68,"score":74.18780701209916,"best":76.2655781354462,"gradient_rms":11.403014166178288,"update_rms":0.008354717508627206,"accepted":true,"wall_s":6.7461450239643455}
{"iteration":69,"score":74.39975489456207,"best":76.2655781354462,"gradient_rms":11.662325696136866,"update_rms":0.0063651908224793404,"accepted":true,"wall_s":6.764169510919601}
{"iteration":70,"score":75.08212973110017,"best":76.2655781354462,"gradient_rms":9.196186798171988,"update_rms":0.004835330390100849,"accepted":true,"wall_s":6.737784709781408}
{"iteration":71,"score":74.89568726258753,"best":76.2655781354462,"gradient_rms":6.797001420496737,"update_rms":0.003825578595567694,"accepted":true,"wall_s":6.75986878015101}
{"iteration":72,"score":74.91920515415136,"best":76.2655781354462,"gradient_rms":7.143721799347789,"update_rms":0.003056348641602626,"accepted":true,"wall_s":6.758568928577006}
{"iteration":73,"score":75.49408576015735,"best":76.2655781354462,"gradient_rms":7.735563769418735,"update_rms":0.0026919212551448526,"accepted":true,"wall_s":6.757730703335255}
{"iteration":74,"score":75.83229220977618,"best":76.2655781354462,"gradient_rms":7.4252089294682415,"update_rms":0.002716293537527241,"accepted":true,"wall_s":6.776176270097494}
{"iteration":75,"score":75.13268679528014,"best":76.2655781354462,"gradient_rms":18.80250380368123,"update_rms":0.004588173681182443,"accepted":true,"wall_s":6.361438229680061}
{"iteration":76,"score":74.79623984185223,"best":76.2655781354462,"gradient_rms":10.31876972885652,"update_rms":0.0040559304641606345,"accepted":true,"wall_s":7.04671058896929}
{"iteration":77,"score":75.06012514977577,"best":76.2655781354462,"gradient_rms":25.98649524505727,"update_rms":0.00607511341801922,"accepted":true,"wall_s":6.758263977244496}
{"iteration":78,"score":74.9223436993315,"best":76.2655781354462,"gradient_rms":18.38738231833387,"update_rms":0.0057319212057444155,"accepted":true,"wall_s":6.761377143673599}
{"iteration":79,"score":75.27903757903937,"best":76.2655781354462,"gradient_rms":15.308793348300801,"update_rms":0.005122631106274104,"accepted":true,"wall_s":6.778179551009089}
{"iteration":80,"score":75.16939433171825,"best":76.2655781354462,"gradient_rms":6.516383750495903,"update_rms":0.004006449122751498,"accepted":true,"wall_s":6.744345371145755}
{"iteration":81,"score":75.33199638630147,"best":76.2655781354462,"gradient_rms":9.533122257392133,"update_rms":0.0036040092908419933,"accepted":true,"wall_s":6.77368838340044}
{"iteration":82,"score":75.60775508844782,"best":76.2655781354462,"gradient_rms":9.614298538935284,"update_rms":0.003339682234564671,"accepted":true,"wall_s":6.350310361944139}
{"iteration":83,"score":75.7561794721894,"best":76.2655781354462,"gradient_rms":10.303909440059787,"update_rms":0.0034247828780088023,"accepted":true,"wall_s":6.748018424957991}
{"iteration":84,"score":76.10732353651869,"best":76.2655781354462,"gradient_rms":10.027274181381221,"update_rms":0.0032458994843339,"accepted":true,"wall_s":6.77416202891618}
{"iteration":85,"score":76.97367247427408,"best":76.97367247427408,"gradient_rms":10.600479486907597,"update_rms":0.0031833090849650025,"accepted":true,"wall_s":6.387170440051705}
{"iteration":86,"score":77.52625712709992,"best":77.52625712709992,"gradient_rms":8.84877112487222,"update_rms":0.0029618629504774385,"accepted":true,"wall_s":6.7581803081557155}
{"iteration":87,"score":77.56855910606684,"best":77.56855910606684,"gradient_rms":6.888188750249132,"update_rms":0.002553123494611859,"accepted":true,"wall_s":6.380195465870202}
{"iteration":88,"score":77.75936583729258,"best":77.75936583729258,"gradient_rms":9.640983890362389,"update_rms":0.002881592799400805,"accepted":true,"wall_s":6.36919013177976}
{"iteration":89,"score":77.31509023086676,"best":77.75936583729258,"gradient_rms":22.361762623176784,"update_rms":0.005142692457264967,"accepted":true,"wall_s":6.753391999285668}
{"iteration":90,"score":77.21245749273496,"best":77.75936583729258,"gradient_rms":7.3460286959852334,"update_rms":0.00398695485984041,"accepted":true,"wall_s":6.813467329367995}
{"iteration":91,"score":77.34017065908392,"best":77.75936583729258,"gradient_rms":7.403583965795298,"update_rms":0.0032601090785839277,"accepted":true,"wall_s":6.891201458871365}
{"iteration":92,"score":77.66936360318786,"best":77.75936583729258,"gradient_rms":21.068256114135316,"update_rms":0.005055745019469537,"accepted":true,"wall_s":6.746800352819264}
{"iteration":93,"score":76.02625837857204,"best":77.75936583729258,"gradient_rms":26.8790015237435,"update_rms":0.006705275299079114,"accepted":true,"wall_s":6.360955520067364}
{"iteration":94,"score":77.04936369109862,"best":77.75936583729258,"gradient_rms":22.920009279363562,"update_rms":0.006395723441115665,"accepted":true,"wall_s":6.737246297765523}
{"iteration":95,"score":76.6268142439437,"best":77.75936583729258,"gradient_rms":23.254492450511385,"update_rms":0.006439875824184955,"accepted":true,"wall_s":6.745383273810148}
{"iteration":96,"score":77.0995064719642,"best":77.75936583729258,"gradient_rms":17.46510029099601,"update_rms":0.005938032883729345,"accepted":true,"wall_s":6.738005122169852}
{"iteration":97,"score":77.7229525822535,"best":77.75936583729258,"gradient_rms":10.484667454119945,"update_rms":0.004836767602374122,"accepted":true,"wall_s":6.3599722175858915}
{"iteration":98,"score":78.2096843337473,"best":78.2096843337473,"gradient_rms":7.50179867242797,"update_rms":0.003817542297141029,"accepted":true,"wall_s":6.747600902803242}
{"iteration":99,"score":78.48938483074069,"best":78.48938483074069,"gradient_rms":13.36787074704414,"update_rms":0.003976795038170206,"accepted":true,"wall_s":6.755669278092682}
{"iteration":100,"score":78.49860026587095,"best":78.49860026587095,"gradient_rms":10.803956067841536,"update_rms":0.003642668788135725,"accepted":true,"wall_s":6.740414100233465}
{"iteration":101,"score":78.0447475798949,"best":78.49860026587095,"gradient_rms":9.505584892828558,"update_rms":0.0032583420615847174,"accepted":true,"wall_s":6.7568433922715485}
{"iteration":102,"score":78.10631073743806,"best":78.49860026587095,"gradient_rms":6.599576658442726,"update_rms":0.002699036993196076,"accepted":true,"wall_s":6.745182192884386}
{"iteration":103,"score":78.26108279247792,"best":78.49860026587095,"gradient_rms":8.418285488972442,"update_rms":0.0027733930654871824,"accepted":true,"wall_s":6.762516014743596}
{"iteration":104,"score":77.88610341920686,"best":78.49860026587095,"gradient_rms":47.26002147208649,"update_rms":0.009465196871097705,"accepted":true,"wall_s":6.760789092164487}
{"iteration":105,"score":77.27685560704873,"best":78.49860026587095,"gradient_rms":14.201360074005704,"update_rms":0.007129889068119608,"accepted":true,"wall_s":6.752359297592193}
{"iteration":106,"score":77.83465055097344,"best":78.49860026587095,"gradient_rms":10.781802073858556,"update_rms":0.005729403656614748,"accepted":true,"wall_s":6.753460519015789}
{"iteration":107,"score":77.86040478413074,"best":78.49860026587095,"gradient_rms":7.342613973277203,"update_rms":0.004348675907571806,"accepted":true,"wall_s":6.755054933018982}
{"iteration":108,"score":77.89595029220077,"best":78.49860026587095,"gradient_rms":11.904566724487175,"update_rms":0.0039083660236360245,"accepted":true,"wall_s":6.757883119862527}
{"iteration":109,"score":78.0405142171611,"best":78.49860026587095,"gradient_rms":8.326331286547628,"update_rms":0.003249373966416346,"accepted":true,"wall_s":6.373200287576765}
{"iteration":110,"score":77.96063138339359,"best":78.49860026587095,"gradient_rms":8.395699239662228,"update_rms":0.002842678072742566,"accepted":true,"wall_s":6.747565884143114}
{"iteration":111,"score":77.90342459475568,"best":78.49860026587095,"gradient_rms":6.859689954476168,"update_rms":0.0023862494333927154,"accepted":true,"wall_s":6.367170462850481}
{"iteration":112,"score":78.6124308523646,"best":78.6124308523646,"gradient_rms":12.132028939522602,"update_rms":0.002985241559243064,"accepted":true,"wall_s":6.801987401675433}
{"iteration":113,"score":78.91078799606343,"best":78.91078799606343,"gradient_rms":5.277898456325173,"update_rms":0.0023900686882877852,"accepted":true,"wall_s":6.768994409125298}
{"iteration":114,"score":79.11025994881409,"best":79.11025994881409,"gradient_rms":8.016020690398397,"update_rms":0.0022634546887703123,"accepted":true,"wall_s":6.772347482852638}
{"iteration":115,"score":78.8741783760176,"best":79.11025994881409,"gradient_rms":4.526724272860107,"update_rms":0.0018435486128234456,"accepted":true,"wall_s":6.3982011317275465}
{"iteration":116,"score":78.616031206403,"best":79.11025994881409,"gradient_rms":7.648918496357407,"update_rms":0.002146976204787154,"accepted":true,"wall_s":6.776724454946816}
{"iteration":117,"score":78.92083672832433,"best":79.11025994881409,"gradient_rms":6.548241477189666,"update_rms":0.0020735032202715145,"accepted":true,"wall_s":6.778226769063622}
{"iteration":118,"score":79.29690464727277,"best":79.29690464727277,"gradient_rms":7.09884967446423,"update_rms":0.0021586446683004245,"accepted":true,"wall_s":6.765622999984771}
{"iteration":119,"score":79.39490321966287,"best":79.39490321966287,"gradient_rms":6.780171123320809,"update_rms":0.002068282516950344,"accepted":true,"wall_s":6.772541501093656}
{"iteration":120,"score":79.10375410264928,"best":79.39490321966287,"gradient_rms":6.129995141334455,"update_rms":0.001972956785275253,"accepted":true,"wall_s":6.7546363808214664}
{"iteration":121,"score":78.97807681466433,"best":79.39490321966287,"gradient_rms":8.734688578244477,"update_rms":0.002333432727911277,"accepted":true,"wall_s":6.763014601077884}
{"iteration":122,"score":78.99301923364678,"best":79.39490321966287,"gradient_rms":5.117631443926436,"update_rms":0.0018875184104647567,"accepted":true,"wall_s":6.771105229854584}
{"iteration":123,"score":79.09582299654892,"best":79.39490321966287,"gradient_rms":6.953708858830149,"update_rms":0.002029492958027226,"accepted":true,"wall_s":6.774329899344593}
{"iteration":124,"score":79.33142154318305,"best":79.39490321966287,"gradient_rms":14.037537489546606,"update_rms":0.0034831420256035135,"accepted":true,"wall_s":6.781127433292568}
{"iteration":125,"score":79.27850391981964,"best":79.39490321966287,"gradient_rms":6.135883393614786,"update_rms":0.0025213727052914923,"accepted":true,"wall_s":6.387282511685044}
{"iteration":126,"score":78.7910926605235,"best":79.39490321966287,"gradient_rms":9.63557707345904,"update_rms":0.002713624242900619,"accepted":true,"wall_s":6.763024624902755}
{"iteration":127,"score":78.43354704172728,"best":79.39490321966287,"gradient_rms":8.081209151723717,"update_rms":0.0026226990882909727,"accepted":true,"wall_s":6.764163190964609}
{"iteration":128,"score":78.82738990817191,"best":79.39490321966287,"gradient_rms":7.5437386209224035,"update_rms":0.0023680484614831015,"accepted":true,"wall_s":6.751475217752159}
{"iteration":129,"score":78.20244623381468,"best":79.39490321966287,"gradient_rms":29.4390811086675,"update_rms":0.00640610994878895,"accepted":true,"wall_s":6.750825491733849}
{"iteration":130,"score":78.13943832452458,"best":79.39490321966287,"gradient_rms":8.700318376191191,"update_rms":0.004690868120711169,"accepted":true,"wall_s":6.766280523035675}
{"iteration":131,"score":78.60545223987396,"best":79.39490321966287,"gradient_rms":8.17829519699708,"update_rms":0.003741086548848355,"accepted":true,"wall_s":6.7545949928462505}
{"iteration":132,"score":78.42646709202155,"best":79.39490321966287,"gradient_rms":4.352949347686822,"update_rms":0.002898170768780777,"accepted":true,"wall_s":6.366553560830653}
{"iteration":133,"score":78.4363144684943,"best":79.39490321966287,"gradient_rms":4.717952533906217,"update_rms":0.002314366104825284,"accepted":true,"wall_s":6.7445686482824385}
{"iteration":134,"score":78.34281405193917,"best":79.39490321966287,"gradient_rms":8.08321301246157,"update_rms":0.0024351046989177826,"accepted":true,"wall_s":6.832232994027436}
{"iteration":135,"score":78.29716734029536,"best":79.39490321966287,"gradient_rms":4.2932425803652645,"update_rms":0.001932360973151628,"accepted":true,"wall_s":6.364487492945045}
{"iteration":136,"score":78.2036827033629,"best":79.39490321966287,"gradient_rms":6.424586680218262,"update_rms":0.002011290825851835,"accepted":true,"wall_s":6.747698191553354}
{"iteration":137,"score":78.41475958266045,"best":79.39490321966287,"gradient_rms":4.374443294205499,"update_rms":0.0016510729836859029,"accepted":true,"wall_s":6.762678348924965}
{"iteration":138,"score":78.5092835668913,"best":79.39490321966287,"gradient_rms":27.349293392705007,"update_rms":0.006174977061345733,"accepted":true,"wall_s":6.752691115718335}
{"iteration":139,"score":78.56719759558398,"best":79.39490321966287,"gradient_rms":9.357993912019111,"update_rms":0.00479122534511042,"accepted":true,"wall_s":6.365865355357528}
{"iteration":140,"score":78.56802776064929,"best":79.39490321966287,"gradient_rms":7.6593529858234835,"update_rms":0.003803519243479249,"accepted":true,"wall_s":6.753206251654774}
{"iteration":141,"score":77.94669237432237,"best":79.39490321966287,"gradient_rms":7.613255215809532,"update_rms":0.0030412343436317145,"accepted":true,"wall_s":6.77565835416317}
{"iteration":142,"score":77.68624157012046,"best":79.39490321966287,"gradient_rms":6.4959715103250195,"update_rms":0.002605853363919138,"accepted":true,"wall_s":6.776354046538472}
{"iteration":143,"score":78.1201640617356,"best":79.39490321966287,"gradient_rms":7.878816886545312,"update_rms":0.002522233332075977,"accepted":true,"wall_s":6.774984708055854}
{"iteration":144,"score":78.12458368263111,"best":79.39490321966287,"gradient_rms":8.104178878520347,"update_rms":0.0025939604372536167,"accepted":true,"wall_s":6.785055016167462}
{"iteration":145,"score":78.01038831901617,"best":79.39490321966287,"gradient_rms":6.915451962016836,"update_rms":0.0023721906209249266,"accepted":true,"wall_s":6.753827297128737}
{"iteration":146,"score":77.9512330540984,"best":79.39490321966287,"gradient_rms":5.019489939778299,"update_rms":0.0020134052680312194,"accepted":true,"wall_s":6.752545239869505}
{"iteration":147,"score":78.01298790241623,"best":79.39490321966287,"gradient_rms":6.39675249839768,"update_rms":0.001983365355375782,"accepted":true,"wall_s":6.76109219994396}
{"iteration":148,"score":77.98174163899502,"best":79.39490321966287,"gradient_rms":3.6602917799964008,"update_rms":0.001640868029347389,"accepted":true,"wall_s":6.807803590316325}
{"iteration":149,"score":77.97906469448941,"best":79.39490321966287,"gradient_rms":6.857337987203911,"update_rms":0.0020818488658906286,"accepted":true,"wall_s":6.754449621308595}
{"iteration":150,"score":78.00547748349871,"best":79.39490321966287,"gradient_rms":6.01602590249247,"update_rms":0.0020224491995144435,"accepted":true,"wall_s":6.782092569861561}
{"iteration":151,"score":78.01843319034805,"best":79.39490321966287,"gradient_rms":7.75097660737364,"update_rms":0.0023581476783478064,"accepted":true,"wall_s":6.783985479269177}
{"iteration":152,"score":77.88799735857991,"best":79.39490321966287,"gradient_rms":6.000897051215101,"update_rms":0.0022876286373225345,"accepted":true,"wall_s":6.762447698041797}
{"iteration":153,"score":77.74768503820917,"best":79.39490321966287,"gradient_rms":5.288564417969097,"update_rms":0.0019129082615949263,"accepted":true,"wall_s":6.7502070209011436}
{"iteration":154,"score":77.62568695271533,"best":79.39490321966287,"gradient_rms":5.986791396135832,"update_rms":0.0018391387032251289,"accepted":true,"wall_s":6.767113325651735}
{"iteration":155,"score":77.69677620686281,"best":79.39490321966287,"gradient_rms":5.552394117955341,"update_rms":0.0018312105809855901,"accepted":true,"wall_s":6.3597570159472525}
{"iteration":156,"score":77.74997792580386,"best":79.39490321966287,"gradient_rms":5.310586422101868,"update_rms":0.0018018985778840903,"accepted":true,"wall_s":6.873250565957278}
{"iteration":157,"score":77.8601473311318,"best":79.39490321966287,"gradient_rms":4.07393184479773,"update_rms":0.0015741158147544612,"accepted":true,"wall_s":6.943136089947075}
{"iteration":158,"score":77.94106480396864,"best":79.39490321966287,"gradient_rms":4.653592597014732,"update_rms":0.0015488054277700688,"accepted":true,"wall_s":6.898138088174164}
{"iteration":159,"score":77.71579518459458,"best":79.39490321966287,"gradient_rms":6.964460166965289,"update_rms":0.0019476526413782255,"accepted":true,"wall_s":6.76611486217007}
{"iteration":160,"score":77.86952113419022,"best":79.39490321966287,"gradient_rms":5.485056907277072,"update_rms":0.0018226768014501602,"accepted":true,"wall_s":6.756044566165656}
{"iteration":161,"score":77.906652648129,"best":79.39490321966287,"gradient_rms":6.86875048250917,"update_rms":0.002030581846445707,"accepted":true,"wall_s":6.400915942620486}
{"iteration":162,"score":78.06026522482983,"best":79.39490321966287,"gradient_rms":4.361819571093241,"update_rms":0.0017760468741330779,"accepted":true,"wall_s":6.766015239059925}
{"iteration":163,"score":78.13416572812383,"best":79.39490321966287,"gradient_rms":5.082522391745913,"update_rms":0.0017669346555649976,"accepted":true,"wall_s":6.756752650719136}
{"iteration":164,"score":78.24232801790174,"best":79.39490321966287,"gradient_rms":5.231603124123588,"update_rms":0.0017496185814591281,"accepted":true,"wall_s":6.767516884952784}
{"iteration":165,"score":78.31055772215419,"best":79.39490321966287,"gradient_rms":6.489906641142112,"update_rms":0.002025538613060463,"accepted":true,"wall_s":6.7690370553173125}
{"iteration":166,"score":78.17319501737322,"best":79.39490321966287,"gradient_rms":7.446381074076907,"update_rms":0.0023076562072112602,"accepted":true,"wall_s":6.761539372149855}
{"iteration":167,"score":77.84152267759764,"best":79.39490321966287,"gradient_rms":8.256527953918157,"update_rms":0.0025809730493026326,"accepted":true,"wall_s":6.772840606048703}
{"iteration":168,"score":77.97805517199079,"best":79.39490321966287,"gradient_rms":5.672964317415598,"update_rms":0.002290366249101491,"accepted":true,"wall_s":6.768883022014052}
{"iteration":169,"score":77.8700855813908,"best":79.39490321966287,"gradient_rms":7.904362807916136,"update_rms":0.0024621960683537084,"accepted":true,"wall_s":6.762900746893138}
{"iteration":170,"score":78.06415679456558,"best":79.39490321966287,"gradient_rms":8.026852715620416,"update_rms":0.0025702261737402437,"accepted":true,"wall_s":6.7827148349024355}
{"iteration":171,"score":78.09059090202386,"best":79.39490321966287,"gradient_rms":7.111207436981521,"update_rms":0.0024627507161155728,"accepted":true,"wall_s":6.771445991937071}
{"iteration":172,"score":77.85444870866554,"best":79.39490321966287,"gradient_rms":15.540928601125447,"update_rms":0.004170472596318626,"accepted":true,"wall_s":6.760974233970046}
{"iteration":173,"score":77.5746719383687,"best":79.39490321966287,"gradient_rms":6.137965753114879,"update_rms":0.0032004659693588076,"accepted":true,"wall_s":6.751723289955407}
{"iteration":174,"score":77.59347157852704,"best":79.39490321966287,"gradient_rms":5.435509872575336,"update_rms":0.0025990302910592674,"accepted":true,"wall_s":6.749075802974403}
{"iteration":175,"score":77.70973484305459,"best":79.39490321966287,"gradient_rms":5.510159901915933,"update_rms":0.0023503487011872267,"accepted":true,"wall_s":6.364275087136775}
{"iteration":176,"score":77.84493970736901,"best":79.39490321966287,"gradient_rms":7.052987918781729,"update_rms":0.002326569381352571,"accepted":true,"wall_s":6.777187529020011}
{"iteration":177,"score":77.7223969296903,"best":79.39490321966287,"gradient_rms":5.794762076269361,"update_rms":0.002248308722722397,"accepted":true,"wall_s":6.782407347112894}
{"iteration":178,"score":77.40674152651489,"best":79.39490321966287,"gradient_rms":6.264972509071467,"update_rms":0.0022253496425856554,"accepted":true,"wall_s":6.751576595008373}
{"iteration":179,"score":77.31406462929229,"best":79.39490321966287,"gradient_rms":7.359190721082735,"update_rms":0.002320512197831625,"accepted":true,"wall_s":6.727255091071129}
{"iteration":180,"score":77.3042252071235,"best":79.39490321966287,"gradient_rms":4.25085898544036,"update_rms":0.002041719591009133,"accepted":true,"wall_s":6.735225398093462}
{"iteration":181,"score":77.22237100536671,"best":79.39490321966287,"gradient_rms":5.383772853095867,"update_rms":0.0019000985585236954,"accepted":true,"wall_s":6.7416266007348895}
{"iteration":182,"score":77.30803475560411,"best":79.39490321966287,"gradient_rms":5.537150932217123,"update_rms":0.001938267783687071,"accepted":true,"wall_s":6.727373015135527}
{"iteration":183,"score":77.43123295312719,"best":79.39490321966287,"gradient_rms":6.017896135055753,"update_rms":0.002007433735737239,"accepted":true,"wall_s":6.749199299141765}
{"iteration":184,"score":77.4467856426664,"best":79.39490321966287,"gradient_rms":4.029338421201832,"update_rms":0.001730098785050835,"accepted":true,"wall_s":6.735448287799954}
{"iteration":185,"score":77.46070525390438,"best":79.39490321966287,"gradient_rms":3.5555417422130966,"update_rms":0.0015223601565088148,"accepted":true,"wall_s":6.74851977173239}
{"iteration":186,"score":77.31167098462122,"best":79.39490321966287,"gradient_rms":5.834731975614707,"update_rms":0.0017697690676630568,"accepted":true,"wall_s":6.730220377910882}
{"iteration":187,"score":77.28495803653752,"best":79.39490321966287,"gradient_rms":3.793881103912322,"update_rms":0.001500595566769841,"accepted":true,"wall_s":6.731297479011118}
{"iteration":188,"score":77.26790212979543,"best":79.39490321966287,"gradient_rms":4.229047343672465,"update_rms":0.001478309751031407,"accepted":true,"wall_s":6.34600547188893}
{"iteration":189,"score":77.3312948110535,"best":79.39490321966287,"gradient_rms":3.106231572766205,"update_rms":0.0012875530176745978,"accepted":true,"wall_s":6.727823686320335}
{"iteration":190,"score":77.41558230202196,"best":79.39490321966287,"gradient_rms":3.438874955576027,"update_rms":0.0011888134291655424,"accepted":true,"wall_s":6.760949888732284}
{"iteration":191,"score":77.44139770580867,"best":79.39490321966287,"gradient_rms":3.7926695922920852,"update_rms":0.001254554331813735,"accepted":true,"wall_s":6.7429157961159945}
{"iteration":192,"score":77.2414550276106,"best":79.39490321966287,"gradient_rms":4.985030829018934,"update_rms":0.0015584383396303372,"accepted":true,"wall_s":6.732828968670219}
{"iteration":193,"score":77.19747412957526,"best":79.39490321966287,"gradient_rms":4.333348993255084,"update_rms":0.001467979050472497,"accepted":true,"wall_s":6.340592980850488}
{"iteration":194,"score":77.23062675005627,"best":79.39490321966287,"gradient_rms":4.891260355001713,"update_rms":0.0016841253616521092,"accepted":true,"wall_s":6.358244822360575}
{"iteration":195,"score":77.46042207119059,"best":79.39490321966287,"gradient_rms":4.790660740264065,"update_rms":0.0017581306267930312,"accepted":true,"wall_s":6.757797828875482}
{"iteration":196,"score":77.55808769791048,"best":79.39490321966287,"gradient_rms":3.4752650553854063,"update_rms":0.0015140218750354525,"accepted":true,"wall_s":6.741274249274284}
{"iteration":197,"score":77.50185321569148,"best":79.39490321966287,"gradient_rms":4.951664998586285,"update_rms":0.001623597463566554,"accepted":true,"wall_s":6.728361965157092}
{"iteration":198,"score":77.35183376482162,"best":79.39490321966287,"gradient_rms":3.0213044715763138,"update_rms":0.0013593571153749106,"accepted":true,"wall_s":6.73106105485931}
{"iteration":199,"score":77.2982642021168,"best":79.39490321966287,"gradient_rms":3.6412021836760347,"update_rms":0.0013347862318821046,"accepted":true,"wall_s":6.763366003986448}
{"iteration":200,"score":77.20949623896811,"best":79.39490321966287,"gradient_rms":3.767613813290627,"update_rms":0.0012886524139647559,"accepted":true,"wall_s":6.3872342691756785}
{
  "status": "ok",
  "stop_reason": "completed_iterations",
  "initial_score": 5.683689038157068,
  "final_score": 77.20949623896811,
  "best_score": 79.39490321966287,
  "best_iteration": 119,
  "completed_iterations": 200,
  "completed_adam_steps": 200,
  "completed_optimizer_steps": 200,
  "total_wall_s": 1343.6539792236872,
  "initial_decode_wall_s": 0.000380856916308403,
  "initial_score_wall_s": 0.8737070308998227,
  "mean_iteration_wall_s": 6.716252233532723,
  "manifest": {
    "protocol": {
      "id": "unregistered-experimental",
      "status": "unregistered-experimental",
      "stage": "optimization",
      "requirements": {
        "native_score_abi": 11,
        "native_score_library_sha256": "1c6c78b0dee662233215a56dbdc1e50b8ed29f2d0eee9ae8c4ff7d0403b895ed"
      },
      "actual": {
        "parameter_space": "data",
        "optimizer": "adam",
        "iterations": 200,
        "directions": 64,
        "perturbation": 0.0025,
        "learning_rate": 0.01,
        "beta1": 0.7,
        "beta2": 0.999,
        "flow_steps": 128,
        "gradient_mode": "random-orthogonal",
        "difference": "centered",
        "native_score_abi": 11,
        "native_score_library_sha256": "7b21e66329a23f18ef3cfab408d0a21410acea3c8d10d8b2463ccee7f5a3969f",
        "data_start_mode": "exact-unclipped"
      },
      "differences_from_current": {
        "perturbation": {
          "expected": 0.005,
          "actual": 0.0025
        },
        "learning_rate": {
          "expected": 0.02,
          "actual": 0.01
        },
        "parameter_space": {
          "expected": "latent",
          "actual": "data"
        },
        "native_score_library_sha256": {
          "expected": "1c6c78b0dee662233215a56dbdc1e50b8ed29f2d0eee9ae8c4ff7d0403b895ed",
          "actual": "7b21e66329a23f18ef3cfab408d0a21410acea3c8d10d8b2463ccee7f5a3969f"
        },
        "data_start_mode": {
          "expected": "not-applicable",
          "actual": "exact-unclipped"
        }
      }
    },
    "repository": {
      "commit": "70a1102829da50d9054d929d1cd7073780909268",
      "tracked_dirty": false,
      "available": true
    },
    "algorithm": "adam_with_query_batched_local_gradient",
    "optimizer": "adam",
    "parameter_space": "data",
    "gradient_objective": "dynamic local full-density score with coordinate and maximum-surface-selection derivatives omitted",
    "formal_objective": "complete native QH score for every accepted center",
    "initial_case": "/home/scc/pb24511935/local_surface_evaluator_runs/axisflip_r012_curvature_r04_adam200_20260903_70a1102/incomplete/axisflip_r012_case_0000004.worker4.3478829.partial/start.json",
    "initial_case_sha256": "fdb958edbf7021b0c5b5a3598437f01d66ee636eb3a82b84989ef606a0cec435",
    "checkpoint": "/home/scc/pb24511935/local_surface_evaluator/runs/qh_flow_physical_lr_longselect_20260729/lr_3em4/checkpoint_latest.pt",
    "checkpoint_sha256": "39a3293a459e248a0d1ec062607a1a467128b14d8ca973aadd82e113532ab99f",
    "checkpoint_expectation": {
      "step": 30000,
      "sha256": null
    },
    "native_lib": "/home/scc/pb24511935/local_surface_evaluator_runs/axisflip_r012_curvature_r04_adam200_20260903_70a1102/build_curvature_r04/libstellarator_gpu.so",
    "native_lib_sha256": "7b21e66329a23f18ef3cfab408d0a21410acea3c8d10d8b2463ccee7f5a3969f",
    "native_score": {
      "abi": 11,
      "validated_default_library_sha256": "1c6c78b0dee662233215a56dbdc1e50b8ed29f2d0eee9ae8c4ff7d0403b895ed"
    },
    "nfp": 8,
    "n_base_coils": 3,
    "target_helicity": [
      1,
      8
    ],
    "iterations": 200,
    "max_wall_s": 28014.436504,
    "flow": {
      "method": "rk4",
      "steps": 128,
      "dtype": "fp32",
      "use": "none"
    },
    "flow_pipeline": false,
    "coordinate_gradient": {
      "dimension": 300,
      "mode": "random-orthogonal",
      "random_directions": 64,
      "endpoint_count": 128,
      "perturbation": 0.0025,
      "difference": "centered",
      "psi_grid": 48,
      "psi_iterations": 4,
      "alpha_iterations": 4,
      "formal_surface_theta_count": 128,
      "local_surface_theta_count": 64
    },
    "adam": {
      "learning_rate": 0.01,
      "beta1": 0.7,
      "beta2": 0.999,
      "epsilon": 1e-08,
      "weight_decay": 0.0
    },
    "bfgs": {
      "initial_trust_rms": 0.01,
      "min_trust_rms": 1e-05,
      "max_trust_rms": 0.05,
      "trust_growth": 1.2,
      "trust_shrink": 0.5,
      "min_improvement": 0.0
    },
    "seed": 120260910,
    "axis_policy": "recorded strict mixed-precision continuation from step 0",
    "recorded_initial_score_tolerance": 0.1,
    "devices": {
      "flow": 0,
      "score": 0
    },
    "initial_metadata_keys": [
      "data_prior_screening",
      "nfp",
      "raw"
    ],
    "data_parameterization": {
      "definition": "per-coordinate training-set standardization",
      "physical_mapping": "CoilNormalizer.inverse with canonical current L1/sign",
      "initial_source": "direct analytic-prior geometry with unclipped coordinates",
      "data_start_mode": "exact-unclipped",
      "initial_clipped_fraction": 0.0,
      "initial_roundtrip_relative_rms": 0.0,
      "flow_calls_after_initialization": 0
    },
    "initial_consistency_gate": {
      "recorded_score": 5.683867953962258,
      "optimizer_score": 5.683689038157068,
      "absolute_delta": 0.00017891580518991645,
      "tolerance": 0.1,
      "recorded_axis_hint": [
        1.0810006411875746,
        1.2225512626312966e-08
      ],
      "optimizer_axis": [
        1.0810006411875746,
        1.2225512626312966e-08
      ],
      "axis_hint_distance": 0.0
    }
  }
}
