{"iteration":1,"score":78.47185802804644,"best":79.96649028607641,"gradient_rms":6.48045029866882,"update_rms":0.00999999989510711,"accepted":true,"wall_s":7.6635713540017605}
{"iteration":2,"score":80.46672695455857,"best":80.46672695455857,"gradient_rms":14.82788574625729,"update_rms":0.007567505169972271,"accepted":true,"wall_s":7.634497661143541}
{"iteration":3,"score":79.5192957639242,"best":80.46672695455857,"gradient_rms":7.95212301899908,"update_rms":0.00588617023338916,"accepted":true,"wall_s":7.64682287722826}
{"iteration":4,"score":79.99140449249573,"best":80.46672695455857,"gradient_rms":22.39506953208029,"update_rms":0.006153019917825826,"accepted":true,"wall_s":7.658415161073208}
{"iteration":5,"score":81.19960259777281,"best":81.19960259777281,"gradient_rms":11.57896412692834,"update_rms":0.005357707656765578,"accepted":true,"wall_s":7.660088520497084}
{"iteration":6,"score":80.43325900653127,"best":81.19960259777281,"gradient_rms":14.254990750588844,"update_rms":0.004917819592817726,"accepted":true,"wall_s":7.657094120979309}
{"iteration":7,"score":80.04250014731542,"best":81.19960259777281,"gradient_rms":10.830823093657317,"update_rms":0.004387206835558847,"accepted":true,"wall_s":7.642054744064808}
{"iteration":8,"score":80.50650025740701,"best":81.19960259777281,"gradient_rms":25.773540616525647,"update_rms":0.005446642616770774,"accepted":true,"wall_s":7.651770424097776}
{"iteration":9,"score":80.9501736261964,"best":81.19960259777281,"gradient_rms":10.606592701824308,"update_rms":0.004689567901762489,"accepted":true,"wall_s":7.224974773824215}
{"iteration":10,"score":81.12766544146707,"best":81.19960259777281,"gradient_rms":12.346190850135896,"update_rms":0.004334023459850262,"accepted":true,"wall_s":7.650469161570072}
{"iteration":11,"score":81.44503042185457,"best":81.44503042185457,"gradient_rms":17.501236775081576,"update_rms":0.004576441738347453,"accepted":true,"wall_s":7.693984314799309}
{"iteration":12,"score":81.39223537117618,"best":81.44503042185457,"gradient_rms":19.54439494230147,"update_rms":0.004857056083684746,"accepted":true,"wall_s":7.674855601042509}
{"iteration":13,"score":81.02487574164692,"best":81.44503042185457,"gradient_rms":37.252562179106214,"update_rms":0.006158508604170956,"accepted":true,"wall_s":7.663870446383953}
{"iteration":14,"score":80.3229235347796,"best":81.44503042185457,"gradient_rms":46.199051893509974,"update_rms":0.006965871210811763,"accepted":true,"wall_s":7.673265311866999}
{"iteration":15,"score":80.07396154534902,"best":81.44503042185457,"gradient_rms":30.474355610949793,"update_rms":0.006333529671448996,"accepted":true,"wall_s":7.686685521155596}
{"iteration":16,"score":80.44280363461067,"best":81.44503042185457,"gradient_rms":40.637818058080306,"update_rms":0.006568301553248414,"accepted":true,"wall_s":7.658918410539627}
{"iteration":17,"score":79.54394395788657,"best":81.44503042185457,"gradient_rms":83.97309894882207,"update_rms":0.00829154619254961,"accepted":true,"wall_s":7.686691220849752}
{"iteration":18,"score":78.26320675359166,"best":81.44503042185457,"gradient_rms":34.17587163999274,"update_rms":0.006891489905292103,"accepted":true,"wall_s":7.654934532940388}
{"iteration":19,"score":77.16579752406899,"best":81.44503042185457,"gradient_rms":50.48677786595158,"update_rms":0.006680312394886259,"accepted":true,"wall_s":7.6598580330610275}
{"iteration":20,"score":77.18667621839685,"best":81.44503042185457,"gradient_rms":11.126468950672644,"update_rms":0.004916098849515163,"accepted":true,"wall_s":7.670501958578825}
{"iteration":21,"score":77.07705650699702,"best":81.44503042185457,"gradient_rms":33.73080388382891,"update_rms":0.004823355885930537,"accepted":true,"wall_s":7.665379356592894}
{"iteration":22,"score":77.82278473510313,"best":81.44503042185457,"gradient_rms":11.538213795896207,"update_rms":0.0037118448793146243,"accepted":true,"wall_s":7.667864944785833}
{"iteration":23,"score":78.89057537939308,"best":81.44503042185457,"gradient_rms":12.586514984910329,"update_rms":0.003030468374931369,"accepted":true,"wall_s":7.258047543466091}
{"iteration":24,"score":79.34135258448941,"best":81.44503042185457,"gradient_rms":15.515979442381635,"update_rms":0.0027230159947317896,"accepted":true,"wall_s":7.674013018608093}
{"iteration":25,"score":79.22086548775512,"best":81.44503042185457,"gradient_rms":25.37885827876057,"update_rms":0.0033012226859300705,"accepted":true,"wall_s":7.672441773116589}
{"iteration":26,"score":79.4232306745265,"best":81.44503042185457,"gradient_rms":21.29482183511553,"update_rms":0.0032265859781620654,"accepted":true,"wall_s":7.684162173420191}
{"iteration":27,"score":79.47325990048776,"best":81.44503042185457,"gradient_rms":35.26413443942439,"update_rms":0.004400053518406506,"accepted":true,"wall_s":7.653719276189804}
{"iteration":28,"score":79.26868455500262,"best":81.44503042185457,"gradient_rms":21.715078006603832,"update_rms":0.003906682886651871,"accepted":true,"wall_s":7.6561188362538815}
{"iteration":29,"score":79.16519457205744,"best":81.44503042185457,"gradient_rms":48.8181977535541,"update_rms":0.005468938843836376,"accepted":true,"wall_s":7.654772728681564}
{"iteration":30,"score":79.16285507799336,"best":81.44503042185457,"gradient_rms":43.872043137496085,"update_rms":0.005777030737801791,"accepted":true,"wall_s":7.647911701351404}
{"iteration":31,"score":79.01343441703892,"best":81.44503042185457,"gradient_rms":32.84485620685545,"update_rms":0.005215042525228158,"accepted":true,"wall_s":7.18845808878541}
{"iteration":32,"score":78.58571389695268,"best":81.44503042185457,"gradient_rms":51.48905273347508,"update_rms":0.006076998646389145,"accepted":true,"wall_s":7.643010508269072}
{"iteration":33,"score":78.2385177264851,"best":81.44503042185457,"gradient_rms":28.061418403540507,"update_rms":0.00519038256560298,"accepted":true,"wall_s":7.634198397397995}
{"iteration":34,"score":78.14534448503656,"best":81.44503042185457,"gradient_rms":15.10520648510121,"update_rms":0.003916181999661501,"accepted":true,"wall_s":7.637744542211294}
{"iteration":35,"score":78.31562598963625,"best":81.44503042185457,"gradient_rms":19.602357976907587,"update_rms":0.003461998222060645,"accepted":true,"wall_s":7.211942531168461}
{"iteration":36,"score":78.7479801660844,"best":81.44503042185457,"gradient_rms":9.290363804409061,"update_rms":0.002660795466767385,"accepted":true,"wall_s":7.228118516504765}
{"iteration":37,"score":79.2114795646675,"best":81.44503042185457,"gradient_rms":18.61591605044293,"update_rms":0.002783215858197789,"accepted":true,"wall_s":7.661503531038761}
{"iteration":38,"score":79.39482701015756,"best":81.44503042185457,"gradient_rms":17.939537798500737,"update_rms":0.002817150273758026,"accepted":true,"wall_s":7.657945517450571}
{"iteration":39,"score":79.51641349654396,"best":81.44503042185457,"gradient_rms":23.25854966512849,"update_rms":0.0031002915781407126,"accepted":true,"wall_s":7.669327467679977}
{"iteration":40,"score":79.67909299695668,"best":81.44503042185457,"gradient_rms":20.213063783586275,"update_rms":0.0029969552591463627,"accepted":true,"wall_s":7.680773537606001}
{"iteration":41,"score":79.7098922487522,"best":81.44503042185457,"gradient_rms":25.04615323112159,"update_rms":0.0032037827323280893,"accepted":true,"wall_s":7.2554271668195724}
{"iteration":42,"score":79.71556737744686,"best":81.44503042185457,"gradient_rms":21.11640716383477,"update_rms":0.0031381156349423955,"accepted":true,"wall_s":7.6828524842858315}
{"iteration":43,"score":79.85141337632504,"best":81.44503042185457,"gradient_rms":28.30043234998694,"update_rms":0.003567186656217788,"accepted":true,"wall_s":7.6548679061234}
{"iteration":44,"score":79.810908359928,"best":81.44503042185457,"gradient_rms":76.79134427839918,"update_rms":0.007259170318230344,"accepted":true,"wall_s":7.662851624190807}
{"iteration":45,"score":79.76031415685964,"best":81.44503042185457,"gradient_rms":6.955171711831401,"update_rms":0.005219051836616123,"accepted":true,"wall_s":7.654725957661867}
{"iteration":46,"score":79.82884924158596,"best":81.44503042185457,"gradient_rms":5.928514708983199,"update_rms":0.0037535812859281824,"accepted":true,"wall_s":7.661733392626047}
{"iteration":47,"score":79.93623174170419,"best":81.44503042185457,"gradient_rms":5.697342236726726,"update_rms":0.0027088596044786035,"accepted":true,"wall_s":7.621228214353323}
{"iteration":48,"score":80.10965457637366,"best":81.44503042185457,"gradient_rms":5.43951787513165,"update_rms":0.0020226832900282015,"accepted":true,"wall_s":7.634396832436323}
{"iteration":49,"score":80.31755118575909,"best":81.44503042185457,"gradient_rms":6.494714051360781,"update_rms":0.0015652842720940195,"accepted":true,"wall_s":7.638191811740398}
{"iteration":50,"score":80.49172016014354,"best":81.44503042185457,"gradient_rms":5.739743871990497,"update_rms":0.0013137608161006124,"accepted":true,"wall_s":7.196446120738983}
{"iteration":51,"score":80.56664568871871,"best":81.44503042185457,"gradient_rms":6.515407566720552,"update_rms":0.0012373801463038256,"accepted":true,"wall_s":7.1971728801727295}
{"iteration":52,"score":80.88552736234914,"best":81.44503042185457,"gradient_rms":5.2284631717613825,"update_rms":0.0010623417111521863,"accepted":true,"wall_s":7.646062079817057}
{"iteration":53,"score":81.15743487447409,"best":81.44503042185457,"gradient_rms":6.32084622587862,"update_rms":0.0010364274661538403,"accepted":true,"wall_s":7.649754799902439}
{"iteration":54,"score":81.28145380710308,"best":81.44503042185457,"gradient_rms":5.32129049912784,"update_rms":0.0009750916996937105,"accepted":true,"wall_s":7.200926527380943}
{"iteration":55,"score":81.49918009869097,"best":81.49918009869097,"gradient_rms":8.073180885439948,"update_rms":0.001192401326661686,"accepted":true,"wall_s":7.633898857980967}
{"iteration":56,"score":81.52771193206267,"best":81.52771193206267,"gradient_rms":5.592402727708523,"update_rms":0.0010539521729959471,"accepted":true,"wall_s":7.652086269110441}
{"iteration":57,"score":81.5452915941549,"best":81.5452915941549,"gradient_rms":6.154068692719302,"update_rms":0.0010974829875185408,"accepted":true,"wall_s":7.6647803001105785}
{"iteration":58,"score":81.63963416044977,"best":81.63963416044977,"gradient_rms":6.851451051382074,"update_rms":0.0011337293769248687,"accepted":true,"wall_s":7.2142244130373}
{"iteration":59,"score":81.95054522208403,"best":81.95054522208403,"gradient_rms":8.099380908860002,"update_rms":0.0013082171507169426,"accepted":true,"wall_s":7.646061148494482}
{"iteration":60,"score":82.13597660589673,"best":82.13597660589673,"gradient_rms":7.1582226476083255,"update_rms":0.0012398455589072049,"accepted":true,"wall_s":7.652321510016918}
{"iteration":61,"score":82.26404615525186,"best":82.26404615525186,"gradient_rms":5.381377171557071,"update_rms":0.0011195165411154986,"accepted":true,"wall_s":7.652328927069902}
{"iteration":62,"score":82.43580710421904,"best":82.43580710421904,"gradient_rms":7.563558491532243,"update_rms":0.0012300030405397499,"accepted":true,"wall_s":7.216785576194525}
{"iteration":63,"score":82.56007749095369,"best":82.56007749095369,"gradient_rms":5.145714856126621,"update_rms":0.0010998039188181987,"accepted":true,"wall_s":7.665080018341541}
{"iteration":64,"score":82.51307325429217,"best":82.56007749095369,"gradient_rms":6.9907486670185595,"update_rms":0.001155433280363584,"accepted":true,"wall_s":7.202371247112751}
{"iteration":65,"score":82.5181100874689,"best":82.56007749095369,"gradient_rms":7.411754665302033,"update_rms":0.0012815345937709436,"accepted":true,"wall_s":7.20410256460309}
{"iteration":66,"score":82.7929143580444,"best":82.7929143580444,"gradient_rms":8.213479721949822,"update_rms":0.0014055401749714254,"accepted":true,"wall_s":7.634871196001768}
{"iteration":67,"score":83.01975995026169,"best":83.01975995026169,"gradient_rms":7.13762059418798,"update_rms":0.0013368318547943387,"accepted":true,"wall_s":7.643661390990019}
{"iteration":68,"score":83.17091932622587,"best":83.17091932622587,"gradient_rms":7.775038491970292,"update_rms":0.0013631847422798339,"accepted":true,"wall_s":7.653920825570822}
{"iteration":69,"score":83.23381695454735,"best":83.23381695454735,"gradient_rms":5.985816866706894,"update_rms":0.0011950121556585408,"accepted":true,"wall_s":7.661710813641548}
{"iteration":70,"score":83.20663901549366,"best":83.23381695454735,"gradient_rms":9.843822461315108,"update_rms":0.0015104560276722428,"accepted":true,"wall_s":7.645921055227518}
{"iteration":71,"score":83.22375641371677,"best":83.23381695454735,"gradient_rms":8.697082539668568,"update_rms":0.0015322511784358476,"accepted":true,"wall_s":7.648809432983398}
{"iteration":72,"score":83.21808661239365,"best":83.23381695454735,"gradient_rms":9.016727936378457,"update_rms":0.0015998615912395276,"accepted":true,"wall_s":7.657929241657257}
{"iteration":73,"score":83.43963859219316,"best":83.43963859219316,"gradient_rms":8.55002986440975,"update_rms":0.0014681271631805692,"accepted":true,"wall_s":7.626995667815208}
{"iteration":74,"score":83.62741409439401,"best":83.62741409439401,"gradient_rms":5.629405625619914,"update_rms":0.0012977289300843673,"accepted":true,"wall_s":7.631893813610077}
{"iteration":75,"score":83.60482288589822,"best":83.62741409439401,"gradient_rms":5.7251850331539815,"update_rms":0.0011528750043824495,"accepted":true,"wall_s":7.194241497665644}
{"iteration":76,"score":83.73908394000351,"best":83.73908394000351,"gradient_rms":6.342643465345859,"update_rms":0.001154249282911337,"accepted":true,"wall_s":7.205500829964876}
{"iteration":77,"score":83.89026010196547,"best":83.89026010196547,"gradient_rms":7.294549997200166,"update_rms":0.0012444343618965197,"accepted":true,"wall_s":7.643297016620636}
{"iteration":78,"score":83.9059057798251,"best":83.9059057798251,"gradient_rms":15.063414182549797,"update_rms":0.0021958386179733095,"accepted":true,"wall_s":7.6503303572535515}
{"iteration":79,"score":83.8454454857316,"best":83.9059057798251,"gradient_rms":11.648969877635915,"update_rms":0.002087565524454172,"accepted":true,"wall_s":7.650367595255375}
{"iteration":80,"score":83.74262680767016,"best":83.9059057798251,"gradient_rms":10.15969047764433,"update_rms":0.002004545257418902,"accepted":true,"wall_s":7.649859104305506}
{"iteration":81,"score":83.65955320405985,"best":83.9059057798251,"gradient_rms":9.60796081301794,"update_rms":0.0019423748807083435,"accepted":true,"wall_s":7.634697366505861}
{"iteration":82,"score":83.58045138966739,"best":83.9059057798251,"gradient_rms":9.336918162885462,"update_rms":0.0018321871809211469,"accepted":true,"wall_s":7.639321886003017}
{"iteration":83,"score":83.69160870346387,"best":83.9059057798251,"gradient_rms":12.060016002190798,"update_rms":0.0021897484122859147,"accepted":true,"wall_s":7.207407046109438}
{"iteration":84,"score":83.7951863185656,"best":83.9059057798251,"gradient_rms":9.41284210360595,"update_rms":0.001995980003762795,"accepted":true,"wall_s":7.206403370946646}
{"iteration":85,"score":83.99651951017019,"best":83.99651951017019,"gradient_rms":6.9886579990369535,"update_rms":0.0017523608752686207,"accepted":true,"wall_s":7.6474110670387745}
{"iteration":86,"score":83.94474309302544,"best":83.99651951017019,"gradient_rms":12.339150641261174,"update_rms":0.002098387045077227,"accepted":true,"wall_s":7.634664386510849}
{"iteration":87,"score":84.24618294625743,"best":84.24618294625743,"gradient_rms":13.812800583977756,"update_rms":0.00236205234491522,"accepted":true,"wall_s":7.208160046488047}
{"iteration":88,"score":84.04205345449166,"best":84.24618294625743,"gradient_rms":11.460622552592625,"update_rms":0.0022922129346219203,"accepted":true,"wall_s":7.64703731238842}
{"iteration":89,"score":83.96202248593454,"best":84.24618294625743,"gradient_rms":9.58700074535011,"update_rms":0.002062711610030403,"accepted":true,"wall_s":7.654157746583223}
{"iteration":90,"score":84.2447083144946,"best":84.24618294625743,"gradient_rms":12.29553679023303,"update_rms":0.002181081639169496,"accepted":true,"wall_s":7.666263543069363}
{"iteration":91,"score":84.29659935097055,"best":84.29659935097055,"gradient_rms":13.111286457285786,"update_rms":0.00252629161467096,"accepted":true,"wall_s":7.639761671423912}
{"iteration":92,"score":83.81989324688368,"best":84.29659935097055,"gradient_rms":10.167316858270205,"update_rms":0.002263976033290147,"accepted":true,"wall_s":7.637862645089626}
{"iteration":93,"score":83.97856750792216,"best":84.29659935097055,"gradient_rms":13.456882613851622,"update_rms":0.00250239145764164,"accepted":true,"wall_s":7.638325434178114}
{"iteration":94,"score":84.01749502306865,"best":84.29659935097055,"gradient_rms":12.61289323126959,"update_rms":0.0025998980199622365,"accepted":true,"wall_s":7.645034410059452}
{"iteration":95,"score":84.11299389389805,"best":84.29659935097055,"gradient_rms":11.801897366779622,"update_rms":0.00253253027961864,"accepted":true,"wall_s":7.643816959112883}
{"iteration":96,"score":84.16539363373086,"best":84.29659935097055,"gradient_rms":10.237956966414123,"update_rms":0.0024657822781232997,"accepted":true,"wall_s":7.633928246796131}
{"iteration":97,"score":84.24645394420254,"best":84.29659935097055,"gradient_rms":11.613251785470776,"update_rms":0.002427835247863114,"accepted":true,"wall_s":7.629937041550875}
{"iteration":98,"score":84.20267201668828,"best":84.29659935097055,"gradient_rms":13.552671783652071,"update_rms":0.0024842615239217577,"accepted":true,"wall_s":7.635605908930302}
{"iteration":99,"score":84.42966044468963,"best":84.42966044468963,"gradient_rms":8.230023123875242,"update_rms":0.0020838544149004083,"accepted":true,"wall_s":7.6547966711223125}
{"iteration":100,"score":84.54180681323777,"best":84.54180681323777,"gradient_rms":11.138959830744101,"update_rms":0.002224115565288182,"accepted":true,"wall_s":7.631663095206022}
{"iteration":101,"score":84.71943879694533,"best":84.71943879694533,"gradient_rms":10.788460091189503,"update_rms":0.002258134337417807,"accepted":true,"wall_s":7.5633413046598434}
{"iteration":102,"score":84.83144800561776,"best":84.83144800561776,"gradient_rms":8.275368125917982,"update_rms":0.002021446125058574,"accepted":true,"wall_s":7.504598423838615}
{"iteration":103,"score":84.93082640564785,"best":84.93082640564785,"gradient_rms":8.968768177195345,"update_rms":0.0018487175558613846,"accepted":true,"wall_s":7.491471067070961}
{"iteration":104,"score":84.87760857176491,"best":84.93082640564785,"gradient_rms":40.37279682279977,"update_rms":0.005821430297932002,"accepted":true,"wall_s":7.5158517472445965}
{"iteration":105,"score":84.61268966169845,"best":84.93082640564785,"gradient_rms":20.784204402559272,"update_rms":0.005113236247420327,"accepted":true,"wall_s":7.498534698039293}
{"iteration":106,"score":84.65034163470557,"best":84.93082640564785,"gradient_rms":26.192571659590143,"update_rms":0.005219086713083692,"accepted":true,"wall_s":7.582897566258907}
{"iteration":107,"score":84.05527995008114,"best":84.93082640564785,"gradient_rms":25.368333284853403,"update_rms":0.00517866442310333,"accepted":true,"wall_s":7.641181152313948}
{"iteration":108,"score":83.74844533440248,"best":84.93082640564785,"gradient_rms":40.501679669061204,"update_rms":0.0066440755328529034,"accepted":true,"wall_s":7.651891145855188}
{"iteration":109,"score":83.72479373828108,"best":84.93082640564785,"gradient_rms":24.795167636544956,"update_rms":0.005845982048324664,"accepted":true,"wall_s":7.65620769187808}
{"iteration":110,"score":81.83523460733204,"best":84.93082640564785,"gradient_rms":51.57902132340917,"update_rms":0.007781752187983105,"accepted":true,"wall_s":7.6693362183868885}
{"iteration":111,"score":81.26698829542876,"best":84.93082640564785,"gradient_rms":29.854638330384805,"update_rms":0.006923078124240859,"accepted":true,"wall_s":7.6486890241503716}
{"iteration":112,"score":81.78395760133574,"best":84.93082640564785,"gradient_rms":14.514711573353916,"update_rms":0.0052410066045856666,"accepted":true,"wall_s":7.679342921823263}
{"iteration":113,"score":82.55239957951464,"best":84.93082640564785,"gradient_rms":14.260615760468275,"update_rms":0.004198108369631139,"accepted":true,"wall_s":7.569305025041103}
{"iteration":114,"score":82.99819077369223,"best":84.93082640564785,"gradient_rms":14.950662499589583,"update_rms":0.0038046136042370377,"accepted":true,"wall_s":7.491569802165031}
{"iteration":115,"score":83.25029278584975,"best":84.93082640564785,"gradient_rms":24.598397274314458,"update_rms":0.004359291993042052,"accepted":true,"wall_s":7.490005645900965}
{"iteration":116,"score":84.14044872919354,"best":84.93082640564785,"gradient_rms":20.127080353561148,"update_rms":0.004105583872198925,"accepted":true,"wall_s":7.486234612762928}
{"iteration":117,"score":84.21002176645547,"best":84.93082640564785,"gradient_rms":18.57756021469954,"update_rms":0.003997200607210407,"accepted":true,"wall_s":7.4945456720888615}
{"iteration":118,"score":83.62334065444242,"best":84.93082640564785,"gradient_rms":21.60539531966627,"update_rms":0.004109246254355199,"accepted":true,"wall_s":7.483073968440294}
{"iteration":119,"score":82.77090639065403,"best":84.93082640564785,"gradient_rms":36.62877598717699,"update_rms":0.005842002518417679,"accepted":true,"wall_s":7.515816006809473}
{"iteration":120,"score":82.2509713824419,"best":84.93082640564785,"gradient_rms":21.18988891588475,"update_rms":0.004943431815783155,"accepted":true,"wall_s":7.4898086078464985}
{"iteration":121,"score":82.3985070350931,"best":84.93082640564785,"gradient_rms":37.14454390005604,"update_rms":0.0058183498233171736,"accepted":true,"wall_s":7.498211085796356}
{"iteration":122,"score":82.7393934620847,"best":84.93082640564785,"gradient_rms":29.43271136570238,"update_rms":0.00577281021828448,"accepted":true,"wall_s":7.491531830281019}
{"iteration":123,"score":83.01514168921855,"best":84.93082640564785,"gradient_rms":10.60638220323117,"update_rms":0.004246431965471901,"accepted":true,"wall_s":7.1275249272584915}
{"iteration":124,"score":83.24406707478077,"best":84.93082640564785,"gradient_rms":11.02428351325066,"update_rms":0.0032661877014844793,"accepted":true,"wall_s":7.653164483606815}
{"iteration":125,"score":83.51964287954077,"best":84.93082640564785,"gradient_rms":11.08169801107521,"update_rms":0.002739523282421632,"accepted":true,"wall_s":7.640189811587334}
{"iteration":126,"score":83.54548520409897,"best":84.93082640564785,"gradient_rms":9.943252477789498,"update_rms":0.0023230598740851993,"accepted":true,"wall_s":7.633876599371433}
{"iteration":127,"score":82.78327337495878,"best":84.93082640564785,"gradient_rms":20.466469566362672,"update_rms":0.0032004862327532453,"accepted":true,"wall_s":7.637288253754377}
{"iteration":128,"score":82.88144049669974,"best":84.93082640564785,"gradient_rms":14.874135190992975,"update_rms":0.0028945247496771284,"accepted":true,"wall_s":7.638347469270229}
{"iteration":129,"score":83.60794018533473,"best":84.93082640564785,"gradient_rms":16.298831425323147,"update_rms":0.002950029929637125,"accepted":true,"wall_s":7.640378590673208}
{"iteration":130,"score":83.7406495969736,"best":84.93082640564785,"gradient_rms":21.173274764721555,"update_rms":0.003716514680786673,"accepted":true,"wall_s":7.633405089378357}
{"iteration":131,"score":84.01201813521665,"best":84.93082640564785,"gradient_rms":19.25870157359485,"update_rms":0.0036896151594296915,"accepted":true,"wall_s":7.620301462709904}
{"iteration":132,"score":84.35709670439404,"best":84.93082640564785,"gradient_rms":12.468902032106278,"update_rms":0.0031750757976293565,"accepted":true,"wall_s":7.627230688929558}
{"iteration":133,"score":83.94928030816598,"best":84.93082640564785,"gradient_rms":23.711146750834533,"update_rms":0.004013672910287197,"accepted":true,"wall_s":7.635160848498344}
{"iteration":134,"score":83.28063598900643,"best":84.93082640564785,"gradient_rms":24.224721215718013,"update_rms":0.004175348999355574,"accepted":true,"wall_s":7.643091056495905}
{"iteration":135,"score":82.92920646257383,"best":84.93082640564785,"gradient_rms":25.533867463858368,"update_rms":0.004415188033700081,"accepted":true,"wall_s":7.653505567461252}
{"iteration":136,"score":82.42603911013892,"best":84.93082640564785,"gradient_rms":30.896622808605848,"update_rms":0.005097488406287539,"accepted":true,"wall_s":7.6366697028279305}
{"iteration":137,"score":82.90638286378783,"best":84.93082640564785,"gradient_rms":30.10340335435682,"update_rms":0.0054095325583859806,"accepted":true,"wall_s":7.58348236605525}
{"iteration":138,"score":83.18619522818685,"best":84.93082640564785,"gradient_rms":55.30432991580325,"update_rms":0.008094563880242265,"accepted":true,"wall_s":7.502052396535873}
{"iteration":139,"score":84.00191176839469,"best":84.93082640564785,"gradient_rms":30.174835192208796,"update_rms":0.00694999218061401,"accepted":true,"wall_s":7.498688962310553}
{"iteration":140,"score":84.15264206587158,"best":84.93082640564785,"gradient_rms":25.987607024054498,"update_rms":0.005895380404381813,"accepted":true,"wall_s":7.497878208756447}
{"iteration":141,"score":83.38585969478223,"best":84.93082640564785,"gradient_rms":61.48977224153993,"update_rms":0.008942732225912495,"accepted":true,"wall_s":7.493657507002354}
{"iteration":142,"score":83.4129676049578,"best":84.93082640564785,"gradient_rms":40.83055877440636,"update_rms":0.008365439359313673,"accepted":true,"wall_s":7.501798644661903}
{"iteration":143,"score":83.20458855393795,"best":84.93082640564785,"gradient_rms":33.84712154253521,"update_rms":0.007259570456696213,"accepted":true,"wall_s":7.486690483987331}
{"iteration":144,"score":83.02363632240264,"best":84.93082640564785,"gradient_rms":50.66159255856889,"update_rms":0.008338978420479311,"accepted":true,"wall_s":7.591088883578777}
{"iteration":145,"score":81.67047581372783,"best":84.93082640564785,"gradient_rms":52.025374115216934,"update_rms":0.008883115869569677,"accepted":true,"wall_s":7.620411992073059}
{"iteration":146,"score":80.26098716875396,"best":84.93082640564785,"gradient_rms":52.28304433833788,"update_rms":0.00886636162696266,"accepted":true,"wall_s":7.635462269186974}
{"iteration":147,"score":80.82828277701388,"best":84.93082640564785,"gradient_rms":42.94025286399487,"update_rms":0.008081913570488791,"accepted":true,"wall_s":7.634055458009243}
{"iteration":148,"score":81.72412861023062,"best":84.93082640564785,"gradient_rms":76.93753243095742,"update_rms":0.009784370662816053,"accepted":true,"wall_s":7.638903830200434}
{"iteration":149,"score":82.70905404484337,"best":84.93082640564785,"gradient_rms":75.75006985220968,"update_rms":0.010502270467788299,"accepted":true,"wall_s":7.566775783896446}
{"iteration":150,"score":82.84318559836368,"best":84.93082640564785,"gradient_rms":15.464838961076667,"update_rms":0.007544866536263801,"accepted":true,"wall_s":7.488401118665934}
{"iteration":151,"score":82.5402724938148,"best":84.93082640564785,"gradient_rms":30.524134010221587,"update_rms":0.006335291386327455,"accepted":true,"wall_s":7.4978507570922375}
{"iteration":152,"score":82.34198715146071,"best":84.93082640564785,"gradient_rms":11.898053334808209,"update_rms":0.004671663965506971,"accepted":true,"wall_s":7.491875220090151}
{"iteration":153,"score":82.48685035670186,"best":84.93082640564785,"gradient_rms":17.294154057176463,"update_rms":0.003833279891125102,"accepted":true,"wall_s":7.501681689172983}
{"iteration":154,"score":82.69012089299765,"best":84.93082640564785,"gradient_rms":15.063167095072734,"update_rms":0.00316502660906401,"accepted":true,"wall_s":7.507669970393181}
{"iteration":155,"score":82.7284525085156,"best":84.93082640564785,"gradient_rms":18.179789842851818,"update_rms":0.0031371647515544745,"accepted":true,"wall_s":7.503266885876656}
{"iteration":156,"score":82.70329643544288,"best":84.93082640564785,"gradient_rms":23.46846959197144,"update_rms":0.0036373676078704734,"accepted":true,"wall_s":7.503301024436951}
{"iteration":157,"score":82.26185552963676,"best":84.93082640564785,"gradient_rms":44.71005323804818,"update_rms":0.005953157054925495,"accepted":true,"wall_s":7.496343553066254}
{"iteration":158,"score":80.39966518647098,"best":84.93082640564785,"gradient_rms":49.66549279445968,"update_rms":0.007206288451381917,"accepted":true,"wall_s":7.503666255623102}
{"iteration":159,"score":79.76880147335439,"best":84.93082640564785,"gradient_rms":41.84960263319466,"update_rms":0.006692104051442712,"accepted":true,"wall_s":7.055281434208155}
{"iteration":160,"score":79.96335471096936,"best":84.93082640564785,"gradient_rms":46.79177527179975,"update_rms":0.00708338750065873,"accepted":true,"wall_s":7.495380353182554}
{"iteration":161,"score":81.16172518313456,"best":84.93082640564785,"gradient_rms":69.19706767261277,"update_rms":0.008849664912669565,"accepted":true,"wall_s":7.499769490212202}
{"iteration":162,"score":81.2453867759551,"best":84.93082640564785,"gradient_rms":24.59163248502221,"update_rms":0.006463767637867234,"accepted":true,"wall_s":7.483782701194286}
{"iteration":163,"score":81.07590867223432,"best":84.93082640564785,"gradient_rms":53.247702897913385,"update_rms":0.007344835390201041,"accepted":true,"wall_s":7.515065010637045}
{"iteration":164,"score":80.45760061021956,"best":84.93082640564785,"gradient_rms":24.747795260730467,"update_rms":0.005841201550841669,"accepted":true,"wall_s":7.4802781119942665}
{"iteration":165,"score":80.10181853578409,"best":84.93082640564785,"gradient_rms":24.99609071010067,"update_rms":0.004939216842178852,"accepted":true,"wall_s":7.488483961671591}
{"iteration":166,"score":80.13360788320219,"best":84.93082640564785,"gradient_rms":16.52647581486496,"update_rms":0.00381205539115723,"accepted":true,"wall_s":7.47293584048748}
{"iteration":167,"score":80.40387324522762,"best":84.93082640564785,"gradient_rms":19.519602545955614,"update_rms":0.0035767825589270046,"accepted":true,"wall_s":7.492010992020369}
{"iteration":168,"score":80.82409260459522,"best":84.93082640564785,"gradient_rms":19.806131104332774,"update_rms":0.0034577341658267426,"accepted":true,"wall_s":7.495195336639881}
{"iteration":169,"score":81.30162531405291,"best":84.93082640564785,"gradient_rms":17.186146146219862,"update_rms":0.0030524024004526546,"accepted":true,"wall_s":7.502145517617464}
{"iteration":170,"score":81.36965636224708,"best":84.93082640564785,"gradient_rms":7.921486412990562,"update_rms":0.002310019387313182,"accepted":true,"wall_s":7.498370662331581}
{"iteration":171,"score":81.50948434628206,"best":84.93082640564785,"gradient_rms":8.507132068117853,"update_rms":0.0019117928113450268,"accepted":true,"wall_s":7.521513652056456}
{"iteration":172,"score":81.56611539043764,"best":84.93082640564785,"gradient_rms":25.74459611866627,"update_rms":0.0032242407750340154,"accepted":true,"wall_s":7.489077925682068}
{"iteration":173,"score":81.8226968149663,"best":84.93082640564785,"gradient_rms":16.51720125403926,"update_rms":0.002886985847316435,"accepted":true,"wall_s":7.512714970856905}
{"iteration":174,"score":81.82384298002752,"best":84.93082640564785,"gradient_rms":26.33901271090373,"update_rms":0.00353888681673046,"accepted":true,"wall_s":7.143168222159147}
{"iteration":175,"score":81.67536880836703,"best":84.93082640564785,"gradient_rms":24.19483747139378,"update_rms":0.0036753976680477785,"accepted":true,"wall_s":7.65723966807127}
{"iteration":176,"score":81.38543715091544,"best":84.93082640564785,"gradient_rms":24.24798786205663,"update_rms":0.003964014541180437,"accepted":true,"wall_s":7.672136921435595}
{"iteration":177,"score":81.00554420345475,"best":84.93082640564785,"gradient_rms":32.70480034560163,"update_rms":0.004542347687564626,"accepted":true,"wall_s":7.652531150728464}
{"iteration":178,"score":80.5240063924884,"best":84.93082640564785,"gradient_rms":22.800224090775338,"update_rms":0.003904427383501794,"accepted":true,"wall_s":7.6300686635077}
{"iteration":179,"score":80.0606973059532,"best":84.93082640564785,"gradient_rms":23.753211818574645,"update_rms":0.003923288791564851,"accepted":true,"wall_s":7.641340624541044}
{"iteration":180,"score":79.39308121250988,"best":84.93082640564785,"gradient_rms":29.012471489473672,"update_rms":0.004139103329582473,"accepted":true,"wall_s":7.648456435650587}
{"iteration":181,"score":78.75286148574581,"best":84.93082640564785,"gradient_rms":34.824720072927796,"update_rms":0.00485410086231665,"accepted":true,"wall_s":7.649983275681734}
{"iteration":182,"score":78.37755106199924,"best":84.93082640564785,"gradient_rms":17.889031485143246,"update_rms":0.003983744396971343,"accepted":true,"wall_s":7.640511527657509}
{"iteration":183,"score":79.17177059526405,"best":84.93082640564785,"gradient_rms":23.78863629596001,"update_rms":0.00378924982644262,"accepted":true,"wall_s":7.6569943986833096}
{"iteration":184,"score":79.7518030100345,"best":84.93082640564785,"gradient_rms":26.193142538843894,"update_rms":0.003994572728803167,"accepted":true,"wall_s":7.6705015897750854}
{"iteration":185,"score":80.35648798532776,"best":84.93082640564785,"gradient_rms":28.45541383752418,"update_rms":0.0043922515258167675,"accepted":true,"wall_s":7.658522162586451}
{"iteration":186,"score":80.37147624713648,"best":84.93082640564785,"gradient_rms":30.10771440008678,"update_rms":0.004645649344189817,"accepted":true,"wall_s":7.66195934638381}
{"iteration":187,"score":79.68239000137936,"best":84.93082640564785,"gradient_rms":25.02989795190335,"update_rms":0.004309056168085216,"accepted":true,"wall_s":7.671163089573383}
{"iteration":188,"score":79.21319892306093,"best":84.93082640564785,"gradient_rms":39.374574657067896,"update_rms":0.005245101187751807,"accepted":true,"wall_s":7.64561104029417}
{"iteration":189,"score":78.91327616376643,"best":84.93082640564785,"gradient_rms":44.156218295041235,"update_rms":0.006095328547164258,"accepted":true,"wall_s":7.675016660243273}
{"iteration":190,"score":79.2193120291537,"best":84.93082640564785,"gradient_rms":33.800775785878045,"update_rms":0.005620980067687595,"accepted":true,"wall_s":7.660581659525633}
{"iteration":191,"score":77.64687337514671,"best":84.93082640564785,"gradient_rms":46.28249361154659,"update_rms":0.006434540078733597,"accepted":true,"wall_s":7.559446834027767}
{"iteration":192,"score":76.84794708670658,"best":84.93082640564785,"gradient_rms":62.78855485715729,"update_rms":0.007990028526254377,"accepted":true,"wall_s":7.489951118826866}
{"iteration":193,"score":76.51999603492445,"best":84.93082640564785,"gradient_rms":49.80170003664732,"update_rms":0.007676689083234126,"accepted":true,"wall_s":7.492400657385588}
{"iteration":194,"score":77.8676610777612,"best":84.93082640564785,"gradient_rms":56.997458455178716,"update_rms":0.008079574229998528,"accepted":true,"wall_s":7.485060375183821}
{"iteration":195,"score":77.35117606853133,"best":84.93082640564785,"gradient_rms":68.05440584172415,"update_rms":0.008737122267181489,"accepted":true,"wall_s":7.488989267498255}
{"iteration":196,"score":75.86129975344977,"best":84.93082640564785,"gradient_rms":90.82667484592213,"update_rms":0.01058639329878786,"accepted":true,"wall_s":7.504574708640575}
{"iteration":197,"score":74.99482902062876,"best":84.93082640564785,"gradient_rms":59.22266895869654,"update_rms":0.009759311944267204,"accepted":true,"wall_s":7.487716868519783}
{"iteration":198,"score":76.58747974118164,"best":84.93082640564785,"gradient_rms":82.65378424215123,"update_rms":0.010446856052390492,"accepted":true,"wall_s":7.471260812133551}
{"iteration":199,"score":79.3560589400065,"best":84.93082640564785,"gradient_rms":75.89899645526566,"update_rms":0.010604745167331203,"accepted":true,"wall_s":7.486382685601711}
{"iteration":200,"score":80.19641704879639,"best":84.93082640564785,"gradient_rms":45.93960643568278,"update_rms":0.008467406270654185,"accepted":true,"wall_s":7.568841252475977}
{
  "status": "ok",
  "stop_reason": "completed_iterations",
  "initial_score": 79.96649028607641,
  "final_score": 80.19641704879639,
  "best_score": 84.93082640564785,
  "best_iteration": 103,
  "completed_iterations": 200,
  "completed_adam_steps": 200,
  "completed_optimizer_steps": 200,
  "total_wall_s": 1512.7250483855605,
  "initial_decode_wall_s": 0.00036796554923057556,
  "initial_score_wall_s": 1.0560344271361828,
  "mean_iteration_wall_s": 7.561540112365037,
  "manifest": {
    "protocol": {
      "id": "unregistered-experimental",
      "status": "unregistered-experimental",
      "stage": "optimization",
      "requirements": {
        "native_score_abi": 11,
        "native_score_library_sha256": "1c6c78b0dee662233215a56dbdc1e50b8ed29f2d0eee9ae8c4ff7d0403b895ed"
      },
      "actual": {
        "parameter_space": "data",
        "optimizer": "adam",
        "iterations": 200,
        "directions": 64,
        "perturbation": 0.0025,
        "learning_rate": 0.01,
        "beta1": 0.7,
        "beta2": 0.999,
        "flow_steps": 128,
        "gradient_mode": "random-orthogonal",
        "difference": "centered",
        "native_score_abi": 11,
        "native_score_library_sha256": "1c6c78b0dee662233215a56dbdc1e50b8ed29f2d0eee9ae8c4ff7d0403b895ed",
        "target_helicity": [
          1,
          -7
        ],
        "data_start_mode": "exact-unclipped"
      },
      "differences_from_current": {
        "perturbation": {
          "expected": 0.005,
          "actual": 0.0025
        },
        "learning_rate": {
          "expected": 0.02,
          "actual": 0.01
        },
        "parameter_space": {
          "expected": "latent",
          "actual": "data"
        },
        "target_helicity": {
          "expected": [
            1,
            7
          ],
          "actual": [
            1,
            -7
          ]
        },
        "data_start_mode": {
          "expected": "not-applicable",
          "actual": "exact-unclipped"
        }
      }
    },
    "repository": {
      "commit": "729e592dfd7227d60d00fee68f63841bede65e1d",
      "tracked_dirty": false,
      "available": true
    },
    "algorithm": "adam_with_query_batched_local_gradient",
    "optimizer": "adam",
    "parameter_space": "data",
    "gradient_objective": "dynamic local full-density score with coordinate and maximum-surface-selection derivatives omitted",
    "formal_objective": "complete native QH score for every accepted center",
    "initial_case": "/home/scc/pb24511935/local_surface_evaluator_runs/axis_surface_prior_v3_negative_hand_continue_20260902_729e592/incomplete/axisv3_case_02832_continue_adam200.worker1.479846.partial/start.json",
    "initial_case_sha256": "044fecc3f4617aa89f6dcee095b0f376d7cdf7a8dfb5622b3f514a7fbffbe2f2",
    "checkpoint": "/home/scc/pb24511935/local_surface_evaluator/runs/qh_flow_physical_lr_longselect_20260729/lr_3em4/checkpoint_latest.pt",
    "checkpoint_sha256": "39a3293a459e248a0d1ec062607a1a467128b14d8ca973aadd82e113532ab99f",
    "native_lib": "/home/scc/pb24511935/local_surface_evaluator_worktrees/main/gpu_backend/build_native_score/libstellarator_gpu.so",
    "native_lib_sha256": "1c6c78b0dee662233215a56dbdc1e50b8ed29f2d0eee9ae8c4ff7d0403b895ed",
    "native_score": {
      "abi": 11,
      "validated_default_library_sha256": "1c6c78b0dee662233215a56dbdc1e50b8ed29f2d0eee9ae8c4ff7d0403b895ed"
    },
    "nfp": 7,
    "n_base_coils": 4,
    "target_helicity": [
      1,
      -7
    ],
    "iterations": 200,
    "max_wall_s": 7200.0,
    "flow": {
      "method": "rk4",
      "steps": 128,
      "dtype": "fp32",
      "use": "none"
    },
    "flow_pipeline": false,
    "coordinate_gradient": {
      "dimension": 400,
      "mode": "random-orthogonal",
      "random_directions": 64,
      "endpoint_count": 128,
      "perturbation": 0.0025,
      "difference": "centered",
      "psi_grid": 48,
      "psi_iterations": 4,
      "alpha_iterations": 4,
      "formal_surface_theta_count": 128,
      "local_surface_theta_count": 64
    },
    "adam": {
      "learning_rate": 0.01,
      "beta1": 0.7,
      "beta2": 0.999,
      "epsilon": 1e-08,
      "weight_decay": 0.0
    },
    "bfgs": {
      "initial_trust_rms": 0.01,
      "min_trust_rms": 1e-05,
      "max_trust_rms": 0.05,
      "trust_growth": 1.2,
      "trust_shrink": 0.5,
      "min_improvement": 0.0
    },
    "seed": 20290921,
    "axis_policy": "initial global search, then strict mixed-precision continuation",
    "devices": {
      "flow": 0,
      "score": 0
    },
    "initial_metadata_keys": [
      "data_prior_screening",
      "nfp",
      "original_space_local_gradient_adam",
      "raw"
    ],
    "data_parameterization": {
      "definition": "per-coordinate training-set standardization",
      "physical_mapping": "CoilNormalizer.inverse with canonical current L1/sign",
      "initial_source": "direct analytic-prior geometry with unclipped coordinates",
      "data_start_mode": "exact-unclipped",
      "initial_clipped_fraction": 0.0,
      "initial_roundtrip_relative_rms": 7.504558462884723e-08,
      "flow_calls_after_initialization": 0
    }
  }
}
