{"iteration":1,"score":31.666477766345057,"best":31.666477766345057,"gradient_rms":34.026922222897916,"update_rms":0.00999999998663276,"accepted":true,"wall_s":6.7445442117750645}
{"iteration":2,"score":46.95483854269237,"best":46.95483854269237,"gradient_rms":45.33621176366149,"update_rms":0.007169070809554872,"accepted":true,"wall_s":6.770827371627092}
{"iteration":3,"score":57.80894484850946,"best":57.80894484850946,"gradient_rms":34.8182847520634,"update_rms":0.006051629555390551,"accepted":true,"wall_s":6.749535042792559}
{"iteration":4,"score":59.5862768604857,"best":59.5862768604857,"gradient_rms":9.888124558752727,"update_rms":0.004552734462133115,"accepted":true,"wall_s":6.359398316591978}
{"iteration":5,"score":60.77319586481846,"best":60.77319586481846,"gradient_rms":30.914057089915147,"update_rms":0.0047331969042793175,"accepted":true,"wall_s":6.755747988820076}
{"iteration":6,"score":61.979065481352926,"best":61.979065481352926,"gradient_rms":34.10068691052893,"update_rms":0.0047616275671646035,"accepted":true,"wall_s":6.754862107336521}
{"iteration":7,"score":62.65963607118611,"best":62.65963607118611,"gradient_rms":19.03265657200266,"update_rms":0.003971223038227037,"accepted":true,"wall_s":6.742327127605677}
{"iteration":8,"score":62.69352240474807,"best":62.69352240474807,"gradient_rms":24.22900317674692,"update_rms":0.004088996016081937,"accepted":true,"wall_s":6.741084691137075}
{"iteration":9,"score":62.981347158148026,"best":62.981347158148026,"gradient_rms":35.18195216919632,"update_rms":0.004607494053801475,"accepted":true,"wall_s":6.740990433841944}
{"iteration":10,"score":63.126624190000854,"best":63.126624190000854,"gradient_rms":7.4651813553610005,"update_rms":0.003479060229261548,"accepted":true,"wall_s":6.7504747323691845}
{"iteration":11,"score":63.33657303626067,"best":63.33657303626067,"gradient_rms":10.995348629123807,"update_rms":0.0028721225802238056,"accepted":true,"wall_s":6.763777740299702}
{"iteration":12,"score":63.40186266975427,"best":63.40186266975427,"gradient_rms":5.978803896327017,"update_rms":0.0022668404661682472,"accepted":true,"wall_s":6.379149671643972}
{"iteration":13,"score":63.70918007175174,"best":63.70918007175174,"gradient_rms":9.537945966607627,"update_rms":0.0020537624295568465,"accepted":true,"wall_s":6.746050640940666}
{"iteration":14,"score":64.03751679632538,"best":64.03751679632538,"gradient_rms":6.443509432372393,"update_rms":0.0016830915494478625,"accepted":true,"wall_s":6.7324669770896435}
{"iteration":15,"score":64.44093622837603,"best":64.44093622837603,"gradient_rms":7.630852928173924,"update_rms":0.0016494545795906472,"accepted":true,"wall_s":6.754702806472778}
{"iteration":16,"score":64.70857491647868,"best":64.70857491647868,"gradient_rms":8.361740221359215,"update_rms":0.0017384836397352028,"accepted":true,"wall_s":6.363810956478119}
{"iteration":17,"score":64.9497182202115,"best":64.9497182202115,"gradient_rms":15.474272775388496,"update_rms":0.0025479132194557224,"accepted":true,"wall_s":6.731438770890236}
{"iteration":18,"score":65.05664047947154,"best":65.05664047947154,"gradient_rms":25.155365349339604,"update_rms":0.0038181035572461947,"accepted":true,"wall_s":6.743775021284819}
{"iteration":19,"score":65.21469886920673,"best":65.21469886920673,"gradient_rms":6.513967967334531,"update_rms":0.002937513233795132,"accepted":true,"wall_s":6.745479289442301}
{"iteration":20,"score":64.68395423704597,"best":65.21469886920673,"gradient_rms":151.2982988269168,"update_rms":0.009562088885012808,"accepted":true,"wall_s":6.742589622735977}
{"iteration":21,"score":64.26945400392817,"best":65.21469886920673,"gradient_rms":38.7293160102267,"update_rms":0.007683703533581899,"accepted":true,"wall_s":6.730453699827194}
{"iteration":22,"score":63.95099471149375,"best":65.21469886920673,"gradient_rms":18.355695149144996,"update_rms":0.005778825000523272,"accepted":true,"wall_s":6.817205145955086}
{"iteration":23,"score":63.85226825837872,"best":65.21469886920673,"gradient_rms":24.47764501200908,"update_rms":0.0048304806851255655,"accepted":true,"wall_s":6.736012849956751}
{"iteration":24,"score":63.77372987718727,"best":65.21469886920673,"gradient_rms":19.304517471509538,"update_rms":0.003971176259609403,"accepted":true,"wall_s":6.729658283293247}
{"iteration":25,"score":63.767923462212,"best":65.21469886920673,"gradient_rms":5.045915884437923,"update_rms":0.0028541399403581706,"accepted":true,"wall_s":6.71783560141921}
{"iteration":26,"score":63.953082263724845,"best":65.21469886920673,"gradient_rms":19.598472673651823,"update_rms":0.00269594300072558,"accepted":true,"wall_s":6.7375078201293945}
{"iteration":27,"score":64.08194399348936,"best":65.21469886920673,"gradient_rms":3.980820966240403,"update_rms":0.002018493760342036,"accepted":true,"wall_s":6.731062468141317}
{"iteration":28,"score":64.23723429990682,"best":65.21469886920673,"gradient_rms":5.716878366008688,"update_rms":0.001562874194549763,"accepted":true,"wall_s":6.734840136021376}
{"iteration":29,"score":64.44051001414938,"best":65.21469886920673,"gradient_rms":5.76953481628097,"update_rms":0.001263294420906697,"accepted":true,"wall_s":6.7378176264464855}
{"iteration":30,"score":64.68499800240137,"best":65.21469886920673,"gradient_rms":6.042174177281695,"update_rms":0.0011045208627447985,"accepted":true,"wall_s":6.732350882142782}
{"iteration":31,"score":64.95689659110275,"best":65.21469886920673,"gradient_rms":4.74376510226726,"update_rms":0.0009601967499083664,"accepted":true,"wall_s":6.7232470996677876}
{"iteration":32,"score":65.24584716047949,"best":65.24584716047949,"gradient_rms":20.572721775855506,"update_rms":0.0023588825890300175,"accepted":true,"wall_s":6.750426102429628}
{"iteration":33,"score":65.51004614423407,"best":65.51004614423407,"gradient_rms":5.428725647454061,"update_rms":0.0017765864316075957,"accepted":true,"wall_s":6.351083565503359}
{"iteration":34,"score":65.79811681494076,"best":65.79811681494076,"gradient_rms":4.652763833045782,"update_rms":0.0014087375749195856,"accepted":true,"wall_s":6.3699905052781105}
{"iteration":35,"score":66.02556787196589,"best":66.02556787196589,"gradient_rms":4.6448294668639845,"update_rms":0.0011481859316182183,"accepted":true,"wall_s":6.356974042952061}
{"iteration":36,"score":66.35605096395847,"best":66.35605096395847,"gradient_rms":4.773177685081955,"update_rms":0.0010531068713341496,"accepted":true,"wall_s":6.361142560839653}
{"iteration":37,"score":66.58738244056275,"best":66.58738244056275,"gradient_rms":4.719648571136234,"update_rms":0.0009765719462211406,"accepted":true,"wall_s":6.743989009410143}
{"iteration":38,"score":66.80806469610238,"best":66.80806469610238,"gradient_rms":5.825801222119285,"update_rms":0.0011212508332701762,"accepted":true,"wall_s":6.738402385264635}
{"iteration":39,"score":67.04480208580082,"best":67.04480208580082,"gradient_rms":4.823157109234112,"update_rms":0.001022293611025831,"accepted":true,"wall_s":6.74976659193635}
{"iteration":40,"score":67.19349500585159,"best":67.19349500585159,"gradient_rms":3.871908523196046,"update_rms":0.0009171785322442287,"accepted":true,"wall_s":6.352265194058418}
{"iteration":41,"score":67.39894251414212,"best":67.39894251414212,"gradient_rms":4.812272370580277,"update_rms":0.000953990540175653,"accepted":true,"wall_s":6.748641509562731}
{"iteration":42,"score":67.53642005149439,"best":67.53642005149439,"gradient_rms":6.15716400521723,"update_rms":0.0010452047531682679,"accepted":true,"wall_s":6.809998415410519}
{"iteration":43,"score":67.74205992673164,"best":67.74205992673164,"gradient_rms":18.011362637406105,"update_rms":0.0025209120304517585,"accepted":true,"wall_s":6.800535459071398}
{"iteration":44,"score":67.94167845477975,"best":67.94167845477975,"gradient_rms":3.6614718079592183,"update_rms":0.0018850427450333017,"accepted":true,"wall_s":6.740604490041733}
{"iteration":45,"score":68.03067129047633,"best":68.03067129047633,"gradient_rms":26.6464268352946,"update_rms":0.0035872961044496753,"accepted":true,"wall_s":6.741816408932209}
{"iteration":46,"score":68.05643109856649,"best":68.05643109856649,"gradient_rms":4.871027009746475,"update_rms":0.0025880308640310636,"accepted":true,"wall_s":6.735234413295984}
{"iteration":47,"score":68.22765559322707,"best":68.22765559322707,"gradient_rms":5.425952245691547,"update_rms":0.0019555232045155037,"accepted":true,"wall_s":6.746509075164795}
{"iteration":48,"score":68.55435430878326,"best":68.55435430878326,"gradient_rms":32.106204323895824,"update_rms":0.004320067947982012,"accepted":true,"wall_s":6.345535174012184}
{"iteration":49,"score":68.64510556339923,"best":68.64510556339923,"gradient_rms":28.32471289994621,"update_rms":0.004736540601687685,"accepted":true,"wall_s":6.758036702871323}
{"iteration":50,"score":68.6451055633992,"best":68.64510556339923,"gradient_rms":41.52019533747986,"update_rms":0.0,"accepted":false,"wall_s":5.196423836052418}
{"iteration":51,"score":68.50063653531895,"best":68.64510556339923,"gradient_rms":30.042460392994194,"update_rms":0.0048576357727511486,"accepted":true,"wall_s":6.740080069750547}
{"iteration":52,"score":68.60996792242591,"best":68.64510556339923,"gradient_rms":28.248250378233404,"update_rms":0.004543063262216143,"accepted":true,"wall_s":6.736139383167028}
{"iteration":53,"score":68.72776914273167,"best":68.72776914273167,"gradient_rms":5.925717408679509,"update_rms":0.003250305189042286,"accepted":true,"wall_s":6.7383444011211395}
{"iteration":54,"score":68.91173861003479,"best":68.91173861003479,"gradient_rms":6.862001287232835,"update_rms":0.0024378283561240807,"accepted":true,"wall_s":6.729046743363142}
{"iteration":55,"score":68.97219267968701,"best":68.97219267968701,"gradient_rms":5.9840549148159,"update_rms":0.0019292256571301466,"accepted":true,"wall_s":6.738753978163004}
{"iteration":56,"score":69.03447095503522,"best":69.03447095503522,"gradient_rms":15.75070313969084,"update_rms":0.002426645231684895,"accepted":true,"wall_s":6.733626592904329}
{"iteration":57,"score":68.99651050519691,"best":69.03447095503522,"gradient_rms":11.673140500262116,"update_rms":0.0023268460801663614,"accepted":true,"wall_s":6.727423589676619}
{"iteration":58,"score":69.07115951256756,"best":69.07115951256756,"gradient_rms":24.423576061187305,"update_rms":0.0037189021453752917,"accepted":true,"wall_s":6.368944995105267}
{"iteration":59,"score":69.20710339428693,"best":69.20710339428693,"gradient_rms":12.063588569028756,"update_rms":0.003027138979405429,"accepted":true,"wall_s":6.7398943565785885}
{"iteration":60,"score":69.18048485987669,"best":69.20710339428693,"gradient_rms":19.450110349711693,"update_rms":0.0031764360814183065,"accepted":true,"wall_s":6.7274997420609}
{"iteration":61,"score":69.2313928204028,"best":69.2313928204028,"gradient_rms":15.788668668228667,"update_rms":0.00302090684194642,"accepted":true,"wall_s":6.738260995596647}
{"iteration":62,"score":69.34858586100775,"best":69.34858586100775,"gradient_rms":24.576181102140623,"update_rms":0.0037966073139334045,"accepted":true,"wall_s":6.737212166190147}
{"iteration":63,"score":69.43213818982707,"best":69.43213818982707,"gradient_rms":13.3265367976725,"update_rms":0.0032035004074476353,"accepted":true,"wall_s":6.727104153484106}
{"iteration":64,"score":69.6477772636939,"best":69.6477772636939,"gradient_rms":28.839047643742223,"update_rms":0.004402224258537711,"accepted":true,"wall_s":6.351986665278673}
{"iteration":65,"score":69.83179138347218,"best":69.83179138347218,"gradient_rms":20.06062457092055,"update_rms":0.004232536910083251,"accepted":true,"wall_s":6.7402652092278}
{"iteration":66,"score":69.85296771588737,"best":69.85296771588737,"gradient_rms":17.583533801243338,"update_rms":0.00394059272609708,"accepted":true,"wall_s":6.736547611653805}
{"iteration":67,"score":69.9814392737766,"best":69.9814392737766,"gradient_rms":20.43987894353154,"update_rms":0.00398620568324315,"accepted":true,"wall_s":6.345079820603132}
{"iteration":68,"score":69.74404127469982,"best":69.9814392737766,"gradient_rms":41.068836252406356,"update_rms":0.005901312185630745,"accepted":true,"wall_s":6.742332872003317}
{"iteration":69,"score":69.65341095808738,"best":69.9814392737766,"gradient_rms":7.63010164186315,"update_rms":0.004279111996958315,"accepted":true,"wall_s":6.344985708594322}
{"iteration":70,"score":69.74396192006157,"best":69.9814392737766,"gradient_rms":7.816910253284327,"update_rms":0.003158835455280533,"accepted":true,"wall_s":6.340168736875057}
{"iteration":71,"score":69.91370729073175,"best":69.9814392737766,"gradient_rms":8.566392862372194,"update_rms":0.00254694589663433,"accepted":true,"wall_s":6.368226893246174}
{"iteration":72,"score":70.35686109812244,"best":70.35686109812244,"gradient_rms":12.824133750078762,"update_rms":0.002437680190762053,"accepted":true,"wall_s":6.3700611256062984}
{"iteration":73,"score":70.84164737540311,"best":70.84164737540311,"gradient_rms":10.684614469405753,"update_rms":0.0022399752903335506,"accepted":true,"wall_s":6.747797831892967}
{"iteration":74,"score":71.16258231138721,"best":71.16258231138721,"gradient_rms":11.189861988284921,"update_rms":0.002361269309435695,"accepted":true,"wall_s":6.744797222316265}
{"iteration":75,"score":71.32506698625944,"best":71.32506698625944,"gradient_rms":10.65007978549962,"update_rms":0.0023467640416775046,"accepted":true,"wall_s":6.348586395382881}
{"iteration":76,"score":71.45458456078885,"best":71.45458456078885,"gradient_rms":14.099603258866903,"update_rms":0.0025581769889839448,"accepted":true,"wall_s":6.737368009984493}
{"iteration":77,"score":71.61840626954847,"best":71.61840626954847,"gradient_rms":15.798965313267116,"update_rms":0.002617531948580434,"accepted":true,"wall_s":6.743175558745861}
{"iteration":78,"score":71.82087749229612,"best":71.82087749229612,"gradient_rms":13.228331145465756,"update_rms":0.0024306418512675698,"accepted":true,"wall_s":6.738870028406382}
{"iteration":79,"score":71.88050485274442,"best":71.88050485274442,"gradient_rms":8.85199921281867,"update_rms":0.002057484389948621,"accepted":true,"wall_s":6.77117120847106}
{"iteration":80,"score":72.15023204860908,"best":72.15023204860908,"gradient_rms":12.74293340112958,"update_rms":0.0022195002796383543,"accepted":true,"wall_s":6.764328055083752}
{"iteration":81,"score":72.36567023103598,"best":72.36567023103598,"gradient_rms":14.119847464931462,"update_rms":0.002495572980419798,"accepted":true,"wall_s":6.7588995806872845}
{"iteration":82,"score":72.52440241042662,"best":72.52440241042662,"gradient_rms":17.972677203141213,"update_rms":0.0030612025749490717,"accepted":true,"wall_s":6.750373136252165}
{"iteration":83,"score":72.7776943744816,"best":72.7776943744816,"gradient_rms":15.57267257356321,"update_rms":0.003102502673366283,"accepted":true,"wall_s":6.367496527731419}
{"iteration":84,"score":72.9382915496991,"best":72.9382915496991,"gradient_rms":11.807321098524218,"update_rms":0.002642599922014009,"accepted":true,"wall_s":6.363497592508793}
{"iteration":85,"score":73.07229293588901,"best":73.07229293588901,"gradient_rms":13.185382368772924,"update_rms":0.0025579634586728943,"accepted":true,"wall_s":6.371691584587097}
{"iteration":86,"score":73.22386256344443,"best":73.22386256344443,"gradient_rms":13.687595653975945,"update_rms":0.0026033837240175936,"accepted":true,"wall_s":6.757435008883476}
{"iteration":87,"score":73.30375807340478,"best":73.30375807340478,"gradient_rms":13.657663768180578,"update_rms":0.002786840500422455,"accepted":true,"wall_s":6.757570266723633}
{"iteration":88,"score":73.52003388560004,"best":73.52003388560004,"gradient_rms":16.654029160641436,"update_rms":0.0031509406789528792,"accepted":true,"wall_s":6.752190690487623}
{"iteration":89,"score":73.6933489074444,"best":73.6933489074444,"gradient_rms":12.911063375331977,"update_rms":0.002974264575331557,"accepted":true,"wall_s":6.745073817670345}
{"iteration":90,"score":73.64498301224315,"best":73.6933489074444,"gradient_rms":33.42404011422172,"update_rms":0.00493088554116268,"accepted":true,"wall_s":6.752063766121864}
{"iteration":91,"score":73.11508990600147,"best":73.6933489074444,"gradient_rms":36.31622761344898,"update_rms":0.005816705485352966,"accepted":true,"wall_s":6.756628263741732}
{"iteration":92,"score":72.29072481635708,"best":73.6933489074444,"gradient_rms":31.846331501665315,"update_rms":0.006034849702451467,"accepted":true,"wall_s":6.750733532011509}
{"iteration":93,"score":72.11179401942772,"best":73.6933489074444,"gradient_rms":8.251848637825097,"update_rms":0.004329091438955236,"accepted":true,"wall_s":6.357222631573677}
{"iteration":94,"score":72.50540800805928,"best":73.6933489074444,"gradient_rms":7.50966179468105,"update_rms":0.0032425801637868856,"accepted":true,"wall_s":6.74516037106514}
{"iteration":95,"score":73.00600034868305,"best":73.6933489074444,"gradient_rms":8.330378331976435,"update_rms":0.0024890451996159024,"accepted":true,"wall_s":6.7399448081851006}
{"iteration":96,"score":73.75040671465675,"best":73.75040671465675,"gradient_rms":7.178777258468342,"update_rms":0.0020508690383736904,"accepted":true,"wall_s":6.735797386616468}
{"iteration":97,"score":74.2388312954732,"best":74.2388312954732,"gradient_rms":6.366552997626505,"update_rms":0.0017655901077190264,"accepted":true,"wall_s":6.742952685803175}
{"iteration":98,"score":74.62936523818365,"best":74.62936523818365,"gradient_rms":9.969818464193269,"update_rms":0.0018786177791013218,"accepted":true,"wall_s":6.353898584842682}
{"iteration":99,"score":74.7864923557854,"best":74.7864923557854,"gradient_rms":9.073589585573162,"update_rms":0.0018524891861369567,"accepted":true,"wall_s":6.736937217414379}
{"iteration":100,"score":74.84328389103756,"best":74.84328389103756,"gradient_rms":9.589164138369918,"update_rms":0.0018400261863467371,"accepted":true,"wall_s":6.733407575637102}
{"iteration":101,"score":74.6765893942106,"best":74.84328389103756,"gradient_rms":8.337477972810229,"update_rms":0.0017730973796105194,"accepted":true,"wall_s":6.716229259967804}
{"iteration":102,"score":74.61385618439293,"best":74.84328389103756,"gradient_rms":9.062501512011597,"update_rms":0.0018405829954396386,"accepted":true,"wall_s":6.730752903968096}
{"iteration":103,"score":74.65090371029254,"best":74.84328389103756,"gradient_rms":5.918085865951875,"update_rms":0.0015476506303686189,"accepted":true,"wall_s":6.7274208180606365}
{"iteration":104,"score":74.81610840650922,"best":74.84328389103756,"gradient_rms":9.801627338942641,"update_rms":0.001869867591443473,"accepted":true,"wall_s":6.745474256575108}
{"iteration":105,"score":74.98568538023365,"best":74.98568538023365,"gradient_rms":8.124894833961983,"update_rms":0.0017110463483637915,"accepted":true,"wall_s":6.763517182320356}
{"iteration":106,"score":75.24760158701619,"best":75.24760158701619,"gradient_rms":6.589618912616149,"update_rms":0.0015445100965899021,"accepted":true,"wall_s":6.754857085645199}
{"iteration":107,"score":75.13988278847401,"best":75.24760158701619,"gradient_rms":15.726834551992038,"update_rms":0.0025089498998613602,"accepted":true,"wall_s":6.750969171524048}
{"iteration":108,"score":75.08504630308232,"best":75.24760158701619,"gradient_rms":7.808838594730161,"update_rms":0.002053642333772869,"accepted":true,"wall_s":6.758538328111172}
{"iteration":109,"score":75.00260378317964,"best":75.24760158701619,"gradient_rms":6.510269949272137,"update_rms":0.0017533715604722163,"accepted":true,"wall_s":6.3777500204741955}
{"iteration":110,"score":75.16020166331523,"best":75.24760158701619,"gradient_rms":8.484185301830474,"update_rms":0.0017900699363477305,"accepted":true,"wall_s":6.376583985984325}
{"iteration":111,"score":75.09979988663028,"best":75.24760158701619,"gradient_rms":18.186777316558313,"update_rms":0.0029391246151949987,"accepted":true,"wall_s":6.7624256536364555}
{"iteration":112,"score":75.10561140903407,"best":75.24760158701619,"gradient_rms":11.192198983303262,"update_rms":0.0025831669610628456,"accepted":true,"wall_s":6.778325792402029}
{"iteration":113,"score":75.37398386344462,"best":75.37398386344462,"gradient_rms":15.112729536906292,"update_rms":0.002920407859235445,"accepted":true,"wall_s":6.760914109647274}
{"iteration":114,"score":75.31205947571371,"best":75.37398386344462,"gradient_rms":9.539505829475958,"update_rms":0.002591723464816322,"accepted":true,"wall_s":6.3587074764072895}
{"iteration":115,"score":75.47262537189238,"best":75.47262537189238,"gradient_rms":8.393677554264027,"update_rms":0.0022053578358330805,"accepted":true,"wall_s":6.756044469773769}
{"iteration":116,"score":75.6040358572354,"best":75.6040358572354,"gradient_rms":18.37157123483303,"update_rms":0.0030939153538361223,"accepted":true,"wall_s":6.763183008879423}
{"iteration":117,"score":75.53103661512652,"best":75.6040358572354,"gradient_rms":22.12182667549315,"update_rms":0.003975528825696351,"accepted":true,"wall_s":6.757060181349516}
{"iteration":118,"score":75.33938196800659,"best":75.6040358572354,"gradient_rms":25.472803740783803,"update_rms":0.004672934317490043,"accepted":true,"wall_s":6.769444663077593}
{"iteration":119,"score":75.10697600776867,"best":75.6040358572354,"gradient_rms":18.35745698512758,"update_rms":0.00411290402817596,"accepted":true,"wall_s":6.746205624192953}
{"iteration":120,"score":75.09316864503786,"best":75.6040358572354,"gradient_rms":9.307290219487724,"update_rms":0.0034233727912666824,"accepted":true,"wall_s":6.742156185209751}
{"iteration":121,"score":74.91872481621249,"best":75.6040358572354,"gradient_rms":10.869155969770407,"update_rms":0.0027926513242389297,"accepted":true,"wall_s":6.3655297085642815}
{"iteration":122,"score":74.83169427374554,"best":75.6040358572354,"gradient_rms":7.040607083647569,"update_rms":0.0021500898545707163,"accepted":true,"wall_s":6.367016579955816}
{"iteration":123,"score":74.942554019119,"best":75.6040358572354,"gradient_rms":5.101671285698507,"update_rms":0.0017475696018394843,"accepted":true,"wall_s":6.74458310380578}
{"iteration":124,"score":74.71657436557457,"best":75.6040358572354,"gradient_rms":18.046571442087107,"update_rms":0.002900343272635804,"accepted":true,"wall_s":6.354469660669565}
{"iteration":125,"score":74.77625970221371,"best":75.6040358572354,"gradient_rms":5.701665667949208,"update_rms":0.002236558476588163,"accepted":true,"wall_s":6.347582750022411}
{"iteration":126,"score":74.90737932006351,"best":75.6040358572354,"gradient_rms":6.182492498528071,"update_rms":0.0018797925346936122,"accepted":true,"wall_s":6.732140328735113}
{"iteration":127,"score":74.71211118288635,"best":75.6040358572354,"gradient_rms":21.806182853070435,"update_rms":0.0037042048974599705,"accepted":true,"wall_s":6.722322683781385}
{"iteration":128,"score":74.43983337527831,"best":75.6040358572354,"gradient_rms":8.040371459489531,"update_rms":0.003081488410544651,"accepted":true,"wall_s":6.7370931170880795}
{"iteration":129,"score":74.28171481944577,"best":75.6040358572354,"gradient_rms":9.05802083053913,"update_rms":0.0025701287654301425,"accepted":true,"wall_s":6.730109140276909}
{"iteration":130,"score":74.3288349607376,"best":75.6040358572354,"gradient_rms":9.84558010433866,"update_rms":0.0023683903631307006,"accepted":true,"wall_s":6.7234154269099236}
{"iteration":131,"score":74.40487303294445,"best":75.6040358572354,"gradient_rms":9.738022020303719,"update_rms":0.002301990114535673,"accepted":true,"wall_s":6.358142405748367}
{"iteration":132,"score":74.47803131076223,"best":75.6040358572354,"gradient_rms":12.369027534595011,"update_rms":0.002389478319380335,"accepted":true,"wall_s":6.7399620190262794}
{"iteration":133,"score":74.93180681021636,"best":75.6040358572354,"gradient_rms":21.45336042062676,"update_rms":0.0037453879159511975,"accepted":true,"wall_s":6.731086231768131}
{"iteration":134,"score":75.31775672307873,"best":75.6040358572354,"gradient_rms":15.103427811498452,"update_rms":0.0036005222761649773,"accepted":true,"wall_s":6.738435909152031}
{"iteration":135,"score":75.3451481460866,"best":75.6040358572354,"gradient_rms":21.604504039592072,"update_rms":0.004217422644334622,"accepted":true,"wall_s":6.743753258138895}
{"iteration":136,"score":75.4632490009268,"best":75.6040358572354,"gradient_rms":18.844519329426216,"update_rms":0.004244329907814088,"accepted":true,"wall_s":6.734313759952784}
{"iteration":137,"score":75.87776850714748,"best":75.87776850714748,"gradient_rms":22.1370022573319,"update_rms":0.00446331513476466,"accepted":true,"wall_s":6.74011654406786}
{"iteration":138,"score":75.81625949558006,"best":75.87776850714748,"gradient_rms":22.08771888940687,"update_rms":0.004657001688294751,"accepted":true,"wall_s":6.368203047662973}
{"iteration":139,"score":75.63056835880776,"best":75.87776850714748,"gradient_rms":26.261462890204818,"update_rms":0.005495209747365143,"accepted":true,"wall_s":6.748418338596821}
{"iteration":140,"score":75.34604756868796,"best":75.87776850714748,"gradient_rms":18.109947430305013,"update_rms":0.004576692909321888,"accepted":true,"wall_s":6.738821882754564}
{"iteration":141,"score":74.92137203101338,"best":75.87776850714748,"gradient_rms":20.19706656066901,"update_rms":0.0044317873509724685,"accepted":true,"wall_s":6.731774806976318}
{"iteration":142,"score":75.22309535241573,"best":75.87776850714748,"gradient_rms":22.160499726329157,"update_rms":0.004679670168214434,"accepted":true,"wall_s":6.736540276557207}
{"iteration":143,"score":75.23452509073539,"best":75.87776850714748,"gradient_rms":28.458406338095898,"update_rms":0.005467426549025324,"accepted":true,"wall_s":6.349335860460997}
{"iteration":144,"score":74.77196509134147,"best":75.87776850714748,"gradient_rms":33.16675529280809,"update_rms":0.006631271244691307,"accepted":true,"wall_s":6.755565073341131}
{"iteration":145,"score":74.41821358666853,"best":75.87776850714748,"gradient_rms":35.794950017939044,"update_rms":0.0072839226056161605,"accepted":true,"wall_s":6.729415316134691}
{"iteration":146,"score":72.83989825513046,"best":75.87776850714748,"gradient_rms":21.66847217717523,"update_rms":0.0059542613808688995,"accepted":true,"wall_s":6.745655681937933}
{"iteration":147,"score":71.68469400694663,"best":75.87776850714748,"gradient_rms":39.60913094053076,"update_rms":0.007032705551381376,"accepted":true,"wall_s":6.739095937460661}
{"iteration":148,"score":74.42003156368258,"best":75.87776850714748,"gradient_rms":36.80430793407545,"update_rms":0.006852388882565314,"accepted":true,"wall_s":6.737947605550289}
{"iteration":149,"score":74.70320550032747,"best":75.87776850714748,"gradient_rms":32.82999852905517,"update_rms":0.00676450439842353,"accepted":true,"wall_s":6.7318287044763565}
{"iteration":150,"score":74.63183973686672,"best":75.87776850714748,"gradient_rms":21.982835591447163,"update_rms":0.005648287958821972,"accepted":true,"wall_s":6.348850201815367}
{"iteration":151,"score":75.16514159255605,"best":75.87776850714748,"gradient_rms":23.863478416201904,"update_rms":0.005201643596573817,"accepted":true,"wall_s":6.356771841645241}
{"iteration":152,"score":75.44421945635845,"best":75.87776850714748,"gradient_rms":28.14558653945085,"update_rms":0.005397672561077829,"accepted":true,"wall_s":6.740332253277302}
{"iteration":153,"score":75.63535270051015,"best":75.87776850714748,"gradient_rms":39.43522673359136,"update_rms":0.006693832664669802,"accepted":true,"wall_s":6.741321671754122}
{"iteration":154,"score":75.19110472308326,"best":75.87776850714748,"gradient_rms":36.90171180133674,"update_rms":0.006766392894286039,"accepted":true,"wall_s":6.741612244397402}
{"iteration":155,"score":75.3710306144324,"best":75.87776850714748,"gradient_rms":39.6809491260681,"update_rms":0.006947135148481201,"accepted":true,"wall_s":6.734758131206036}
{"iteration":156,"score":75.26381813245331,"best":75.87776850714748,"gradient_rms":34.966787314290315,"update_rms":0.006683088793893987,"accepted":true,"wall_s":6.7380305379629135}
{"iteration":157,"score":75.8212556423427,"best":75.87776850714748,"gradient_rms":41.77310364868754,"update_rms":0.007059573216825803,"accepted":true,"wall_s":6.745900422334671}
{"iteration":158,"score":75.77317812844996,"best":75.87776850714748,"gradient_rms":30.01000614557244,"update_rms":0.006400978896883294,"accepted":true,"wall_s":6.755852662026882}
{"iteration":159,"score":75.85927446802809,"best":75.87776850714748,"gradient_rms":35.68507991126441,"update_rms":0.006769267602432829,"accepted":true,"wall_s":6.735987693071365}
{"iteration":160,"score":76.03132948090918,"best":76.03132948090918,"gradient_rms":40.45828854316764,"update_rms":0.007202685895703552,"accepted":true,"wall_s":6.7524998635053635}
{"iteration":161,"score":76.0756241947936,"best":76.0756241947936,"gradient_rms":44.386290952775916,"update_rms":0.007461215081016393,"accepted":true,"wall_s":6.752709124237299}
{"iteration":162,"score":75.73863085970275,"best":76.0756241947936,"gradient_rms":33.80267520970442,"update_rms":0.006988239289410506,"accepted":true,"wall_s":6.750644128769636}
{"iteration":163,"score":74.67276632012117,"best":76.0756241947936,"gradient_rms":27.56744537925795,"update_rms":0.006257737978294005,"accepted":true,"wall_s":6.759190272539854}
{"iteration":164,"score":73.74874616786614,"best":76.0756241947936,"gradient_rms":23.777993699059603,"update_rms":0.005432826104148677,"accepted":true,"wall_s":6.754211574792862}
{"iteration":165,"score":72.9882765161345,"best":76.0756241947936,"gradient_rms":22.04692886951183,"update_rms":0.004763378716568549,"accepted":true,"wall_s":6.764519866555929}
{"iteration":166,"score":73.77875507295607,"best":76.0756241947936,"gradient_rms":24.54779486634318,"update_rms":0.004589427221201848,"accepted":true,"wall_s":6.779355648905039}
{"iteration":167,"score":74.38117596674131,"best":76.0756241947936,"gradient_rms":23.245468694137013,"update_rms":0.004535100474562987,"accepted":true,"wall_s":6.7661725133657455}
{"iteration":168,"score":75.36734226415422,"best":76.0756241947936,"gradient_rms":27.54117402212948,"update_rms":0.004820454455376511,"accepted":true,"wall_s":6.76042502745986}
{"iteration":169,"score":75.86429682162597,"best":76.0756241947936,"gradient_rms":32.84944000192311,"update_rms":0.005484745881720189,"accepted":true,"wall_s":6.75481878221035}
{"iteration":170,"score":76.02881673489793,"best":76.0756241947936,"gradient_rms":39.20124148335476,"update_rms":0.006311549589195881,"accepted":true,"wall_s":6.7642956748604774}
{"iteration":171,"score":75.8364807852537,"best":76.0756241947936,"gradient_rms":44.80863638405626,"update_rms":0.007184228158680175,"accepted":true,"wall_s":6.746232490986586}
{"iteration":172,"score":75.8109870478274,"best":76.0756241947936,"gradient_rms":39.79929358020898,"update_rms":0.007133649446100471,"accepted":true,"wall_s":6.364254221320152}
{"iteration":173,"score":76.02021735674032,"best":76.0756241947936,"gradient_rms":44.559690069042745,"update_rms":0.007504581979913301,"accepted":true,"wall_s":6.751664832234383}
{"iteration":174,"score":75.95350464289155,"best":76.0756241947936,"gradient_rms":35.79602268489894,"update_rms":0.006921845855059448,"accepted":true,"wall_s":6.3595649637281895}
{"iteration":175,"score":76.41463612669837,"best":76.41463612669837,"gradient_rms":51.41868109442063,"update_rms":0.007864214729457626,"accepted":true,"wall_s":6.771667171269655}
{"iteration":176,"score":76.68464841377775,"best":76.68464841377775,"gradient_rms":57.21151245588067,"update_rms":0.008499354285269644,"accepted":true,"wall_s":6.761379145085812}
{"iteration":177,"score":76.91914749132864,"best":76.91914749132864,"gradient_rms":99.37742293141497,"update_rms":0.012332401764485038,"accepted":true,"wall_s":6.75260266661644}
{"iteration":178,"score":76.50036786224538,"best":76.91914749132864,"gradient_rms":24.266614421028937,"update_rms":0.009256094430812715,"accepted":true,"wall_s":6.7425933219492435}
{"iteration":179,"score":76.10636611206247,"best":76.91914749132864,"gradient_rms":27.949018272046988,"update_rms":0.007445076561131826,"accepted":true,"wall_s":6.745789963752031}
{"iteration":180,"score":76.14383988155743,"best":76.91914749132864,"gradient_rms":15.237513739814025,"update_rms":0.00549323010784244,"accepted":true,"wall_s":6.758691918104887}
{"iteration":181,"score":76.25978842496883,"best":76.91914749132864,"gradient_rms":21.619057008225237,"update_rms":0.004357077851951857,"accepted":true,"wall_s":6.760116845369339}
{"iteration":182,"score":75.89210295826452,"best":76.91914749132864,"gradient_rms":20.17012425772948,"update_rms":0.0037807018935382005,"accepted":true,"wall_s":6.769266903400421}
{"iteration":183,"score":75.80836112267156,"best":76.91914749132864,"gradient_rms":21.361781384770122,"update_rms":0.003600630995568528,"accepted":true,"wall_s":6.760692201554775}
{"iteration":184,"score":76.02165688821847,"best":76.91914749132864,"gradient_rms":19.84597187782789,"update_rms":0.003505108616463524,"accepted":true,"wall_s":6.754121016710997}
{"iteration":185,"score":76.32470989115654,"best":76.91914749132864,"gradient_rms":16.914913398020925,"update_rms":0.0031196221023240987,"accepted":true,"wall_s":6.748269688338041}
{"iteration":186,"score":76.59408969683794,"best":76.91914749132864,"gradient_rms":19.010108049932644,"update_rms":0.0030988350591804837,"accepted":true,"wall_s":6.761483371257782}
{"iteration":187,"score":77.01716871203853,"best":77.01716871203853,"gradient_rms":18.276960864372302,"update_rms":0.003066139555722013,"accepted":true,"wall_s":6.756843134760857}
{"iteration":188,"score":77.36639084830303,"best":77.36639084830303,"gradient_rms":17.617214197883623,"update_rms":0.003126913247701835,"accepted":true,"wall_s":6.746415197849274}
{"iteration":189,"score":77.69495727289261,"best":77.69495727289261,"gradient_rms":19.98213955977331,"update_rms":0.003276911914267406,"accepted":true,"wall_s":6.75058963522315}
{"iteration":190,"score":77.94139720527359,"best":77.94139720527359,"gradient_rms":14.457708664988113,"update_rms":0.0027792842657110004,"accepted":true,"wall_s":6.774694051593542}
{"iteration":191,"score":78.13100086737343,"best":78.13100086737343,"gradient_rms":17.507907654247962,"update_rms":0.0028837327320467925,"accepted":true,"wall_s":6.767566114664078}
{"iteration":192,"score":78.26600308190852,"best":78.26600308190852,"gradient_rms":16.725434793616724,"update_rms":0.0026948445820234343,"accepted":true,"wall_s":6.767420027405024}
{"iteration":193,"score":78.50195299867535,"best":78.50195299867535,"gradient_rms":16.750760617270036,"update_rms":0.0028528692298258893,"accepted":true,"wall_s":6.818756602704525}
{"iteration":194,"score":78.70664527646083,"best":78.70664527646083,"gradient_rms":18.472330010302333,"update_rms":0.0031139065515975784,"accepted":true,"wall_s":6.770355403423309}
{"iteration":195,"score":78.85572373184011,"best":78.85572373184011,"gradient_rms":19.043572224702675,"update_rms":0.0031056126700980537,"accepted":true,"wall_s":6.764726374298334}
{"iteration":196,"score":78.76176119492689,"best":78.85572373184011,"gradient_rms":17.20833831924375,"update_rms":0.003000620594366384,"accepted":true,"wall_s":6.370760142803192}
{"iteration":197,"score":78.29500723325904,"best":78.85572373184011,"gradient_rms":16.727458634950036,"update_rms":0.003070193986652246,"accepted":true,"wall_s":6.755161464214325}
{"iteration":198,"score":78.13834507359782,"best":78.85572373184011,"gradient_rms":18.667354902002504,"update_rms":0.0032314414514934327,"accepted":true,"wall_s":6.798185009509325}
{"iteration":199,"score":77.54862855105455,"best":78.85572373184011,"gradient_rms":17.148198444856845,"update_rms":0.003142762972805153,"accepted":true,"wall_s":6.760150723159313}
{"iteration":200,"score":76.98991563725053,"best":78.85572373184011,"gradient_rms":20.32603666515987,"update_rms":0.0032317572671698804,"accepted":true,"wall_s":6.390432666987181}
{
  "status": "ok",
  "stop_reason": "completed_iterations",
  "initial_score": 17.240910869172364,
  "final_score": 76.98991563725053,
  "best_score": 78.85572373184011,
  "best_iteration": 195,
  "completed_iterations": 200,
  "completed_adam_steps": 199,
  "completed_optimizer_steps": 199,
  "total_wall_s": 1333.8083390407264,
  "initial_decode_wall_s": 0.0003637969493865967,
  "initial_score_wall_s": 0.9377651587128639,
  "mean_iteration_wall_s": 6.667016992345452,
  "manifest": {
    "protocol": {
      "id": "unregistered-experimental",
      "status": "unregistered-experimental",
      "stage": "optimization",
      "requirements": {
        "native_score_abi": 11,
        "native_score_library_sha256": "1c6c78b0dee662233215a56dbdc1e50b8ed29f2d0eee9ae8c4ff7d0403b895ed"
      },
      "actual": {
        "parameter_space": "data",
        "optimizer": "adam",
        "iterations": 200,
        "directions": 64,
        "perturbation": 0.0025,
        "learning_rate": 0.01,
        "beta1": 0.7,
        "beta2": 0.999,
        "flow_steps": 128,
        "gradient_mode": "random-orthogonal",
        "difference": "centered",
        "native_score_abi": 11,
        "native_score_library_sha256": "7b21e66329a23f18ef3cfab408d0a21410acea3c8d10d8b2463ccee7f5a3969f",
        "data_start_mode": "exact-unclipped"
      },
      "differences_from_current": {
        "perturbation": {
          "expected": 0.005,
          "actual": 0.0025
        },
        "learning_rate": {
          "expected": 0.02,
          "actual": 0.01
        },
        "parameter_space": {
          "expected": "latent",
          "actual": "data"
        },
        "native_score_library_sha256": {
          "expected": "1c6c78b0dee662233215a56dbdc1e50b8ed29f2d0eee9ae8c4ff7d0403b895ed",
          "actual": "7b21e66329a23f18ef3cfab408d0a21410acea3c8d10d8b2463ccee7f5a3969f"
        },
        "data_start_mode": {
          "expected": "not-applicable",
          "actual": "exact-unclipped"
        }
      }
    },
    "repository": {
      "commit": "70a1102829da50d9054d929d1cd7073780909268",
      "tracked_dirty": false,
      "available": true
    },
    "algorithm": "adam_with_query_batched_local_gradient",
    "optimizer": "adam",
    "parameter_space": "data",
    "gradient_objective": "dynamic local full-density score with coordinate and maximum-surface-selection derivatives omitted",
    "formal_objective": "complete native QH score for every accepted center",
    "initial_case": "/home/scc/pb24511935/local_surface_evaluator_runs/axisflip_r012_curvature_r04_adam200_20260903_70a1102/incomplete/axisflip_r012_case_0000019.worker1.2633195.partial/start.json",
    "initial_case_sha256": "6ede352b3eb66b7d79298aee10acda6e86ef6a019b036a2985251deef4e11f6b",
    "checkpoint": "/home/scc/pb24511935/local_surface_evaluator/runs/qh_flow_physical_lr_longselect_20260729/lr_3em4/checkpoint_latest.pt",
    "checkpoint_sha256": "39a3293a459e248a0d1ec062607a1a467128b14d8ca973aadd82e113532ab99f",
    "checkpoint_expectation": {
      "step": 30000,
      "sha256": null
    },
    "native_lib": "/home/scc/pb24511935/local_surface_evaluator_runs/axisflip_r012_curvature_r04_adam200_20260903_70a1102/build_curvature_r04/libstellarator_gpu.so",
    "native_lib_sha256": "7b21e66329a23f18ef3cfab408d0a21410acea3c8d10d8b2463ccee7f5a3969f",
    "native_score": {
      "abi": 11,
      "validated_default_library_sha256": "1c6c78b0dee662233215a56dbdc1e50b8ed29f2d0eee9ae8c4ff7d0403b895ed"
    },
    "nfp": 8,
    "n_base_coils": 3,
    "target_helicity": [
      1,
      8
    ],
    "iterations": 200,
    "max_wall_s": 26663.787634,
    "flow": {
      "method": "rk4",
      "steps": 128,
      "dtype": "fp32",
      "use": "none"
    },
    "flow_pipeline": false,
    "coordinate_gradient": {
      "dimension": 300,
      "mode": "random-orthogonal",
      "random_directions": 64,
      "endpoint_count": 128,
      "perturbation": 0.0025,
      "difference": "centered",
      "psi_grid": 48,
      "psi_iterations": 4,
      "alpha_iterations": 4,
      "formal_surface_theta_count": 128,
      "local_surface_theta_count": 64
    },
    "adam": {
      "learning_rate": 0.01,
      "beta1": 0.7,
      "beta2": 0.999,
      "epsilon": 1e-08,
      "weight_decay": 0.0
    },
    "bfgs": {
      "initial_trust_rms": 0.01,
      "min_trust_rms": 1e-05,
      "max_trust_rms": 0.05,
      "trust_growth": 1.2,
      "trust_shrink": 0.5,
      "min_improvement": 0.0
    },
    "seed": 120260925,
    "axis_policy": "recorded strict mixed-precision continuation from step 0",
    "recorded_initial_score_tolerance": 0.1,
    "devices": {
      "flow": 0,
      "score": 0
    },
    "initial_metadata_keys": [
      "data_prior_screening",
      "nfp",
      "raw"
    ],
    "data_parameterization": {
      "definition": "per-coordinate training-set standardization",
      "physical_mapping": "CoilNormalizer.inverse with canonical current L1/sign",
      "initial_source": "direct analytic-prior geometry with unclipped coordinates",
      "data_start_mode": "exact-unclipped",
      "initial_clipped_fraction": 0.0,
      "initial_roundtrip_relative_rms": 4.032744841844152e-17,
      "flow_calls_after_initialization": 0
    },
    "initial_consistency_gate": {
      "recorded_score": 17.240909722393724,
      "optimizer_score": 17.240910869172364,
      "absolute_delta": 1.1467786400487512e-06,
      "tolerance": 0.1,
      "recorded_axis_hint": [
        1.0543775408845657,
        3.65661207068343e-09
      ],
      "optimizer_axis": [
        1.0543775408845657,
        3.65661207068343e-09
      ],
      "axis_hint_distance": 0.0
    }
  }
}
