{"iteration":1,"score":28.1160524173103,"best":28.1160524173103,"gradient_rms":14.48846071080293,"update_rms":0.00999999995778237,"accepted":true,"wall_s":6.588089970871806}
{"iteration":2,"score":40.3952294844088,"best":40.3952294844088,"gradient_rms":27.617803230151633,"update_rms":0.007920660946069764,"accepted":true,"wall_s":6.650597400963306}
{"iteration":3,"score":48.42532117648928,"best":48.42532117648928,"gradient_rms":40.53469305790318,"update_rms":0.00697844928459043,"accepted":true,"wall_s":6.703685889951885}
{"iteration":4,"score":54.845095069564096,"best":54.845095069564096,"gradient_rms":43.026289448527734,"update_rms":0.0063757625780244,"accepted":true,"wall_s":6.730783539824188}
{"iteration":5,"score":59.07768802312267,"best":59.07768802312267,"gradient_rms":50.683724090708246,"update_rms":0.0060202203152997175,"accepted":true,"wall_s":6.781854929868132}
{"iteration":6,"score":60.38567772958275,"best":60.38567772958275,"gradient_rms":32.02496324121539,"update_rms":0.005391632404329052,"accepted":true,"wall_s":6.727243160828948}
{"iteration":7,"score":61.740965059987495,"best":61.740965059987495,"gradient_rms":21.984831537401174,"update_rms":0.0044413927482471124,"accepted":true,"wall_s":6.726536234375089}
{"iteration":8,"score":62.664646561563984,"best":62.664646561563984,"gradient_rms":16.39752950501832,"update_rms":0.0038119244598918975,"accepted":true,"wall_s":6.736023717094213}
{"iteration":9,"score":63.62844246242659,"best":63.62844246242659,"gradient_rms":24.357927228101776,"update_rms":0.0037479018852150294,"accepted":true,"wall_s":6.757165686227381}
{"iteration":10,"score":64.47335079431954,"best":64.47335079431954,"gradient_rms":9.028608901900705,"update_rms":0.0028842822419366315,"accepted":true,"wall_s":6.775931935757399}
{"iteration":11,"score":65.2335272490246,"best":65.2335272490246,"gradient_rms":6.887659503290213,"update_rms":0.002339521754220591,"accepted":true,"wall_s":6.757916879840195}
{"iteration":12,"score":65.82876070923,"best":65.82876070923,"gradient_rms":6.696951995720537,"update_rms":0.0018737324507862292,"accepted":true,"wall_s":6.791184562724084}
{"iteration":13,"score":66.32336272252667,"best":66.32336272252667,"gradient_rms":7.347545848430332,"update_rms":0.0017406686143179985,"accepted":true,"wall_s":6.76911885291338}
{"iteration":14,"score":66.80331971330915,"best":66.80331971330915,"gradient_rms":6.380544568618082,"update_rms":0.0016124097808307165,"accepted":true,"wall_s":6.770224053878337}
{"iteration":15,"score":67.24758967677495,"best":67.24758967677495,"gradient_rms":6.146764118887351,"update_rms":0.0015258278288945925,"accepted":true,"wall_s":6.79169952776283}
{"iteration":16,"score":67.68740109312455,"best":67.68740109312455,"gradient_rms":6.527073121254136,"update_rms":0.001492239531550861,"accepted":true,"wall_s":6.797433060128242}
{"iteration":17,"score":68.13333587341249,"best":68.13333587341249,"gradient_rms":5.3730772840545855,"update_rms":0.001424612783151347,"accepted":true,"wall_s":6.787691409699619}
{"iteration":18,"score":68.35006596174227,"best":68.35006596174227,"gradient_rms":7.235642815182364,"update_rms":0.0016170290269518755,"accepted":true,"wall_s":6.804688383825123}
{"iteration":19,"score":68.92188701617668,"best":68.92188701617668,"gradient_rms":5.594804977017195,"update_rms":0.0014570628147767687,"accepted":true,"wall_s":6.770446838345379}
{"iteration":20,"score":69.15743426030978,"best":69.15743426030978,"gradient_rms":4.781238284761169,"update_rms":0.001397211212045709,"accepted":true,"wall_s":6.778197770938277}
{"iteration":21,"score":69.49219593926868,"best":69.49219593926868,"gradient_rms":4.241433052514571,"update_rms":0.0012596543271207888,"accepted":true,"wall_s":6.768900143913925}
{"iteration":22,"score":69.82811645501002,"best":69.82811645501002,"gradient_rms":5.213321668143575,"update_rms":0.0013143350278669215,"accepted":true,"wall_s":6.760393036995083}
{"iteration":23,"score":70.24203882669606,"best":70.24203882669606,"gradient_rms":5.144898411976263,"update_rms":0.0013013638244956912,"accepted":true,"wall_s":6.763940333854407}
{"iteration":24,"score":70.7181536584706,"best":70.7181536584706,"gradient_rms":6.770596011594983,"update_rms":0.0016103066317895028,"accepted":true,"wall_s":6.7960068439133465}
{"iteration":25,"score":71.16046049296466,"best":71.16046049296466,"gradient_rms":6.486731208733949,"update_rms":0.001644040909055289,"accepted":true,"wall_s":6.770199555903673}
{"iteration":26,"score":71.47845172033753,"best":71.47845172033753,"gradient_rms":11.09222955797381,"update_rms":0.0023740903990770498,"accepted":true,"wall_s":6.798102038912475}
{"iteration":27,"score":71.76472303901289,"best":71.76472303901289,"gradient_rms":8.042590274015966,"update_rms":0.0022718064557074986,"accepted":true,"wall_s":6.768295143730938}
{"iteration":28,"score":72.09219410043028,"best":72.09219410043028,"gradient_rms":12.245454619428259,"update_rms":0.0027838479007721777,"accepted":true,"wall_s":6.751062361057848}
{"iteration":29,"score":72.33184169617037,"best":72.33184169617037,"gradient_rms":9.923573637997054,"update_rms":0.0026690196345692855,"accepted":true,"wall_s":6.359315827023238}
{"iteration":30,"score":72.19885428597637,"best":72.33184169617037,"gradient_rms":14.14838818261606,"update_rms":0.003293247647163479,"accepted":true,"wall_s":6.753446767106652}
{"iteration":31,"score":72.08112455571064,"best":72.33184169617037,"gradient_rms":9.464005957852093,"update_rms":0.00276738722654562,"accepted":true,"wall_s":6.780665524769574}
{"iteration":32,"score":72.17996617353992,"best":72.33184169617037,"gradient_rms":10.450996142933617,"update_rms":0.0026658510477612393,"accepted":true,"wall_s":6.75413227500394}
{"iteration":33,"score":72.58930364807547,"best":72.58930364807547,"gradient_rms":11.137154381946932,"update_rms":0.002640087969990197,"accepted":true,"wall_s":6.3581160376779735}
{"iteration":34,"score":73.05595597369224,"best":73.05595597369224,"gradient_rms":12.55481625909328,"update_rms":0.0031701276963897965,"accepted":true,"wall_s":6.773267033975571}
{"iteration":35,"score":73.2897657994996,"best":73.2897657994996,"gradient_rms":12.02570248298561,"update_rms":0.0032816040660113032,"accepted":true,"wall_s":6.765432568732649}
{"iteration":36,"score":73.06077428137172,"best":73.2897657994996,"gradient_rms":18.423439812949148,"update_rms":0.003934303902079685,"accepted":true,"wall_s":6.792324767913669}
{"iteration":37,"score":72.56780863074594,"best":73.2897657994996,"gradient_rms":17.085833283593328,"update_rms":0.004297134648959646,"accepted":true,"wall_s":6.769850521814078}
{"iteration":38,"score":71.97997634562141,"best":73.2897657994996,"gradient_rms":12.27253878022103,"update_rms":0.003940405384166011,"accepted":true,"wall_s":6.779416647274047}
{"iteration":39,"score":71.81065395017906,"best":73.2897657994996,"gradient_rms":9.414953996185574,"update_rms":0.003368981752277692,"accepted":true,"wall_s":6.777503517922014}
{"iteration":40,"score":72.02682694158852,"best":73.2897657994996,"gradient_rms":7.675966373004223,"update_rms":0.0026923691049784734,"accepted":true,"wall_s":6.773824141826481}
{"iteration":41,"score":72.80874498263383,"best":73.2897657994996,"gradient_rms":8.455094816472165,"update_rms":0.0024709489718357414,"accepted":true,"wall_s":6.793876325245947}
{"iteration":42,"score":73.38619916745944,"best":73.38619916745944,"gradient_rms":11.853907539959891,"update_rms":0.0028420289894937963,"accepted":true,"wall_s":6.772936313878745}
{"iteration":43,"score":73.70129044675829,"best":73.70129044675829,"gradient_rms":10.980472063743857,"update_rms":0.0029901830667621505,"accepted":true,"wall_s":6.77532067662105}
{"iteration":44,"score":74.04486708806171,"best":74.04486708806171,"gradient_rms":22.331013034719263,"update_rms":0.004564470877220757,"accepted":true,"wall_s":6.774787707254291}
{"iteration":45,"score":73.94226657091076,"best":74.04486708806171,"gradient_rms":15.481830655863217,"update_rms":0.004347767831681236,"accepted":true,"wall_s":6.763666327111423}
{"iteration":46,"score":74.09958943802864,"best":74.09958943802864,"gradient_rms":19.41013682334857,"update_rms":0.004792018314281491,"accepted":true,"wall_s":6.777757103089243}
{"iteration":47,"score":74.4849559863098,"best":74.4849559863098,"gradient_rms":19.893397261836416,"update_rms":0.004779994304452831,"accepted":true,"wall_s":6.780812870711088}
{"iteration":48,"score":74.53743596100799,"best":74.53743596100799,"gradient_rms":20.614388829482685,"update_rms":0.004921121520723937,"accepted":true,"wall_s":6.773940995335579}
{"iteration":49,"score":74.55919078156285,"best":74.55919078156285,"gradient_rms":23.94137817093418,"update_rms":0.00557690746827413,"accepted":true,"wall_s":6.791579771786928}
{"iteration":50,"score":74.92360713641642,"best":74.92360713641642,"gradient_rms":25.295446933654937,"update_rms":0.005705937534238239,"accepted":true,"wall_s":6.800578894093633}
{"iteration":51,"score":74.89132494396786,"best":74.92360713641642,"gradient_rms":22.24147571064949,"update_rms":0.006007960961132379,"accepted":true,"wall_s":6.774302734993398}
{"iteration":52,"score":74.92419922781458,"best":74.92419922781458,"gradient_rms":22.072007114764926,"update_rms":0.005332661370846624,"accepted":true,"wall_s":6.789607597980648}
{"iteration":53,"score":75.76795045302453,"best":75.76795045302453,"gradient_rms":18.245907153894947,"update_rms":0.00501842684913508,"accepted":true,"wall_s":6.778738680295646}
{"iteration":54,"score":74.14253886930935,"best":75.76795045302453,"gradient_rms":22.099930168775508,"update_rms":0.005138026599344543,"accepted":true,"wall_s":6.771357799880207}
{"iteration":55,"score":76.58108776568908,"best":76.58108776568908,"gradient_rms":35.69066415839706,"update_rms":0.00677809210783097,"accepted":true,"wall_s":6.780693563632667}
{"iteration":56,"score":76.07302292447326,"best":76.58108776568908,"gradient_rms":31.174540430636366,"update_rms":0.006870228439030503,"accepted":true,"wall_s":6.777577558066696}
{"iteration":57,"score":74.77506400050139,"best":76.58108776568908,"gradient_rms":22.752423426708393,"update_rms":0.006260201799902994,"accepted":true,"wall_s":6.788907847832888}
{"iteration":58,"score":74.04512372580298,"best":76.58108776568908,"gradient_rms":19.37527519485982,"update_rms":0.005494224302964715,"accepted":true,"wall_s":6.7930084452964365}
{"iteration":59,"score":74.42702517920436,"best":76.58108776568908,"gradient_rms":9.525809818773263,"update_rms":0.004132835537227642,"accepted":true,"wall_s":6.787365127820522}
{"iteration":60,"score":74.84667989257714,"best":76.58108776568908,"gradient_rms":9.483941201390026,"update_rms":0.003360100198519512,"accepted":true,"wall_s":6.78923017391935}
{"iteration":61,"score":75.26053583266955,"best":76.58108776568908,"gradient_rms":15.018500008927342,"update_rms":0.0034982502171033215,"accepted":true,"wall_s":6.786607109941542}
{"iteration":62,"score":76.37064552681711,"best":76.58108776568908,"gradient_rms":30.55827341671968,"update_rms":0.005381693228179354,"accepted":true,"wall_s":6.7856747028417885}
{"iteration":63,"score":76.40665904097247,"best":76.58108776568908,"gradient_rms":32.20167566015162,"update_rms":0.006347740402229711,"accepted":true,"wall_s":6.775979653000832}
{"iteration":64,"score":76.35492231214641,"best":76.58108776568908,"gradient_rms":27.85872877053257,"update_rms":0.006087207551207764,"accepted":true,"wall_s":6.77940833568573}
{"iteration":65,"score":76.03279463015454,"best":76.58108776568908,"gradient_rms":44.00532170286701,"update_rms":0.007617022405189549,"accepted":true,"wall_s":6.778416031040251}
{"iteration":66,"score":75.3429863699763,"best":76.58108776568908,"gradient_rms":35.290233892854594,"update_rms":0.007584920951846716,"accepted":true,"wall_s":6.783316247165203}
{"iteration":67,"score":75.66017520688843,"best":76.58108776568908,"gradient_rms":32.67080201566469,"update_rms":0.006865804283409013,"accepted":true,"wall_s":6.779114397708327}
{"iteration":68,"score":76.612557350049,"best":76.612557350049,"gradient_rms":38.62292128255021,"update_rms":0.0070011149866569845,"accepted":true,"wall_s":6.377063420135528}
{"iteration":69,"score":76.46148455540988,"best":76.612557350049,"gradient_rms":34.97224401156332,"update_rms":0.007083637776582389,"accepted":true,"wall_s":6.78218820085749}
{"iteration":70,"score":76.06367504197965,"best":76.612557350049,"gradient_rms":31.614778427450975,"update_rms":0.006755001032368622,"accepted":true,"wall_s":6.781458403915167}
{"iteration":71,"score":76.3385378417658,"best":76.612557350049,"gradient_rms":28.128289572340787,"update_rms":0.006328455320900752,"accepted":true,"wall_s":6.778350667096674}
{"iteration":72,"score":76.79631169788497,"best":76.79631169788497,"gradient_rms":35.459761513743246,"update_rms":0.006907578351489205,"accepted":true,"wall_s":6.792199184186757}
{"iteration":73,"score":76.00597621341981,"best":76.79631169788497,"gradient_rms":29.17569429413204,"update_rms":0.006418362731564943,"accepted":true,"wall_s":6.789872045163065}
{"iteration":74,"score":75.16048465750453,"best":76.79631169788497,"gradient_rms":35.698611279046,"update_rms":0.006299281286449085,"accepted":true,"wall_s":6.781436318997294}
{"iteration":75,"score":74.12155771711478,"best":76.79631169788497,"gradient_rms":24.226484091165712,"update_rms":0.005778378216806485,"accepted":true,"wall_s":6.828723108861595}
{"iteration":76,"score":73.47835475418462,"best":76.79631169788497,"gradient_rms":27.56773170932593,"update_rms":0.00561338090270764,"accepted":true,"wall_s":6.775627882685512}
{"iteration":77,"score":73.24054582458488,"best":76.79631169788497,"gradient_rms":28.012209613885997,"update_rms":0.0052425975354781365,"accepted":true,"wall_s":6.414375456050038}
{"iteration":78,"score":72.14360050849717,"best":76.79631169788497,"gradient_rms":26.89183569764267,"update_rms":0.004921503450159232,"accepted":true,"wall_s":6.797859640792012}
{"iteration":79,"score":73.21743227955218,"best":76.79631169788497,"gradient_rms":24.73284852521071,"update_rms":0.004810675501104908,"accepted":true,"wall_s":6.769178960006684}
{"iteration":80,"score":73.14234204874637,"best":76.79631169788497,"gradient_rms":13.431505093604601,"update_rms":0.003936941940922363,"accepted":true,"wall_s":6.408119247760624}
{"iteration":81,"score":73.37230092483912,"best":76.79631169788497,"gradient_rms":13.370052873698015,"update_rms":0.0034666829524447208,"accepted":true,"wall_s":6.384669626131654}
{"iteration":82,"score":73.06643388746959,"best":76.79631169788497,"gradient_rms":20.89378789814699,"update_rms":0.0037021081238996973,"accepted":true,"wall_s":6.381810443010181}
{"iteration":83,"score":73.65830599478215,"best":76.79631169788497,"gradient_rms":14.271154014284889,"update_rms":0.0032645950148939696,"accepted":true,"wall_s":6.772716424893588}
{"iteration":84,"score":73.83398705308878,"best":76.79631169788497,"gradient_rms":13.061082763345185,"update_rms":0.0029277234971197426,"accepted":true,"wall_s":6.775183105841279}
{"iteration":85,"score":74.03769980613879,"best":76.79631169788497,"gradient_rms":8.158110187152623,"update_rms":0.002504051276687689,"accepted":true,"wall_s":6.785669434815645}
{"iteration":86,"score":74.34907595303936,"best":76.79631169788497,"gradient_rms":21.90265947448308,"update_rms":0.0034732083594058677,"accepted":true,"wall_s":6.799371368717402}
{"iteration":87,"score":74.87841045672451,"best":76.79631169788497,"gradient_rms":37.248227278869024,"update_rms":0.005794785639082811,"accepted":true,"wall_s":6.769209784921259}
{"iteration":88,"score":74.93041469963342,"best":76.79631169788497,"gradient_rms":33.09548106054898,"update_rms":0.006037643927484945,"accepted":true,"wall_s":6.781997128855437}
{"iteration":89,"score":75.03502582342057,"best":76.79631169788497,"gradient_rms":25.155473947827883,"update_rms":0.005555117520572109,"accepted":true,"wall_s":6.777911709155887}
{"iteration":90,"score":75.24457232800187,"best":76.79631169788497,"gradient_rms":32.04926552170919,"update_rms":0.0059024165713459555,"accepted":true,"wall_s":6.776237670797855}
{"iteration":91,"score":75.24912243075012,"best":76.79631169788497,"gradient_rms":31.055038976022253,"update_rms":0.005799032875450567,"accepted":true,"wall_s":6.781718323938549}
{"iteration":92,"score":74.84760876702798,"best":76.79631169788497,"gradient_rms":24.331188478588878,"update_rms":0.004975408469525148,"accepted":true,"wall_s":6.770995587110519}
{"iteration":93,"score":74.12805127680905,"best":76.79631169788497,"gradient_rms":25.931546544591864,"update_rms":0.00507708960302047,"accepted":true,"wall_s":6.791169662959874}
{"iteration":94,"score":74.06138909100709,"best":76.79631169788497,"gradient_rms":12.347103951761158,"update_rms":0.004037698275385357,"accepted":true,"wall_s":6.789974368177354}
{"iteration":95,"score":74.09950010590043,"best":76.79631169788497,"gradient_rms":3.506600759653364,"update_rms":0.0028859643183921477,"accepted":true,"wall_s":6.771043471992016}
{"iteration":96,"score":74.3533063584525,"best":76.79631169788497,"gradient_rms":4.751873488485394,"update_rms":0.0021258084581610493,"accepted":true,"wall_s":6.789058042224497}
{"iteration":97,"score":74.68083561470937,"best":76.79631169788497,"gradient_rms":3.8159020287040413,"update_rms":0.0016223509301761805,"accepted":true,"wall_s":6.763249428011477}
{"iteration":98,"score":74.89134825962762,"best":76.79631169788497,"gradient_rms":2.9606083952534785,"update_rms":0.0012107455319631652,"accepted":true,"wall_s":6.759738104883581}
{"iteration":99,"score":75.14946483209603,"best":76.79631169788497,"gradient_rms":5.655211651402796,"update_rms":0.0011827986228015572,"accepted":true,"wall_s":6.7699742349796}
{"iteration":100,"score":75.34368833472345,"best":76.79631169788497,"gradient_rms":3.3840194626231503,"update_rms":0.0010048258309348697,"accepted":true,"wall_s":6.771860790904611}
{"iteration":101,"score":75.49267675978288,"best":76.79631169788497,"gradient_rms":4.786103049532422,"update_rms":0.0010124157644470512,"accepted":true,"wall_s":6.776575112249702}
{"iteration":102,"score":75.60079457113,"best":76.79631169788497,"gradient_rms":4.440220043254104,"update_rms":0.0010103671044441632,"accepted":true,"wall_s":6.783095622900873}
{"iteration":103,"score":75.56274200984275,"best":76.79631169788497,"gradient_rms":6.238352757170712,"update_rms":0.0011198890812280013,"accepted":true,"wall_s":6.388580312952399}
{"iteration":104,"score":75.66753335175754,"best":76.79631169788497,"gradient_rms":8.398267354896529,"update_rms":0.0014271216769850892,"accepted":true,"wall_s":6.38779168901965}
{"iteration":105,"score":75.59143531577263,"best":76.79631169788497,"gradient_rms":8.22312354170561,"update_rms":0.0015704583241206195,"accepted":true,"wall_s":6.372808604966849}
{"iteration":106,"score":76.22726120172369,"best":76.79631169788497,"gradient_rms":16.81287825611764,"update_rms":0.002728550006741156,"accepted":true,"wall_s":6.791202559135854}
{"iteration":107,"score":76.75093434847277,"best":76.79631169788497,"gradient_rms":15.307217354914634,"update_rms":0.002974620115099337,"accepted":true,"wall_s":6.766843038145453}
{"iteration":108,"score":76.93985462114522,"best":76.93985462114522,"gradient_rms":26.260862896304086,"update_rms":0.004237885720067813,"accepted":true,"wall_s":6.7651750249788165}
{"iteration":109,"score":76.9516648251942,"best":76.9516648251942,"gradient_rms":11.111689743440051,"update_rms":0.0033943765883735094,"accepted":true,"wall_s":6.783991780132055}
{"iteration":110,"score":76.75367168269624,"best":76.9516648251942,"gradient_rms":11.871616440866186,"update_rms":0.0029551458664386974,"accepted":true,"wall_s":6.774223250802606}
{"iteration":111,"score":76.75568408328498,"best":76.9516648251942,"gradient_rms":7.784328263464315,"update_rms":0.0023562106371865232,"accepted":true,"wall_s":6.375736072193831}
{"iteration":112,"score":76.88999297578002,"best":76.9516648251942,"gradient_rms":9.347817357922073,"update_rms":0.0021449815971463374,"accepted":true,"wall_s":6.7865589782595634}
{"iteration":113,"score":76.90869036776083,"best":76.9516648251942,"gradient_rms":8.977894706692432,"update_rms":0.001971330874682925,"accepted":true,"wall_s":6.403534362092614}
{"iteration":114,"score":76.98564063757148,"best":76.98564063757148,"gradient_rms":8.782599066418436,"update_rms":0.0018119468997801322,"accepted":true,"wall_s":6.781024331226945}
{"iteration":115,"score":76.93949582259415,"best":76.98564063757148,"gradient_rms":9.322062467940317,"update_rms":0.001942460518143072,"accepted":true,"wall_s":6.792939235921949}
{"iteration":116,"score":77.15123147015031,"best":77.15123147015031,"gradient_rms":9.31288090451315,"update_rms":0.0018281989096403909,"accepted":true,"wall_s":6.776531133800745}
{"iteration":117,"score":77.0894082143201,"best":77.15123147015031,"gradient_rms":9.204668393699519,"update_rms":0.0018939372513179617,"accepted":true,"wall_s":6.393821124918759}
{"iteration":118,"score":77.25877854378652,"best":77.25877854378652,"gradient_rms":10.211164346883088,"update_rms":0.0020077519622374996,"accepted":true,"wall_s":6.780206970870495}
{"iteration":119,"score":77.4625100359901,"best":77.4625100359901,"gradient_rms":9.571887730519803,"update_rms":0.002028230994867204,"accepted":true,"wall_s":6.7863292270340025}
{"iteration":120,"score":77.42102095093695,"best":77.4625100359901,"gradient_rms":15.309117755382347,"update_rms":0.0027711193684134155,"accepted":true,"wall_s":6.81582137523219}
{"iteration":121,"score":77.36752754452222,"best":77.4625100359901,"gradient_rms":13.14275905655265,"update_rms":0.0028231775183012262,"accepted":true,"wall_s":6.399823846295476}
{"iteration":122,"score":77.28589432078776,"best":77.4625100359901,"gradient_rms":12.960938077392784,"update_rms":0.0027662262374611207,"accepted":true,"wall_s":6.79780834261328}
{"iteration":123,"score":76.8434015804541,"best":77.4625100359901,"gradient_rms":13.916071224688212,"update_rms":0.002896195545942234,"accepted":true,"wall_s":6.773317649960518}
{"iteration":124,"score":76.86829285112687,"best":77.4625100359901,"gradient_rms":10.059128728309492,"update_rms":0.0026790841563381425,"accepted":true,"wall_s":6.76437781797722}
{"iteration":125,"score":77.03027587087642,"best":77.4625100359901,"gradient_rms":8.50608202327412,"update_rms":0.002266015368503636,"accepted":true,"wall_s":6.764383578673005}
{"iteration":126,"score":77.17122633877,"best":77.4625100359901,"gradient_rms":9.658377021610518,"update_rms":0.0021797553094229302,"accepted":true,"wall_s":6.7791684051044285}
{"iteration":127,"score":77.4856074040978,"best":77.4856074040978,"gradient_rms":12.21418348433873,"update_rms":0.0024269549334647953,"accepted":true,"wall_s":6.772929910104722}
{"iteration":128,"score":77.67644816996423,"best":77.67644816996423,"gradient_rms":10.76829690317599,"update_rms":0.0023472815189083157,"accepted":true,"wall_s":6.796260153874755}
{"iteration":129,"score":77.73513745213575,"best":77.73513745213575,"gradient_rms":9.240605798760601,"update_rms":0.002090238160172175,"accepted":true,"wall_s":6.773833444342017}
{"iteration":130,"score":77.7217980843192,"best":77.73513745213575,"gradient_rms":10.874302875688473,"update_rms":0.002150651183989199,"accepted":true,"wall_s":6.385620166081935}
{"iteration":131,"score":77.75324238739721,"best":77.75324238739721,"gradient_rms":19.041152765363748,"update_rms":0.0031446978857375507,"accepted":true,"wall_s":6.778246561065316}
{"iteration":132,"score":77.87506497196684,"best":77.87506497196684,"gradient_rms":13.306711273157166,"update_rms":0.003036879651993364,"accepted":true,"wall_s":6.768593451939523}
{"iteration":133,"score":77.9482516611153,"best":77.9482516611153,"gradient_rms":19.735788512022612,"update_rms":0.00358778842968663,"accepted":true,"wall_s":7.1016788319684565}
{"iteration":134,"score":77.65570911991892,"best":77.9482516611153,"gradient_rms":21.434209156129945,"update_rms":0.004269891336636604,"accepted":true,"wall_s":6.860639933031052}
{"iteration":135,"score":77.39144454522254,"best":77.9482516611153,"gradient_rms":51.33829407926389,"update_rms":0.00794694406693006,"accepted":true,"wall_s":6.411083638202399}
{"iteration":136,"score":76.90237331285888,"best":77.9482516611153,"gradient_rms":54.619545920496904,"update_rms":0.009385117010731527,"accepted":true,"wall_s":6.767902442719787}
{"iteration":137,"score":76.75332242764459,"best":77.9482516611153,"gradient_rms":36.19587916602898,"update_rms":0.008181242543900173,"accepted":true,"wall_s":6.766467974055558}
{"iteration":138,"score":76.7369986148977,"best":77.9482516611153,"gradient_rms":17.736030939044618,"update_rms":0.0063395971904965905,"accepted":true,"wall_s":6.404254962690175}
{"iteration":139,"score":77.0782465668784,"best":77.9482516611153,"gradient_rms":14.188409382269581,"update_rms":0.0048071236344221615,"accepted":true,"wall_s":6.7724389638751745}
{"iteration":140,"score":77.14786487061458,"best":77.9482516611153,"gradient_rms":15.030873741376235,"update_rms":0.004239892921051386,"accepted":true,"wall_s":6.786626667715609}
{"iteration":141,"score":77.3103069453811,"best":77.9482516611153,"gradient_rms":14.855054754157765,"update_rms":0.003653946656779026,"accepted":true,"wall_s":6.797143532894552}
{"iteration":142,"score":77.16277649806212,"best":77.9482516611153,"gradient_rms":12.99535281644261,"update_rms":0.003199979051145033,"accepted":true,"wall_s":6.378805113956332}
{"iteration":143,"score":77.20853756726599,"best":77.9482516611153,"gradient_rms":12.199152035143138,"update_rms":0.0027231628521249863,"accepted":true,"wall_s":6.383531215135008}
{"iteration":144,"score":77.30098694518566,"best":77.9482516611153,"gradient_rms":14.420153013216883,"update_rms":0.00285618030793583,"accepted":true,"wall_s":6.790594311896712}
{"iteration":145,"score":77.38014716970545,"best":77.9482516611153,"gradient_rms":11.052524756553138,"update_rms":0.002560252738284324,"accepted":true,"wall_s":6.779114103410393}
{"iteration":146,"score":77.2773269269905,"best":77.9482516611153,"gradient_rms":11.85368531813586,"update_rms":0.0026051928893510395,"accepted":true,"wall_s":6.805531139019877}
{"iteration":147,"score":77.12928464372536,"best":77.9482516611153,"gradient_rms":12.223550164435347,"update_rms":0.0026415713634522497,"accepted":true,"wall_s":6.923412952106446}
{"iteration":148,"score":76.91285515387683,"best":77.9482516611153,"gradient_rms":17.026523874388936,"update_rms":0.0031830786160509526,"accepted":true,"wall_s":6.759668261744082}
{"iteration":149,"score":76.80797101984545,"best":77.9482516611153,"gradient_rms":20.433110073403178,"update_rms":0.0038699274675480498,"accepted":true,"wall_s":6.754593510180712}
{"iteration":150,"score":77.10209842448937,"best":77.9482516611153,"gradient_rms":15.571785321426313,"update_rms":0.003589947099402694,"accepted":true,"wall_s":6.757887237239629}
{"iteration":151,"score":77.1473041581931,"best":77.9482516611153,"gradient_rms":11.941738664313835,"update_rms":0.0031468094663032625,"accepted":true,"wall_s":6.775152108166367}
{"iteration":152,"score":77.37553024080944,"best":77.9482516611153,"gradient_rms":11.592240098729475,"update_rms":0.002931949152448489,"accepted":true,"wall_s":6.362050747964531}
{"iteration":153,"score":77.4539750155529,"best":77.9482516611153,"gradient_rms":13.805300451607229,"update_rms":0.0029674702336615908,"accepted":true,"wall_s":6.742023220751435}
{"iteration":154,"score":77.12098440669004,"best":77.9482516611153,"gradient_rms":12.038059364061173,"update_rms":0.002864028706760552,"accepted":true,"wall_s":6.357627464924008}
{"iteration":155,"score":76.88013366536768,"best":77.9482516611153,"gradient_rms":11.874722171827795,"update_rms":0.0027664286195018734,"accepted":true,"wall_s":6.457151085138321}
{"iteration":156,"score":76.54732179771375,"best":77.9482516611153,"gradient_rms":17.58173362784042,"update_rms":0.0032651990423050877,"accepted":true,"wall_s":6.606054695788771}
{"iteration":157,"score":76.80507189794037,"best":77.9482516611153,"gradient_rms":15.679548941856028,"update_rms":0.003143235349410317,"accepted":true,"wall_s":6.773670715279877}
{"iteration":158,"score":76.86199808961247,"best":77.9482516611153,"gradient_rms":13.710157872447098,"update_rms":0.0029944439860821693,"accepted":true,"wall_s":6.397061238065362}
{"iteration":159,"score":77.22436787080979,"best":77.9482516611153,"gradient_rms":11.513882211552957,"update_rms":0.0028433353045367467,"accepted":true,"wall_s":6.770690638106316}
{"iteration":160,"score":77.14900061208328,"best":77.9482516611153,"gradient_rms":13.627807353150423,"update_rms":0.0027667893513581804,"accepted":true,"wall_s":6.776646818034351}
{"iteration":161,"score":77.11003712005669,"best":77.9482516611153,"gradient_rms":15.434101612389096,"update_rms":0.0030659030809110826,"accepted":true,"wall_s":6.779831868130714}
{"iteration":162,"score":77.09105207880414,"best":77.9482516611153,"gradient_rms":19.72679531418187,"update_rms":0.0038681140269145957,"accepted":true,"wall_s":6.77853195508942}
{"iteration":163,"score":77.30942270932472,"best":77.9482516611153,"gradient_rms":24.145889639584304,"update_rms":0.0045402118584645275,"accepted":true,"wall_s":6.8071782612241805}
{"iteration":164,"score":77.0642115136313,"best":77.9482516611153,"gradient_rms":31.045383666439793,"update_rms":0.005557284627851278,"accepted":true,"wall_s":6.381039410829544}
{"iteration":165,"score":76.26427030798484,"best":77.9482516611153,"gradient_rms":36.153090176214036,"update_rms":0.006682374882743834,"accepted":true,"wall_s":6.794397928286344}
{"iteration":166,"score":75.59863571277981,"best":77.9482516611153,"gradient_rms":13.042666962955465,"update_rms":0.005167338099830151,"accepted":true,"wall_s":6.770005383063108}
{"iteration":167,"score":75.53280635934023,"best":77.9482516611153,"gradient_rms":11.536548899203598,"update_rms":0.004127449141299815,"accepted":true,"wall_s":6.77882216218859}
{"iteration":168,"score":76.08482697971961,"best":77.9482516611153,"gradient_rms":11.854985351562451,"update_rms":0.0033725659144191564,"accepted":true,"wall_s":6.392072020098567}
{"iteration":169,"score":76.81042187436007,"best":77.9482516611153,"gradient_rms":13.705156452870376,"update_rms":0.003321241161198583,"accepted":true,"wall_s":6.768581290263683}
{"iteration":170,"score":77.42771253230856,"best":77.9482516611153,"gradient_rms":10.744097808080872,"update_rms":0.0029713839868081523,"accepted":true,"wall_s":6.7795772440731525}
{"iteration":171,"score":77.70819101369227,"best":77.9482516611153,"gradient_rms":13.51697947218005,"update_rms":0.0029818836691134164,"accepted":true,"wall_s":6.777403454296291}
{"iteration":172,"score":77.5452006871144,"best":77.9482516611153,"gradient_rms":16.021853257502507,"update_rms":0.003311237821052794,"accepted":true,"wall_s":6.766616246663034}
{"iteration":173,"score":77.40290906793668,"best":77.9482516611153,"gradient_rms":12.400457529376784,"update_rms":0.0027726514661624265,"accepted":true,"wall_s":6.773845703341067}
{"iteration":174,"score":77.16773744897519,"best":77.9482516611153,"gradient_rms":18.098790753955146,"update_rms":0.0033630174593538694,"accepted":true,"wall_s":6.807897637132555}
{"iteration":175,"score":76.84283106851554,"best":77.9482516611153,"gradient_rms":13.321573364655855,"update_rms":0.0030730776149234928,"accepted":true,"wall_s":6.792181505821645}
{"iteration":176,"score":76.30034503159008,"best":77.9482516611153,"gradient_rms":11.25249030256477,"update_rms":0.002786252976338611,"accepted":true,"wall_s":6.7900953409262}
{"iteration":177,"score":76.5669374559732,"best":77.9482516611153,"gradient_rms":13.14297625395004,"update_rms":0.0029472648864579277,"accepted":true,"wall_s":6.7721704877913}
{"iteration":178,"score":76.90477682139766,"best":77.9482516611153,"gradient_rms":15.589868110670492,"update_rms":0.003051290755360781,"accepted":true,"wall_s":6.776995192747563}
{"iteration":179,"score":77.49168391768826,"best":77.9482516611153,"gradient_rms":16.581035318043554,"update_rms":0.0034127677552867504,"accepted":true,"wall_s":6.767202937044203}
{"iteration":180,"score":77.60537274740126,"best":77.9482516611153,"gradient_rms":14.548894763788542,"update_rms":0.003189920709896838,"accepted":true,"wall_s":6.761937917675823}
{"iteration":181,"score":77.53532436969097,"best":77.9482516611153,"gradient_rms":17.125211547434926,"update_rms":0.003530526060756083,"accepted":true,"wall_s":6.380561356898397}
{"iteration":182,"score":77.68751312708686,"best":77.9482516611153,"gradient_rms":16.43239791803465,"update_rms":0.0036418744999583102,"accepted":true,"wall_s":6.379160633776337}
{"iteration":183,"score":77.77714820121608,"best":77.9482516611153,"gradient_rms":18.729608780760827,"update_rms":0.003961171238357593,"accepted":true,"wall_s":6.762866651639342}
{"iteration":184,"score":77.73361880196329,"best":77.9482516611153,"gradient_rms":15.94992968004381,"update_rms":0.0036505098217359424,"accepted":true,"wall_s":6.387189215049148}
{"iteration":185,"score":77.64100829755475,"best":77.9482516611153,"gradient_rms":19.506606339285323,"update_rms":0.004121902561094037,"accepted":true,"wall_s":6.773104191757739}
{"iteration":186,"score":77.55296994785671,"best":77.9482516611153,"gradient_rms":16.498091228163663,"update_rms":0.003945025115582522,"accepted":true,"wall_s":6.38467417890206}
{"iteration":187,"score":77.02020876314737,"best":77.9482516611153,"gradient_rms":19.27088737947919,"update_rms":0.004042953575756135,"accepted":true,"wall_s":6.768451206386089}
{"iteration":188,"score":77.33994196598465,"best":77.9482516611153,"gradient_rms":14.974447378462342,"update_rms":0.0038227565196385736,"accepted":true,"wall_s":6.764513807371259}
{"iteration":189,"score":77.66086219261824,"best":77.9482516611153,"gradient_rms":15.452616205752582,"update_rms":0.0036292518107537593,"accepted":true,"wall_s":6.759989148005843}
{"iteration":190,"score":78.05264504728343,"best":78.05264504728343,"gradient_rms":15.690906790429302,"update_rms":0.003389174911499093,"accepted":true,"wall_s":6.777466397266835}
{"iteration":191,"score":78.2574024014651,"best":78.2574024014651,"gradient_rms":28.149413423150563,"update_rms":0.0049295356772695725,"accepted":true,"wall_s":6.7671710243448615}
{"iteration":192,"score":78.32582753887999,"best":78.32582753887999,"gradient_rms":32.144519230218215,"update_rms":0.006146336761325902,"accepted":true,"wall_s":6.383978192228824}
{"iteration":193,"score":78.65565873069566,"best":78.65565873069566,"gradient_rms":25.6383625837843,"update_rms":0.005750023100561838,"accepted":true,"wall_s":6.810208979062736}
{"iteration":194,"score":78.28690494393385,"best":78.65565873069566,"gradient_rms":18.828542372864497,"update_rms":0.005018113655082954,"accepted":true,"wall_s":6.783452597912401}
{"iteration":195,"score":78.0777940142733,"best":78.65565873069566,"gradient_rms":17.8880487565228,"update_rms":0.0044736065441166924,"accepted":true,"wall_s":6.776241104118526}
{"iteration":196,"score":77.80390207016356,"best":78.65565873069566,"gradient_rms":19.302541002272356,"update_rms":0.004071956836503366,"accepted":true,"wall_s":6.771040730178356}
{"iteration":197,"score":77.7925010837114,"best":78.65565873069566,"gradient_rms":19.07145288431296,"update_rms":0.004050995939817227,"accepted":true,"wall_s":6.766636583022773}
{"iteration":198,"score":77.21802203102547,"best":78.65565873069566,"gradient_rms":21.404822276721866,"update_rms":0.004345369190188018,"accepted":true,"wall_s":6.7581557971425354}
{"iteration":199,"score":77.0299767939918,"best":78.65565873069566,"gradient_rms":17.175167881395232,"update_rms":0.004061564783279437,"accepted":true,"wall_s":6.792695575859398}
{"iteration":200,"score":78.2022922206022,"best":78.65565873069566,"gradient_rms":19.75733417518814,"update_rms":0.004036136944565399,"accepted":true,"wall_s":6.778687966056168}
{
  "status": "ok",
  "stop_reason": "completed_iterations",
  "initial_score": 12.901929837775075,
  "final_score": 78.2022922206022,
  "best_score": 78.65565873069566,
  "best_iteration": 193,
  "completed_iterations": 200,
  "completed_adam_steps": 200,
  "completed_optimizer_steps": 200,
  "total_wall_s": 1344.1675179782324,
  "initial_decode_wall_s": 0.0003689909353852272,
  "initial_score_wall_s": 0.8748958241194487,
  "mean_iteration_wall_s": 6.718772845393978,
  "manifest": {
    "protocol": {
      "id": "unregistered-experimental",
      "status": "unregistered-experimental",
      "stage": "optimization",
      "requirements": {
        "native_score_abi": 11,
        "native_score_library_sha256": "1c6c78b0dee662233215a56dbdc1e50b8ed29f2d0eee9ae8c4ff7d0403b895ed"
      },
      "actual": {
        "parameter_space": "data",
        "optimizer": "adam",
        "iterations": 200,
        "directions": 64,
        "perturbation": 0.0025,
        "learning_rate": 0.01,
        "beta1": 0.7,
        "beta2": 0.999,
        "flow_steps": 128,
        "gradient_mode": "random-orthogonal",
        "difference": "centered",
        "native_score_abi": 11,
        "native_score_library_sha256": "7b21e66329a23f18ef3cfab408d0a21410acea3c8d10d8b2463ccee7f5a3969f",
        "data_start_mode": "exact-unclipped"
      },
      "differences_from_current": {
        "perturbation": {
          "expected": 0.005,
          "actual": 0.0025
        },
        "learning_rate": {
          "expected": 0.02,
          "actual": 0.01
        },
        "parameter_space": {
          "expected": "latent",
          "actual": "data"
        },
        "native_score_library_sha256": {
          "expected": "1c6c78b0dee662233215a56dbdc1e50b8ed29f2d0eee9ae8c4ff7d0403b895ed",
          "actual": "7b21e66329a23f18ef3cfab408d0a21410acea3c8d10d8b2463ccee7f5a3969f"
        },
        "data_start_mode": {
          "expected": "not-applicable",
          "actual": "exact-unclipped"
        }
      }
    },
    "repository": {
      "commit": "70a1102829da50d9054d929d1cd7073780909268",
      "tracked_dirty": false,
      "available": true
    },
    "algorithm": "adam_with_query_batched_local_gradient",
    "optimizer": "adam",
    "parameter_space": "data",
    "gradient_objective": "dynamic local full-density score with coordinate and maximum-surface-selection derivatives omitted",
    "formal_objective": "complete native QH score for every accepted center",
    "initial_case": "/home/scc/pb24511935/local_surface_evaluator_runs/axisflip_r012_curvature_r04_adam200_20260903_70a1102/incomplete/axisflip_r012_case_0000017.worker5.3478830.partial/start.json",
    "initial_case_sha256": "e35417ef0c97a2f869433ae66d2da52983a83610672ccb27f2250e2364df631b",
    "checkpoint": "/home/scc/pb24511935/local_surface_evaluator/runs/qh_flow_physical_lr_longselect_20260729/lr_3em4/checkpoint_latest.pt",
    "checkpoint_sha256": "39a3293a459e248a0d1ec062607a1a467128b14d8ca973aadd82e113532ab99f",
    "checkpoint_expectation": {
      "step": 30000,
      "sha256": null
    },
    "native_lib": "/home/scc/pb24511935/local_surface_evaluator_runs/axisflip_r012_curvature_r04_adam200_20260903_70a1102/build_curvature_r04/libstellarator_gpu.so",
    "native_lib_sha256": "7b21e66329a23f18ef3cfab408d0a21410acea3c8d10d8b2463ccee7f5a3969f",
    "native_score": {
      "abi": 11,
      "validated_default_library_sha256": "1c6c78b0dee662233215a56dbdc1e50b8ed29f2d0eee9ae8c4ff7d0403b895ed"
    },
    "nfp": 8,
    "n_base_coils": 3,
    "target_helicity": [
      1,
      8
    ],
    "iterations": 200,
    "max_wall_s": 28005.948737,
    "flow": {
      "method": "rk4",
      "steps": 128,
      "dtype": "fp32",
      "use": "none"
    },
    "flow_pipeline": false,
    "coordinate_gradient": {
      "dimension": 300,
      "mode": "random-orthogonal",
      "random_directions": 64,
      "endpoint_count": 128,
      "perturbation": 0.0025,
      "difference": "centered",
      "psi_grid": 48,
      "psi_iterations": 4,
      "alpha_iterations": 4,
      "formal_surface_theta_count": 128,
      "local_surface_theta_count": 64
    },
    "adam": {
      "learning_rate": 0.01,
      "beta1": 0.7,
      "beta2": 0.999,
      "epsilon": 1e-08,
      "weight_decay": 0.0
    },
    "bfgs": {
      "initial_trust_rms": 0.01,
      "min_trust_rms": 1e-05,
      "max_trust_rms": 0.05,
      "trust_growth": 1.2,
      "trust_shrink": 0.5,
      "min_improvement": 0.0
    },
    "seed": 120260923,
    "axis_policy": "recorded strict mixed-precision continuation from step 0",
    "recorded_initial_score_tolerance": 0.1,
    "devices": {
      "flow": 0,
      "score": 0
    },
    "initial_metadata_keys": [
      "data_prior_screening",
      "nfp",
      "raw"
    ],
    "data_parameterization": {
      "definition": "per-coordinate training-set standardization",
      "physical_mapping": "CoilNormalizer.inverse with canonical current L1/sign",
      "initial_source": "direct analytic-prior geometry with unclipped coordinates",
      "data_start_mode": "exact-unclipped",
      "initial_clipped_fraction": 0.0,
      "initial_roundtrip_relative_rms": 0.0,
      "flow_calls_after_initialization": 0
    },
    "initial_consistency_gate": {
      "recorded_score": 12.900779878011182,
      "optimizer_score": 12.901929837775075,
      "absolute_delta": 0.0011499597638930936,
      "tolerance": 0.1,
      "recorded_axis_hint": [
        1.10267243114805,
        -3.2896827649108096e-10
      ],
      "optimizer_axis": [
        1.10267243114805,
        -3.2896827649108096e-10
      ],
      "axis_hint_distance": 0.0
    }
  }
}
