{"iteration":1,"score":29.428024033195328,"best":29.428024033195328,"gradient_rms":31.601505522979426,"update_rms":0.009999999983973001,"accepted":true,"wall_s":6.77910484187305}
{"iteration":2,"score":32.3748871620816,"best":32.3748871620816,"gradient_rms":26.32487805517113,"update_rms":0.007004690378991988,"accepted":true,"wall_s":6.7848713882267475}
{"iteration":3,"score":36.81472484922883,"best":36.81472484922883,"gradient_rms":26.550406365845966,"update_rms":0.005896256142389959,"accepted":true,"wall_s":6.755669441074133}
{"iteration":4,"score":41.579053235785196,"best":41.579053235785196,"gradient_rms":36.20211887150223,"update_rms":0.005841345423840087,"accepted":true,"wall_s":6.749396448023617}
{"iteration":5,"score":45.752182202285375,"best":45.752182202285375,"gradient_rms":28.528526948413322,"update_rms":0.005196883224778301,"accepted":true,"wall_s":6.788440060801804}
{"iteration":6,"score":49.87116202681279,"best":49.87116202681279,"gradient_rms":20.917561198583822,"update_rms":0.004568133213147832,"accepted":true,"wall_s":6.772861741948873}
{"iteration":7,"score":54.49975838598614,"best":54.49975838598614,"gradient_rms":20.611692797032944,"update_rms":0.004207197841764895,"accepted":true,"wall_s":6.765238965861499}
{"iteration":8,"score":57.98497094247619,"best":57.98497094247619,"gradient_rms":12.954213415469226,"update_rms":0.0036163842445955208,"accepted":true,"wall_s":6.760383225977421}
{"iteration":9,"score":60.17476663862532,"best":60.17476663862532,"gradient_rms":11.151881314675176,"update_rms":0.0030482917965273136,"accepted":true,"wall_s":6.7664142730645835}
{"iteration":10,"score":61.137718474276156,"best":61.137718474276156,"gradient_rms":6.555762734921098,"update_rms":0.0025701483299859795,"accepted":true,"wall_s":6.78129788627848}
{"iteration":11,"score":61.971756879220685,"best":61.971756879220685,"gradient_rms":7.869359764346402,"update_rms":0.0022293050132199056,"accepted":true,"wall_s":6.79242074303329}
{"iteration":12,"score":62.677572606067066,"best":62.677572606067066,"gradient_rms":6.449497376888134,"update_rms":0.0020157286790870154,"accepted":true,"wall_s":6.766311189159751}
{"iteration":13,"score":63.13579581681753,"best":63.13579581681753,"gradient_rms":9.795502499917628,"update_rms":0.0023060716567279644,"accepted":true,"wall_s":6.780864255037159}
{"iteration":14,"score":63.64936220424171,"best":63.64936220424171,"gradient_rms":6.941104753724481,"update_rms":0.00210161785190399,"accepted":true,"wall_s":6.771315902937204}
{"iteration":15,"score":64.07338163094526,"best":64.07338163094526,"gradient_rms":6.689654497163635,"update_rms":0.001979887476583361,"accepted":true,"wall_s":6.7855974161066115}
{"iteration":16,"score":64.45494029603144,"best":64.45494029603144,"gradient_rms":6.689681455805988,"update_rms":0.001887112782862263,"accepted":true,"wall_s":6.782467502169311}
{"iteration":17,"score":64.77576854015334,"best":64.77576854015334,"gradient_rms":4.343146203450812,"update_rms":0.0015756180307796715,"accepted":true,"wall_s":6.75703124795109}
{"iteration":18,"score":65.04673879437979,"best":65.04673879437979,"gradient_rms":5.045232360393633,"update_rms":0.0014801772413082712,"accepted":true,"wall_s":6.796528878156096}
{"iteration":19,"score":65.36440886423456,"best":65.36440886423456,"gradient_rms":4.03317152098667,"update_rms":0.0013647230095936006,"accepted":true,"wall_s":6.787600927054882}
{"iteration":20,"score":65.77046230573536,"best":65.77046230573536,"gradient_rms":7.159812405105526,"update_rms":0.0017915266552264325,"accepted":true,"wall_s":6.8098540040664375}
{"iteration":21,"score":66.034603546817,"best":66.034603546817,"gradient_rms":4.767186038477481,"update_rms":0.0016323267522977759,"accepted":true,"wall_s":6.785176374949515}
{"iteration":22,"score":66.40064814962956,"best":66.40064814962956,"gradient_rms":4.3748077117881286,"update_rms":0.0015280756364333412,"accepted":true,"wall_s":6.786499856039882}
{"iteration":23,"score":66.71868215472668,"best":66.71868215472668,"gradient_rms":4.728158774484832,"update_rms":0.0015198178009023264,"accepted":true,"wall_s":6.7834418108686805}
{"iteration":24,"score":66.93372403165296,"best":66.93372403165296,"gradient_rms":3.9955886522135766,"update_rms":0.0013614592693700954,"accepted":true,"wall_s":6.773112885188311}
{"iteration":25,"score":67.27856841826699,"best":67.27856841826699,"gradient_rms":5.903234647442114,"update_rms":0.0016839305559212792,"accepted":true,"wall_s":6.801188503857702}
{"iteration":26,"score":67.52812993193918,"best":67.52812993193918,"gradient_rms":4.106729271818416,"update_rms":0.001515300418811683,"accepted":true,"wall_s":6.825025426689535}
{"iteration":27,"score":67.66788096695898,"best":67.66788096695898,"gradient_rms":4.70778407509803,"update_rms":0.0015324017936633849,"accepted":true,"wall_s":6.3831724198535085}
{"iteration":28,"score":68.03643164653913,"best":68.03643164653913,"gradient_rms":4.474446819128649,"update_rms":0.0015487264670773734,"accepted":true,"wall_s":6.389932785183191}
{"iteration":29,"score":68.38631871269084,"best":68.38631871269084,"gradient_rms":4.756993433334254,"update_rms":0.001553491859666105,"accepted":true,"wall_s":6.7913346299901605}
{"iteration":30,"score":68.55102589176397,"best":68.55102589176397,"gradient_rms":4.284598885500819,"update_rms":0.0015454041695433158,"accepted":true,"wall_s":6.790042197797447}
{"iteration":31,"score":68.78888567226737,"best":68.78888567226737,"gradient_rms":4.8499051214687405,"update_rms":0.0017014569915001605,"accepted":true,"wall_s":6.40548930503428}
{"iteration":32,"score":69.04680045366759,"best":69.04680045366759,"gradient_rms":4.312503805783514,"update_rms":0.0016792451929816682,"accepted":true,"wall_s":6.39580601407215}
{"iteration":33,"score":69.32624051143132,"best":69.32624051143132,"gradient_rms":4.855754741283141,"update_rms":0.0017179536958848217,"accepted":true,"wall_s":6.78456045081839}
{"iteration":34,"score":69.58612869470983,"best":69.58612869470983,"gradient_rms":4.0528628957824475,"update_rms":0.0016731059027408426,"accepted":true,"wall_s":6.794954554177821}
{"iteration":35,"score":69.75415685296855,"best":69.75415685296855,"gradient_rms":3.75396424319916,"update_rms":0.0015407205008751317,"accepted":true,"wall_s":6.397387984208763}
{"iteration":36,"score":69.99198731774354,"best":69.99198731774354,"gradient_rms":3.6860778517680846,"update_rms":0.0015487353689216433,"accepted":true,"wall_s":6.40325194504112}
{"iteration":37,"score":70.19650736069832,"best":70.19650736069832,"gradient_rms":5.279874818072184,"update_rms":0.0018298907427135968,"accepted":true,"wall_s":6.82965881889686}
{"iteration":38,"score":70.5468895116942,"best":70.5468895116942,"gradient_rms":8.417448282238189,"update_rms":0.0026659690636002776,"accepted":true,"wall_s":6.8629080802202225}
{"iteration":39,"score":70.78049440883481,"best":70.78049440883481,"gradient_rms":3.8777484173509373,"update_rms":0.0020870123296283793,"accepted":true,"wall_s":6.786493218038231}
{"iteration":40,"score":70.82863675257055,"best":70.82863675257055,"gradient_rms":3.8414515391788147,"update_rms":0.0017113450866790157,"accepted":true,"wall_s":6.416089504957199}
{"iteration":41,"score":71.16287621414175,"best":71.16287621414175,"gradient_rms":5.075982771268816,"update_rms":0.0018362427031773372,"accepted":true,"wall_s":6.799066649749875}
{"iteration":42,"score":71.41648396627349,"best":71.41648396627349,"gradient_rms":6.868600721477028,"update_rms":0.002208742108573988,"accepted":true,"wall_s":6.802041497081518}
{"iteration":43,"score":71.62687487621129,"best":71.62687487621129,"gradient_rms":6.179124212053148,"update_rms":0.002334103201654697,"accepted":true,"wall_s":6.414309790357947}
{"iteration":44,"score":71.747616486367,"best":71.747616486367,"gradient_rms":15.697274192503043,"update_rms":0.004418012421706558,"accepted":true,"wall_s":6.78148290887475}
{"iteration":45,"score":71.78221633134129,"best":71.78221633134129,"gradient_rms":23.832003498597675,"update_rms":0.006502814618854357,"accepted":true,"wall_s":6.800492552109063}
{"iteration":46,"score":71.88276339177968,"best":71.88276339177968,"gradient_rms":22.589242968072053,"update_rms":0.0067786439962569086,"accepted":true,"wall_s":6.796231934800744}
{"iteration":47,"score":71.96897102760184,"best":71.96897102760184,"gradient_rms":9.146556798622552,"update_rms":0.005122384147284874,"accepted":true,"wall_s":6.780837175901979}
{"iteration":48,"score":72.2904285210668,"best":72.2904285210668,"gradient_rms":9.557227945572528,"update_rms":0.004393549771209318,"accepted":true,"wall_s":6.796205847989768}
{"iteration":49,"score":72.65805046502345,"best":72.65805046502345,"gradient_rms":9.3327259252917,"update_rms":0.003926179267541727,"accepted":true,"wall_s":6.786469825077802}
{"iteration":50,"score":72.8462733466131,"best":72.8462733466131,"gradient_rms":9.415339281736347,"update_rms":0.0034123548721956883,"accepted":true,"wall_s":6.828652895987034}
{"iteration":51,"score":72.88543512580158,"best":72.88543512580158,"gradient_rms":22.288135600156252,"update_rms":0.00569098874158019,"accepted":true,"wall_s":6.79588318336755}
{"iteration":52,"score":73.06392755334934,"best":73.06392755334934,"gradient_rms":7.595247070908636,"update_rms":0.004424564010967894,"accepted":true,"wall_s":6.773207469377667}
{"iteration":53,"score":73.16082229007719,"best":73.16082229007719,"gradient_rms":7.837288794651877,"update_rms":0.003648169721365712,"accepted":true,"wall_s":6.777281124610454}
{"iteration":54,"score":73.38375328175223,"best":73.38375328175223,"gradient_rms":6.114079827832887,"update_rms":0.0032245162497463874,"accepted":true,"wall_s":6.776249273214489}
{"iteration":55,"score":73.45293045762347,"best":73.45293045762347,"gradient_rms":5.046575491760985,"update_rms":0.002537388366229611,"accepted":true,"wall_s":6.621688941959292}
{"iteration":56,"score":73.58392438878546,"best":73.58392438878546,"gradient_rms":8.153043266176043,"update_rms":0.0028696881279213463,"accepted":true,"wall_s":6.88236736273393}
{"iteration":57,"score":73.47356406768499,"best":73.58392438878546,"gradient_rms":6.3897014733981905,"update_rms":0.002609792631548941,"accepted":true,"wall_s":6.712132245767862}
{"iteration":58,"score":73.55311856284835,"best":73.58392438878546,"gradient_rms":7.181902394665683,"update_rms":0.002611591805091389,"accepted":true,"wall_s":6.599005764815956}
{"iteration":59,"score":73.84072571494576,"best":73.84072571494576,"gradient_rms":7.476716715513517,"update_rms":0.0026815523636001446,"accepted":true,"wall_s":6.77107437280938}
{"iteration":60,"score":73.97004617299359,"best":73.97004617299359,"gradient_rms":7.234206775865928,"update_rms":0.002746232458212989,"accepted":true,"wall_s":6.782286860048771}
{"iteration":61,"score":74.11623752206448,"best":74.11623752206448,"gradient_rms":9.84315539343859,"update_rms":0.0031036975002886285,"accepted":true,"wall_s":6.777201025746763}
{"iteration":62,"score":74.19412454165652,"best":74.19412454165652,"gradient_rms":8.828724285462858,"update_rms":0.0031708266891743355,"accepted":true,"wall_s":6.768878863193095}
{"iteration":63,"score":72.63923171032316,"best":74.19412454165652,"gradient_rms":16.401196554124883,"update_rms":0.0048040022143504245,"accepted":true,"wall_s":6.7740503856912255}
{"iteration":64,"score":74.0882693032308,"best":74.19412454165652,"gradient_rms":39.63197085352383,"update_rms":0.008984251306633498,"accepted":true,"wall_s":6.754339382983744}
{"iteration":65,"score":74.09362355948683,"best":74.19412454165652,"gradient_rms":29.870611723238934,"update_rms":0.008810563192153429,"accepted":true,"wall_s":6.780621785204858}
{"iteration":66,"score":74.1982563740437,"best":74.1982563740437,"gradient_rms":27.483365174688327,"update_rms":0.008563032630995537,"accepted":true,"wall_s":6.761066327337176}
{"iteration":67,"score":74.2068795848136,"best":74.2068795848136,"gradient_rms":10.611249213772167,"update_rms":0.006521096630993397,"accepted":true,"wall_s":6.771773057989776}
{"iteration":68,"score":73.87831446164097,"best":74.2068795848136,"gradient_rms":13.875875987588053,"update_rms":0.005434885004844687,"accepted":true,"wall_s":6.768649757839739}
{"iteration":69,"score":73.7807686503444,"best":74.2068795848136,"gradient_rms":14.221277429066031,"update_rms":0.004891415473121075,"accepted":true,"wall_s":6.782276649028063}
{"iteration":70,"score":74.14705349443695,"best":74.2068795848136,"gradient_rms":16.10510582557233,"update_rms":0.005042817646514442,"accepted":true,"wall_s":6.76793728210032}
{"iteration":71,"score":74.56555798720163,"best":74.56555798720163,"gradient_rms":11.016732533225348,"update_rms":0.0041520316038257815,"accepted":true,"wall_s":6.793679307214916}
{"iteration":72,"score":72.66528832910424,"best":74.56555798720163,"gradient_rms":18.6881088862893,"update_rms":0.004905604066945757,"accepted":true,"wall_s":6.7666252898052335}
{"iteration":73,"score":70.94535457146715,"best":74.56555798720163,"gradient_rms":38.61288169476357,"update_rms":0.008049315650432145,"accepted":true,"wall_s":6.782138868700713}
{"iteration":74,"score":74.41851652740876,"best":74.56555798720163,"gradient_rms":37.82082642472319,"update_rms":0.008862283830170384,"accepted":true,"wall_s":6.776418101042509}
{"iteration":75,"score":74.77285474761838,"best":74.77285474761838,"gradient_rms":26.595524772155432,"update_rms":0.008297124414247795,"accepted":true,"wall_s":6.796392503194511}
{"iteration":76,"score":74.69661742800064,"best":74.77285474761838,"gradient_rms":24.64706248689214,"update_rms":0.00759733568796081,"accepted":true,"wall_s":6.411161102820188}
{"iteration":77,"score":75.30315943895451,"best":75.30315943895451,"gradient_rms":23.496294136267593,"update_rms":0.007024668644179789,"accepted":true,"wall_s":6.791597327683121}
{"iteration":78,"score":75.75848414246988,"best":75.75848414246988,"gradient_rms":19.873643970486494,"update_rms":0.006083140414573049,"accepted":true,"wall_s":6.801141034811735}
{"iteration":79,"score":76.05267481745787,"best":76.05267481745787,"gradient_rms":24.32213649934436,"update_rms":0.006028798691224043,"accepted":true,"wall_s":6.80718090897426}
{"iteration":80,"score":76.25606033229651,"best":76.25606033229651,"gradient_rms":39.2352839444222,"update_rms":0.008190181374256842,"accepted":true,"wall_s":6.789020201656967}
{"iteration":81,"score":75.93477030251226,"best":76.25606033229651,"gradient_rms":36.90681696856727,"update_rms":0.008534758383547477,"accepted":true,"wall_s":6.806190392933786}
{"iteration":82,"score":75.68908409987658,"best":76.25606033229651,"gradient_rms":10.887651793677712,"update_rms":0.006326512507650131,"accepted":true,"wall_s":6.798343401867896}
{"iteration":83,"score":75.56471057350021,"best":76.25606033229651,"gradient_rms":10.396056565508154,"update_rms":0.004895111108823327,"accepted":true,"wall_s":6.79102085204795}
{"iteration":84,"score":75.26863054629403,"best":76.25606033229651,"gradient_rms":16.354592145198364,"update_rms":0.004745123577595505,"accepted":true,"wall_s":6.835084837861359}
{"iteration":85,"score":75.44685951095224,"best":76.25606033229651,"gradient_rms":15.120178276298413,"update_rms":0.004487155285915474,"accepted":true,"wall_s":6.787831129971892}
{"iteration":86,"score":74.36923796419815,"best":76.25606033229651,"gradient_rms":42.26618355649027,"update_rms":0.00801871407896153,"accepted":true,"wall_s":6.802984276320785}
{"iteration":87,"score":75.16377256672762,"best":76.25606033229651,"gradient_rms":43.76098757073787,"update_rms":0.00900398127331238,"accepted":true,"wall_s":6.792386752087623}
{"iteration":88,"score":74.79900824454127,"best":76.25606033229651,"gradient_rms":32.95937311075838,"update_rms":0.008071180637238426,"accepted":true,"wall_s":6.38260333891958}
{"iteration":89,"score":74.36449168378837,"best":76.25606033229651,"gradient_rms":43.03288205557351,"update_rms":0.008956598679588066,"accepted":true,"wall_s":6.784282764885575}
{"iteration":90,"score":73.44977511920966,"best":76.25606033229651,"gradient_rms":32.6797625660238,"update_rms":0.008626518446780035,"accepted":true,"wall_s":6.806980873923749}
{"iteration":91,"score":73.70028287981502,"best":76.25606033229651,"gradient_rms":20.451353401891616,"update_rms":0.006848869045426043,"accepted":true,"wall_s":6.78470842121169}
{"iteration":92,"score":74.33819291367311,"best":76.25606033229651,"gradient_rms":17.629115664805028,"update_rms":0.005650917611233649,"accepted":true,"wall_s":6.783251096028835}
{"iteration":93,"score":74.8631621302043,"best":76.25606033229651,"gradient_rms":18.57116772041997,"update_rms":0.005095314236637695,"accepted":true,"wall_s":6.786400752142072}
{"iteration":94,"score":75.39304807624707,"best":76.25606033229651,"gradient_rms":12.781112311158118,"update_rms":0.00416810855814426,"accepted":true,"wall_s":6.794277562294155}
{"iteration":95,"score":75.71717927744584,"best":76.25606033229651,"gradient_rms":19.18155003298498,"update_rms":0.0045840795935492016,"accepted":true,"wall_s":7.374775379896164}
{"iteration":96,"score":75.83982111639125,"best":76.25606033229651,"gradient_rms":21.49732646658784,"update_rms":0.0048692877637096605,"accepted":true,"wall_s":6.7864299663342535}
{"iteration":97,"score":75.40562935188073,"best":76.25606033229651,"gradient_rms":21.584318462185955,"update_rms":0.004898999769022313,"accepted":true,"wall_s":6.780933926813304}
{"iteration":98,"score":74.6292012934302,"best":76.25606033229651,"gradient_rms":17.191199017005747,"update_rms":0.0044854330414450215,"accepted":true,"wall_s":6.38212409382686}
{"iteration":99,"score":74.58923394844263,"best":76.25606033229651,"gradient_rms":24.38364552535985,"update_rms":0.0050557275076665124,"accepted":true,"wall_s":6.792914203368127}
{"iteration":100,"score":74.76362827030968,"best":76.25606033229651,"gradient_rms":19.5354550034415,"update_rms":0.004592206766618803,"accepted":true,"wall_s":6.773632804863155}
{"iteration":101,"score":74.97737285498668,"best":76.25606033229651,"gradient_rms":21.086215409232246,"update_rms":0.004587585206036587,"accepted":true,"wall_s":6.773261504247785}
{"iteration":102,"score":75.04938247690959,"best":76.25606033229651,"gradient_rms":16.465331349437715,"update_rms":0.004520723692896847,"accepted":true,"wall_s":6.3856709860265255}
{"iteration":103,"score":75.4528396717385,"best":76.25606033229651,"gradient_rms":24.589227844537326,"update_rms":0.004912299955594234,"accepted":true,"wall_s":6.780988667160273}
{"iteration":104,"score":75.53588111199821,"best":76.25606033229651,"gradient_rms":22.495581830408554,"update_rms":0.004807276738556073,"accepted":true,"wall_s":6.756743966136128}
{"iteration":105,"score":75.37811251392588,"best":76.25606033229651,"gradient_rms":25.319456430371247,"update_rms":0.005519014026717238,"accepted":true,"wall_s":6.774644856341183}
{"iteration":106,"score":74.86785433287069,"best":76.25606033229651,"gradient_rms":22.017926584869898,"update_rms":0.0052034753513502926,"accepted":true,"wall_s":6.372910839039832}
{"iteration":107,"score":74.94016928787205,"best":76.25606033229651,"gradient_rms":23.493271733145658,"update_rms":0.005087858790501889,"accepted":true,"wall_s":6.761221011169255}
{"iteration":108,"score":75.7654740338896,"best":76.25606033229651,"gradient_rms":27.62895318445378,"update_rms":0.005399858881376465,"accepted":true,"wall_s":6.778560263104737}
{"iteration":109,"score":76.77555086081023,"best":76.77555086081023,"gradient_rms":35.61898955798207,"update_rms":0.006627928813380411,"accepted":true,"wall_s":7.142321054823697}
{"iteration":110,"score":76.71749563685472,"best":76.77555086081023,"gradient_rms":36.4343288246431,"update_rms":0.006848422793180123,"accepted":true,"wall_s":6.80538345919922}
{"iteration":111,"score":77.33531246381582,"best":77.33531246381582,"gradient_rms":47.555801441172534,"update_rms":0.008242237371342952,"accepted":true,"wall_s":6.768746768124402}
{"iteration":112,"score":77.57429358364986,"best":77.57429358364986,"gradient_rms":40.406726335062814,"update_rms":0.00823832463909242,"accepted":true,"wall_s":6.78217545337975}
{"iteration":113,"score":77.49776584888994,"best":77.57429358364986,"gradient_rms":33.75327762985949,"update_rms":0.007664925653898407,"accepted":true,"wall_s":6.77552901301533}
{"iteration":114,"score":77.14122976730611,"best":77.57429358364986,"gradient_rms":30.60378440361027,"update_rms":0.00740204210396746,"accepted":true,"wall_s":6.79358448786661}
{"iteration":115,"score":76.56841303389047,"best":77.57429358364986,"gradient_rms":31.52784024622709,"update_rms":0.006490420384145175,"accepted":true,"wall_s":6.766404087655246}
{"iteration":116,"score":76.02483854705707,"best":77.57429358364986,"gradient_rms":23.603108664200345,"update_rms":0.005343525481270357,"accepted":true,"wall_s":6.760966430883855}
{"iteration":117,"score":76.70389837445254,"best":77.57429358364986,"gradient_rms":20.957846956294308,"update_rms":0.004747150941860696,"accepted":true,"wall_s":6.367628335952759}
{"iteration":118,"score":77.20047284697961,"best":77.57429358364986,"gradient_rms":13.033040318191778,"update_rms":0.0037120190749088977,"accepted":true,"wall_s":6.383173285983503}
{"iteration":119,"score":77.40216769425469,"best":77.57429358364986,"gradient_rms":16.250044733263508,"update_rms":0.0035082468603224452,"accepted":true,"wall_s":6.760932096280158}
{"iteration":120,"score":77.26916850509988,"best":77.57429358364986,"gradient_rms":9.550849364532183,"update_rms":0.0028183519713166063,"accepted":true,"wall_s":6.405217466875911}
{"iteration":121,"score":77.28540941691365,"best":77.57429358364986,"gradient_rms":15.486651307502541,"update_rms":0.0030125784919430997,"accepted":true,"wall_s":6.383932285942137}
{"iteration":122,"score":77.1939524744599,"best":77.57429358364986,"gradient_rms":24.594456118888935,"update_rms":0.00420353485451862,"accepted":true,"wall_s":6.772604648955166}
{"iteration":123,"score":77.49988289971269,"best":77.57429358364986,"gradient_rms":29.441137016114297,"update_rms":0.005252598164850185,"accepted":true,"wall_s":6.781339759007096}
{"iteration":124,"score":77.24753452725119,"best":77.57429358364986,"gradient_rms":37.78206291613303,"update_rms":0.006497994874130745,"accepted":true,"wall_s":6.913928408641368}
{"iteration":125,"score":76.96310927391877,"best":77.57429358364986,"gradient_rms":38.98018787047982,"update_rms":0.00709917570175706,"accepted":true,"wall_s":7.097243910189718}
{"iteration":126,"score":76.86011038859095,"best":77.57429358364986,"gradient_rms":29.70734584975488,"update_rms":0.006389238541547719,"accepted":true,"wall_s":6.800259657204151}
{"iteration":127,"score":76.78838500613844,"best":77.57429358364986,"gradient_rms":30.742774831637266,"update_rms":0.0060619090774864295,"accepted":true,"wall_s":6.9937369311228395}
{"iteration":128,"score":76.81006874012733,"best":77.57429358364986,"gradient_rms":25.464364249660093,"update_rms":0.005588385192813231,"accepted":true,"wall_s":6.924771914258599}
{"iteration":129,"score":76.95358579653966,"best":77.57429358364986,"gradient_rms":26.6814134397717,"update_rms":0.00543429694427059,"accepted":true,"wall_s":6.757066306192428}
{"iteration":130,"score":76.4505160441033,"best":77.57429358364986,"gradient_rms":52.597089722535024,"update_rms":0.008001433280464609,"accepted":true,"wall_s":6.375568741001189}
{"iteration":131,"score":76.6084658349992,"best":77.57429358364986,"gradient_rms":48.48319779074903,"update_rms":0.008342574530004513,"accepted":true,"wall_s":6.7616644888184965}
{"iteration":132,"score":72.56101493331846,"best":77.57429358364986,"gradient_rms":39.379264129746495,"update_rms":0.007919001767176363,"accepted":true,"wall_s":6.762422070838511}
{"iteration":133,"score":70.12903671390829,"best":77.57429358364986,"gradient_rms":34.60100065732771,"update_rms":0.007331227409841875,"accepted":true,"wall_s":6.752630915027112}
{"iteration":134,"score":71.49316301660734,"best":77.57429358364986,"gradient_rms":29.099707250408507,"update_rms":0.006412683656973571,"accepted":true,"wall_s":6.760703404899687}
{"iteration":135,"score":74.40056429349663,"best":77.57429358364986,"gradient_rms":36.12265260060072,"update_rms":0.006376131692208017,"accepted":true,"wall_s":6.748544055968523}
{"iteration":136,"score":74.2075673348507,"best":77.57429358364986,"gradient_rms":11.134355977536686,"update_rms":0.004792849654346793,"accepted":true,"wall_s":6.739486850332469}
{"iteration":137,"score":74.14412720737671,"best":77.57429358364986,"gradient_rms":18.686967108965312,"update_rms":0.0043794182759340685,"accepted":true,"wall_s":6.7504601730033755}
{"iteration":138,"score":74.52647414712152,"best":77.57429358364986,"gradient_rms":19.88198303917053,"update_rms":0.004128483542352357,"accepted":true,"wall_s":6.517830615863204}
{"iteration":139,"score":74.93716209128038,"best":77.57429358364986,"gradient_rms":11.296388713284703,"update_rms":0.003161603824249585,"accepted":true,"wall_s":7.716287790797651}
{"iteration":140,"score":75.35324730737548,"best":77.57429358364986,"gradient_rms":14.482161839864267,"update_rms":0.00290849243760266,"accepted":true,"wall_s":6.671782083809376}
{"iteration":141,"score":75.77474934206462,"best":77.57429358364986,"gradient_rms":8.181117291434923,"update_rms":0.0022917066716911442,"accepted":true,"wall_s":6.781850890722126}
{"iteration":142,"score":75.9278184753531,"best":77.57429358364986,"gradient_rms":12.680886502412955,"update_rms":0.002307719371409415,"accepted":true,"wall_s":6.750846747774631}
{"iteration":143,"score":76.1108202850917,"best":77.57429358364986,"gradient_rms":16.832232018568547,"update_rms":0.0029383135452265606,"accepted":true,"wall_s":6.772431300953031}
{"iteration":144,"score":76.26142190943287,"best":77.57429358364986,"gradient_rms":12.94571718654203,"update_rms":0.0026457385485146438,"accepted":true,"wall_s":6.760864747688174}
{"iteration":145,"score":76.30460093621309,"best":77.57429358364986,"gradient_rms":10.502886190935929,"update_rms":0.002278938669198647,"accepted":true,"wall_s":6.740728246979415}
{"iteration":146,"score":76.19640025473377,"best":77.57429358364986,"gradient_rms":11.28084304197579,"update_rms":0.002118266102947123,"accepted":true,"wall_s":6.374098398257047}
{"iteration":147,"score":76.08145488960803,"best":77.57429358364986,"gradient_rms":9.093362604828355,"update_rms":0.001983268396801672,"accepted":true,"wall_s":6.7492101597599685}
{"iteration":148,"score":75.78644708585789,"best":77.57429358364986,"gradient_rms":20.475175758943212,"update_rms":0.003260935458333204,"accepted":true,"wall_s":6.365114582236856}
{"iteration":149,"score":75.75561405925083,"best":77.57429358364986,"gradient_rms":14.946197536039703,"update_rms":0.003098386222795057,"accepted":true,"wall_s":6.369084700010717}
{"iteration":150,"score":75.86100658803086,"best":77.57429358364986,"gradient_rms":16.784538076312188,"update_rms":0.0033103755186822273,"accepted":true,"wall_s":6.752740500960499}
{"iteration":151,"score":76.03665674931665,"best":77.57429358364986,"gradient_rms":15.910916503567432,"update_rms":0.003163183353497654,"accepted":true,"wall_s":6.356730469036847}
{"iteration":152,"score":76.30883172106044,"best":77.57429358364986,"gradient_rms":12.77634091413992,"update_rms":0.002977873746607778,"accepted":true,"wall_s":6.751933228224516}
{"iteration":153,"score":76.21244876524295,"best":77.57429358364986,"gradient_rms":25.392628418244026,"update_rms":0.004137548992787851,"accepted":true,"wall_s":6.408389000687748}
{"iteration":154,"score":74.06918775811558,"best":77.57429358364986,"gradient_rms":28.3064823335781,"update_rms":0.00492039400289613,"accepted":true,"wall_s":6.366258628666401}
{"iteration":155,"score":72.55894682664368,"best":77.57429358364986,"gradient_rms":23.79738217232068,"update_rms":0.0045936141110287055,"accepted":true,"wall_s":6.794632533099502}
{"iteration":156,"score":74.77845205958305,"best":77.57429358364986,"gradient_rms":31.718562803698354,"update_rms":0.005129128937290234,"accepted":true,"wall_s":6.7848665728233755}
{"iteration":157,"score":77.16958717213964,"best":77.57429358364986,"gradient_rms":23.360955064035355,"update_rms":0.0047449202481386205,"accepted":true,"wall_s":6.75675388192758}
{"iteration":158,"score":77.4905183637107,"best":77.57429358364986,"gradient_rms":21.7999913573579,"update_rms":0.004319241558543034,"accepted":true,"wall_s":6.754333779215813}
{"iteration":159,"score":77.25790658393443,"best":77.57429358364986,"gradient_rms":27.57656845017563,"update_rms":0.004791670796596,"accepted":true,"wall_s":6.813872316852212}
{"iteration":160,"score":76.44078360523139,"best":77.57429358364986,"gradient_rms":22.313677891896678,"update_rms":0.0045693221177126805,"accepted":true,"wall_s":6.748847667127848}
{"iteration":161,"score":75.46474511515748,"best":77.57429358364986,"gradient_rms":22.710379338530505,"update_rms":0.004493815882931451,"accepted":true,"wall_s":6.786726917140186}
{"iteration":162,"score":74.45391272590071,"best":77.57429358364986,"gradient_rms":27.15406349889281,"update_rms":0.004822868228700932,"accepted":true,"wall_s":6.7752166967839}
{"iteration":163,"score":74.57931209404107,"best":77.57429358364986,"gradient_rms":27.30279228407492,"update_rms":0.004935132034276619,"accepted":true,"wall_s":6.778895015828311}
{"iteration":164,"score":74.33182012278539,"best":77.57429358364986,"gradient_rms":27.91541152204906,"update_rms":0.0050854812304064415,"accepted":true,"wall_s":6.3793933489359915}
{"iteration":165,"score":74.55076364313884,"best":77.57429358364986,"gradient_rms":25.125118729090623,"update_rms":0.004665014191435798,"accepted":true,"wall_s":6.373078866861761}
{"iteration":166,"score":75.29204422066601,"best":77.57429358364986,"gradient_rms":36.78501568465197,"update_rms":0.0059394216397065745,"accepted":true,"wall_s":6.3888751398772}
{"iteration":167,"score":76.799188726551,"best":77.57429358364986,"gradient_rms":35.11698506597593,"update_rms":0.006492808487157161,"accepted":true,"wall_s":6.979429075028747}
{"iteration":168,"score":77.53032853882976,"best":77.57429358364986,"gradient_rms":39.749546815005075,"update_rms":0.006547002713805933,"accepted":true,"wall_s":6.778403963893652}
{"iteration":169,"score":77.53249199589116,"best":77.57429358364986,"gradient_rms":49.32372277476949,"update_rms":0.008040392028978478,"accepted":true,"wall_s":6.761426035314798}
{"iteration":170,"score":76.13517968527309,"best":77.57429358364986,"gradient_rms":45.123804817948354,"update_rms":0.008099393883846218,"accepted":true,"wall_s":6.793587260879576}
{"iteration":171,"score":74.7275613441134,"best":77.57429358364986,"gradient_rms":33.1198695378334,"update_rms":0.007186067937465273,"accepted":true,"wall_s":6.399887856096029}
{"iteration":172,"score":75.25954934035673,"best":77.57429358364986,"gradient_rms":34.23637649535288,"update_rms":0.006694277345562921,"accepted":true,"wall_s":6.778315792791545}
{"iteration":173,"score":75.7845208068198,"best":77.57429358364986,"gradient_rms":42.1045229363586,"update_rms":0.006867319673270502,"accepted":true,"wall_s":6.781264264136553}
{"iteration":174,"score":75.76485639742532,"best":77.57429358364986,"gradient_rms":38.50055221474118,"update_rms":0.006831097446198214,"accepted":true,"wall_s":6.385115646291524}
{"iteration":175,"score":75.66320497735244,"best":77.57429358364986,"gradient_rms":27.344952997259355,"update_rms":0.005952696487872116,"accepted":true,"wall_s":6.7772889183834195}
{"iteration":176,"score":76.29686727716394,"best":77.57429358364986,"gradient_rms":28.07185399396215,"update_rms":0.0052334265883065825,"accepted":true,"wall_s":6.402303027920425}
{"iteration":177,"score":77.44453848848434,"best":77.57429358364986,"gradient_rms":24.037966313946512,"update_rms":0.00480694503057917,"accepted":true,"wall_s":6.390285260975361}
{"iteration":178,"score":78.58709620275138,"best":78.58709620275138,"gradient_rms":28.147459886242473,"update_rms":0.004956358773656392,"accepted":true,"wall_s":6.799806438852102}
{"iteration":179,"score":78.74627696254599,"best":78.74627696254599,"gradient_rms":27.656359493114294,"update_rms":0.004926069876860434,"accepted":true,"wall_s":6.404419109690934}
{"iteration":180,"score":79.2570430140024,"best":79.2570430140024,"gradient_rms":22.704089629355764,"update_rms":0.004468657377321207,"accepted":true,"wall_s":6.799741631839424}
{"iteration":181,"score":79.2631065542376,"best":79.2631065542376,"gradient_rms":37.84205063234623,"update_rms":0.005556508337418991,"accepted":true,"wall_s":7.0055467509664595}
{"iteration":182,"score":78.3310119942748,"best":79.2631065542376,"gradient_rms":40.543289792360625,"update_rms":0.006388245689921062,"accepted":true,"wall_s":6.844609528314322}
{"iteration":183,"score":77.23370016419057,"best":79.2631065542376,"gradient_rms":47.357734354367174,"update_rms":0.007507407829152494,"accepted":true,"wall_s":6.398567682132125}
{"iteration":184,"score":76.21088763201624,"best":79.2631065542376,"gradient_rms":40.34087828068711,"update_rms":0.007120476527905464,"accepted":true,"wall_s":6.764893239829689}
{"iteration":185,"score":75.73100827218586,"best":79.2631065542376,"gradient_rms":46.692684572832945,"update_rms":0.0074772912221283076,"accepted":true,"wall_s":6.762216524221003}
{"iteration":186,"score":74.73508061182908,"best":79.2631065542376,"gradient_rms":41.011770763230686,"update_rms":0.00672275035310545,"accepted":true,"wall_s":6.790533332619816}
{"iteration":187,"score":74.66747998034954,"best":79.2631065542376,"gradient_rms":38.05993999398926,"update_rms":0.006701760889594583,"accepted":true,"wall_s":6.808339707087725}
{"iteration":188,"score":75.67046760836676,"best":79.2631065542376,"gradient_rms":42.87948706163537,"update_rms":0.007034455867837354,"accepted":true,"wall_s":6.816675157751888}
{"iteration":189,"score":76.88390605925991,"best":79.2631065542376,"gradient_rms":41.73465297760569,"update_rms":0.0070184669278256125,"accepted":true,"wall_s":6.797890451736748}
{"iteration":190,"score":77.52355577191983,"best":79.2631065542376,"gradient_rms":43.801714815271644,"update_rms":0.007608646774125711,"accepted":true,"wall_s":6.795227874070406}
{"iteration":191,"score":77.91651461961482,"best":79.2631065542376,"gradient_rms":48.12265000850404,"update_rms":0.007604289116430152,"accepted":true,"wall_s":6.796062198933214}
{"iteration":192,"score":76.94763750899577,"best":79.2631065542376,"gradient_rms":58.37076472190219,"update_rms":0.008721477482782035,"accepted":true,"wall_s":6.3688938887789845}
{"iteration":193,"score":76.86400068932623,"best":79.2631065542376,"gradient_rms":54.865089051771136,"update_rms":0.008843651841280008,"accepted":true,"wall_s":6.796246693935245}
{"iteration":194,"score":77.16275621226019,"best":79.2631065542376,"gradient_rms":51.36237004440807,"update_rms":0.008406902068180538,"accepted":true,"wall_s":6.763377864845097}
{"iteration":195,"score":76.64954759687708,"best":79.2631065542376,"gradient_rms":42.9878075607626,"update_rms":0.007619099345249682,"accepted":true,"wall_s":6.766168869100511}
{"iteration":196,"score":76.77221913967426,"best":79.2631065542376,"gradient_rms":39.09952203189526,"update_rms":0.00677902624791511,"accepted":true,"wall_s":6.828074048273265}
{"iteration":197,"score":77.28473228906749,"best":79.2631065542376,"gradient_rms":39.20046241899495,"update_rms":0.006557205572124075,"accepted":true,"wall_s":6.780721100978553}
{"iteration":198,"score":77.88186699614988,"best":79.2631065542376,"gradient_rms":44.46293737279555,"update_rms":0.0066807659050365014,"accepted":true,"wall_s":6.7813076372258365}
{"iteration":199,"score":78.01132618364367,"best":79.2631065542376,"gradient_rms":51.42348928908352,"update_rms":0.007160144710381249,"accepted":true,"wall_s":6.771511553786695}
{"iteration":200,"score":77.5304646043346,"best":79.2631065542376,"gradient_rms":55.33268149196458,"update_rms":0.00801069233712845,"accepted":true,"wall_s":6.799804279115051}
{
  "status": "ok",
  "stop_reason": "completed_iterations",
  "initial_score": 24.217293027589687,
  "final_score": 77.5304646043346,
  "best_score": 79.2631065542376,
  "best_iteration": 181,
  "completed_iterations": 200,
  "completed_adam_steps": 200,
  "completed_optimizer_steps": 200,
  "total_wall_s": 1345.9302709992044,
  "initial_decode_wall_s": 0.00037055229768157005,
  "initial_score_wall_s": 0.9506442337296903,
  "mean_iteration_wall_s": 6.727137584106531,
  "manifest": {
    "protocol": {
      "id": "unregistered-experimental",
      "status": "unregistered-experimental",
      "stage": "optimization",
      "requirements": {
        "native_score_abi": 11,
        "native_score_library_sha256": "1c6c78b0dee662233215a56dbdc1e50b8ed29f2d0eee9ae8c4ff7d0403b895ed"
      },
      "actual": {
        "parameter_space": "data",
        "optimizer": "adam",
        "iterations": 200,
        "directions": 64,
        "perturbation": 0.0025,
        "learning_rate": 0.01,
        "beta1": 0.7,
        "beta2": 0.999,
        "flow_steps": 128,
        "gradient_mode": "random-orthogonal",
        "difference": "centered",
        "native_score_abi": 11,
        "native_score_library_sha256": "7b21e66329a23f18ef3cfab408d0a21410acea3c8d10d8b2463ccee7f5a3969f",
        "data_start_mode": "exact-unclipped"
      },
      "differences_from_current": {
        "perturbation": {
          "expected": 0.005,
          "actual": 0.0025
        },
        "learning_rate": {
          "expected": 0.02,
          "actual": 0.01
        },
        "parameter_space": {
          "expected": "latent",
          "actual": "data"
        },
        "native_score_library_sha256": {
          "expected": "1c6c78b0dee662233215a56dbdc1e50b8ed29f2d0eee9ae8c4ff7d0403b895ed",
          "actual": "7b21e66329a23f18ef3cfab408d0a21410acea3c8d10d8b2463ccee7f5a3969f"
        },
        "data_start_mode": {
          "expected": "not-applicable",
          "actual": "exact-unclipped"
        }
      }
    },
    "repository": {
      "commit": "70a1102829da50d9054d929d1cd7073780909268",
      "tracked_dirty": false,
      "available": true
    },
    "algorithm": "adam_with_query_batched_local_gradient",
    "optimizer": "adam",
    "parameter_space": "data",
    "gradient_objective": "dynamic local full-density score with coordinate and maximum-surface-selection derivatives omitted",
    "formal_objective": "complete native QH score for every accepted center",
    "initial_case": "/home/scc/pb24511935/local_surface_evaluator_runs/axisflip_r012_curvature_r04_adam200_20260903_70a1102/incomplete/axisflip_r012_case_0000059.worker5.3478830.partial/start.json",
    "initial_case_sha256": "994b928fa6c3d08aaa74f02c986549bab76b73b60f59363f3beadc5bd9eaa5d0",
    "checkpoint": "/home/scc/pb24511935/local_surface_evaluator/runs/qh_flow_physical_lr_longselect_20260729/lr_3em4/checkpoint_latest.pt",
    "checkpoint_sha256": "39a3293a459e248a0d1ec062607a1a467128b14d8ca973aadd82e113532ab99f",
    "checkpoint_expectation": {
      "step": 30000,
      "sha256": null
    },
    "native_lib": "/home/scc/pb24511935/local_surface_evaluator_runs/axisflip_r012_curvature_r04_adam200_20260903_70a1102/build_curvature_r04/libstellarator_gpu.so",
    "native_lib_sha256": "7b21e66329a23f18ef3cfab408d0a21410acea3c8d10d8b2463ccee7f5a3969f",
    "native_score": {
      "abi": 11,
      "validated_default_library_sha256": "1c6c78b0dee662233215a56dbdc1e50b8ed29f2d0eee9ae8c4ff7d0403b895ed"
    },
    "nfp": 8,
    "n_base_coils": 3,
    "target_helicity": [
      1,
      8
    ],
    "iterations": 200,
    "max_wall_s": 26628.207971,
    "flow": {
      "method": "rk4",
      "steps": 128,
      "dtype": "fp32",
      "use": "none"
    },
    "flow_pipeline": false,
    "coordinate_gradient": {
      "dimension": 300,
      "mode": "random-orthogonal",
      "random_directions": 64,
      "endpoint_count": 128,
      "perturbation": 0.0025,
      "difference": "centered",
      "psi_grid": 48,
      "psi_iterations": 4,
      "alpha_iterations": 4,
      "formal_surface_theta_count": 128,
      "local_surface_theta_count": 64
    },
    "adam": {
      "learning_rate": 0.01,
      "beta1": 0.7,
      "beta2": 0.999,
      "epsilon": 1e-08,
      "weight_decay": 0.0
    },
    "bfgs": {
      "initial_trust_rms": 0.01,
      "min_trust_rms": 1e-05,
      "max_trust_rms": 0.05,
      "trust_growth": 1.2,
      "trust_shrink": 0.5,
      "min_improvement": 0.0
    },
    "seed": 120260965,
    "axis_policy": "recorded strict mixed-precision continuation from step 0",
    "recorded_initial_score_tolerance": 0.1,
    "devices": {
      "flow": 0,
      "score": 0
    },
    "initial_metadata_keys": [
      "data_prior_screening",
      "nfp",
      "raw"
    ],
    "data_parameterization": {
      "definition": "per-coordinate training-set standardization",
      "physical_mapping": "CoilNormalizer.inverse with canonical current L1/sign",
      "initial_source": "direct analytic-prior geometry with unclipped coordinates",
      "data_start_mode": "exact-unclipped",
      "initial_clipped_fraction": 0.0,
      "initial_roundtrip_relative_rms": 0.0,
      "flow_calls_after_initialization": 0
    },
    "initial_consistency_gate": {
      "recorded_score": 24.214812674703214,
      "optimizer_score": 24.217293027589687,
      "absolute_delta": 0.0024803528864723035,
      "tolerance": 0.1,
      "recorded_axis_hint": [
        1.0786444994659237,
        1.207513564826054e-09
      ],
      "optimizer_axis": [
        1.0786444994659237,
        1.207513564826054e-09
      ],
      "axis_hint_distance": 0.0
    }
  }
}
