{"iteration":1,"score":4.991860411510693,"best":5.189302113313428,"gradient_rms":1.9832983020421981,"update_rms":0.009999999703553808,"accepted":true,"wall_s":6.613580401986837}
{"iteration":2,"score":6.113645864833451,"best":6.113645864833451,"gradient_rms":1.442262947876479,"update_rms":0.007142972624043762,"accepted":true,"wall_s":6.608867928385735}
{"iteration":3,"score":7.450104727035174,"best":7.450104727035174,"gradient_rms":2.018509190962822,"update_rms":0.006306858150864983,"accepted":true,"wall_s":6.598903142847121}
{"iteration":4,"score":10.061497150387337,"best":10.061497150387337,"gradient_rms":5.143515512988363,"update_rms":0.006768655531806315,"accepted":true,"wall_s":6.606904075015336}
{"iteration":5,"score":8.305172696138182,"best":10.061497150387337,"gradient_rms":10.089247100261534,"update_rms":0.00687213710782637,"accepted":true,"wall_s":6.6538503197953105}
{"iteration":6,"score":5.574213176462425,"best":10.061497150387337,"gradient_rms":54.35001200164447,"update_rms":0.003967337032591688,"accepted":true,"wall_s":8.088054739870131}
{"iteration":7,"score":5.574213176462322,"best":10.061497150387337,"gradient_rms":35.94231527516643,"update_rms":0.0,"accepted":false,"wall_s":9.458849834278226}
{"iteration":8,"score":5.574213176462359,"best":10.061497150387337,"gradient_rms":37.669545223332385,"update_rms":0.0,"accepted":false,"wall_s":9.12234143493697}
{"iteration":9,"score":5.574213176462353,"best":10.061497150387337,"gradient_rms":35.026398873509734,"update_rms":0.0,"accepted":false,"wall_s":11.004784879740328}
{"iteration":10,"score":5.574213176462288,"best":10.061497150387337,"gradient_rms":31.943283898945943,"update_rms":0.0,"accepted":false,"wall_s":10.312518593855202}
{"iteration":11,"score":5.574213176462389,"best":10.061497150387337,"gradient_rms":35.93056618966589,"update_rms":0.0,"accepted":false,"wall_s":9.573291184846312}
{"iteration":12,"score":5.57421317646238,"best":10.061497150387337,"gradient_rms":36.85979684929755,"update_rms":0.0,"accepted":false,"wall_s":10.339649115223438}
{"iteration":13,"score":5.574213176462429,"best":10.061497150387337,"gradient_rms":36.638293441698984,"update_rms":0.0,"accepted":false,"wall_s":10.704677862115204}
{"iteration":14,"score":5.574213176462397,"best":10.061497150387337,"gradient_rms":36.67605385744504,"update_rms":0.0,"accepted":false,"wall_s":10.577844938263297}
{"iteration":15,"score":5.5742131764623615,"best":10.061497150387337,"gradient_rms":33.46313863061497,"update_rms":0.0,"accepted":false,"wall_s":8.794200975913554}
{"iteration":16,"score":5.574213176462376,"best":10.061497150387337,"gradient_rms":33.66257154847789,"update_rms":0.0,"accepted":false,"wall_s":10.630138515960425}
{"iteration":17,"score":5.574213176462398,"best":10.061497150387337,"gradient_rms":37.042666089580045,"update_rms":0.0,"accepted":false,"wall_s":10.573497456032783}
{"iteration":18,"score":5.57421317646243,"best":10.061497150387337,"gradient_rms":38.94979603998025,"update_rms":0.0,"accepted":false,"wall_s":10.295044167898595}
{"iteration":19,"score":5.574213176462352,"best":10.061497150387337,"gradient_rms":34.299301672392644,"update_rms":0.0,"accepted":false,"wall_s":10.630224744323641}
{"iteration":20,"score":5.574213176462402,"best":10.061497150387337,"gradient_rms":34.79705953969936,"update_rms":0.0,"accepted":false,"wall_s":9.934735401999205}
{"iteration":21,"score":5.574213176462484,"best":10.061497150387337,"gradient_rms":33.7738265988205,"update_rms":0.0,"accepted":false,"wall_s":11.390899360179901}
{"iteration":22,"score":5.574213176462365,"best":10.061497150387337,"gradient_rms":31.78372875625507,"update_rms":0.0,"accepted":false,"wall_s":9.563109894283116}
{"iteration":23,"score":5.574213176462371,"best":10.061497150387337,"gradient_rms":33.357619855960046,"update_rms":0.0,"accepted":false,"wall_s":9.57577463099733}
{"iteration":24,"score":5.574213176462359,"best":10.061497150387337,"gradient_rms":35.87584087543866,"update_rms":0.0,"accepted":false,"wall_s":10.959518800023943}
{"iteration":25,"score":5.574213176462399,"best":10.061497150387337,"gradient_rms":32.6462103737326,"update_rms":0.0,"accepted":false,"wall_s":9.953598260879517}
{"iteration":26,"score":5.574213176462339,"best":10.061497150387337,"gradient_rms":32.50657850250017,"update_rms":0.0,"accepted":false,"wall_s":9.56322893127799}
{"iteration":27,"score":5.574213176462429,"best":10.061497150387337,"gradient_rms":31.446686057926982,"update_rms":0.0,"accepted":false,"wall_s":9.933020917698741}
{"iteration":28,"score":5.574213176462306,"best":10.061497150387337,"gradient_rms":34.251936995022824,"update_rms":0.0,"accepted":false,"wall_s":10.938094381708652}
{"iteration":29,"score":5.574213176462401,"best":10.061497150387337,"gradient_rms":37.68418733772282,"update_rms":0.0,"accepted":false,"wall_s":9.982436289079487}
{"iteration":30,"score":5.574213176462347,"best":10.061497150387337,"gradient_rms":30.62041362678435,"update_rms":0.0,"accepted":false,"wall_s":10.685642928816378}
{"iteration":31,"score":5.574213176462297,"best":10.061497150387337,"gradient_rms":35.708928538039935,"update_rms":0.0,"accepted":false,"wall_s":9.595525352749974}
{"iteration":32,"score":5.57421317646234,"best":10.061497150387337,"gradient_rms":34.58563775720646,"update_rms":0.0,"accepted":false,"wall_s":9.900158753152937}
{"iteration":33,"score":5.574213176462369,"best":10.061497150387337,"gradient_rms":39.259713656310765,"update_rms":0.0,"accepted":false,"wall_s":9.78590272180736}
{"iteration":34,"score":5.574213176462397,"best":10.061497150387337,"gradient_rms":38.282043896219555,"update_rms":0.0,"accepted":false,"wall_s":10.965902452822775}
{"iteration":35,"score":5.574213176462372,"best":10.061497150387337,"gradient_rms":36.029206943085164,"update_rms":0.0,"accepted":false,"wall_s":10.31267704302445}
{"iteration":36,"score":5.086030218910934,"best":10.061497150387337,"gradient_rms":31.763782568238664,"update_rms":0.0008843460493705447,"accepted":true,"wall_s":10.3997963052243}
{"iteration":37,"score":5.086030218910995,"best":10.061497150387337,"gradient_rms":45.316320887145615,"update_rms":0.0,"accepted":false,"wall_s":10.608101287856698}
{"iteration":38,"score":5.08603021891097,"best":10.061497150387337,"gradient_rms":45.299468767631986,"update_rms":0.0,"accepted":false,"wall_s":10.943664708174765}
{"iteration":39,"score":5.086030218910953,"best":10.061497150387337,"gradient_rms":35.789754278795016,"update_rms":0.0,"accepted":false,"wall_s":10.567251104861498}
{"iteration":40,"score":5.0860302189109765,"best":10.061497150387337,"gradient_rms":50.67219920724669,"update_rms":0.0,"accepted":false,"wall_s":10.548462328966707}
{"iteration":41,"score":5.086030218910918,"best":10.061497150387337,"gradient_rms":46.51553296429634,"update_rms":0.0,"accepted":false,"wall_s":10.712744158226997}
{"iteration":42,"score":5.086030218910949,"best":10.061497150387337,"gradient_rms":58.8510311537181,"update_rms":0.0,"accepted":false,"wall_s":11.761185931041837}
{"iteration":43,"score":5.08603021891099,"best":10.061497150387337,"gradient_rms":50.122110210388854,"update_rms":0.0,"accepted":false,"wall_s":10.184638117905706}
{"iteration":44,"score":5.086030218910988,"best":10.061497150387337,"gradient_rms":49.91882611646642,"update_rms":0.0,"accepted":false,"wall_s":10.93420723779127}
{"iteration":45,"score":5.086030218910983,"best":10.061497150387337,"gradient_rms":88.40127565805625,"update_rms":0.0,"accepted":false,"wall_s":9.062253998126835}
{"iteration":46,"score":5.086030218910983,"best":10.061497150387337,"gradient_rms":53.78676365194234,"update_rms":0.0,"accepted":false,"wall_s":10.208929395768791}
{"iteration":47,"score":5.086030218910935,"best":10.061497150387337,"gradient_rms":48.157138757317696,"update_rms":0.0,"accepted":false,"wall_s":10.565902098082006}
{"iteration":48,"score":5.086030218910937,"best":10.061497150387337,"gradient_rms":38.035090821321546,"update_rms":0.0,"accepted":false,"wall_s":10.937780446838588}
{"iteration":49,"score":5.086030218910956,"best":10.061497150387337,"gradient_rms":34.8578715057563,"update_rms":0.0,"accepted":false,"wall_s":10.94742950424552}
{"iteration":50,"score":5.0860302189108895,"best":10.061497150387337,"gradient_rms":101.17287468375525,"update_rms":0.0,"accepted":false,"wall_s":11.342959041241556}
{"iteration":51,"score":5.086030218910926,"best":10.061497150387337,"gradient_rms":73.28953995998796,"update_rms":0.0,"accepted":false,"wall_s":9.77067638700828}
{"iteration":52,"score":5.086030218910935,"best":10.061497150387337,"gradient_rms":41.68355807010035,"update_rms":0.0,"accepted":false,"wall_s":10.548553782049567}
{"iteration":53,"score":5.086030218910974,"best":10.061497150387337,"gradient_rms":37.45185011968351,"update_rms":0.0,"accepted":false,"wall_s":10.557554934639484}
{"iteration":54,"score":5.086030218910982,"best":10.061497150387337,"gradient_rms":77.82260308881222,"update_rms":0.0,"accepted":false,"wall_s":10.56653462909162}
{"iteration":55,"score":5.086030218910956,"best":10.061497150387337,"gradient_rms":36.06414709738848,"update_rms":0.0,"accepted":false,"wall_s":10.557517076842487}
{"iteration":56,"score":5.086030218910916,"best":10.061497150387337,"gradient_rms":43.067114022102714,"update_rms":0.0,"accepted":false,"wall_s":10.217341994866729}
{"iteration":57,"score":5.08603021891097,"best":10.061497150387337,"gradient_rms":80.81766672798173,"update_rms":0.0,"accepted":false,"wall_s":9.399324614088982}
{"iteration":58,"score":5.086030218910935,"best":10.061497150387337,"gradient_rms":58.34146698242173,"update_rms":0.0,"accepted":false,"wall_s":10.561563433147967}
{"iteration":59,"score":5.086030218911005,"best":10.061497150387337,"gradient_rms":51.03165268320052,"update_rms":0.0,"accepted":false,"wall_s":10.579423759132624}
{"iteration":60,"score":5.086030218911019,"best":10.061497150387337,"gradient_rms":98.57378360719889,"update_rms":0.0,"accepted":false,"wall_s":10.952508240006864}
{"iteration":61,"score":5.0860302189109285,"best":10.061497150387337,"gradient_rms":59.2130999910273,"update_rms":0.0,"accepted":false,"wall_s":10.167208092752844}
{"iteration":62,"score":5.08603021891095,"best":10.061497150387337,"gradient_rms":73.50612277742515,"update_rms":0.0,"accepted":false,"wall_s":10.185394369997084}
{"iteration":63,"score":5.08603021891098,"best":10.061497150387337,"gradient_rms":60.327881848821946,"update_rms":0.0,"accepted":false,"wall_s":10.173277128022164}
{"iteration":64,"score":5.086030218910946,"best":10.061497150387337,"gradient_rms":51.99276826948867,"update_rms":0.0,"accepted":false,"wall_s":10.598658517934382}
{"iteration":65,"score":5.0860302189109685,"best":10.061497150387337,"gradient_rms":70.62939354768287,"update_rms":0.0,"accepted":false,"wall_s":10.162846392951906}
{"iteration":66,"score":5.0860302189109685,"best":10.061497150387337,"gradient_rms":49.81690979531309,"update_rms":0.0,"accepted":false,"wall_s":9.488490579184145}
{"iteration":67,"score":5.0860302189109365,"best":10.061497150387337,"gradient_rms":47.99163952695353,"update_rms":0.0,"accepted":false,"wall_s":10.944420733023435}
{"iteration":68,"score":5.086030218910902,"best":10.061497150387337,"gradient_rms":78.31813795758465,"update_rms":0.0,"accepted":false,"wall_s":9.773287811782211}
{"iteration":69,"score":5.086030218910961,"best":10.061497150387337,"gradient_rms":76.66946650920639,"update_rms":0.0,"accepted":false,"wall_s":10.186376743018627}
{"iteration":70,"score":5.086030218910995,"best":10.061497150387337,"gradient_rms":45.495680633124216,"update_rms":0.0,"accepted":false,"wall_s":11.320909830275923}
{"iteration":71,"score":5.086030218910979,"best":10.061497150387337,"gradient_rms":35.30114814339645,"update_rms":0.0,"accepted":false,"wall_s":10.543806642759591}
{"iteration":72,"score":5.086030218910942,"best":10.061497150387337,"gradient_rms":47.8115609030399,"update_rms":0.0,"accepted":false,"wall_s":10.937836576718837}
{"iteration":73,"score":5.086030218910972,"best":10.061497150387337,"gradient_rms":37.583966960311734,"update_rms":0.0,"accepted":false,"wall_s":10.16559961810708}
{"iteration":74,"score":5.086030218911025,"best":10.061497150387337,"gradient_rms":43.71571012324766,"update_rms":0.0,"accepted":false,"wall_s":10.54785032197833}
{"iteration":75,"score":5.086030218910946,"best":10.061497150387337,"gradient_rms":55.176529807058884,"update_rms":0.0,"accepted":false,"wall_s":10.154414388351142}
{"iteration":76,"score":5.086030218910957,"best":10.061497150387337,"gradient_rms":53.99215358663809,"update_rms":0.0,"accepted":false,"wall_s":10.836337291169912}
{"iteration":77,"score":5.086030218910992,"best":10.061497150387337,"gradient_rms":76.90155927055417,"update_rms":0.0,"accepted":false,"wall_s":10.552870268002152}
{"iteration":78,"score":5.086030218910995,"best":10.061497150387337,"gradient_rms":79.3342055574927,"update_rms":0.0,"accepted":false,"wall_s":9.381508642341942}
{"iteration":79,"score":5.086030218910973,"best":10.061497150387337,"gradient_rms":47.20299555243705,"update_rms":0.0,"accepted":false,"wall_s":10.555921575054526}
{"iteration":80,"score":5.086030218910955,"best":10.061497150387337,"gradient_rms":43.95530541777076,"update_rms":0.0,"accepted":false,"wall_s":10.955402941908687}
{"iteration":81,"score":5.086030218910983,"best":10.061497150387337,"gradient_rms":47.80593024516742,"update_rms":0.0,"accepted":false,"wall_s":10.539675805252045}
{"iteration":82,"score":5.086030218910909,"best":10.061497150387337,"gradient_rms":44.82686018129211,"update_rms":0.0,"accepted":false,"wall_s":10.92998196510598}
{"iteration":83,"score":5.0860302189110165,"best":10.061497150387337,"gradient_rms":40.3408362704028,"update_rms":0.0,"accepted":false,"wall_s":10.966474132146686}
{"iteration":84,"score":5.086030218910918,"best":10.061497150387337,"gradient_rms":84.55407928743433,"update_rms":0.0,"accepted":false,"wall_s":10.9772649561055}
{"iteration":85,"score":5.0860302189109134,"best":10.061497150387337,"gradient_rms":40.99845544807134,"update_rms":0.0,"accepted":false,"wall_s":10.980696793179959}
{"iteration":86,"score":5.086030218910979,"best":10.061497150387337,"gradient_rms":35.92353836818569,"update_rms":0.0,"accepted":false,"wall_s":11.016790505032986}
{"iteration":87,"score":5.0860302189109765,"best":10.061497150387337,"gradient_rms":39.89572070375214,"update_rms":0.0,"accepted":false,"wall_s":10.800684788264334}
{"iteration":88,"score":5.086030218910961,"best":10.061497150387337,"gradient_rms":69.71015794414166,"update_rms":0.0,"accepted":false,"wall_s":10.156626023817807}
{"iteration":89,"score":5.086030218910992,"best":10.061497150387337,"gradient_rms":57.20312577345259,"update_rms":0.0,"accepted":false,"wall_s":10.159066386055201}
{"iteration":90,"score":5.086030218911019,"best":10.061497150387337,"gradient_rms":73.4623810025604,"update_rms":0.0,"accepted":false,"wall_s":10.929046993143857}
{"iteration":91,"score":5.086030218910981,"best":10.061497150387337,"gradient_rms":55.70522650761138,"update_rms":0.0,"accepted":false,"wall_s":10.92963860789314}
{"iteration":92,"score":5.086030218910999,"best":10.061497150387337,"gradient_rms":39.02882622337869,"update_rms":0.0,"accepted":false,"wall_s":10.590485685970634}
{"iteration":93,"score":5.086030218910927,"best":10.061497150387337,"gradient_rms":65.30368391926861,"update_rms":0.0,"accepted":false,"wall_s":10.968023645225912}
{"iteration":94,"score":5.086030218910995,"best":10.061497150387337,"gradient_rms":54.25425093954629,"update_rms":0.0,"accepted":false,"wall_s":10.746124486904591}
{"iteration":95,"score":5.086030218910979,"best":10.061497150387337,"gradient_rms":73.87664628049802,"update_rms":0.0,"accepted":false,"wall_s":10.774377144873142}
{"iteration":96,"score":5.0860302189109525,"best":10.061497150387337,"gradient_rms":73.63928878321168,"update_rms":0.0,"accepted":false,"wall_s":10.919888260308653}
{"iteration":97,"score":5.086030218911017,"best":10.061497150387337,"gradient_rms":84.021977094463,"update_rms":0.0,"accepted":false,"wall_s":9.389963536988944}
{"iteration":98,"score":5.0860302189109285,"best":10.061497150387337,"gradient_rms":32.95477625846962,"update_rms":0.0,"accepted":false,"wall_s":10.935343031771481}
{"iteration":99,"score":5.08603021891096,"best":10.061497150387337,"gradient_rms":70.31623645173411,"update_rms":0.0,"accepted":false,"wall_s":10.956493559293449}
{"iteration":100,"score":5.086030218910973,"best":10.061497150387337,"gradient_rms":48.421392490426506,"update_rms":0.0,"accepted":false,"wall_s":10.948385146912187}
{"iteration":101,"score":5.0860302189109,"best":10.061497150387337,"gradient_rms":51.20507046707613,"update_rms":0.0,"accepted":false,"wall_s":10.941316279117018}
{"iteration":102,"score":5.086030218910961,"best":10.061497150387337,"gradient_rms":84.05856863653848,"update_rms":0.0,"accepted":false,"wall_s":10.598087039776146}
{"iteration":103,"score":5.0860302189109845,"best":10.061497150387337,"gradient_rms":51.08198853613497,"update_rms":0.0,"accepted":false,"wall_s":11.000440307427198}
{"iteration":104,"score":5.086030218910995,"best":10.061497150387337,"gradient_rms":44.735549299233554,"update_rms":0.0,"accepted":false,"wall_s":10.598026927094907}
{"iteration":105,"score":5.086030218910995,"best":10.061497150387337,"gradient_rms":31.052669515355614,"update_rms":0.0,"accepted":false,"wall_s":10.549510339740664}
{"iteration":106,"score":5.086030218910972,"best":10.061497150387337,"gradient_rms":45.14017110518732,"update_rms":0.0,"accepted":false,"wall_s":10.547487362287939}
{"iteration":107,"score":5.086030218910902,"best":10.061497150387337,"gradient_rms":53.38016121224235,"update_rms":0.0,"accepted":false,"wall_s":10.979139162227511}
{"iteration":108,"score":5.086030218910916,"best":10.061497150387337,"gradient_rms":67.58491550779563,"update_rms":0.0,"accepted":false,"wall_s":10.578817796893418}
{"iteration":109,"score":5.086030218910924,"best":10.061497150387337,"gradient_rms":37.17709177916681,"update_rms":0.0,"accepted":false,"wall_s":10.176108445972204}
{"iteration":110,"score":5.08603021891093,"best":10.061497150387337,"gradient_rms":51.096577695054435,"update_rms":0.0,"accepted":false,"wall_s":9.918990592006594}
{"iteration":111,"score":5.0860302189109365,"best":10.061497150387337,"gradient_rms":41.49689494847629,"update_rms":0.0,"accepted":false,"wall_s":10.265005586203188}
{"iteration":112,"score":5.086030218910966,"best":10.061497150387337,"gradient_rms":78.35870694516868,"update_rms":0.0,"accepted":false,"wall_s":10.950671865139157}
{"iteration":113,"score":5.086030218910947,"best":10.061497150387337,"gradient_rms":47.76485955536694,"update_rms":0.0,"accepted":false,"wall_s":10.961812415160239}
{"iteration":114,"score":5.086030218910932,"best":10.061497150387337,"gradient_rms":41.52709630732114,"update_rms":0.0,"accepted":false,"wall_s":10.551679984666407}
{"iteration":115,"score":5.086030218910894,"best":10.061497150387337,"gradient_rms":45.994258432166404,"update_rms":0.0,"accepted":false,"wall_s":10.610068202018738}
{"iteration":116,"score":5.086030218910974,"best":10.061497150387337,"gradient_rms":42.628381630108755,"update_rms":0.0,"accepted":false,"wall_s":8.994741639122367}
{"iteration":117,"score":5.08603021891092,"best":10.061497150387337,"gradient_rms":49.65682124781538,"update_rms":0.0,"accepted":false,"wall_s":10.180699389893562}
{"iteration":118,"score":5.0860302189109365,"best":10.061497150387337,"gradient_rms":55.58560609304301,"update_rms":0.0,"accepted":false,"wall_s":10.19592689909041}
{"iteration":119,"score":5.086030218910937,"best":10.061497150387337,"gradient_rms":85.09352365299615,"update_rms":0.0,"accepted":false,"wall_s":10.554044649936259}
{"iteration":120,"score":5.086030218911029,"best":10.061497150387337,"gradient_rms":43.38865915372169,"update_rms":0.0,"accepted":false,"wall_s":10.562987145036459}
{"iteration":121,"score":5.0860302189109525,"best":10.061497150387337,"gradient_rms":61.841625552463135,"update_rms":0.0,"accepted":false,"wall_s":10.946872347034514}
{"iteration":122,"score":5.086030218910959,"best":10.061497150387337,"gradient_rms":36.54513713791233,"update_rms":0.0,"accepted":false,"wall_s":10.932323416229337}
{"iteration":123,"score":5.0860302189109525,"best":10.061497150387337,"gradient_rms":76.86821002952729,"update_rms":0.0,"accepted":false,"wall_s":10.591949361842126}
{"iteration":124,"score":5.08603021891099,"best":10.061497150387337,"gradient_rms":50.18043183044978,"update_rms":0.0,"accepted":false,"wall_s":11.342865635175258}
{"iteration":125,"score":5.086030218910948,"best":10.061497150387337,"gradient_rms":41.56927484494551,"update_rms":0.0,"accepted":false,"wall_s":9.762897032313049}
{"iteration":126,"score":5.086030218910955,"best":10.061497150387337,"gradient_rms":69.13748923386592,"update_rms":0.0,"accepted":false,"wall_s":10.1661918759346}
{"iteration":127,"score":5.086030218910926,"best":10.061497150387337,"gradient_rms":44.402959931467635,"update_rms":0.0,"accepted":false,"wall_s":10.551565821282566}
{"iteration":128,"score":5.086030218910999,"best":10.061497150387337,"gradient_rms":67.67410999172704,"update_rms":0.0,"accepted":false,"wall_s":10.541514828335494}
{"iteration":129,"score":5.086030218910966,"best":10.061497150387337,"gradient_rms":45.7373412756623,"update_rms":0.0,"accepted":false,"wall_s":10.192053779959679}
{"iteration":130,"score":5.08603021891092,"best":10.061497150387337,"gradient_rms":33.76799805490236,"update_rms":0.0,"accepted":false,"wall_s":11.134796157944947}
{"iteration":131,"score":5.0860302189110245,"best":10.061497150387337,"gradient_rms":44.88268399493674,"update_rms":0.0,"accepted":false,"wall_s":10.056329614017159}
{"iteration":132,"score":5.086030218910937,"best":10.061497150387337,"gradient_rms":47.425708921480926,"update_rms":0.0,"accepted":false,"wall_s":10.562810174189508}
{"iteration":133,"score":5.08603021891101,"best":10.061497150387337,"gradient_rms":44.92076842438005,"update_rms":0.0,"accepted":false,"wall_s":10.555660278070718}
{"iteration":134,"score":5.086030218910974,"best":10.061497150387337,"gradient_rms":61.33657629994606,"update_rms":0.0,"accepted":false,"wall_s":10.94930288894102}
{"iteration":135,"score":5.086030218910921,"best":10.061497150387337,"gradient_rms":67.84257758938722,"update_rms":0.0,"accepted":false,"wall_s":9.066143183968961}
{"iteration":136,"score":5.0860302189109285,"best":10.061497150387337,"gradient_rms":40.84235619993547,"update_rms":0.0,"accepted":false,"wall_s":10.95466521801427}
{"iteration":137,"score":5.086030218910918,"best":10.061497150387337,"gradient_rms":44.58104517542049,"update_rms":0.0,"accepted":false,"wall_s":10.966505771037191}
{"iteration":138,"score":5.086030218910926,"best":10.061497150387337,"gradient_rms":35.74704651680763,"update_rms":0.0,"accepted":false,"wall_s":10.172122310847044}
{"iteration":139,"score":5.086030218910988,"best":10.061497150387337,"gradient_rms":45.21448678962165,"update_rms":0.0,"accepted":false,"wall_s":10.568069971166551}
{"iteration":140,"score":5.086030218910947,"best":10.061497150387337,"gradient_rms":42.56117683602325,"update_rms":0.0,"accepted":false,"wall_s":10.606396044138819}
{"iteration":141,"score":5.086030218910909,"best":10.061497150387337,"gradient_rms":72.54437488482152,"update_rms":0.0,"accepted":false,"wall_s":10.576051595620811}
{"iteration":142,"score":5.08603021891092,"best":10.061497150387337,"gradient_rms":49.758863654907245,"update_rms":0.0,"accepted":false,"wall_s":10.481338897254318}
{"iteration":143,"score":5.086030218910931,"best":10.061497150387337,"gradient_rms":54.32000521162674,"update_rms":0.0,"accepted":false,"wall_s":10.77742994017899}
{"iteration":144,"score":5.086030218910902,"best":10.061497150387337,"gradient_rms":73.8290567395493,"update_rms":0.0,"accepted":false,"wall_s":9.796999972313643}
{"iteration":145,"score":5.086030218910979,"best":10.061497150387337,"gradient_rms":37.59555184730599,"update_rms":0.0,"accepted":false,"wall_s":10.568370974622667}
{"iteration":146,"score":5.086030218910935,"best":10.061497150387337,"gradient_rms":38.34866269023411,"update_rms":0.0,"accepted":false,"wall_s":11.317381579894572}
{"iteration":147,"score":5.086030218911011,"best":10.061497150387337,"gradient_rms":47.482878102891725,"update_rms":0.0,"accepted":false,"wall_s":10.670079173985869}
{"iteration":148,"score":5.086030218910895,"best":10.061497150387337,"gradient_rms":80.05024868146228,"update_rms":0.0,"accepted":false,"wall_s":10.633368735667318}
{"iteration":149,"score":5.086030218910979,"best":10.061497150387337,"gradient_rms":41.24863071795818,"update_rms":0.0,"accepted":false,"wall_s":10.597533945925534}
{"iteration":150,"score":5.086030218910957,"best":10.061497150387337,"gradient_rms":50.01605999920684,"update_rms":0.0,"accepted":false,"wall_s":11.103893824853003}
{"iteration":151,"score":5.086030218910927,"best":10.061497150387337,"gradient_rms":39.068763004110686,"update_rms":0.0,"accepted":false,"wall_s":10.612833599094301}
{"iteration":152,"score":5.086030218910927,"best":10.061497150387337,"gradient_rms":54.1867403941842,"update_rms":0.0,"accepted":false,"wall_s":9.44106541806832}
{"iteration":153,"score":5.086030218910961,"best":10.061497150387337,"gradient_rms":44.47960052376928,"update_rms":0.0,"accepted":false,"wall_s":10.171251310966909}
{"iteration":154,"score":5.086030218910902,"best":10.061497150387337,"gradient_rms":42.44391758170547,"update_rms":0.0,"accepted":false,"wall_s":10.567785935010761}
{"iteration":155,"score":5.086030218910953,"best":10.061497150387337,"gradient_rms":38.28340534279746,"update_rms":0.0,"accepted":false,"wall_s":10.652083144057542}
{"iteration":156,"score":5.086030218910955,"best":10.061497150387337,"gradient_rms":40.58840309397896,"update_rms":0.0,"accepted":false,"wall_s":10.958769199904054}
{"iteration":157,"score":5.086030218910956,"best":10.061497150387337,"gradient_rms":80.94901754739092,"update_rms":0.0,"accepted":false,"wall_s":10.187068643979728}
{"iteration":158,"score":5.086030218910977,"best":10.061497150387337,"gradient_rms":62.62723834339068,"update_rms":0.0,"accepted":false,"wall_s":10.962674720678478}
{"iteration":159,"score":5.086030218910939,"best":10.061497150387337,"gradient_rms":55.41416580357002,"update_rms":0.0,"accepted":false,"wall_s":9.515830687247217}
{"iteration":160,"score":5.086030218911002,"best":10.061497150387337,"gradient_rms":44.85869120835304,"update_rms":0.0,"accepted":false,"wall_s":9.399693742860109}
{"iteration":161,"score":5.086030218910902,"best":10.061497150387337,"gradient_rms":37.760777775119166,"update_rms":0.0,"accepted":false,"wall_s":9.834424661938101}
{"iteration":162,"score":5.08603021891096,"best":10.061497150387337,"gradient_rms":55.53326275474282,"update_rms":0.0,"accepted":false,"wall_s":11.33755683992058}
{"iteration":163,"score":5.08603021891096,"best":10.061497150387337,"gradient_rms":39.065893870284654,"update_rms":0.0,"accepted":false,"wall_s":11.574300543870777}
{"iteration":164,"score":5.0860302189109365,"best":10.061497150387337,"gradient_rms":79.98791822584315,"update_rms":0.0,"accepted":false,"wall_s":9.908833908848464}
{"iteration":165,"score":5.086030218910932,"best":10.061497150387337,"gradient_rms":46.45064694961875,"update_rms":0.0,"accepted":false,"wall_s":10.58078133687377}
{"iteration":166,"score":5.086030218910934,"best":10.061497150387337,"gradient_rms":35.716883129814,"update_rms":0.0,"accepted":false,"wall_s":10.964172387029976}
{"iteration":167,"score":5.08603021891093,"best":10.061497150387337,"gradient_rms":37.09413880978901,"update_rms":0.0,"accepted":false,"wall_s":10.578685315325856}
{"iteration":168,"score":5.08603021891093,"best":10.061497150387337,"gradient_rms":39.742848914751804,"update_rms":0.0,"accepted":false,"wall_s":10.251203401014209}
{"iteration":169,"score":5.086030218910942,"best":10.061497150387337,"gradient_rms":88.9645684969872,"update_rms":0.0,"accepted":false,"wall_s":10.190708449110389}
{"iteration":170,"score":5.086030218910898,"best":10.061497150387337,"gradient_rms":56.24610105937272,"update_rms":0.0,"accepted":false,"wall_s":10.638986911159009}
{"iteration":171,"score":5.086030218910955,"best":10.061497150387337,"gradient_rms":42.999318669896056,"update_rms":0.0,"accepted":false,"wall_s":10.96202150406316}
{"iteration":172,"score":5.08603021891096,"best":10.061497150387337,"gradient_rms":52.72913476124473,"update_rms":0.0,"accepted":false,"wall_s":10.950264227110893}
{"iteration":173,"score":5.086030218910913,"best":10.061497150387337,"gradient_rms":39.138288826706614,"update_rms":0.0,"accepted":false,"wall_s":10.656969076022506}
{"iteration":174,"score":5.0860302189109685,"best":10.061497150387337,"gradient_rms":41.56749028712234,"update_rms":0.0,"accepted":false,"wall_s":9.840818602126092}
{"iteration":175,"score":5.086030218910939,"best":10.061497150387337,"gradient_rms":50.98944174182886,"update_rms":0.0,"accepted":false,"wall_s":10.641232402063906}
{"iteration":176,"score":5.0860302189109055,"best":10.061497150387337,"gradient_rms":62.07937369319609,"update_rms":0.0,"accepted":false,"wall_s":9.447396410629153}
{"iteration":177,"score":5.086030218910904,"best":10.061497150387337,"gradient_rms":77.01315593566407,"update_rms":0.0,"accepted":false,"wall_s":10.209815972018987}
{"iteration":178,"score":5.086030218910975,"best":10.061497150387337,"gradient_rms":67.08785902153316,"update_rms":0.0,"accepted":false,"wall_s":10.167644624132663}
{"iteration":179,"score":5.0860302189109445,"best":10.061497150387337,"gradient_rms":55.65395852041257,"update_rms":0.0,"accepted":false,"wall_s":10.895654511172324}
{"iteration":180,"score":5.086030218910995,"best":10.061497150387337,"gradient_rms":75.43488940940556,"update_rms":0.0,"accepted":false,"wall_s":11.339583532884717}
{"iteration":181,"score":5.086030218910907,"best":10.061497150387337,"gradient_rms":35.14655353930491,"update_rms":0.0,"accepted":false,"wall_s":10.557687165215611}
{"iteration":182,"score":5.086030218910946,"best":10.061497150387337,"gradient_rms":45.61705803072316,"update_rms":0.0,"accepted":false,"wall_s":10.974575660191476}
{"iteration":183,"score":5.086030218910957,"best":10.061497150387337,"gradient_rms":62.528235564247105,"update_rms":0.0,"accepted":false,"wall_s":10.54562406707555}
{"iteration":184,"score":5.086030218910995,"best":10.061497150387337,"gradient_rms":55.33310606401184,"update_rms":0.0,"accepted":false,"wall_s":10.541439794003963}
{"iteration":185,"score":5.086030218910924,"best":10.061497150387337,"gradient_rms":97.52930553746975,"update_rms":0.0,"accepted":false,"wall_s":11.324323645792902}
{"iteration":186,"score":5.086030218910974,"best":10.061497150387337,"gradient_rms":51.167780105370795,"update_rms":0.0,"accepted":false,"wall_s":9.444550117012113}
{"iteration":187,"score":5.086030218910921,"best":10.061497150387337,"gradient_rms":46.125858733353276,"update_rms":0.0,"accepted":false,"wall_s":10.240935844834894}
{"iteration":188,"score":5.0860302189109445,"best":10.061497150387337,"gradient_rms":46.51307938975965,"update_rms":0.0,"accepted":false,"wall_s":11.082483746111393}
{"iteration":189,"score":5.0860302189109685,"best":10.061497150387337,"gradient_rms":54.44586844665424,"update_rms":0.0,"accepted":false,"wall_s":10.78782085608691}
{"iteration":190,"score":5.08603021891093,"best":10.061497150387337,"gradient_rms":35.04960112470695,"update_rms":0.0,"accepted":false,"wall_s":11.094332034233958}
{"iteration":191,"score":5.086030218910901,"best":10.061497150387337,"gradient_rms":60.213985973413834,"update_rms":0.0,"accepted":false,"wall_s":10.954053479712456}
{"iteration":192,"score":5.086030218910916,"best":10.061497150387337,"gradient_rms":42.18483497698904,"update_rms":0.0,"accepted":false,"wall_s":10.592775526922196}
{"iteration":193,"score":5.086030218910915,"best":10.061497150387337,"gradient_rms":80.25492250588195,"update_rms":0.0,"accepted":false,"wall_s":9.844824368134141}
{"iteration":194,"score":5.086030218910963,"best":10.061497150387337,"gradient_rms":71.88150429091495,"update_rms":0.0,"accepted":false,"wall_s":11.04105298500508}
{"iteration":195,"score":5.086030218911001,"best":10.061497150387337,"gradient_rms":80.63814636771257,"update_rms":0.0,"accepted":false,"wall_s":10.232849403750151}
{"iteration":196,"score":5.086030218910979,"best":10.061497150387337,"gradient_rms":63.25559356415978,"update_rms":0.0,"accepted":false,"wall_s":10.56146948505193}
{"iteration":197,"score":5.08603021891097,"best":10.061497150387337,"gradient_rms":85.98708832379553,"update_rms":0.0,"accepted":false,"wall_s":9.790398343000561}
{"iteration":198,"score":5.086030218910927,"best":10.061497150387337,"gradient_rms":53.198388123514576,"update_rms":0.0,"accepted":false,"wall_s":10.167021957691759}
{"iteration":199,"score":5.086030218910983,"best":10.061497150387337,"gradient_rms":51.232820301533934,"update_rms":0.0,"accepted":false,"wall_s":10.575507518369704}
{"iteration":200,"score":5.086030218910959,"best":10.061497150387337,"gradient_rms":53.82405601225941,"update_rms":0.0,"accepted":false,"wall_s":10.76261656312272}
{
  "status": "ok",
  "stop_reason": "completed_iterations",
  "initial_score": 5.189302113313428,
  "final_score": 5.086030218910959,
  "best_score": 10.061497150387337,
  "best_iteration": 4,
  "completed_iterations": 200,
  "completed_adam_steps": 7,
  "completed_optimizer_steps": 7,
  "total_wall_s": 2074.2788300537504,
  "initial_decode_wall_s": 0.0009538042359054089,
  "initial_score_wall_s": 0.8936439868994057,
  "mean_iteration_wall_s": 10.366633524133357,
  "manifest": {
    "protocol": {
      "id": "unregistered-experimental",
      "status": "unregistered-experimental",
      "stage": "optimization",
      "requirements": {
        "native_score_abi": 11,
        "native_score_library_sha256": "1c6c78b0dee662233215a56dbdc1e50b8ed29f2d0eee9ae8c4ff7d0403b895ed"
      },
      "actual": {
        "parameter_space": "data",
        "optimizer": "adam",
        "iterations": 200,
        "directions": 64,
        "perturbation": 0.0025,
        "learning_rate": 0.01,
        "beta1": 0.7,
        "beta2": 0.999,
        "flow_steps": 128,
        "gradient_mode": "random-orthogonal",
        "difference": "centered",
        "native_score_abi": 11,
        "native_score_library_sha256": "7b21e66329a23f18ef3cfab408d0a21410acea3c8d10d8b2463ccee7f5a3969f",
        "data_start_mode": "exact-unclipped"
      },
      "differences_from_current": {
        "perturbation": {
          "expected": 0.005,
          "actual": 0.0025
        },
        "learning_rate": {
          "expected": 0.02,
          "actual": 0.01
        },
        "parameter_space": {
          "expected": "latent",
          "actual": "data"
        },
        "native_score_library_sha256": {
          "expected": "1c6c78b0dee662233215a56dbdc1e50b8ed29f2d0eee9ae8c4ff7d0403b895ed",
          "actual": "7b21e66329a23f18ef3cfab408d0a21410acea3c8d10d8b2463ccee7f5a3969f"
        },
        "data_start_mode": {
          "expected": "not-applicable",
          "actual": "exact-unclipped"
        }
      }
    },
    "repository": {
      "commit": "70a1102829da50d9054d929d1cd7073780909268",
      "tracked_dirty": false,
      "available": true
    },
    "algorithm": "adam_with_query_batched_local_gradient",
    "optimizer": "adam",
    "parameter_space": "data",
    "gradient_objective": "dynamic local full-density score with coordinate and maximum-surface-selection derivatives omitted",
    "formal_objective": "complete native QH score for every accepted center",
    "initial_case": "/home/scc/pb24511935/local_surface_evaluator_runs/axisflip_r012_curvature_r04_adam200_20260903_70a1102/incomplete/axisflip_r012_case_0000028.worker4.3478829.partial/start.json",
    "initial_case_sha256": "0264f0ae455f10bd29b83d73b400bf0b37b37f2583cfab05c078357d872827be",
    "checkpoint": "/home/scc/pb24511935/local_surface_evaluator/runs/qh_flow_physical_lr_longselect_20260729/lr_3em4/checkpoint_latest.pt",
    "checkpoint_sha256": "39a3293a459e248a0d1ec062607a1a467128b14d8ca973aadd82e113532ab99f",
    "checkpoint_expectation": {
      "step": 30000,
      "sha256": null
    },
    "native_lib": "/home/scc/pb24511935/local_surface_evaluator_runs/axisflip_r012_curvature_r04_adam200_20260903_70a1102/build_curvature_r04/libstellarator_gpu.so",
    "native_lib_sha256": "7b21e66329a23f18ef3cfab408d0a21410acea3c8d10d8b2463ccee7f5a3969f",
    "native_score": {
      "abi": 11,
      "validated_default_library_sha256": "1c6c78b0dee662233215a56dbdc1e50b8ed29f2d0eee9ae8c4ff7d0403b895ed"
    },
    "nfp": 8,
    "n_base_coils": 3,
    "target_helicity": [
      1,
      8
    ],
    "iterations": 200,
    "max_wall_s": 26649.227735,
    "flow": {
      "method": "rk4",
      "steps": 128,
      "dtype": "fp32",
      "use": "none"
    },
    "flow_pipeline": false,
    "coordinate_gradient": {
      "dimension": 300,
      "mode": "random-orthogonal",
      "random_directions": 64,
      "endpoint_count": 128,
      "perturbation": 0.0025,
      "difference": "centered",
      "psi_grid": 48,
      "psi_iterations": 4,
      "alpha_iterations": 4,
      "formal_surface_theta_count": 128,
      "local_surface_theta_count": 64
    },
    "adam": {
      "learning_rate": 0.01,
      "beta1": 0.7,
      "beta2": 0.999,
      "epsilon": 1e-08,
      "weight_decay": 0.0
    },
    "bfgs": {
      "initial_trust_rms": 0.01,
      "min_trust_rms": 1e-05,
      "max_trust_rms": 0.05,
      "trust_growth": 1.2,
      "trust_shrink": 0.5,
      "min_improvement": 0.0
    },
    "seed": 120260934,
    "axis_policy": "recorded strict mixed-precision continuation from step 0",
    "recorded_initial_score_tolerance": 0.1,
    "devices": {
      "flow": 0,
      "score": 0
    },
    "initial_metadata_keys": [
      "data_prior_screening",
      "nfp",
      "raw"
    ],
    "data_parameterization": {
      "definition": "per-coordinate training-set standardization",
      "physical_mapping": "CoilNormalizer.inverse with canonical current L1/sign",
      "initial_source": "direct analytic-prior geometry with unclipped coordinates",
      "data_start_mode": "exact-unclipped",
      "initial_clipped_fraction": 0.0,
      "initial_roundtrip_relative_rms": 0.0,
      "flow_calls_after_initialization": 0
    },
    "initial_consistency_gate": {
      "recorded_score": 5.188702020421092,
      "optimizer_score": 5.189302113313428,
      "absolute_delta": 0.0006000928923359794,
      "tolerance": 0.1,
      "recorded_axis_hint": [
        1.0854247704692808,
        -3.2962468759563406e-09
      ],
      "optimizer_axis": [
        1.0854247704692808,
        -3.2962468759563406e-09
      ],
      "axis_hint_distance": 0.0
    }
  }
}
