Traceback (most recent call last):
  File "/public/app/miniconda3/py312_24.4.0-0/lib/python3.12/multiprocessing/util.py", line 303, in _run_finalizers
    finalizer()
  File "/public/app/miniconda3/py312_24.4.0-0/lib/python3.12/multiprocessing/util.py", line 227, in __call__
    res = self._callback(*self._args, **self._kwargs)
          ^^^^^^^^^^^^^^^^^^^^^^^^^^^^^^^^^^^^^^^^^^^
  File "/public/app/miniconda3/py312_24.4.0-0/lib/python3.12/multiprocessing/synchronize.py", line 87, in _cleanup
    sem_unlink(name)
FileNotFoundError: [Errno 2] No such file or directory
Traceback (most recent call last):
  File "/public/app/miniconda3/py312_24.4.0-0/lib/python3.12/multiprocessing/util.py", line 303, in _run_finalizers
    finalizer()
  File "/public/app/miniconda3/py312_24.4.0-0/lib/python3.12/multiprocessing/util.py", line 227, in __call__
    res = self._callback(*self._args, **self._kwargs)
          ^^^^^^^^^^^^^^^^^^^^^^^^^^^^^^^^^^^^^^^^^^^
  File "/public/app/miniconda3/py312_24.4.0-0/lib/python3.12/multiprocessing/synchronize.py", line 87, in _cleanup
    sem_unlink(name)
FileNotFoundError: [Errno 2] No such file or directory
Traceback (most recent call last):
  File "/public/app/miniconda3/py312_24.4.0-0/lib/python3.12/multiprocessing/util.py", line 303, in _run_finalizers
    finalizer()
  File "/public/app/miniconda3/py312_24.4.0-0/lib/python3.12/multiprocessing/util.py", line 227, in __call__
    res = self._callback(*self._args, **self._kwargs)
          ^^^^^^^^^^^^^^^^^^^^^^^^^^^^^^^^^^^^^^^^^^^
  File "/public/app/miniconda3/py312_24.4.0-0/lib/python3.12/multiprocessing/synchronize.py", line 87, in _cleanup
    sem_unlink(name)
FileNotFoundError: [Errno 2] No such file or directory
Traceback (most recent call last):
  File "/public/app/miniconda3/py312_24.4.0-0/lib/python3.12/multiprocessing/util.py", line 303, in _run_finalizers
    finalizer()
  File "/public/app/miniconda3/py312_24.4.0-0/lib/python3.12/multiprocessing/util.py", line 227, in __call__
    res = self._callback(*self._args, **self._kwargs)
          ^^^^^^^^^^^^^^^^^^^^^^^^^^^^^^^^^^^^^^^^^^^
  File "/public/app/miniconda3/py312_24.4.0-0/lib/python3.12/multiprocessing/synchronize.py", line 87, in _cleanup
    sem_unlink(name)
FileNotFoundError: [Errno 2] No such file or directory
Traceback (most recent call last):
  File "/public/app/miniconda3/py312_24.4.0-0/lib/python3.12/multiprocessing/util.py", line 303, in _run_finalizers
    finalizer()
  File "/public/app/miniconda3/py312_24.4.0-0/lib/python3.12/multiprocessing/util.py", line 227, in __call__
    res = self._callback(*self._args, **self._kwargs)
          ^^^^^^^^^^^^^^^^^^^^^^^^^^^^^^^^^^^^^^^^^^^
  File "/public/app/miniconda3/py312_24.4.0-0/lib/python3.12/multiprocessing/synchronize.py", line 87, in _cleanup
    sem_unlink(name)
FileNotFoundError: [Errno 2] No such file or directory
Traceback (most recent call last):
  File "/public/app/miniconda3/py312_24.4.0-0/lib/python3.12/multiprocessing/util.py", line 303, in _run_finalizers
    finalizer()
  File "/public/app/miniconda3/py312_24.4.0-0/lib/python3.12/multiprocessing/util.py", line 227, in __call__
    res = self._callback(*self._args, **self._kwargs)
          ^^^^^^^^^^^^^^^^^^^^^^^^^^^^^^^^^^^^^^^^^^^
  File "/public/app/miniconda3/py312_24.4.0-0/lib/python3.12/multiprocessing/synchronize.py", line 87, in _cleanup
    sem_unlink(name)
FileNotFoundError: [Errno 2] No such file or directory
/public/app/miniconda3/py312_24.4.0-0/lib/python3.12/multiprocessing/resource_tracker.py:254: UserWarning: resource_tracker: There appear to be 6 leaked semaphore objects to clean up at shutdown
  warnings.warn('resource_tracker: There appear to be %d '
/public/app/miniconda3/py312_24.4.0-0/lib/python3.12/multiprocessing/resource_tracker.py:267: UserWarning: resource_tracker: '/mp-krqfz7jk': [Errno 2] No such file or directory
  warnings.warn('resource_tracker: %r: %s' % (name, e))
/public/app/miniconda3/py312_24.4.0-0/lib/python3.12/multiprocessing/resource_tracker.py:267: UserWarning: resource_tracker: '/mp-5vz56sfw': [Errno 2] No such file or directory
  warnings.warn('resource_tracker: %r: %s' % (name, e))
/public/app/miniconda3/py312_24.4.0-0/lib/python3.12/multiprocessing/resource_tracker.py:267: UserWarning: resource_tracker: '/mp-h3gmueuk': [Errno 2] No such file or directory
  warnings.warn('resource_tracker: %r: %s' % (name, e))
/public/app/miniconda3/py312_24.4.0-0/lib/python3.12/multiprocessing/resource_tracker.py:267: UserWarning: resource_tracker: '/mp-znx6r7gu': [Errno 2] No such file or directory
  warnings.warn('resource_tracker: %r: %s' % (name, e))
/public/app/miniconda3/py312_24.4.0-0/lib/python3.12/multiprocessing/resource_tracker.py:267: UserWarning: resource_tracker: '/mp-78ecxvbh': [Errno 2] No such file or directory
  warnings.warn('resource_tracker: %r: %s' % (name, e))
/public/app/miniconda3/py312_24.4.0-0/lib/python3.12/multiprocessing/resource_tracker.py:267: UserWarning: resource_tracker: '/mp-stfqh2cw': [Errno 2] No such file or directory
  warnings.warn('resource_tracker: %r: %s' % (name, e))
