Exception ignored in: <Finalize object, dead>
Traceback (most recent call last):
  File "/public/app/miniconda3/py312_24.4.0-0/lib/python3.12/multiprocessing/util.py", line 227, in __call__
    res = self._callback(*self._args, **self._kwargs)
          ^^^^^^^^^^^^^^^^^^^^^^^^^^^^^^^^^^^^^^^^^^^
  File "/public/app/miniconda3/py312_24.4.0-0/lib/python3.12/multiprocessing/synchronize.py", line 87, in _cleanup
    sem_unlink(name)
FileNotFoundError: [Errno 2] No such file or directory
Exception ignored in: <Finalize object, dead>
Traceback (most recent call last):
  File "/public/app/miniconda3/py312_24.4.0-0/lib/python3.12/multiprocessing/util.py", line 227, in __call__
    res = self._callback(*self._args, **self._kwargs)
          ^^^^^^^^^^^^^^^^^^^^^^^^^^^^^^^^^^^^^^^^^^^
  File "/public/app/miniconda3/py312_24.4.0-0/lib/python3.12/multiprocessing/synchronize.py", line 87, in _cleanup
    sem_unlink(name)
FileNotFoundError: [Errno 2] No such file or directory
Exception ignored in: <Finalize object, dead>
Traceback (most recent call last):
  File "/public/app/miniconda3/py312_24.4.0-0/lib/python3.12/multiprocessing/util.py", line 227, in __call__
    res = self._callback(*self._args, **self._kwargs)
          ^^^^^^^^^^^^^^^^^^^^^^^^^^^^^^^^^^^^^^^^^^^
  File "/public/app/miniconda3/py312_24.4.0-0/lib/python3.12/multiprocessing/synchronize.py", line 87, in _cleanup
    sem_unlink(name)
FileNotFoundError: [Errno 2] No such file or directory
Exception ignored in: <Finalize object, dead>
Traceback (most recent call last):
  File "/public/app/miniconda3/py312_24.4.0-0/lib/python3.12/multiprocessing/util.py", line 227, in __call__
    res = self._callback(*self._args, **self._kwargs)
          ^^^^^^^^^^^^^^^^^^^^^^^^^^^^^^^^^^^^^^^^^^^
  File "/public/app/miniconda3/py312_24.4.0-0/lib/python3.12/multiprocessing/synchronize.py", line 87, in _cleanup
    sem_unlink(name)
FileNotFoundError: [Errno 2] No such file or directory
Exception ignored in: <Finalize object, dead>
Traceback (most recent call last):
  File "/public/app/miniconda3/py312_24.4.0-0/lib/python3.12/multiprocessing/util.py", line 227, in __call__
    res = self._callback(*self._args, **self._kwargs)
          ^^^^^^^^^^^^^^^^^^^^^^^^^^^^^^^^^^^^^^^^^^^
  File "/public/app/miniconda3/py312_24.4.0-0/lib/python3.12/multiprocessing/synchronize.py", line 87, in _cleanup
    sem_unlink(name)
FileNotFoundError: [Errno 2] No such file or directory
Exception ignored in: <Finalize object, dead>
Traceback (most recent call last):
  File "/public/app/miniconda3/py312_24.4.0-0/lib/python3.12/multiprocessing/util.py", line 227, in __call__
    res = self._callback(*self._args, **self._kwargs)
          ^^^^^^^^^^^^^^^^^^^^^^^^^^^^^^^^^^^^^^^^^^^
  File "/public/app/miniconda3/py312_24.4.0-0/lib/python3.12/multiprocessing/synchronize.py", line 87, in _cleanup
    sem_unlink(name)
FileNotFoundError: [Errno 2] No such file or directory
/public/app/miniconda3/py312_24.4.0-0/lib/python3.12/multiprocessing/resource_tracker.py:254: UserWarning: resource_tracker: There appear to be 6 leaked semaphore objects to clean up at shutdown
  warnings.warn('resource_tracker: There appear to be %d '
/public/app/miniconda3/py312_24.4.0-0/lib/python3.12/multiprocessing/resource_tracker.py:267: UserWarning: resource_tracker: '/mp-p2e8lx48': [Errno 2] No such file or directory
  warnings.warn('resource_tracker: %r: %s' % (name, e))
/public/app/miniconda3/py312_24.4.0-0/lib/python3.12/multiprocessing/resource_tracker.py:267: UserWarning: resource_tracker: '/mp-prsnhtbl': [Errno 2] No such file or directory
  warnings.warn('resource_tracker: %r: %s' % (name, e))
/public/app/miniconda3/py312_24.4.0-0/lib/python3.12/multiprocessing/resource_tracker.py:267: UserWarning: resource_tracker: '/mp-pfl3q0xf': [Errno 2] No such file or directory
  warnings.warn('resource_tracker: %r: %s' % (name, e))
/public/app/miniconda3/py312_24.4.0-0/lib/python3.12/multiprocessing/resource_tracker.py:267: UserWarning: resource_tracker: '/mp-s4fjizck': [Errno 2] No such file or directory
  warnings.warn('resource_tracker: %r: %s' % (name, e))
/public/app/miniconda3/py312_24.4.0-0/lib/python3.12/multiprocessing/resource_tracker.py:267: UserWarning: resource_tracker: '/mp-auctea9a': [Errno 2] No such file or directory
  warnings.warn('resource_tracker: %r: %s' % (name, e))
/public/app/miniconda3/py312_24.4.0-0/lib/python3.12/multiprocessing/resource_tracker.py:267: UserWarning: resource_tracker: '/mp-flkbksdx': [Errno 2] No such file or directory
  warnings.warn('resource_tracker: %r: %s' % (name, e))
