Traceback (most recent call last):
  File "/public/app/miniconda3/py312_24.4.0-0/lib/python3.12/multiprocessing/util.py", line 303, in _run_finalizers
    finalizer()
  File "/public/app/miniconda3/py312_24.4.0-0/lib/python3.12/multiprocessing/util.py", line 227, in __call__
    res = self._callback(*self._args, **self._kwargs)
          ^^^^^^^^^^^^^^^^^^^^^^^^^^^^^^^^^^^^^^^^^^^
  File "/public/app/miniconda3/py312_24.4.0-0/lib/python3.12/multiprocessing/synchronize.py", line 87, in _cleanup
    sem_unlink(name)
FileNotFoundError: [Errno 2] No such file or directory
Traceback (most recent call last):
  File "/public/app/miniconda3/py312_24.4.0-0/lib/python3.12/multiprocessing/util.py", line 303, in _run_finalizers
    finalizer()
  File "/public/app/miniconda3/py312_24.4.0-0/lib/python3.12/multiprocessing/util.py", line 227, in __call__
    res = self._callback(*self._args, **self._kwargs)
          ^^^^^^^^^^^^^^^^^^^^^^^^^^^^^^^^^^^^^^^^^^^
  File "/public/app/miniconda3/py312_24.4.0-0/lib/python3.12/multiprocessing/synchronize.py", line 87, in _cleanup
    sem_unlink(name)
FileNotFoundError: [Errno 2] No such file or directory
Traceback (most recent call last):
  File "/public/app/miniconda3/py312_24.4.0-0/lib/python3.12/multiprocessing/util.py", line 303, in _run_finalizers
    finalizer()
  File "/public/app/miniconda3/py312_24.4.0-0/lib/python3.12/multiprocessing/util.py", line 227, in __call__
    res = self._callback(*self._args, **self._kwargs)
          ^^^^^^^^^^^^^^^^^^^^^^^^^^^^^^^^^^^^^^^^^^^
  File "/public/app/miniconda3/py312_24.4.0-0/lib/python3.12/multiprocessing/synchronize.py", line 87, in _cleanup
    sem_unlink(name)
FileNotFoundError: [Errno 2] No such file or directory
Traceback (most recent call last):
  File "/public/app/miniconda3/py312_24.4.0-0/lib/python3.12/multiprocessing/util.py", line 303, in _run_finalizers
    finalizer()
  File "/public/app/miniconda3/py312_24.4.0-0/lib/python3.12/multiprocessing/util.py", line 227, in __call__
    res = self._callback(*self._args, **self._kwargs)
          ^^^^^^^^^^^^^^^^^^^^^^^^^^^^^^^^^^^^^^^^^^^
  File "/public/app/miniconda3/py312_24.4.0-0/lib/python3.12/multiprocessing/synchronize.py", line 87, in _cleanup
    sem_unlink(name)
FileNotFoundError: [Errno 2] No such file or directory
Traceback (most recent call last):
  File "/public/app/miniconda3/py312_24.4.0-0/lib/python3.12/multiprocessing/util.py", line 303, in _run_finalizers
    finalizer()
  File "/public/app/miniconda3/py312_24.4.0-0/lib/python3.12/multiprocessing/util.py", line 227, in __call__
    res = self._callback(*self._args, **self._kwargs)
          ^^^^^^^^^^^^^^^^^^^^^^^^^^^^^^^^^^^^^^^^^^^
  File "/public/app/miniconda3/py312_24.4.0-0/lib/python3.12/multiprocessing/synchronize.py", line 87, in _cleanup
    sem_unlink(name)
FileNotFoundError: [Errno 2] No such file or directory
Traceback (most recent call last):
  File "/public/app/miniconda3/py312_24.4.0-0/lib/python3.12/multiprocessing/util.py", line 303, in _run_finalizers
    finalizer()
  File "/public/app/miniconda3/py312_24.4.0-0/lib/python3.12/multiprocessing/util.py", line 227, in __call__
    res = self._callback(*self._args, **self._kwargs)
          ^^^^^^^^^^^^^^^^^^^^^^^^^^^^^^^^^^^^^^^^^^^
  File "/public/app/miniconda3/py312_24.4.0-0/lib/python3.12/multiprocessing/synchronize.py", line 87, in _cleanup
    sem_unlink(name)
FileNotFoundError: [Errno 2] No such file or directory
/public/app/miniconda3/py312_24.4.0-0/lib/python3.12/multiprocessing/resource_tracker.py:254: UserWarning: resource_tracker: There appear to be 6 leaked semaphore objects to clean up at shutdown
  warnings.warn('resource_tracker: There appear to be %d '
/public/app/miniconda3/py312_24.4.0-0/lib/python3.12/multiprocessing/resource_tracker.py:267: UserWarning: resource_tracker: '/mp-whk2_qy7': [Errno 2] No such file or directory
  warnings.warn('resource_tracker: %r: %s' % (name, e))
/public/app/miniconda3/py312_24.4.0-0/lib/python3.12/multiprocessing/resource_tracker.py:267: UserWarning: resource_tracker: '/mp-wb6kjl1z': [Errno 2] No such file or directory
  warnings.warn('resource_tracker: %r: %s' % (name, e))
/public/app/miniconda3/py312_24.4.0-0/lib/python3.12/multiprocessing/resource_tracker.py:267: UserWarning: resource_tracker: '/mp-uar049yb': [Errno 2] No such file or directory
  warnings.warn('resource_tracker: %r: %s' % (name, e))
/public/app/miniconda3/py312_24.4.0-0/lib/python3.12/multiprocessing/resource_tracker.py:267: UserWarning: resource_tracker: '/mp-ce1onisj': [Errno 2] No such file or directory
  warnings.warn('resource_tracker: %r: %s' % (name, e))
/public/app/miniconda3/py312_24.4.0-0/lib/python3.12/multiprocessing/resource_tracker.py:267: UserWarning: resource_tracker: '/mp-7zo8rchk': [Errno 2] No such file or directory
  warnings.warn('resource_tracker: %r: %s' % (name, e))
/public/app/miniconda3/py312_24.4.0-0/lib/python3.12/multiprocessing/resource_tracker.py:267: UserWarning: resource_tracker: '/mp-71bxm8o0': [Errno 2] No such file or directory
  warnings.warn('resource_tracker: %r: %s' % (name, e))
