Traceback (most recent call last):
  File "/public/app/miniconda3/py312_24.4.0-0/lib/python3.12/multiprocessing/util.py", line 303, in _run_finalizers
    finalizer()
  File "/public/app/miniconda3/py312_24.4.0-0/lib/python3.12/multiprocessing/util.py", line 227, in __call__
    res = self._callback(*self._args, **self._kwargs)
          ^^^^^^^^^^^^^^^^^^^^^^^^^^^^^^^^^^^^^^^^^^^
  File "/public/app/miniconda3/py312_24.4.0-0/lib/python3.12/multiprocessing/synchronize.py", line 87, in _cleanup
    sem_unlink(name)
FileNotFoundError: [Errno 2] No such file or directory
Traceback (most recent call last):
  File "/public/app/miniconda3/py312_24.4.0-0/lib/python3.12/multiprocessing/util.py", line 303, in _run_finalizers
    finalizer()
  File "/public/app/miniconda3/py312_24.4.0-0/lib/python3.12/multiprocessing/util.py", line 227, in __call__
    res = self._callback(*self._args, **self._kwargs)
          ^^^^^^^^^^^^^^^^^^^^^^^^^^^^^^^^^^^^^^^^^^^
  File "/public/app/miniconda3/py312_24.4.0-0/lib/python3.12/multiprocessing/synchronize.py", line 87, in _cleanup
    sem_unlink(name)
FileNotFoundError: [Errno 2] No such file or directory
Traceback (most recent call last):
  File "/public/app/miniconda3/py312_24.4.0-0/lib/python3.12/multiprocessing/util.py", line 303, in _run_finalizers
    finalizer()
  File "/public/app/miniconda3/py312_24.4.0-0/lib/python3.12/multiprocessing/util.py", line 227, in __call__
    res = self._callback(*self._args, **self._kwargs)
          ^^^^^^^^^^^^^^^^^^^^^^^^^^^^^^^^^^^^^^^^^^^
  File "/public/app/miniconda3/py312_24.4.0-0/lib/python3.12/multiprocessing/synchronize.py", line 87, in _cleanup
    sem_unlink(name)
FileNotFoundError: [Errno 2] No such file or directory
Traceback (most recent call last):
  File "/public/app/miniconda3/py312_24.4.0-0/lib/python3.12/multiprocessing/util.py", line 303, in _run_finalizers
    finalizer()
  File "/public/app/miniconda3/py312_24.4.0-0/lib/python3.12/multiprocessing/util.py", line 227, in __call__
    res = self._callback(*self._args, **self._kwargs)
          ^^^^^^^^^^^^^^^^^^^^^^^^^^^^^^^^^^^^^^^^^^^
  File "/public/app/miniconda3/py312_24.4.0-0/lib/python3.12/multiprocessing/synchronize.py", line 87, in _cleanup
    sem_unlink(name)
FileNotFoundError: [Errno 2] No such file or directory
Traceback (most recent call last):
  File "/public/app/miniconda3/py312_24.4.0-0/lib/python3.12/multiprocessing/util.py", line 303, in _run_finalizers
    finalizer()
  File "/public/app/miniconda3/py312_24.4.0-0/lib/python3.12/multiprocessing/util.py", line 227, in __call__
    res = self._callback(*self._args, **self._kwargs)
          ^^^^^^^^^^^^^^^^^^^^^^^^^^^^^^^^^^^^^^^^^^^
  File "/public/app/miniconda3/py312_24.4.0-0/lib/python3.12/multiprocessing/synchronize.py", line 87, in _cleanup
    sem_unlink(name)
FileNotFoundError: [Errno 2] No such file or directory
Traceback (most recent call last):
  File "/public/app/miniconda3/py312_24.4.0-0/lib/python3.12/multiprocessing/util.py", line 303, in _run_finalizers
    finalizer()
  File "/public/app/miniconda3/py312_24.4.0-0/lib/python3.12/multiprocessing/util.py", line 227, in __call__
    res = self._callback(*self._args, **self._kwargs)
          ^^^^^^^^^^^^^^^^^^^^^^^^^^^^^^^^^^^^^^^^^^^
  File "/public/app/miniconda3/py312_24.4.0-0/lib/python3.12/multiprocessing/synchronize.py", line 87, in _cleanup
    sem_unlink(name)
FileNotFoundError: [Errno 2] No such file or directory
