{"iteration":1,"score":10.173189838713713,"best":12.705562433925756,"gradient_rms":39.551747875497504,"update_rms":0.009999999985570772,"accepted":true,"wall_s":7.122433338314295}
{"iteration":2,"score":10.997301347834682,"best":12.705562433925756,"gradient_rms":18.85718965667874,"update_rms":0.006542441151781671,"accepted":true,"wall_s":6.651761904358864}
{"iteration":3,"score":19.37485217662696,"best":19.37485217662696,"gradient_rms":26.12703345100876,"update_rms":0.005626638312924007,"accepted":true,"wall_s":7.124066159129143}
{"iteration":4,"score":27.46817292335642,"best":27.46817292335642,"gradient_rms":23.820570556176467,"update_rms":0.005142127286488726,"accepted":true,"wall_s":7.175730898976326}
{"iteration":5,"score":32.877455265567,"best":32.877455265567,"gradient_rms":39.01482930496725,"update_rms":0.005529131860472063,"accepted":true,"wall_s":6.775376781821251}
{"iteration":6,"score":33.94378940155566,"best":33.94378940155566,"gradient_rms":51.94837516899658,"update_rms":0.0056968520162376714,"accepted":true,"wall_s":6.774949003010988}
{"iteration":7,"score":39.22055957224754,"best":39.22055957224754,"gradient_rms":34.752639254962006,"update_rms":0.0052426916546473015,"accepted":true,"wall_s":6.797773741185665}
{"iteration":8,"score":43.93866491291588,"best":43.93866491291588,"gradient_rms":56.46193557828621,"update_rms":0.0054832942273440885,"accepted":true,"wall_s":6.7847727835178375}
{"iteration":9,"score":46.91287151958338,"best":46.91287151958338,"gradient_rms":39.10744008195673,"update_rms":0.005136444314837753,"accepted":true,"wall_s":6.723915085196495}
{"iteration":10,"score":50.30931263782292,"best":50.30931263782292,"gradient_rms":38.75315150837848,"update_rms":0.0047117080435694954,"accepted":true,"wall_s":6.652775425463915}
{"iteration":11,"score":52.841127061098696,"best":52.841127061098696,"gradient_rms":45.17209127047546,"update_rms":0.004745345750197914,"accepted":true,"wall_s":6.6759875901043415}
{"iteration":12,"score":54.8679430992151,"best":54.8679430992151,"gradient_rms":44.822129883303134,"update_rms":0.00495583986221884,"accepted":true,"wall_s":6.671317271888256}
{"iteration":13,"score":56.8455763111228,"best":56.8455763111228,"gradient_rms":19.46397781475002,"update_rms":0.0039546509895208295,"accepted":true,"wall_s":6.653488360345364}
{"iteration":14,"score":58.586284304207844,"best":58.586284304207844,"gradient_rms":12.322226039453529,"update_rms":0.003212595391110075,"accepted":true,"wall_s":6.668506499379873}
{"iteration":15,"score":60.63550820428222,"best":60.63550820428222,"gradient_rms":9.982273006338236,"update_rms":0.0025875820231369075,"accepted":true,"wall_s":6.731175225228071}
{"iteration":16,"score":61.478934088478965,"best":61.478934088478965,"gradient_rms":12.50817425017965,"update_rms":0.0021755941797624028,"accepted":true,"wall_s":6.8037716299295425}
{"iteration":17,"score":62.135665971632505,"best":62.135665971632505,"gradient_rms":13.745338235377515,"update_rms":0.0021261036203778757,"accepted":true,"wall_s":6.808220338076353}
{"iteration":18,"score":62.76352370336983,"best":62.76352370336983,"gradient_rms":9.669494930298091,"update_rms":0.0018621467826345887,"accepted":true,"wall_s":6.800598658621311}
{"iteration":19,"score":63.221326983546454,"best":63.221326983546454,"gradient_rms":8.687097123707881,"update_rms":0.001604580974121492,"accepted":true,"wall_s":6.808814089745283}
{"iteration":20,"score":63.560044557154285,"best":63.560044557154285,"gradient_rms":7.156876987337182,"update_rms":0.0014455050495930425,"accepted":true,"wall_s":6.798114623874426}
{"iteration":21,"score":63.83409609708907,"best":63.83409609708907,"gradient_rms":5.649373719850412,"update_rms":0.0012739090055458723,"accepted":true,"wall_s":6.7323782704770565}
{"iteration":22,"score":63.96565765161275,"best":63.96565765161275,"gradient_rms":15.413504031798187,"update_rms":0.0019227234132250823,"accepted":true,"wall_s":6.661710444837809}
{"iteration":23,"score":64.12036177986658,"best":64.12036177986658,"gradient_rms":5.50799541780737,"update_rms":0.001497391853407379,"accepted":true,"wall_s":6.67300583422184}
{"iteration":24,"score":64.25083996064197,"best":64.25083996064197,"gradient_rms":4.180788126980085,"update_rms":0.0012039205733023865,"accepted":true,"wall_s":6.664137072861195}
{"iteration":25,"score":64.39171949218962,"best":64.39171949218962,"gradient_rms":7.985878608782268,"update_rms":0.0012144420209323117,"accepted":true,"wall_s":6.664130754768848}
{"iteration":26,"score":64.55754265251768,"best":64.55754265251768,"gradient_rms":6.719179642651271,"update_rms":0.0012335460965651,"accepted":true,"wall_s":6.6691535376012325}
{"iteration":27,"score":64.78541552694031,"best":64.78541552694031,"gradient_rms":5.930931760315666,"update_rms":0.0011843454331548929,"accepted":true,"wall_s":6.660357803106308}
{"iteration":28,"score":65.09033079169977,"best":65.09033079169977,"gradient_rms":6.928663463984114,"update_rms":0.0012016121483849785,"accepted":true,"wall_s":6.664474308490753}
{"iteration":29,"score":65.4996871629348,"best":65.4996871629348,"gradient_rms":10.803824423427404,"update_rms":0.0015883808175380383,"accepted":true,"wall_s":6.672654200345278}
{"iteration":30,"score":65.84609337958955,"best":65.84609337958955,"gradient_rms":8.32194895830525,"update_rms":0.0016251241172964275,"accepted":true,"wall_s":6.662779830396175}
{"iteration":31,"score":66.09295821443021,"best":66.09295821443021,"gradient_rms":7.397756307678152,"update_rms":0.0015613874657750607,"accepted":true,"wall_s":6.665622942149639}
{"iteration":32,"score":66.24578672123509,"best":66.24578672123509,"gradient_rms":8.355004236726865,"update_rms":0.0015782610561493682,"accepted":true,"wall_s":6.668149210512638}
{"iteration":33,"score":66.29993119862984,"best":66.29993119862984,"gradient_rms":8.369627084100825,"update_rms":0.0015661913667496326,"accepted":true,"wall_s":6.669084567576647}
{"iteration":34,"score":66.44076865843445,"best":66.44076865843445,"gradient_rms":13.133244634306322,"update_rms":0.0020304103977592195,"accepted":true,"wall_s":6.743629302829504}
{"iteration":35,"score":66.6187987763377,"best":66.6187987763377,"gradient_rms":13.704650573542775,"update_rms":0.002250139350161277,"accepted":true,"wall_s":6.7376846969127655}
{"iteration":36,"score":66.6390886528506,"best":66.6390886528506,"gradient_rms":8.407074863106029,"update_rms":0.0020301740501446,"accepted":true,"wall_s":6.670709442347288}
{"iteration":37,"score":66.62504715579011,"best":66.6390886528506,"gradient_rms":6.588117144477572,"update_rms":0.0016485191190485048,"accepted":true,"wall_s":6.689287610352039}
{"iteration":38,"score":66.75899374716393,"best":66.75899374716393,"gradient_rms":8.339902424952225,"update_rms":0.0016619775386780792,"accepted":true,"wall_s":6.671932086348534}
{"iteration":39,"score":66.97171347885852,"best":66.97171347885852,"gradient_rms":9.944469209402245,"update_rms":0.001865509219129299,"accepted":true,"wall_s":6.683872722089291}
{"iteration":40,"score":67.02970420727867,"best":67.02970420727867,"gradient_rms":12.535488483543393,"update_rms":0.002205359431067392,"accepted":true,"wall_s":6.742562759667635}
{"iteration":41,"score":67.15149477114382,"best":67.15149477114382,"gradient_rms":17.13608500877001,"update_rms":0.0028876995279798205,"accepted":true,"wall_s":6.815119747072458}
{"iteration":42,"score":67.24832893774129,"best":67.24832893774129,"gradient_rms":15.198075325049636,"update_rms":0.0028848677179889935,"accepted":true,"wall_s":6.807576425373554}
{"iteration":43,"score":67.41095705473309,"best":67.41095705473309,"gradient_rms":15.514768086348877,"update_rms":0.003176917932757402,"accepted":true,"wall_s":6.80903472751379}
{"iteration":44,"score":67.31705252668011,"best":67.41095705473309,"gradient_rms":14.142721688682181,"update_rms":0.002870572049518593,"accepted":true,"wall_s":6.809252291917801}
{"iteration":45,"score":67.15323446553383,"best":67.41095705473309,"gradient_rms":17.196830049285566,"update_rms":0.003221207782038279,"accepted":true,"wall_s":6.797152757644653}
{"iteration":46,"score":67.19820132107701,"best":67.41095705473309,"gradient_rms":14.69347058624101,"update_rms":0.003144128951955916,"accepted":true,"wall_s":6.801841359585524}
{"iteration":47,"score":67.37482233650306,"best":67.41095705473309,"gradient_rms":13.029141743079006,"update_rms":0.0028137801606364157,"accepted":true,"wall_s":6.791456814855337}
{"iteration":48,"score":67.79314844729421,"best":67.79314844729421,"gradient_rms":11.05323650748451,"update_rms":0.002660536917225958,"accepted":true,"wall_s":6.807752814143896}
{"iteration":49,"score":68.32537190703356,"best":68.32537190703356,"gradient_rms":18.069706260195595,"update_rms":0.002955566880769256,"accepted":true,"wall_s":6.808767564594746}
{"iteration":50,"score":68.58750771121123,"best":68.58750771121123,"gradient_rms":24.077726038919366,"update_rms":0.004065988678280057,"accepted":true,"wall_s":6.798390626907349}
{"iteration":51,"score":67.94225347658633,"best":68.58750771121123,"gradient_rms":34.069600820173996,"update_rms":0.0053517134904989844,"accepted":true,"wall_s":6.811276979744434}
{"iteration":52,"score":67.37755274026303,"best":68.58750771121123,"gradient_rms":29.994809806185124,"update_rms":0.005589690686684731,"accepted":true,"wall_s":6.822855908423662}
{"iteration":53,"score":66.82162839735223,"best":68.58750771121123,"gradient_rms":29.991956543853444,"update_rms":0.005627969116834978,"accepted":true,"wall_s":6.808848083019257}
{"iteration":54,"score":66.93266958722967,"best":68.58750771121123,"gradient_rms":30.539563651597376,"update_rms":0.005513233588160277,"accepted":true,"wall_s":6.80641720816493}
{"iteration":55,"score":66.99810367666487,"best":68.58750771121123,"gradient_rms":27.30076885358824,"update_rms":0.005299246508338885,"accepted":true,"wall_s":6.806112810969353}
{"iteration":56,"score":67.54661277436506,"best":68.58750771121123,"gradient_rms":21.891723762942387,"update_rms":0.004785179368718522,"accepted":true,"wall_s":6.811626452952623}
{"iteration":57,"score":68.3017002590485,"best":68.58750771121123,"gradient_rms":16.269851462229983,"update_rms":0.004226995536638613,"accepted":true,"wall_s":6.403182614594698}
{"iteration":58,"score":69.09878839185775,"best":69.09878839185775,"gradient_rms":12.584530690878083,"update_rms":0.0034941983158607737,"accepted":true,"wall_s":6.40792440623045}
{"iteration":59,"score":69.99239890827428,"best":69.99239890827428,"gradient_rms":12.552916018995008,"update_rms":0.003192091984419361,"accepted":true,"wall_s":6.408064272254705}
{"iteration":60,"score":70.54784474507849,"best":70.54784474507849,"gradient_rms":14.531212437467635,"update_rms":0.003213858916037821,"accepted":true,"wall_s":6.811083409935236}
{"iteration":61,"score":70.88804004987085,"best":70.88804004987085,"gradient_rms":14.861143078052564,"update_rms":0.003025865054717516,"accepted":true,"wall_s":6.812802288681269}
{"iteration":62,"score":70.74763150252952,"best":70.88804004987085,"gradient_rms":21.8981929752243,"update_rms":0.003669011988034277,"accepted":true,"wall_s":6.819934528321028}
{"iteration":63,"score":70.32854922520906,"best":70.88804004987085,"gradient_rms":18.963990953619472,"update_rms":0.003689496040661351,"accepted":true,"wall_s":6.804541852325201}
{"iteration":64,"score":69.64079059979628,"best":70.88804004987085,"gradient_rms":16.930899981832173,"update_rms":0.003394927177583212,"accepted":true,"wall_s":6.409004356712103}
{"iteration":65,"score":69.58297333875677,"best":70.88804004987085,"gradient_rms":19.049299395907436,"update_rms":0.0035379758785455823,"accepted":true,"wall_s":6.806269109249115}
{"iteration":66,"score":69.6471815277355,"best":70.88804004987085,"gradient_rms":17.188567040893858,"update_rms":0.0032212952233935215,"accepted":true,"wall_s":6.803642079234123}
{"iteration":67,"score":70.26795551834901,"best":70.88804004987085,"gradient_rms":19.857763673319823,"update_rms":0.0034003938725719576,"accepted":true,"wall_s":6.8078929632902145}
{"iteration":68,"score":70.63827602443897,"best":70.88804004987085,"gradient_rms":24.906260448257513,"update_rms":0.004228317354043847,"accepted":true,"wall_s":6.407205455005169}
{"iteration":69,"score":70.94895130058939,"best":70.94895130058939,"gradient_rms":30.78020513291019,"update_rms":0.005142484636740114,"accepted":true,"wall_s":6.802765127271414}
{"iteration":70,"score":71.40612154959766,"best":71.40612154959766,"gradient_rms":31.69525971852617,"update_rms":0.005715006211179132,"accepted":true,"wall_s":6.74465474113822}
{"iteration":71,"score":71.54608304124721,"best":71.54608304124721,"gradient_rms":36.07660631945511,"update_rms":0.0060952206837722005,"accepted":true,"wall_s":6.676343604922295}
{"iteration":72,"score":71.38321627013093,"best":71.54608304124721,"gradient_rms":24.62359675700162,"update_rms":0.005536438485898863,"accepted":true,"wall_s":6.746847454458475}
{"iteration":73,"score":71.66144716109635,"best":71.66144716109635,"gradient_rms":20.95544545749035,"update_rms":0.0046607250893517995,"accepted":true,"wall_s":6.747075472027063}
{"iteration":74,"score":72.39034433965953,"best":72.39034433965953,"gradient_rms":17.967664058181875,"update_rms":0.004219092483813712,"accepted":true,"wall_s":6.6937233209609985}
{"iteration":75,"score":72.58337033006336,"best":72.58337033006336,"gradient_rms":23.588851427900874,"update_rms":0.004529897738612635,"accepted":true,"wall_s":6.681827761232853}
{"iteration":76,"score":72.7338713346148,"best":72.7338713346148,"gradient_rms":22.81719178006485,"update_rms":0.0045017856444932456,"accepted":true,"wall_s":6.687958981841803}
{"iteration":77,"score":72.67854806821961,"best":72.7338713346148,"gradient_rms":22.78689147419235,"update_rms":0.004211298738495429,"accepted":true,"wall_s":6.273608066141605}
{"iteration":78,"score":72.96724386169072,"best":72.96724386169072,"gradient_rms":18.863227931445536,"update_rms":0.0039291469728161875,"accepted":true,"wall_s":6.276853155344725}
{"iteration":79,"score":73.00191694234726,"best":73.00191694234726,"gradient_rms":27.74756962664697,"update_rms":0.004549498627514741,"accepted":true,"wall_s":6.693068899214268}
{"iteration":80,"score":72.49559962904684,"best":73.00191694234726,"gradient_rms":26.368709924104824,"update_rms":0.0048904969940051154,"accepted":true,"wall_s":6.6814169473946095}
{"iteration":81,"score":72.00743437679422,"best":73.00191694234726,"gradient_rms":29.932232966063644,"update_rms":0.00534547540952872,"accepted":true,"wall_s":6.29158940911293}
{"iteration":82,"score":71.88935995209424,"best":73.00191694234726,"gradient_rms":30.720491718373857,"update_rms":0.005372159649144395,"accepted":true,"wall_s":6.684466741979122}
{"iteration":83,"score":71.56197642668876,"best":73.00191694234726,"gradient_rms":27.67229889235204,"update_rms":0.005158806725695101,"accepted":true,"wall_s":6.733484461903572}
{"iteration":84,"score":71.75921544686776,"best":73.00191694234726,"gradient_rms":19.69015283541177,"update_rms":0.004626444637031057,"accepted":true,"wall_s":6.812180899083614}
{"iteration":85,"score":72.4510200136965,"best":73.00191694234726,"gradient_rms":15.245706142505698,"update_rms":0.004028191706950005,"accepted":true,"wall_s":6.404500372707844}
{"iteration":86,"score":73.63792574743967,"best":73.63792574743967,"gradient_rms":13.482087865115986,"update_rms":0.0032833870953579334,"accepted":true,"wall_s":6.8037673607468605}
{"iteration":87,"score":74.15796165221275,"best":74.15796165221275,"gradient_rms":26.957744664796987,"update_rms":0.004156092210918672,"accepted":true,"wall_s":6.798603020608425}
{"iteration":88,"score":74.62192296051953,"best":74.62192296051953,"gradient_rms":27.55873238370181,"update_rms":0.004466979408636463,"accepted":true,"wall_s":6.802522633224726}
{"iteration":89,"score":74.61710111863825,"best":74.62192296051953,"gradient_rms":24.72824228283127,"update_rms":0.004637815987511963,"accepted":true,"wall_s":6.805943179875612}
{"iteration":90,"score":74.5484613234888,"best":74.62192296051953,"gradient_rms":31.191901464695725,"update_rms":0.0051015954781708775,"accepted":true,"wall_s":6.80164248496294}
{"iteration":91,"score":74.75105316085745,"best":74.75105316085745,"gradient_rms":20.99884940089976,"update_rms":0.004344702490494722,"accepted":true,"wall_s":6.81683099642396}
{"iteration":92,"score":74.89939351210326,"best":74.89939351210326,"gradient_rms":20.452602450688392,"update_rms":0.00400839353675987,"accepted":true,"wall_s":6.8043059557676315}
{"iteration":93,"score":74.69961954707529,"best":74.89939351210326,"gradient_rms":19.11691334915573,"update_rms":0.0038050755531768518,"accepted":true,"wall_s":6.805388391017914}
{"iteration":94,"score":74.46134915422924,"best":74.89939351210326,"gradient_rms":15.820871978169638,"update_rms":0.003448716200161264,"accepted":true,"wall_s":6.802858930081129}
{"iteration":95,"score":74.33630316684263,"best":74.89939351210326,"gradient_rms":13.49609975916254,"update_rms":0.003032217289309235,"accepted":true,"wall_s":6.80619503185153}
{"iteration":96,"score":74.79084035130195,"best":74.89939351210326,"gradient_rms":12.331813561421496,"update_rms":0.002671959735086721,"accepted":true,"wall_s":6.802698213607073}
{"iteration":97,"score":75.23740216711899,"best":75.23740216711899,"gradient_rms":15.70348896301611,"update_rms":0.0027584556758839577,"accepted":true,"wall_s":6.415709123015404}
{"iteration":98,"score":75.54612295899285,"best":75.54612295899285,"gradient_rms":15.4831275348704,"update_rms":0.002727472241007335,"accepted":true,"wall_s":6.832292057573795}
{"iteration":99,"score":75.91964198728411,"best":75.91964198728411,"gradient_rms":13.872221787279994,"update_rms":0.0026347763694271518,"accepted":true,"wall_s":6.828503258526325}
{"iteration":100,"score":76.24478110463875,"best":76.24478110463875,"gradient_rms":13.974106538275048,"update_rms":0.002522376099675896,"accepted":true,"wall_s":6.836955085396767}
{"iteration":101,"score":76.33714688559293,"best":76.33714688559293,"gradient_rms":23.277309033721455,"update_rms":0.003630396827331572,"accepted":true,"wall_s":6.425657734274864}
{"iteration":102,"score":76.32104827498179,"best":76.33714688559293,"gradient_rms":28.640462462814515,"update_rms":0.00458194711870402,"accepted":true,"wall_s":6.823699910193682}
{"iteration":103,"score":76.55698976056537,"best":76.55698976056537,"gradient_rms":26.391905790801825,"update_rms":0.004759497071436122,"accepted":true,"wall_s":6.823067106306553}
{"iteration":104,"score":77.06905157899118,"best":77.06905157899118,"gradient_rms":24.45736538388041,"update_rms":0.004592250846352924,"accepted":true,"wall_s":6.825312167406082}
{"iteration":105,"score":77.42680693594858,"best":77.42680693594858,"gradient_rms":16.955591617026183,"update_rms":0.0038543733629768993,"accepted":true,"wall_s":6.837196081876755}
{"iteration":106,"score":77.65378705940363,"best":77.65378705940363,"gradient_rms":22.633526843562183,"update_rms":0.004035273487613563,"accepted":true,"wall_s":6.8431230410933495}
{"iteration":107,"score":77.82538360142198,"best":77.82538360142198,"gradient_rms":23.230608308645905,"update_rms":0.00408247476271993,"accepted":true,"wall_s":6.823286723345518}
{"iteration":108,"score":77.7828238544804,"best":77.82538360142198,"gradient_rms":25.863907179359618,"update_rms":0.004477796732540208,"accepted":true,"wall_s":6.821626700460911}
{"iteration":109,"score":77.81153243946285,"best":77.82538360142198,"gradient_rms":26.930127604645577,"update_rms":0.004790293042017845,"accepted":true,"wall_s":6.821524038910866}
{"iteration":110,"score":77.81728354795821,"best":77.82538360142198,"gradient_rms":28.636201592711018,"update_rms":0.00508583731106467,"accepted":true,"wall_s":6.825741544365883}
{"iteration":111,"score":77.56816926859962,"best":77.82538360142198,"gradient_rms":21.59237810938611,"update_rms":0.004634297763043966,"accepted":true,"wall_s":6.843587428331375}
{"iteration":112,"score":76.92684456338858,"best":77.82538360142198,"gradient_rms":18.141543203168293,"update_rms":0.0037793154061485533,"accepted":true,"wall_s":6.835025191307068}
{"iteration":113,"score":76.38318849122884,"best":77.82538360142198,"gradient_rms":14.884295120255617,"update_rms":0.0033846243092391505,"accepted":true,"wall_s":6.813106615096331}
{"iteration":114,"score":76.5911241542604,"best":77.82538360142198,"gradient_rms":15.83410834237893,"update_rms":0.0031243022999347227,"accepted":true,"wall_s":6.801767200231552}
{"iteration":115,"score":76.97277904914856,"best":77.82538360142198,"gradient_rms":13.5039883591949,"update_rms":0.0027893965851100194,"accepted":true,"wall_s":6.8029655404388905}
{"iteration":116,"score":77.37045792467929,"best":77.82538360142198,"gradient_rms":16.76125741947507,"update_rms":0.0030386869752782597,"accepted":true,"wall_s":6.810949377715588}
{"iteration":117,"score":77.45311214279758,"best":77.82538360142198,"gradient_rms":21.45385632492762,"update_rms":0.0036023386178921234,"accepted":true,"wall_s":6.822039257735014}
{"iteration":118,"score":77.66036544333642,"best":77.82538360142198,"gradient_rms":22.55790764439495,"update_rms":0.003967913164637148,"accepted":true,"wall_s":6.8143856674432755}
{"iteration":119,"score":77.67416723076718,"best":77.82538360142198,"gradient_rms":24.95055739478529,"update_rms":0.0043460107647182,"accepted":true,"wall_s":6.808192133903503}
{"iteration":120,"score":77.36334211802074,"best":77.82538360142198,"gradient_rms":30.937219807382757,"update_rms":0.00511610797963487,"accepted":true,"wall_s":6.810798045247793}
{"iteration":121,"score":77.3505953829484,"best":77.82538360142198,"gradient_rms":26.161110438310722,"update_rms":0.005110935645163737,"accepted":true,"wall_s":6.828432898968458}
{"iteration":122,"score":77.33590026413263,"best":77.82538360142198,"gradient_rms":21.403620915910185,"update_rms":0.004778368221783221,"accepted":true,"wall_s":6.821542359888554}
{"iteration":123,"score":77.46373469833458,"best":77.82538360142198,"gradient_rms":14.332859120993312,"update_rms":0.003939812914071179,"accepted":true,"wall_s":6.82567772641778}
{"iteration":124,"score":77.61542924664028,"best":77.82538360142198,"gradient_rms":12.488652351285833,"update_rms":0.0033985449978122992,"accepted":true,"wall_s":6.833518050611019}
{"iteration":125,"score":76.86705846434674,"best":77.82538360142198,"gradient_rms":14.262573304640652,"update_rms":0.003114226194174068,"accepted":true,"wall_s":6.819379322230816}
{"iteration":126,"score":74.25602498810474,"best":77.82538360142198,"gradient_rms":32.88703344195266,"update_rms":0.004966028324980575,"accepted":true,"wall_s":6.820523165166378}
{"iteration":127,"score":72.03285436137404,"best":77.82538360142198,"gradient_rms":24.175874643922548,"update_rms":0.00473501413828219,"accepted":true,"wall_s":6.823300410062075}
{"iteration":128,"score":70.47303668704957,"best":77.82538360142198,"gradient_rms":79.73705737963101,"update_rms":0.01040757775177467,"accepted":true,"wall_s":6.825466655194759}
{"iteration":129,"score":71.51157368916103,"best":77.82538360142198,"gradient_rms":80.99215961826165,"update_rms":0.012039683245186552,"accepted":true,"wall_s":6.838965762406588}
{"iteration":130,"score":71.6660313694264,"best":77.82538360142198,"gradient_rms":70.00254511367035,"update_rms":0.011426438730887155,"accepted":true,"wall_s":6.8685860969126225}
{"iteration":131,"score":72.97097581869149,"best":77.82538360142198,"gradient_rms":59.19995788175903,"update_rms":0.010716060844347418,"accepted":true,"wall_s":6.83942986279726}
{"iteration":132,"score":72.43198070677808,"best":77.82538360142198,"gradient_rms":68.94683722887982,"update_rms":0.010523809175824577,"accepted":true,"wall_s":6.857496399432421}
{"iteration":133,"score":74.61175761738596,"best":77.82538360142198,"gradient_rms":55.856690008176656,"update_rms":0.009956874124780026,"accepted":true,"wall_s":6.854610446840525}
{"iteration":134,"score":73.40853910397816,"best":77.82538360142198,"gradient_rms":91.06902675596507,"update_rms":0.011279418928871104,"accepted":true,"wall_s":6.85567095130682}
{"iteration":135,"score":72.6323118035186,"best":77.82538360142198,"gradient_rms":66.35535744971915,"update_rms":0.010371417942588316,"accepted":true,"wall_s":6.838479351252317}
{"iteration":136,"score":72.08735964956887,"best":77.82538360142198,"gradient_rms":91.80923898088373,"update_rms":0.010738642730229663,"accepted":true,"wall_s":6.863933265209198}
{"iteration":137,"score":71.23553229985534,"best":77.82538360142198,"gradient_rms":55.744248712923344,"update_rms":0.009518075547866125,"accepted":true,"wall_s":6.830666068941355}
{"iteration":138,"score":71.27504635878626,"best":77.82538360142198,"gradient_rms":18.597752764946122,"update_rms":0.006952836672278449,"accepted":true,"wall_s":6.8368777967989445}
{"iteration":139,"score":71.79008776025482,"best":77.82538360142198,"gradient_rms":24.21170910676206,"update_rms":0.00537986964359632,"accepted":true,"wall_s":6.823982182890177}
{"iteration":140,"score":72.51683163960465,"best":77.82538360142198,"gradient_rms":10.250597959859286,"update_rms":0.00398945572995546,"accepted":true,"wall_s":6.819837648421526}
{"iteration":141,"score":73.4786424758494,"best":77.82538360142198,"gradient_rms":12.68936070111426,"update_rms":0.0032078946915540317,"accepted":true,"wall_s":6.843848004937172}
{"iteration":142,"score":74.47440821279967,"best":77.82538360142198,"gradient_rms":12.405703300134391,"update_rms":0.0026383952571549917,"accepted":true,"wall_s":6.427621565759182}
{"iteration":143,"score":75.45146515498828,"best":77.82538360142198,"gradient_rms":10.880751106123371,"update_rms":0.002183417487645578,"accepted":true,"wall_s":6.420702952891588}
{"iteration":144,"score":76.49819174924306,"best":77.82538360142198,"gradient_rms":10.88762274241189,"update_rms":0.00198564303965857,"accepted":true,"wall_s":6.841956060379744}
{"iteration":145,"score":77.07218758903738,"best":77.82538360142198,"gradient_rms":13.897679350320995,"update_rms":0.001964096084584111,"accepted":true,"wall_s":6.818781822919846}
{"iteration":146,"score":77.05613234376027,"best":77.82538360142198,"gradient_rms":28.90761391920009,"update_rms":0.0033804338350880542,"accepted":true,"wall_s":6.422812383621931}
{"iteration":147,"score":76.96300582918887,"best":77.82538360142198,"gradient_rms":26.074602569009866,"update_rms":0.003761225431459892,"accepted":true,"wall_s":6.4200505539774895}
{"iteration":148,"score":76.94547086476163,"best":77.82538360142198,"gradient_rms":8.994996153148174,"update_rms":0.0027664905926179993,"accepted":true,"wall_s":6.435600899159908}
{"iteration":149,"score":76.98943641291652,"best":77.82538360142198,"gradient_rms":16.986816574598706,"update_rms":0.0028080222528905183,"accepted":true,"wall_s":6.846255496144295}
{"iteration":150,"score":76.83279649982418,"best":77.82538360142198,"gradient_rms":31.992695113228248,"update_rms":0.004125337160224142,"accepted":true,"wall_s":6.858180709183216}
{"iteration":151,"score":76.59864428808282,"best":77.82538360142198,"gradient_rms":13.692392868356194,"update_rms":0.00324541220806144,"accepted":true,"wall_s":6.835918217897415}
{"iteration":152,"score":76.59349916432082,"best":77.82538360142198,"gradient_rms":17.38486450707221,"update_rms":0.002849841843861784,"accepted":true,"wall_s":6.852751962840557}
{"iteration":153,"score":76.84292998536392,"best":77.82538360142198,"gradient_rms":25.945336724104585,"update_rms":0.003363085799935262,"accepted":true,"wall_s":6.844558943063021}
{"iteration":154,"score":76.67277417858645,"best":77.82538360142198,"gradient_rms":40.586522561999104,"update_rms":0.00511439341931419,"accepted":true,"wall_s":6.450326174497604}
{"iteration":155,"score":76.41380019959341,"best":77.82538360142198,"gradient_rms":34.528449696286984,"update_rms":0.005041299424803621,"accepted":true,"wall_s":6.857793379575014}
{"iteration":156,"score":76.29845433072244,"best":77.82538360142198,"gradient_rms":30.996845008663886,"update_rms":0.00469368285633645,"accepted":true,"wall_s":6.862390346825123}
{"iteration":157,"score":76.76222183965359,"best":77.82538360142198,"gradient_rms":29.459453131137074,"update_rms":0.004397391449241602,"accepted":true,"wall_s":6.846216481178999}
{"iteration":158,"score":77.20020595018498,"best":77.82538360142198,"gradient_rms":28.73540401037433,"update_rms":0.004324095771820513,"accepted":true,"wall_s":6.834527898579836}
{"iteration":159,"score":77.18574322411334,"best":77.82538360142198,"gradient_rms":14.79489863110306,"update_rms":0.0034174925458622628,"accepted":true,"wall_s":6.858548074960709}
{"iteration":160,"score":77.07351221471208,"best":77.82538360142198,"gradient_rms":20.850596543056696,"update_rms":0.0032955173906758727,"accepted":true,"wall_s":6.833282418549061}
{"iteration":161,"score":77.21414286191207,"best":77.82538360142198,"gradient_rms":25.33686516260075,"update_rms":0.003547364336436932,"accepted":true,"wall_s":6.854281071573496}
{"iteration":162,"score":77.23903831584609,"best":77.82538360142198,"gradient_rms":30.728873048345843,"update_rms":0.004085787450286916,"accepted":true,"wall_s":6.860144350677729}
{"iteration":163,"score":77.2420481978092,"best":77.82538360142198,"gradient_rms":30.03088322407715,"update_rms":0.004208881950328642,"accepted":true,"wall_s":6.460252791643143}
{"iteration":164,"score":77.18628416925061,"best":77.82538360142198,"gradient_rms":18.821336784185448,"update_rms":0.0033516164622303477,"accepted":true,"wall_s":6.463866829872131}
{"iteration":165,"score":77.38564904431728,"best":77.82538360142198,"gradient_rms":27.50220244389652,"update_rms":0.003634493734202535,"accepted":true,"wall_s":6.839806959033012}
{"iteration":166,"score":77.21206649115305,"best":77.82538360142198,"gradient_rms":27.522754143045823,"update_rms":0.0037305900312481293,"accepted":true,"wall_s":6.833162885159254}
{"iteration":167,"score":77.05448792239845,"best":77.82538360142198,"gradient_rms":30.936196952062367,"update_rms":0.003991173994710631,"accepted":true,"wall_s":6.831996623426676}
{"iteration":168,"score":76.83005205079509,"best":77.82538360142198,"gradient_rms":28.008473669064628,"update_rms":0.004184282636826277,"accepted":true,"wall_s":6.431852947920561}
{"iteration":169,"score":77.02770376145456,"best":77.82538360142198,"gradient_rms":34.235628897465986,"update_rms":0.00456350779016931,"accepted":true,"wall_s":6.837125644087791}
{"iteration":170,"score":76.94582113634155,"best":77.82538360142198,"gradient_rms":24.253339380182656,"update_rms":0.004162408754366697,"accepted":true,"wall_s":6.860015232115984}
{"iteration":171,"score":77.00900118487836,"best":77.82538360142198,"gradient_rms":56.3134078450616,"update_rms":0.006501869563338762,"accepted":true,"wall_s":6.441863548010588}
{"iteration":172,"score":76.92962342078135,"best":77.82538360142198,"gradient_rms":45.32543572059205,"update_rms":0.006459095342479463,"accepted":true,"wall_s":6.851536575704813}
{"iteration":173,"score":76.86777072882154,"best":77.82538360142198,"gradient_rms":62.658677257916096,"update_rms":0.00774439106751162,"accepted":true,"wall_s":6.833747081458569}
{"iteration":174,"score":76.86133727355903,"best":77.82538360142198,"gradient_rms":74.45833050700443,"update_rms":0.00942974226127252,"accepted":true,"wall_s":6.8555379547178745}
{"iteration":175,"score":76.13330157539177,"best":77.82538360142198,"gradient_rms":59.14500305241758,"update_rms":0.0088991079169867,"accepted":true,"wall_s":6.838009782135487}
{"iteration":176,"score":75.94839429928443,"best":77.82538360142198,"gradient_rms":11.78176056018035,"update_rms":0.006426274090966953,"accepted":true,"wall_s":6.847396194934845}
{"iteration":177,"score":76.20450706942981,"best":77.82538360142198,"gradient_rms":10.157911780945625,"update_rms":0.0046036720762684885,"accepted":true,"wall_s":6.844169624149799}
{"iteration":178,"score":76.70462478207533,"best":77.82538360142198,"gradient_rms":8.539550926721294,"update_rms":0.003235247490636959,"accepted":true,"wall_s":6.846763525158167}
{"iteration":179,"score":77.14685102730328,"best":77.82538360142198,"gradient_rms":10.620022984596792,"update_rms":0.0024677169211726976,"accepted":true,"wall_s":6.836027808487415}
{"iteration":180,"score":77.37958751480804,"best":77.82538360142198,"gradient_rms":8.771279454189006,"update_rms":0.0019755896530394817,"accepted":true,"wall_s":6.453826662153006}
{"iteration":181,"score":77.70920247296927,"best":77.82538360142198,"gradient_rms":11.400124574617974,"update_rms":0.001863164759309273,"accepted":true,"wall_s":6.848574563860893}
{"iteration":182,"score":77.73056079134285,"best":77.82538360142198,"gradient_rms":10.08276229449613,"update_rms":0.0016729792204769776,"accepted":true,"wall_s":6.8555628545582294}
{"iteration":183,"score":77.65980870288078,"best":77.82538360142198,"gradient_rms":8.48349752560363,"update_rms":0.0014106799110263745,"accepted":true,"wall_s":6.833992671221495}
{"iteration":184,"score":77.70227148383506,"best":77.82538360142198,"gradient_rms":7.9266079079121905,"update_rms":0.001291538389754062,"accepted":true,"wall_s":6.855580359697342}
{"iteration":185,"score":77.82054748118898,"best":77.82538360142198,"gradient_rms":8.286253687512968,"update_rms":0.0012533850209598696,"accepted":true,"wall_s":6.84096571803093}
{"iteration":186,"score":77.93757951165324,"best":77.93757951165324,"gradient_rms":7.194572172248956,"update_rms":0.0011981747767129329,"accepted":true,"wall_s":6.877076458185911}
{"iteration":187,"score":77.95199823099146,"best":77.95199823099146,"gradient_rms":8.402164941472918,"update_rms":0.001207607561788183,"accepted":true,"wall_s":6.842230278998613}
{"iteration":188,"score":77.99211461627903,"best":77.99211461627903,"gradient_rms":9.422566507671053,"update_rms":0.0012839808568471855,"accepted":true,"wall_s":6.843841623514891}
{"iteration":189,"score":77.96846699621231,"best":77.99211461627903,"gradient_rms":10.480753655525582,"update_rms":0.0014719879241204207,"accepted":true,"wall_s":6.839177329093218}
{"iteration":190,"score":78.13637509110634,"best":78.13637509110634,"gradient_rms":7.590253462765745,"update_rms":0.0013202381461777104,"accepted":true,"wall_s":6.454163178801537}
{"iteration":191,"score":78.1683980539688,"best":78.1683980539688,"gradient_rms":6.999957281957031,"update_rms":0.0012032012402048199,"accepted":true,"wall_s":6.439472496509552}
{"iteration":192,"score":78.25669930400979,"best":78.25669930400979,"gradient_rms":6.8647261346098185,"update_rms":0.0010715637777126844,"accepted":true,"wall_s":6.454567961394787}
{"iteration":193,"score":78.1690942560158,"best":78.25669930400979,"gradient_rms":7.955097549680866,"update_rms":0.0012182545154635171,"accepted":true,"wall_s":6.8491383120417595}
{"iteration":194,"score":78.02428813047905,"best":78.25669930400979,"gradient_rms":5.418891504673145,"update_rms":0.001042745632599848,"accepted":true,"wall_s":6.445552069693804}
{"iteration":195,"score":78.2387342075508,"best":78.25669930400979,"gradient_rms":6.3758906719407324,"update_rms":0.001016916673993125,"accepted":true,"wall_s":6.861643899232149}
{"iteration":196,"score":78.3380485252858,"best":78.3380485252858,"gradient_rms":8.39596418192277,"update_rms":0.00116204840830189,"accepted":true,"wall_s":6.44927990809083}
{"iteration":197,"score":78.28331192784782,"best":78.3380485252858,"gradient_rms":7.705157458473489,"update_rms":0.0011829702585473552,"accepted":true,"wall_s":6.440168146044016}
{"iteration":198,"score":78.32518677558025,"best":78.3380485252858,"gradient_rms":8.498243972255446,"update_rms":0.0012919911287387093,"accepted":true,"wall_s":6.84764214232564}
{"iteration":199,"score":78.2119481370341,"best":78.3380485252858,"gradient_rms":9.502394653132603,"update_rms":0.001352706346760453,"accepted":true,"wall_s":6.8675235994160175}
{"iteration":200,"score":78.14428055495543,"best":78.3380485252858,"gradient_rms":9.716595631141205,"update_rms":0.0014454375512894786,"accepted":true,"wall_s":6.84614984691143}
{
  "status": "ok",
  "stop_reason": "completed_iterations",
  "initial_score": 12.705562433925756,
  "final_score": 78.14428055495543,
  "best_score": 78.3380485252858,
  "best_iteration": 196,
  "completed_iterations": 200,
  "completed_adam_steps": 200,
  "completed_optimizer_steps": 200,
  "total_wall_s": 1349.7960280925035,
  "initial_decode_wall_s": 0.00040653347969055176,
  "initial_score_wall_s": 0.9547392055392265,
  "mean_iteration_wall_s": 6.746838588193059,
  "manifest": {
    "protocol": {
      "id": "unregistered-experimental",
      "status": "unregistered-experimental",
      "stage": "optimization",
      "requirements": {
        "native_score_abi": 11,
        "native_score_library_sha256": "1c6c78b0dee662233215a56dbdc1e50b8ed29f2d0eee9ae8c4ff7d0403b895ed"
      },
      "actual": {
        "parameter_space": "data",
        "optimizer": "adam",
        "iterations": 200,
        "directions": 64,
        "perturbation": 0.0025,
        "learning_rate": 0.01,
        "beta1": 0.7,
        "beta2": 0.999,
        "flow_steps": 128,
        "gradient_mode": "random-orthogonal",
        "difference": "centered",
        "native_score_abi": 11,
        "native_score_library_sha256": "7b21e66329a23f18ef3cfab408d0a21410acea3c8d10d8b2463ccee7f5a3969f",
        "data_start_mode": "exact-unclipped"
      },
      "differences_from_current": {
        "perturbation": {
          "expected": 0.005,
          "actual": 0.0025
        },
        "learning_rate": {
          "expected": 0.02,
          "actual": 0.01
        },
        "parameter_space": {
          "expected": "latent",
          "actual": "data"
        },
        "native_score_library_sha256": {
          "expected": "1c6c78b0dee662233215a56dbdc1e50b8ed29f2d0eee9ae8c4ff7d0403b895ed",
          "actual": "7b21e66329a23f18ef3cfab408d0a21410acea3c8d10d8b2463ccee7f5a3969f"
        },
        "data_start_mode": {
          "expected": "not-applicable",
          "actual": "exact-unclipped"
        }
      }
    },
    "repository": {
      "commit": "70a1102829da50d9054d929d1cd7073780909268",
      "tracked_dirty": false,
      "available": true
    },
    "algorithm": "adam_with_query_batched_local_gradient",
    "optimizer": "adam",
    "parameter_space": "data",
    "gradient_objective": "dynamic local full-density score with coordinate and maximum-surface-selection derivatives omitted",
    "formal_objective": "complete native QH score for every accepted center",
    "initial_case": "/home/scc/pb24511935/local_surface_evaluator_runs/axisflip_r012_curvature_r04_adam200_20260903_70a1102/incomplete/axisflip_r012_case_0000006.worker0.2633194.partial/start.json",
    "initial_case_sha256": "27364f5f9bce41e66f90978c060ed0ebd0a849586195d40854336360ec77d7d5",
    "checkpoint": "/home/scc/pb24511935/local_surface_evaluator/runs/qh_flow_physical_lr_longselect_20260729/lr_3em4/checkpoint_latest.pt",
    "checkpoint_sha256": "39a3293a459e248a0d1ec062607a1a467128b14d8ca973aadd82e113532ab99f",
    "checkpoint_expectation": {
      "step": 30000,
      "sha256": null
    },
    "native_lib": "/home/scc/pb24511935/local_surface_evaluator_runs/axisflip_r012_curvature_r04_adam200_20260903_70a1102/build_curvature_r04/libstellarator_gpu.so",
    "native_lib_sha256": "7b21e66329a23f18ef3cfab408d0a21410acea3c8d10d8b2463ccee7f5a3969f",
    "native_score": {
      "abi": 11,
      "validated_default_library_sha256": "1c6c78b0dee662233215a56dbdc1e50b8ed29f2d0eee9ae8c4ff7d0403b895ed"
    },
    "nfp": 8,
    "n_base_coils": 3,
    "target_helicity": [
      1,
      8
    ],
    "iterations": 200,
    "max_wall_s": 28010.834414,
    "flow": {
      "method": "rk4",
      "steps": 128,
      "dtype": "fp32",
      "use": "none"
    },
    "flow_pipeline": false,
    "coordinate_gradient": {
      "dimension": 300,
      "mode": "random-orthogonal",
      "random_directions": 64,
      "endpoint_count": 128,
      "perturbation": 0.0025,
      "difference": "centered",
      "psi_grid": 48,
      "psi_iterations": 4,
      "alpha_iterations": 4,
      "formal_surface_theta_count": 128,
      "local_surface_theta_count": 64
    },
    "adam": {
      "learning_rate": 0.01,
      "beta1": 0.7,
      "beta2": 0.999,
      "epsilon": 1e-08,
      "weight_decay": 0.0
    },
    "bfgs": {
      "initial_trust_rms": 0.01,
      "min_trust_rms": 1e-05,
      "max_trust_rms": 0.05,
      "trust_growth": 1.2,
      "trust_shrink": 0.5,
      "min_improvement": 0.0
    },
    "seed": 120260912,
    "axis_policy": "recorded strict mixed-precision continuation from step 0",
    "recorded_initial_score_tolerance": 0.1,
    "devices": {
      "flow": 0,
      "score": 0
    },
    "initial_metadata_keys": [
      "data_prior_screening",
      "nfp",
      "raw"
    ],
    "data_parameterization": {
      "definition": "per-coordinate training-set standardization",
      "physical_mapping": "CoilNormalizer.inverse with canonical current L1/sign",
      "initial_source": "direct analytic-prior geometry with unclipped coordinates",
      "data_start_mode": "exact-unclipped",
      "initial_clipped_fraction": 0.0,
      "initial_roundtrip_relative_rms": 2.5809566987788404e-15,
      "flow_calls_after_initialization": 0
    },
    "initial_consistency_gate": {
      "recorded_score": 12.709353618127718,
      "optimizer_score": 12.705562433925756,
      "absolute_delta": 0.0037911842019617836,
      "tolerance": 0.1,
      "recorded_axis_hint": [
        1.1068116053071662,
        -4.074757592931858e-10
      ],
      "optimizer_axis": [
        1.1068116053071662,
        -4.074757592931858e-10
      ],
      "axis_hint_distance": 0.0
    }
  }
}
