Poincare currents normalized by mean|I|=230229
Stopping box: R=[0.477978, 1.6138], Z=[-0.565496, 0.565496]
R0 range = [1.38431, 1.42249], boundary R(phi=0) approx 1.4245
Beginning field line tracing
Poincare hits per line = [21, 21, 21, 21, 21, 21, 21, 21]
Psi drift = {"target_s": 0.2, "lines": [{"line": 0, "start_s": 0.003380932875117596, "hit_count": 21, "absolute_drift_p95": 0.00029418358625959767, "absolute_drift_max": 0.00033630364256009675, "relative_drift_p95": 0.0870125486443931, "relative_drift_max": 0.0994706653406715}, {"line": 1, "start_s": 0.0139578519755627, "hit_count": 21, "absolute_drift_p95": 0.0011021376423981585, "absolute_drift_max": 0.001240548687287582, "relative_drift_p95": 0.0789618377045245, "relative_drift_max": 0.08887819482965754}, {"line": 2, "start_s": 0.030844026419627996, "hit_count": 21, "absolute_drift_p95": 0.0021321384861314324, "absolute_drift_max": 0.002347467120814295, "relative_drift_p95": 0.0691264641368164, "relative_drift_max": 0.07610767442866842}, {"line": 3, "start_s": 0.05312162218595982, "hit_count": 21, "absolute_drift_p95": 0.003206240898779106, "absolute_drift_max": 0.0033647276009506413, "relative_drift_p95": 0.06035660747624013, "relative_drift_max": 0.06334007627199208}, {"line": 4, "start_s": 0.07987992078006552, "hit_count": 21, "absolute_drift_p95": 0.0041838793854243606, "absolute_drift_max": 0.004369121770545936, "relative_drift_p95": 0.05237710984896809, "relative_drift_max": 0.054696120475325696}, {"line": 5, "start_s": 0.11023765998062125, "hit_count": 21, "absolute_drift_p95": 0.004655914483856632, "absolute_drift_max": 0.004674365802193936, "relative_drift_p95": 0.042235244150457284, "relative_drift_max": 0.0424026217811195}, {"line": 6, "start_s": 0.1433629202266125, "hit_count": 21, "absolute_drift_p95": 0.00564004382660005, "absolute_drift_max": 0.0058174215596062395, "relative_drift_p95": 0.03934102219517349, "relative_drift_max": 0.04057828586646179}, {"line": 7, "start_s": 0.17848534665636967, "hit_count": 21, "absolute_drift_p95": 0.008140886003277392, "absolute_drift_max": 0.008362824309613714, "relative_drift_p95": 0.04561094877413493, "relative_drift_max": 0.04685440270743518}], "all_absolute_drift_p95": 0.00623674793723295, "all_absolute_drift_max": 0.008362824309613714}
Saved Poincare plot to /home/scc/pb24511935/local_surface_evaluator_worktrees/qh-flow-zo-adam/runs/qh_flow_zo_adam_alpha_nu_correct/medium_best_29465_a0p08_s0p20_full/assets/poincare_closed.png
{
  "hit_counts": [
    21,
    21,
    21,
    21,
    21,
    21,
    21,
    21
  ],
  "seed_r_min": 1.3843064765997246,
  "seed_r_max": 1.422486098354536,
  "surface_r_outer_phi0": 1.424495552131105,
  "edge_fraction": 0.95,
  "tmax_fl": 20000000.0,
  "tol": 1e-11,
  "psi_drift": {
    "target_s": 0.2,
    "lines": [
      {
        "line": 0,
        "start_s": 0.003380932875117596,
        "hit_count": 21,
        "absolute_drift_p95": 0.00029418358625959767,
        "absolute_drift_max": 0.00033630364256009675,
        "relative_drift_p95": 0.0870125486443931,
        "relative_drift_max": 0.0994706653406715
      },
      {
        "line": 1,
        "start_s": 0.0139578519755627,
        "hit_count": 21,
        "absolute_drift_p95": 0.0011021376423981585,
        "absolute_drift_max": 0.001240548687287582,
        "relative_drift_p95": 0.0789618377045245,
        "relative_drift_max": 0.08887819482965754
      },
      {
        "line": 2,
        "start_s": 0.030844026419627996,
        "hit_count": 21,
        "absolute_drift_p95": 0.0021321384861314324,
        "absolute_drift_max": 0.002347467120814295,
        "relative_drift_p95": 0.0691264641368164,
        "relative_drift_max": 0.07610767442866842
      },
      {
        "line": 3,
        "start_s": 0.05312162218595982,
        "hit_count": 21,
        "absolute_drift_p95": 0.003206240898779106,
        "absolute_drift_max": 0.0033647276009506413,
        "relative_drift_p95": 0.06035660747624013,
        "relative_drift_max": 0.06334007627199208
      },
      {
        "line": 4,
        "start_s": 0.07987992078006552,
        "hit_count": 21,
        "absolute_drift_p95": 0.0041838793854243606,
        "absolute_drift_max": 0.004369121770545936,
        "relative_drift_p95": 0.05237710984896809,
        "relative_drift_max": 0.054696120475325696
      },
      {
        "line": 5,
        "start_s": 0.11023765998062125,
        "hit_count": 21,
        "absolute_drift_p95": 0.004655914483856632,
        "absolute_drift_max": 0.004674365802193936,
        "relative_drift_p95": 0.042235244150457284,
        "relative_drift_max": 0.0424026217811195
      },
      {
        "line": 6,
        "start_s": 0.1433629202266125,
        "hit_count": 21,
        "absolute_drift_p95": 0.00564004382660005,
        "absolute_drift_max": 0.0058174215596062395,
        "relative_drift_p95": 0.03934102219517349,
        "relative_drift_max": 0.04057828586646179
      },
      {
        "line": 7,
        "start_s": 0.17848534665636967,
        "hit_count": 21,
        "absolute_drift_p95": 0.008140886003277392,
        "absolute_drift_max": 0.008362824309613714,
        "relative_drift_p95": 0.04561094877413493,
        "relative_drift_max": 0.04685440270743518
      }
    ],
    "all_absolute_drift_p95": 0.00623674793723295,
    "all_absolute_drift_max": 0.008362824309613714
  },
  "save_path": "/home/scc/pb24511935/local_surface_evaluator_worktrees/qh-flow-zo-adam/runs/qh_flow_zo_adam_alpha_nu_correct/medium_best_29465_a0p08_s0p20_full/assets/poincare_closed.png"
}
