Poincare currents normalized by mean|I|=230229
Stopping box: R=[0.657193, 1.38774], Z=[-0.36406, 0.36406]
R0 range = [1.23927, 1.26465], boundary R(phi=0) approx 1.26598
Beginning field line tracing
Poincare hits per line = [65, 64, 64, 64, 64, 63, 63, 62]
Psi drift = {"target_s": 0.25, "lines": [{"line": 0, "start_s": 0.0005349548163746602, "hit_count": 65, "absolute_drift_p95": 8.74160296287663e-06, "absolute_drift_max": 1.0343635026359302e-05, "relative_drift_p95": 0.016340824860906336, "relative_drift_max": 0.01933553023497792}, {"line": 1, "start_s": 0.008348003024753409, "hit_count": 64, "absolute_drift_p95": 0.0001276765327602266, "absolute_drift_max": 0.0001507832694631374, "relative_drift_p95": 0.015294260481415916, "relative_drift_max": 0.018062196314021024}, {"line": 2, "start_s": 0.025154662436197035, "hit_count": 64, "absolute_drift_p95": 0.0003238511142145159, "absolute_drift_max": 0.00038929688359172834, "relative_drift_p95": 0.012874397143509304, "relative_drift_max": 0.015476132290749338}, {"line": 3, "start_s": 0.05050864166590567, "hit_count": 64, "absolute_drift_p95": 0.0004642723683315398, "absolute_drift_max": 0.0006294229317616307, "relative_drift_p95": 0.009191939300259045, "relative_drift_max": 0.012461687960745607}, {"line": 4, "start_s": 0.08393051251429862, "hit_count": 64, "absolute_drift_p95": 0.0007041778211557895, "absolute_drift_max": 0.0008053264004052874, "relative_drift_p95": 0.008390009783817582, "relative_drift_max": 0.009595156472660522}, {"line": 5, "start_s": 0.12492070290061955, "hit_count": 63, "absolute_drift_p95": 0.0006773647679931049, "absolute_drift_max": 0.0009047718034772556, "relative_drift_p95": 0.0054223579620103594, "relative_drift_max": 0.007242769072449466}, {"line": 6, "start_s": 0.17297109351867182, "hit_count": 63, "absolute_drift_p95": 0.0008235758034331325, "absolute_drift_max": 0.0008900459500002789, "relative_drift_p95": 0.004761349348492322, "relative_drift_max": 0.005145634058815732}, {"line": 7, "start_s": 0.22757253899330968, "hit_count": 62, "absolute_drift_p95": 0.0014226995856440104, "absolute_drift_max": 0.0015571629427362788, "relative_drift_p95": 0.006251631202681427, "relative_drift_max": 0.006842490529061844}], "all_absolute_drift_p95": 0.0008341384981849942, "all_absolute_drift_max": 0.0015571629427362788}
Saved Poincare plot to /home/scc/pb24511935/local_surface_evaluator/runs/poincare_psi_audit_candidate275_20260729/trace_16period_tol1e8.png
{
  "hit_counts": [
    65,
    64,
    64,
    64,
    64,
    63,
    63,
    62
  ],
  "seed_r_min": 1.2392706003528207,
  "seed_r_max": 1.264646520857403,
  "surface_r_outer_phi0": 1.2659820956208019,
  "edge_fraction": 0.95,
  "tmax_fl": 36000000.0,
  "tol": 1e-08,
  "psi_drift": {
    "target_s": 0.25,
    "lines": [
      {
        "line": 0,
        "start_s": 0.0005349548163746602,
        "hit_count": 65,
        "absolute_drift_p95": 8.74160296287663e-06,
        "absolute_drift_max": 1.0343635026359302e-05,
        "relative_drift_p95": 0.016340824860906336,
        "relative_drift_max": 0.01933553023497792
      },
      {
        "line": 1,
        "start_s": 0.008348003024753409,
        "hit_count": 64,
        "absolute_drift_p95": 0.0001276765327602266,
        "absolute_drift_max": 0.0001507832694631374,
        "relative_drift_p95": 0.015294260481415916,
        "relative_drift_max": 0.018062196314021024
      },
      {
        "line": 2,
        "start_s": 0.025154662436197035,
        "hit_count": 64,
        "absolute_drift_p95": 0.0003238511142145159,
        "absolute_drift_max": 0.00038929688359172834,
        "relative_drift_p95": 0.012874397143509304,
        "relative_drift_max": 0.015476132290749338
      },
      {
        "line": 3,
        "start_s": 0.05050864166590567,
        "hit_count": 64,
        "absolute_drift_p95": 0.0004642723683315398,
        "absolute_drift_max": 0.0006294229317616307,
        "relative_drift_p95": 0.009191939300259045,
        "relative_drift_max": 0.012461687960745607
      },
      {
        "line": 4,
        "start_s": 0.08393051251429862,
        "hit_count": 64,
        "absolute_drift_p95": 0.0007041778211557895,
        "absolute_drift_max": 0.0008053264004052874,
        "relative_drift_p95": 0.008390009783817582,
        "relative_drift_max": 0.009595156472660522
      },
      {
        "line": 5,
        "start_s": 0.12492070290061955,
        "hit_count": 63,
        "absolute_drift_p95": 0.0006773647679931049,
        "absolute_drift_max": 0.0009047718034772556,
        "relative_drift_p95": 0.0054223579620103594,
        "relative_drift_max": 0.007242769072449466
      },
      {
        "line": 6,
        "start_s": 0.17297109351867182,
        "hit_count": 63,
        "absolute_drift_p95": 0.0008235758034331325,
        "absolute_drift_max": 0.0008900459500002789,
        "relative_drift_p95": 0.004761349348492322,
        "relative_drift_max": 0.005145634058815732
      },
      {
        "line": 7,
        "start_s": 0.22757253899330968,
        "hit_count": 62,
        "absolute_drift_p95": 0.0014226995856440104,
        "absolute_drift_max": 0.0015571629427362788,
        "relative_drift_p95": 0.006251631202681427,
        "relative_drift_max": 0.006842490529061844
      }
    ],
    "all_absolute_drift_p95": 0.0008341384981849942,
    "all_absolute_drift_max": 0.0015571629427362788
  },
  "save_path": "/home/scc/pb24511935/local_surface_evaluator/runs/poincare_psi_audit_candidate275_20260729/trace_16period_tol1e8.png"
}
