Poincare currents normalized by mean|I|=230229
Stopping box: R=[0.657193, 1.38774], Z=[-0.36406, 0.36406]
R0 range = [1.23927, 1.26465], boundary R(phi=0) approx 1.26598
Beginning field line tracing
Poincare hits per line = [65, 64, 64, 64, 64, 63, 63, 62]
Psi drift = {"target_s": 0.25, "lines": [{"line": 0, "start_s": 0.0005349548163746602, "hit_count": 65, "absolute_drift_p95": 8.831583796104888e-06, "absolute_drift_max": 1.0379194591377222e-05, "relative_drift_p95": 0.016509027539850417, "relative_drift_max": 0.01940200232557223}, {"line": 1, "start_s": 0.008348003024753409, "hit_count": 64, "absolute_drift_p95": 0.00012774235185250148, "absolute_drift_max": 0.00015073884693526073, "relative_drift_p95": 0.015302144893062596, "relative_drift_max": 0.01805687497815843}, {"line": 2, "start_s": 0.025154662436197035, "hit_count": 64, "absolute_drift_p95": 0.00032615441526551603, "absolute_drift_max": 0.00039217371585744537, "relative_drift_p95": 0.012965962715372663, "relative_drift_max": 0.015590498057851716}, {"line": 3, "start_s": 0.05050864166590567, "hit_count": 64, "absolute_drift_p95": 0.0004719832505564229, "absolute_drift_max": 0.0006317901932701153, "relative_drift_p95": 0.009344603913096735, "relative_drift_max": 0.012508556406033508}, {"line": 4, "start_s": 0.08393051251429862, "hit_count": 64, "absolute_drift_p95": 0.0006889153710554722, "absolute_drift_max": 0.0008098449515916012, "relative_drift_p95": 0.008208163520246666, "relative_drift_max": 0.009648993284219896}, {"line": 5, "start_s": 0.12492070290061955, "hit_count": 63, "absolute_drift_p95": 0.000687996080345049, "absolute_drift_max": 0.0009093015136075189, "relative_drift_p95": 0.0055074624491376995, "relative_drift_max": 0.007279029756428061}, {"line": 6, "start_s": 0.17297109351867182, "hit_count": 63, "absolute_drift_p95": 0.000823069813957264, "absolute_drift_max": 0.0008955611251051376, "relative_drift_p95": 0.004758424065050011, "relative_drift_max": 0.005177519011339684}, {"line": 7, "start_s": 0.22757253899330968, "hit_count": 62, "absolute_drift_p95": 0.0014177642730942297, "absolute_drift_max": 0.0015550992974451006, "relative_drift_p95": 0.006229944436028418, "relative_drift_max": 0.0068334224521299485}], "all_absolute_drift_p95": 0.0008413311984007685, "all_absolute_drift_max": 0.0015550992974451006}
Saved Poincare plot to /home/scc/pb24511935/local_surface_evaluator/runs/poincare_psi_audit_candidate275_20260729/trace_16period_tol1e11.png
{
  "hit_counts": [
    65,
    64,
    64,
    64,
    64,
    63,
    63,
    62
  ],
  "seed_r_min": 1.2392706003528207,
  "seed_r_max": 1.264646520857403,
  "surface_r_outer_phi0": 1.2659820956208019,
  "edge_fraction": 0.95,
  "tmax_fl": 36000000.0,
  "tol": 1e-11,
  "psi_drift": {
    "target_s": 0.25,
    "lines": [
      {
        "line": 0,
        "start_s": 0.0005349548163746602,
        "hit_count": 65,
        "absolute_drift_p95": 8.831583796104888e-06,
        "absolute_drift_max": 1.0379194591377222e-05,
        "relative_drift_p95": 0.016509027539850417,
        "relative_drift_max": 0.01940200232557223
      },
      {
        "line": 1,
        "start_s": 0.008348003024753409,
        "hit_count": 64,
        "absolute_drift_p95": 0.00012774235185250148,
        "absolute_drift_max": 0.00015073884693526073,
        "relative_drift_p95": 0.015302144893062596,
        "relative_drift_max": 0.01805687497815843
      },
      {
        "line": 2,
        "start_s": 0.025154662436197035,
        "hit_count": 64,
        "absolute_drift_p95": 0.00032615441526551603,
        "absolute_drift_max": 0.00039217371585744537,
        "relative_drift_p95": 0.012965962715372663,
        "relative_drift_max": 0.015590498057851716
      },
      {
        "line": 3,
        "start_s": 0.05050864166590567,
        "hit_count": 64,
        "absolute_drift_p95": 0.0004719832505564229,
        "absolute_drift_max": 0.0006317901932701153,
        "relative_drift_p95": 0.009344603913096735,
        "relative_drift_max": 0.012508556406033508
      },
      {
        "line": 4,
        "start_s": 0.08393051251429862,
        "hit_count": 64,
        "absolute_drift_p95": 0.0006889153710554722,
        "absolute_drift_max": 0.0008098449515916012,
        "relative_drift_p95": 0.008208163520246666,
        "relative_drift_max": 0.009648993284219896
      },
      {
        "line": 5,
        "start_s": 0.12492070290061955,
        "hit_count": 63,
        "absolute_drift_p95": 0.000687996080345049,
        "absolute_drift_max": 0.0009093015136075189,
        "relative_drift_p95": 0.0055074624491376995,
        "relative_drift_max": 0.007279029756428061
      },
      {
        "line": 6,
        "start_s": 0.17297109351867182,
        "hit_count": 63,
        "absolute_drift_p95": 0.000823069813957264,
        "absolute_drift_max": 0.0008955611251051376,
        "relative_drift_p95": 0.004758424065050011,
        "relative_drift_max": 0.005177519011339684
      },
      {
        "line": 7,
        "start_s": 0.22757253899330968,
        "hit_count": 62,
        "absolute_drift_p95": 0.0014177642730942297,
        "absolute_drift_max": 0.0015550992974451006,
        "relative_drift_p95": 0.006229944436028418,
        "relative_drift_max": 0.0068334224521299485
      }
    ],
    "all_absolute_drift_p95": 0.0008413311984007685,
    "all_absolute_drift_max": 0.0015550992974451006
  },
  "save_path": "/home/scc/pb24511935/local_surface_evaluator/runs/poincare_psi_audit_candidate275_20260729/trace_16period_tol1e11.png"
}
