Poincare currents normalized by mean|I|=230229
Stopping box: R=[0.657193, 1.38774], Z=[-0.36406, 0.36406]
R0 range = [1.23927, 1.26465], boundary R(phi=0) approx 1.26598
Beginning field line tracing
Poincare hits per line = [355, 354, 353, 353, 353, 353, 353, 353]
Psi drift = {"target_s": 0.25, "lines": [{"line": 0, "start_s": 0.0005349548163746602, "hit_count": 355, "absolute_drift_p95": 9.200338560759384e-06, "absolute_drift_max": 1.0620120941322634e-05, "relative_drift_p95": 0.01719834699892831, "relative_drift_max": 0.019852369987607966}, {"line": 1, "start_s": 0.008348003024753409, "hit_count": 354, "absolute_drift_p95": 0.00012765421207756828, "absolute_drift_max": 0.000154404504808376, "relative_drift_p95": 0.015291586706311602, "relative_drift_max": 0.018495980937062124}, {"line": 2, "start_s": 0.025154662436197035, "hit_count": 353, "absolute_drift_p95": 0.00032208186109067836, "absolute_drift_max": 0.00040169873315953897, "relative_drift_p95": 0.012804062145839384, "relative_drift_max": 0.015969156182414235}, {"line": 3, "start_s": 0.05050864166590567, "hit_count": 353, "absolute_drift_p95": 0.00047255923150089777, "absolute_drift_max": 0.000637924221431864, "relative_drift_p95": 0.009356007524943689, "relative_drift_max": 0.012630001528282543}, {"line": 4, "start_s": 0.08393051251429862, "hit_count": 353, "absolute_drift_p95": 0.0006570473768364141, "absolute_drift_max": 0.0008107688050170841, "relative_drift_p95": 0.007828468540859652, "relative_drift_max": 0.009660000644925879}, {"line": 5, "start_s": 0.12492070290061955, "hit_count": 353, "absolute_drift_p95": 0.000681157088125378, "absolute_drift_max": 0.0009138053207500829, "relative_drift_p95": 0.00545271578136469, "relative_drift_max": 0.0073150830849635804}, {"line": 6, "start_s": 0.17297109351867182, "hit_count": 353, "absolute_drift_p95": 0.0007729775350200805, "absolute_drift_max": 0.0008955611251051376, "relative_drift_p95": 0.004468824930777462, "relative_drift_max": 0.005177519011339684}, {"line": 7, "start_s": 0.22757253899330968, "hit_count": 353, "absolute_drift_p95": 0.001419297251455792, "absolute_drift_max": 0.0015550992974451006, "relative_drift_p95": 0.006236680654591271, "relative_drift_max": 0.0068334224521299485}], "all_absolute_drift_p95": 0.0008523064276965751, "all_absolute_drift_max": 0.0015550992974451006}
Saved Poincare plot to /home/scc/pb24511935/local_surface_evaluator/runs/poincare_psi_audit_candidate275_20260729/trace_long_tol1e11.png
{
  "hit_counts": [
    355,
    354,
    353,
    353,
    353,
    353,
    353,
    353
  ],
  "seed_r_min": 1.2392706003528207,
  "seed_r_max": 1.264646520857403,
  "surface_r_outer_phi0": 1.2659820956208019,
  "edge_fraction": 0.95,
  "tmax_fl": 200000000.0,
  "tol": 1e-11,
  "psi_drift": {
    "target_s": 0.25,
    "lines": [
      {
        "line": 0,
        "start_s": 0.0005349548163746602,
        "hit_count": 355,
        "absolute_drift_p95": 9.200338560759384e-06,
        "absolute_drift_max": 1.0620120941322634e-05,
        "relative_drift_p95": 0.01719834699892831,
        "relative_drift_max": 0.019852369987607966
      },
      {
        "line": 1,
        "start_s": 0.008348003024753409,
        "hit_count": 354,
        "absolute_drift_p95": 0.00012765421207756828,
        "absolute_drift_max": 0.000154404504808376,
        "relative_drift_p95": 0.015291586706311602,
        "relative_drift_max": 0.018495980937062124
      },
      {
        "line": 2,
        "start_s": 0.025154662436197035,
        "hit_count": 353,
        "absolute_drift_p95": 0.00032208186109067836,
        "absolute_drift_max": 0.00040169873315953897,
        "relative_drift_p95": 0.012804062145839384,
        "relative_drift_max": 0.015969156182414235
      },
      {
        "line": 3,
        "start_s": 0.05050864166590567,
        "hit_count": 353,
        "absolute_drift_p95": 0.00047255923150089777,
        "absolute_drift_max": 0.000637924221431864,
        "relative_drift_p95": 0.009356007524943689,
        "relative_drift_max": 0.012630001528282543
      },
      {
        "line": 4,
        "start_s": 0.08393051251429862,
        "hit_count": 353,
        "absolute_drift_p95": 0.0006570473768364141,
        "absolute_drift_max": 0.0008107688050170841,
        "relative_drift_p95": 0.007828468540859652,
        "relative_drift_max": 0.009660000644925879
      },
      {
        "line": 5,
        "start_s": 0.12492070290061955,
        "hit_count": 353,
        "absolute_drift_p95": 0.000681157088125378,
        "absolute_drift_max": 0.0009138053207500829,
        "relative_drift_p95": 0.00545271578136469,
        "relative_drift_max": 0.0073150830849635804
      },
      {
        "line": 6,
        "start_s": 0.17297109351867182,
        "hit_count": 353,
        "absolute_drift_p95": 0.0007729775350200805,
        "absolute_drift_max": 0.0008955611251051376,
        "relative_drift_p95": 0.004468824930777462,
        "relative_drift_max": 0.005177519011339684
      },
      {
        "line": 7,
        "start_s": 0.22757253899330968,
        "hit_count": 353,
        "absolute_drift_p95": 0.001419297251455792,
        "absolute_drift_max": 0.0015550992974451006,
        "relative_drift_p95": 0.006236680654591271,
        "relative_drift_max": 0.0068334224521299485
      }
    ],
    "all_absolute_drift_p95": 0.0008523064276965751,
    "all_absolute_drift_max": 0.0015550992974451006
  },
  "save_path": "/home/scc/pb24511935/local_surface_evaluator/runs/poincare_psi_audit_candidate275_20260729/trace_long_tol1e11.png"
}
