{"iteration":1,"score":5.634623004414539,"best":5.634623004414539,"gradient_rms":0.6903987886544323,"update_rms":0.009999999273020574,"accepted":true,"wall_s":6.578476150985807}
{"iteration":2,"score":7.036699053054459,"best":7.036699053054459,"gradient_rms":1.673940677474106,"update_rms":0.007728183727550291,"accepted":true,"wall_s":6.602940383832902}
{"iteration":3,"score":8.735040615229162,"best":8.735040615229162,"gradient_rms":1.9958751523126745,"update_rms":0.006727537252247875,"accepted":true,"wall_s":6.561619209125638}
{"iteration":4,"score":15.601438141549686,"best":15.601438141549686,"gradient_rms":6.355515739298549,"update_rms":0.006890524853711382,"accepted":true,"wall_s":6.624198623932898}
{"iteration":5,"score":21.035580821942542,"best":21.035580821942542,"gradient_rms":15.254617745823007,"update_rms":0.007270448025276482,"accepted":true,"wall_s":6.752483771182597}
{"iteration":6,"score":27.364291122427137,"best":27.364291122427137,"gradient_rms":15.571659275135291,"update_rms":0.006838055598249454,"accepted":true,"wall_s":6.704114875290543}
{"iteration":7,"score":35.61055523885291,"best":35.61055523885291,"gradient_rms":32.21343254275575,"update_rms":0.007669876011615473,"accepted":true,"wall_s":6.7183738350868225}
{"iteration":8,"score":43.33643076476439,"best":43.33643076476439,"gradient_rms":28.63494566273,"update_rms":0.007188662113604621,"accepted":true,"wall_s":6.753352429252118}
{"iteration":9,"score":50.390877558432,"best":50.390877558432,"gradient_rms":25.416203343763858,"update_rms":0.006493831723361178,"accepted":true,"wall_s":6.719330734107643}
{"iteration":10,"score":56.25016840615758,"best":56.25016840615758,"gradient_rms":25.89736123558668,"update_rms":0.00601604395554298,"accepted":true,"wall_s":6.742911372799426}
{"iteration":11,"score":59.1125361643322,"best":59.1125361643322,"gradient_rms":14.932126242849522,"update_rms":0.005226503369698186,"accepted":true,"wall_s":6.731496260967106}
{"iteration":12,"score":59.90710212382279,"best":59.90710212382279,"gradient_rms":7.6180843862761005,"update_rms":0.004187894231558249,"accepted":true,"wall_s":6.722265094053}
{"iteration":13,"score":60.51698840217667,"best":60.51698840217667,"gradient_rms":5.993425488496794,"update_rms":0.003341970008184291,"accepted":true,"wall_s":6.704435751773417}
{"iteration":14,"score":61.15112398901229,"best":61.15112398901229,"gradient_rms":5.611619987551678,"update_rms":0.0028440187644466616,"accepted":true,"wall_s":6.69591551925987}
{"iteration":15,"score":61.7943280691094,"best":61.7943280691094,"gradient_rms":6.188897959568019,"update_rms":0.0026739235889747938,"accepted":true,"wall_s":6.7047294792719185}
{"iteration":16,"score":62.56870842308875,"best":62.56870842308875,"gradient_rms":6.578156192332238,"update_rms":0.0026428414746030786,"accepted":true,"wall_s":6.693531272932887}
{"iteration":17,"score":63.28480345030263,"best":63.28480345030263,"gradient_rms":4.930750262416168,"update_rms":0.0024109423408074423,"accepted":true,"wall_s":6.710223191883415}
{"iteration":18,"score":63.93923304989805,"best":63.93923304989805,"gradient_rms":5.281951297058619,"update_rms":0.0023787505706838966,"accepted":true,"wall_s":6.70400456385687}
{"iteration":19,"score":64.48039743420678,"best":64.48039743420678,"gradient_rms":4.450197650085576,"update_rms":0.0021869598460044983,"accepted":true,"wall_s":6.687785398680717}
{"iteration":20,"score":64.95259571184239,"best":64.95259571184239,"gradient_rms":4.903508337891693,"update_rms":0.0020545876573996513,"accepted":true,"wall_s":6.695652802940458}
{"iteration":21,"score":65.32856656237627,"best":65.32856656237627,"gradient_rms":4.870598319614114,"update_rms":0.0019281031725773311,"accepted":true,"wall_s":6.696312426123768}
{"iteration":22,"score":65.78176336189514,"best":65.78176336189514,"gradient_rms":4.8346229878015645,"update_rms":0.0020127325513492546,"accepted":true,"wall_s":6.681973785161972}
{"iteration":23,"score":66.26068338775296,"best":66.26068338775296,"gradient_rms":5.529901708959531,"update_rms":0.002118576668400508,"accepted":true,"wall_s":6.693762264680117}
{"iteration":24,"score":66.70037717181374,"best":66.70037717181374,"gradient_rms":4.6509258064658585,"update_rms":0.002056854472345599,"accepted":true,"wall_s":6.693065915256739}
{"iteration":25,"score":67.16679377897724,"best":67.16679377897724,"gradient_rms":4.961214173052666,"update_rms":0.002038203961437352,"accepted":true,"wall_s":6.703041204251349}
{"iteration":26,"score":67.62064069902156,"best":67.62064069902156,"gradient_rms":5.980162892364665,"update_rms":0.0023665749877156725,"accepted":true,"wall_s":6.701867657247931}
{"iteration":27,"score":68.01943816934538,"best":68.01943816934538,"gradient_rms":6.281367278987284,"update_rms":0.002573984810657864,"accepted":true,"wall_s":6.308176872320473}
{"iteration":28,"score":68.48052532273817,"best":68.48052532273817,"gradient_rms":10.303820431493186,"update_rms":0.003528684012673433,"accepted":true,"wall_s":6.312313066329807}
{"iteration":29,"score":68.74758277800436,"best":68.74758277800436,"gradient_rms":11.263091040596771,"update_rms":0.0042730842857302016,"accepted":true,"wall_s":6.32523593865335}
{"iteration":30,"score":69.57674705193448,"best":69.57674705193448,"gradient_rms":11.531860917466743,"update_rms":0.004413675116986077,"accepted":true,"wall_s":6.702604259829968}
{"iteration":31,"score":70.16749972281225,"best":70.16749972281225,"gradient_rms":25.294951236376697,"update_rms":0.006766901277198667,"accepted":true,"wall_s":6.668576908763498}
{"iteration":32,"score":70.50807106893434,"best":70.50807106893434,"gradient_rms":7.150598719229151,"update_rms":0.005115220733211599,"accepted":true,"wall_s":6.749999045860022}
{"iteration":33,"score":70.81849181334168,"best":70.81849181334168,"gradient_rms":7.201838450333689,"update_rms":0.004081585150349554,"accepted":true,"wall_s":6.6986448909156024}
{"iteration":34,"score":71.18033732213172,"best":71.18033732213172,"gradient_rms":7.094628648252093,"update_rms":0.003574569694157691,"accepted":true,"wall_s":6.742555186152458}
{"iteration":35,"score":71.49275585509382,"best":71.49275585509382,"gradient_rms":8.031650736533852,"update_rms":0.0035076699851574592,"accepted":true,"wall_s":6.697464460041374}
{"iteration":36,"score":71.81523125309899,"best":71.81523125309899,"gradient_rms":7.934858703574038,"update_rms":0.003468877475137054,"accepted":true,"wall_s":6.684022400062531}
{"iteration":37,"score":72.2991258972923,"best":72.2991258972923,"gradient_rms":10.685575496264859,"update_rms":0.0038405688577771743,"accepted":true,"wall_s":6.68630941119045}
{"iteration":38,"score":72.7372607393087,"best":72.7372607393087,"gradient_rms":13.304320784252203,"update_rms":0.0043941060222262305,"accepted":true,"wall_s":6.695771551690996}
{"iteration":39,"score":72.68485767269112,"best":72.7372607393087,"gradient_rms":15.432218575272465,"update_rms":0.005205035568578754,"accepted":true,"wall_s":6.701650325208902}
{"iteration":40,"score":72.5768116795257,"best":72.7372607393087,"gradient_rms":12.4760707024089,"update_rms":0.004984098370580251,"accepted":true,"wall_s":6.699354885146022}
{"iteration":41,"score":73.47369231225007,"best":73.47369231225007,"gradient_rms":15.234255751701918,"update_rms":0.005041378755787546,"accepted":true,"wall_s":6.650599471759051}
{"iteration":42,"score":74.0037654757432,"best":74.0037654757432,"gradient_rms":15.30919575475604,"update_rms":0.005067994250738991,"accepted":true,"wall_s":6.694860045798123}
{"iteration":43,"score":74.31349466221975,"best":74.31349466221975,"gradient_rms":10.857946211360618,"update_rms":0.004161266832278145,"accepted":true,"wall_s":6.710859626997262}
{"iteration":44,"score":74.51328077853253,"best":74.51328077853253,"gradient_rms":10.072416530137245,"update_rms":0.0039049838548537164,"accepted":true,"wall_s":6.347974807024002}
{"iteration":45,"score":74.28094298336386,"best":74.51328077853253,"gradient_rms":8.200834699211875,"update_rms":0.003582751090902036,"accepted":true,"wall_s":6.320254877675325}
{"iteration":46,"score":74.46826264174541,"best":74.51328077853253,"gradient_rms":8.850500280487305,"update_rms":0.003481206274820509,"accepted":true,"wall_s":6.70329948188737}
{"iteration":47,"score":74.79405807013801,"best":74.79405807013801,"gradient_rms":6.490033472893267,"update_rms":0.0029505655008428256,"accepted":true,"wall_s":6.722932773642242}
{"iteration":48,"score":75.22022002139731,"best":75.22022002139731,"gradient_rms":5.386493498344408,"update_rms":0.0025279160831532155,"accepted":true,"wall_s":6.705996925011277}
{"iteration":49,"score":75.60663259072027,"best":75.60663259072027,"gradient_rms":8.048623675118776,"update_rms":0.0029571977978667045,"accepted":true,"wall_s":6.714517476037145}
{"iteration":50,"score":75.75741444638776,"best":75.75741444638776,"gradient_rms":7.178671488479285,"update_rms":0.0028180679497183487,"accepted":true,"wall_s":6.699251477606595}
{"iteration":51,"score":76.13037819414306,"best":76.13037819414306,"gradient_rms":9.00997382412746,"update_rms":0.0032351490142435136,"accepted":true,"wall_s":6.736574889626354}
{"iteration":52,"score":76.31205829732247,"best":76.31205829732247,"gradient_rms":11.069634384679382,"update_rms":0.0036355572093766104,"accepted":true,"wall_s":6.323797915596515}
{"iteration":53,"score":76.18388734397227,"best":76.31205829732247,"gradient_rms":9.239497215755355,"update_rms":0.003547569636099367,"accepted":true,"wall_s":6.709883655421436}
{"iteration":54,"score":76.28969864112251,"best":76.31205829732247,"gradient_rms":12.144207979139246,"update_rms":0.004174576728264169,"accepted":true,"wall_s":6.3145139049738646}
{"iteration":55,"score":76.91598062044423,"best":76.91598062044423,"gradient_rms":12.10302955616586,"update_rms":0.004257123073516034,"accepted":true,"wall_s":6.29699376411736}
{"iteration":56,"score":76.98484436669288,"best":76.98484436669288,"gradient_rms":10.981806725806301,"update_rms":0.004041573889338717,"accepted":true,"wall_s":6.701336867175996}
{"iteration":57,"score":76.95117479875523,"best":76.98484436669288,"gradient_rms":16.110507904691804,"update_rms":0.005143221714975999,"accepted":true,"wall_s":6.712396704126149}
{"iteration":58,"score":76.68664334929485,"best":76.98484436669288,"gradient_rms":20.81784955799116,"update_rms":0.006402858052027299,"accepted":true,"wall_s":6.713765521068126}
{"iteration":59,"score":73.00660328331374,"best":76.98484436669288,"gradient_rms":17.481577409811656,"update_rms":0.006082929875070198,"accepted":true,"wall_s":6.829998533707112}
{"iteration":60,"score":75.3431098939548,"best":76.98484436669288,"gradient_rms":22.660218468523592,"update_rms":0.007020889501175269,"accepted":true,"wall_s":7.411479254253209}
{"iteration":61,"score":76.25607708094884,"best":76.98484436669288,"gradient_rms":31.45674445630001,"update_rms":0.008374995948113504,"accepted":true,"wall_s":6.7141868020407856}
{"iteration":62,"score":74.01646013062637,"best":76.98484436669288,"gradient_rms":41.063019971233366,"update_rms":0.009697646755887992,"accepted":true,"wall_s":6.696727856993675}
{"iteration":63,"score":73.9210805786539,"best":76.98484436669288,"gradient_rms":17.719401582118124,"update_rms":0.007948898648786966,"accepted":true,"wall_s":6.713614420965314}
{"iteration":64,"score":74.64970175766071,"best":76.98484436669288,"gradient_rms":24.910074598469947,"update_rms":0.00749794708339183,"accepted":true,"wall_s":6.711293116211891}
{"iteration":65,"score":75.92418727034665,"best":76.98484436669288,"gradient_rms":20.051200411454122,"update_rms":0.006882573041507432,"accepted":true,"wall_s":6.71074918564409}
{"iteration":66,"score":75.68304133344216,"best":76.98484436669288,"gradient_rms":29.779893446567502,"update_rms":0.00794296846374929,"accepted":true,"wall_s":6.675064268056303}
{"iteration":67,"score":76.73401259863883,"best":76.98484436669288,"gradient_rms":30.116690243330467,"update_rms":0.008217744308541127,"accepted":true,"wall_s":6.702768804971129}
{"iteration":68,"score":77.1022717247142,"best":77.1022717247142,"gradient_rms":26.978271930926844,"update_rms":0.007923631216147111,"accepted":true,"wall_s":6.341078597120941}
{"iteration":69,"score":77.29360064219165,"best":77.29360064219165,"gradient_rms":25.908666823818226,"update_rms":0.007612198465913987,"accepted":true,"wall_s":6.694233636837453}
{"iteration":70,"score":77.30742545109065,"best":77.30742545109065,"gradient_rms":23.892958382004803,"update_rms":0.0069083937452091545,"accepted":true,"wall_s":6.708015288226306}
{"iteration":71,"score":77.36450452884942,"best":77.36450452884942,"gradient_rms":23.978792308054185,"update_rms":0.006424280378931379,"accepted":true,"wall_s":6.6678070006892085}
{"iteration":72,"score":77.3510585375821,"best":77.36450452884942,"gradient_rms":27.945840067709096,"update_rms":0.006816581642750556,"accepted":true,"wall_s":6.692975963931531}
{"iteration":73,"score":77.08735822847822,"best":77.36450452884942,"gradient_rms":33.79787278079972,"update_rms":0.007853425995744179,"accepted":true,"wall_s":6.3244389411993325}
{"iteration":74,"score":77.1985730381221,"best":77.36450452884942,"gradient_rms":37.070100492108395,"update_rms":0.008328777509504563,"accepted":true,"wall_s":6.7418929459527135}
{"iteration":75,"score":77.76949335626232,"best":77.76949335626232,"gradient_rms":41.55972778173225,"update_rms":0.008296817645127562,"accepted":true,"wall_s":6.747877438087016}
{"iteration":76,"score":77.65303310883557,"best":77.76949335626232,"gradient_rms":36.64597247708064,"update_rms":0.008070102235004257,"accepted":true,"wall_s":6.714300444815308}
{"iteration":77,"score":77.1839660626349,"best":77.76949335626232,"gradient_rms":33.81735197385456,"update_rms":0.008059168444454225,"accepted":true,"wall_s":6.709904550109059}
{"iteration":78,"score":76.63048586681319,"best":77.76949335626232,"gradient_rms":27.46222445869063,"update_rms":0.007029175180988302,"accepted":true,"wall_s":6.720837151166052}
{"iteration":79,"score":76.34216220454952,"best":77.76949335626232,"gradient_rms":31.860495374112666,"update_rms":0.007122230448593891,"accepted":true,"wall_s":6.712648191023618}
{"iteration":80,"score":76.26555729516895,"best":77.76949335626232,"gradient_rms":39.17433889998617,"update_rms":0.007718495873117882,"accepted":true,"wall_s":6.718318538274616}
{"iteration":81,"score":76.00687608856273,"best":77.76949335626232,"gradient_rms":51.17081981075914,"update_rms":0.009307345859252221,"accepted":true,"wall_s":6.714004199951887}
{"iteration":82,"score":75.3419943730015,"best":77.76949335626232,"gradient_rms":48.278523362473656,"update_rms":0.009311308331668721,"accepted":true,"wall_s":6.703222475014627}
{"iteration":83,"score":75.4779393069835,"best":77.76949335626232,"gradient_rms":41.91346649580627,"update_rms":0.00880322875563384,"accepted":true,"wall_s":6.6964762401767075}
{"iteration":84,"score":75.17751960804173,"best":77.76949335626232,"gradient_rms":33.72983738724659,"update_rms":0.007292386307713178,"accepted":true,"wall_s":6.726801868062466}
{"iteration":85,"score":75.15435470540632,"best":77.76949335626232,"gradient_rms":34.54509086596201,"update_rms":0.007474518822782705,"accepted":true,"wall_s":6.69829335110262}
{"iteration":86,"score":75.58959899193009,"best":77.76949335626232,"gradient_rms":33.47996611233279,"update_rms":0.006683073840794367,"accepted":true,"wall_s":6.7299892120063305}
{"iteration":87,"score":77.0480074851813,"best":77.76949335626232,"gradient_rms":34.32497157571336,"update_rms":0.006777600670240422,"accepted":true,"wall_s":6.701155160088092}
{"iteration":88,"score":77.12010941102355,"best":77.76949335626232,"gradient_rms":50.63487446622856,"update_rms":0.008077490249139334,"accepted":true,"wall_s":6.717045318800956}
{"iteration":89,"score":77.16975182354119,"best":77.76949335626232,"gradient_rms":51.301993184985534,"update_rms":0.008264676362048995,"accepted":true,"wall_s":6.32320722611621}
{"iteration":90,"score":76.56828585311075,"best":77.76949335626232,"gradient_rms":38.47034067522536,"update_rms":0.007320276141553338,"accepted":true,"wall_s":6.709761118050665}
{"iteration":91,"score":75.70107217852905,"best":77.76949335626232,"gradient_rms":46.961975815388364,"update_rms":0.007959491578791044,"accepted":true,"wall_s":6.7230790220201015}
{"iteration":92,"score":75.14110483260157,"best":77.76949335626232,"gradient_rms":37.023388663441125,"update_rms":0.0075657732272804545,"accepted":true,"wall_s":6.698487961199135}
{"iteration":93,"score":70.48531239823271,"best":77.76949335626232,"gradient_rms":41.456410175174945,"update_rms":0.007208369543300959,"accepted":true,"wall_s":6.326510570012033}
{"iteration":94,"score":70.49047944289109,"best":77.76949335626232,"gradient_rms":40.06834302359538,"update_rms":0.007109650950011149,"accepted":true,"wall_s":6.705320232082158}
{"iteration":95,"score":72.13557896817757,"best":77.76949335626232,"gradient_rms":41.48157701905472,"update_rms":0.007110170664144948,"accepted":true,"wall_s":6.708892990835011}
{"iteration":96,"score":75.48283732797819,"best":77.76949335626232,"gradient_rms":47.485310357163705,"update_rms":0.007675881703556903,"accepted":true,"wall_s":6.740415510721505}
{"iteration":97,"score":75.36830274394558,"best":77.76949335626232,"gradient_rms":43.51604076602958,"update_rms":0.007541780835576187,"accepted":true,"wall_s":6.739414905197918}
{"iteration":98,"score":73.53706181578583,"best":77.76949335626232,"gradient_rms":47.34813746907243,"update_rms":0.008010363353208563,"accepted":true,"wall_s":6.725258311722428}
{"iteration":99,"score":75.31879391462324,"best":77.76949335626232,"gradient_rms":49.78896909376879,"update_rms":0.0077414642936676015,"accepted":true,"wall_s":7.162989440374076}
{"iteration":100,"score":75.90108211320826,"best":77.76949335626232,"gradient_rms":46.24068752626893,"update_rms":0.007579509079909204,"accepted":true,"wall_s":6.704252143856138}
{"iteration":101,"score":75.26668267766539,"best":77.76949335626232,"gradient_rms":52.79445691601488,"update_rms":0.007686504254839408,"accepted":true,"wall_s":6.713338731788099}
{"iteration":102,"score":74.30916726444487,"best":77.76949335626232,"gradient_rms":52.66356335541449,"update_rms":0.007810530636116947,"accepted":true,"wall_s":6.7057425999082625}
{"iteration":103,"score":74.20405848513731,"best":77.76949335626232,"gradient_rms":35.76363360865397,"update_rms":0.00678109892944782,"accepted":true,"wall_s":6.716846335213631}
{"iteration":104,"score":74.5247825144484,"best":77.76949335626232,"gradient_rms":26.707628390800025,"update_rms":0.005620342077046719,"accepted":true,"wall_s":6.319962430279702}
{"iteration":105,"score":72.10156022292526,"best":77.76949335626232,"gradient_rms":19.873377718521894,"update_rms":0.004541982048505395,"accepted":true,"wall_s":6.68763557029888}
{"iteration":106,"score":73.75493394906404,"best":77.76949335626232,"gradient_rms":24.586843742223177,"update_rms":0.0042325132574128335,"accepted":true,"wall_s":6.727365882135928}
{"iteration":107,"score":75.20292643348702,"best":77.76949335626232,"gradient_rms":25.73715764800566,"update_rms":0.004242651631011204,"accepted":true,"wall_s":6.704074171371758}
{"iteration":108,"score":75.61072744714225,"best":77.76949335626232,"gradient_rms":24.66840064166215,"update_rms":0.004019146477021733,"accepted":true,"wall_s":6.732505266088992}
{"iteration":109,"score":75.83424191352447,"best":77.76949335626232,"gradient_rms":20.254301726759753,"update_rms":0.0035697817268292163,"accepted":true,"wall_s":6.702536188066006}
{"iteration":110,"score":75.98717151775026,"best":77.76949335626232,"gradient_rms":27.241840473734513,"update_rms":0.0039904272306267065,"accepted":true,"wall_s":6.733747738879174}
{"iteration":111,"score":75.96980565596168,"best":77.76949335626232,"gradient_rms":22.618431360666857,"update_rms":0.003692919916309623,"accepted":true,"wall_s":6.706783013883978}
{"iteration":112,"score":75.9774791861902,"best":77.76949335626232,"gradient_rms":34.155515589063306,"update_rms":0.0046258611252593985,"accepted":true,"wall_s":6.678140575997531}
{"iteration":113,"score":75.08208823598099,"best":77.76949335626232,"gradient_rms":31.04123385193965,"update_rms":0.004817250733167347,"accepted":true,"wall_s":7.073661514092237}
{"iteration":114,"score":74.71126785037778,"best":77.76949335626232,"gradient_rms":40.835422571677995,"update_rms":0.005331736388443719,"accepted":true,"wall_s":6.690943168010563}
{"iteration":115,"score":75.04988253745383,"best":77.76949335626232,"gradient_rms":34.69486443128968,"update_rms":0.005346385049503704,"accepted":true,"wall_s":6.7860124367289245}
{"iteration":116,"score":75.29551664218576,"best":77.76949335626232,"gradient_rms":27.239300339820055,"update_rms":0.00477053754330528,"accepted":true,"wall_s":6.319562854710966}
{"iteration":117,"score":76.32851164909978,"best":77.76949335626232,"gradient_rms":27.52875778261894,"update_rms":0.004678529840859104,"accepted":true,"wall_s":6.694162463303655}
{"iteration":118,"score":76.85503701535269,"best":77.76949335626232,"gradient_rms":37.89354055344961,"update_rms":0.005301281725169778,"accepted":true,"wall_s":6.7032175390049815}
{"iteration":119,"score":76.87448039081202,"best":77.76949335626232,"gradient_rms":41.00320030151369,"update_rms":0.005643639468033891,"accepted":true,"wall_s":6.730390137061477}
{"iteration":120,"score":77.37541858056166,"best":77.76949335626232,"gradient_rms":44.914121245397446,"update_rms":0.006399176394448236,"accepted":true,"wall_s":6.702281443402171}
{"iteration":121,"score":77.4293633796526,"best":77.76949335626232,"gradient_rms":41.3809987575878,"update_rms":0.006713396467241924,"accepted":true,"wall_s":6.723899783100933}
{"iteration":122,"score":76.91460483702768,"best":77.76949335626232,"gradient_rms":44.18666805396708,"update_rms":0.0067396659715996815,"accepted":true,"wall_s":6.316253447905183}
{"iteration":123,"score":76.86092149925835,"best":77.76949335626232,"gradient_rms":49.38400494833458,"update_rms":0.007158541527985078,"accepted":true,"wall_s":6.70484740100801}
{"iteration":124,"score":76.81208384622451,"best":77.76949335626232,"gradient_rms":51.13195688694161,"update_rms":0.007014797944866627,"accepted":true,"wall_s":6.713005876168609}
{"iteration":125,"score":76.96730068729867,"best":77.76949335626232,"gradient_rms":49.25481190086794,"update_rms":0.006900607446134148,"accepted":true,"wall_s":6.704914738889784}
{"iteration":126,"score":76.25503366668859,"best":77.76949335626232,"gradient_rms":52.97174824832176,"update_rms":0.007210406316031397,"accepted":true,"wall_s":6.703484449069947}
{"iteration":127,"score":72.22929299060809,"best":77.76949335626232,"gradient_rms":62.49548257190331,"update_rms":0.007760291155361186,"accepted":true,"wall_s":6.756566601805389}
{"iteration":128,"score":72.12411227442311,"best":77.76949335626232,"gradient_rms":52.28073352976012,"update_rms":0.007408073024233848,"accepted":true,"wall_s":6.7877657832577825}
{"iteration":129,"score":76.63696421986555,"best":77.76949335626232,"gradient_rms":55.53445489643286,"update_rms":0.007420331768177555,"accepted":true,"wall_s":6.720099934376776}
{"iteration":130,"score":75.68743371675221,"best":77.76949335626232,"gradient_rms":51.11732196015322,"update_rms":0.007489756959670327,"accepted":true,"wall_s":6.711498961783946}
{"iteration":131,"score":74.91686783077131,"best":77.76949335626232,"gradient_rms":28.739076232448443,"update_rms":0.005948619014148583,"accepted":true,"wall_s":6.697691701818258}
{"iteration":132,"score":75.05461026125009,"best":77.76949335626232,"gradient_rms":25.20048747225919,"update_rms":0.004559129212169193,"accepted":true,"wall_s":6.973781968932599}
{"iteration":133,"score":75.15493261244512,"best":77.76949335626232,"gradient_rms":29.015683321239948,"update_rms":0.0045789837624270495,"accepted":true,"wall_s":6.689260422252119}
{"iteration":134,"score":75.49799695881006,"best":77.76949335626232,"gradient_rms":27.892699136240537,"update_rms":0.003976333728904833,"accepted":true,"wall_s":6.693460249807686}
{"iteration":135,"score":76.39414849728692,"best":77.76949335626232,"gradient_rms":24.34912909396251,"update_rms":0.0038103316599880713,"accepted":true,"wall_s":6.721222334075719}
{"iteration":136,"score":76.749268848546,"best":77.76949335626232,"gradient_rms":27.7574382830188,"update_rms":0.0036437636839033367,"accepted":true,"wall_s":6.315886022988707}
{"iteration":137,"score":76.76952197453322,"best":77.76949335626232,"gradient_rms":27.357541567623244,"update_rms":0.0037030126440495436,"accepted":true,"wall_s":6.3214706080034375}
{"iteration":138,"score":76.97765043644105,"best":77.76949335626232,"gradient_rms":33.09527710025618,"update_rms":0.004348379319609402,"accepted":true,"wall_s":6.727669559884816}
{"iteration":139,"score":76.72551908818387,"best":77.76949335626232,"gradient_rms":35.80294014232452,"update_rms":0.004513521259576727,"accepted":true,"wall_s":6.721164654009044}
{"iteration":140,"score":76.60662228402393,"best":77.76949335626232,"gradient_rms":38.0622779763858,"update_rms":0.004892026155648161,"accepted":true,"wall_s":6.713517575990409}
{"iteration":141,"score":76.9658707502306,"best":77.76949335626232,"gradient_rms":35.91646175487066,"update_rms":0.004706265424724978,"accepted":true,"wall_s":6.707911258097738}
{"iteration":142,"score":77.33360142220455,"best":77.76949335626232,"gradient_rms":31.91955912788171,"update_rms":0.00462342236078571,"accepted":true,"wall_s":7.5057707550004125}
{"iteration":143,"score":77.57969035149002,"best":77.76949335626232,"gradient_rms":37.15064232192351,"update_rms":0.004977419231104921,"accepted":true,"wall_s":6.324708379805088}
{"iteration":144,"score":77.66214384036421,"best":77.76949335626232,"gradient_rms":40.209073238691566,"update_rms":0.005317867192655092,"accepted":true,"wall_s":6.688019706867635}
{"iteration":145,"score":77.89021380712701,"best":77.89021380712701,"gradient_rms":33.92982337924998,"update_rms":0.004796892208017178,"accepted":true,"wall_s":6.750780316069722}
{"iteration":146,"score":78.09538473084685,"best":78.09538473084685,"gradient_rms":35.4452359704819,"update_rms":0.004672166176693453,"accepted":true,"wall_s":6.722234684973955}
{"iteration":147,"score":77.93652627558403,"best":78.09538473084685,"gradient_rms":36.101612818120685,"update_rms":0.004667217529055378,"accepted":true,"wall_s":6.698268692009151}
{"iteration":148,"score":77.72344888133038,"best":78.09538473084685,"gradient_rms":28.93836166051824,"update_rms":0.00448271397169985,"accepted":true,"wall_s":6.321380082052201}
{"iteration":149,"score":77.74939997525443,"best":78.09538473084685,"gradient_rms":30.317548636451228,"update_rms":0.0041331686792694935,"accepted":true,"wall_s":6.686802577693015}
{"iteration":150,"score":77.8047686589793,"best":78.09538473084685,"gradient_rms":28.18522715287034,"update_rms":0.004125248752618047,"accepted":true,"wall_s":6.744632275775075}
{"iteration":151,"score":77.91986774953239,"best":78.09538473084685,"gradient_rms":27.35714301657453,"update_rms":0.0039996394981227975,"accepted":true,"wall_s":6.709363479167223}
{"iteration":152,"score":77.85299217793983,"best":78.09538473084685,"gradient_rms":32.883246663214976,"update_rms":0.004239085147354216,"accepted":true,"wall_s":6.70070023695007}
{"iteration":153,"score":77.84494655675346,"best":78.09538473084685,"gradient_rms":27.813955489298557,"update_rms":0.0038539942477837765,"accepted":true,"wall_s":6.709398859646171}
{"iteration":154,"score":77.85304834375673,"best":78.09538473084685,"gradient_rms":36.83229740714607,"update_rms":0.004560027609179696,"accepted":true,"wall_s":6.705458572134376}
{"iteration":155,"score":77.79440030504298,"best":78.09538473084685,"gradient_rms":23.404881831902504,"update_rms":0.004103832629908369,"accepted":true,"wall_s":6.716112250927836}
{"iteration":156,"score":77.82330801992133,"best":78.09538473084685,"gradient_rms":32.133996882707734,"update_rms":0.004265940133192208,"accepted":true,"wall_s":6.907520831096917}
{"iteration":157,"score":77.77673369417822,"best":78.09538473084685,"gradient_rms":36.48557220022338,"update_rms":0.0049293006505277135,"accepted":true,"wall_s":6.735758169088513}
{"iteration":158,"score":77.71483855998268,"best":78.09538473084685,"gradient_rms":34.770492654910775,"update_rms":0.004838463647546599,"accepted":true,"wall_s":6.7143892562016845}
{"iteration":159,"score":77.6494884844017,"best":78.09538473084685,"gradient_rms":33.04915988651691,"update_rms":0.004753900792807165,"accepted":true,"wall_s":6.743862211704254}
{"iteration":160,"score":77.28077284456549,"best":78.09538473084685,"gradient_rms":32.850276646896845,"update_rms":0.004796264045294308,"accepted":true,"wall_s":6.736123672686517}
{"iteration":161,"score":76.7210597655425,"best":78.09538473084685,"gradient_rms":26.48995437134242,"update_rms":0.004255673093763404,"accepted":true,"wall_s":6.755829033907503}
{"iteration":162,"score":76.13238824967831,"best":78.09538473084685,"gradient_rms":20.10511619173458,"update_rms":0.003667993438789477,"accepted":true,"wall_s":6.338813257869333}
{"iteration":163,"score":76.29552284105795,"best":78.09538473084685,"gradient_rms":25.78110184867014,"update_rms":0.0034758711660378837,"accepted":true,"wall_s":6.700547080952674}
{"iteration":164,"score":76.66016059551495,"best":78.09538473084685,"gradient_rms":23.185498560886323,"update_rms":0.0033387105982955936,"accepted":true,"wall_s":6.843737069983035}
{"iteration":165,"score":76.56287115304222,"best":78.09538473084685,"gradient_rms":30.25100916493776,"update_rms":0.0039084490468975445,"accepted":true,"wall_s":6.707215222064406}
{"iteration":166,"score":76.06989877856131,"best":78.09538473084685,"gradient_rms":31.629589762795025,"update_rms":0.004048015288045534,"accepted":true,"wall_s":6.704546394292265}
{"iteration":167,"score":75.49886152404146,"best":78.09538473084685,"gradient_rms":36.758815368727404,"update_rms":0.004443037404193841,"accepted":true,"wall_s":6.756800242699683}
{"iteration":168,"score":75.00667646191556,"best":78.09538473084685,"gradient_rms":38.05602302696061,"update_rms":0.00509008454077704,"accepted":true,"wall_s":6.73017986677587}
{"iteration":169,"score":75.19326284325003,"best":78.09538473084685,"gradient_rms":35.25624222380622,"update_rms":0.005106798258261411,"accepted":true,"wall_s":6.715919523965567}
{"iteration":170,"score":75.87173031854608,"best":78.09538473084685,"gradient_rms":29.65465622044687,"update_rms":0.004485251775779285,"accepted":true,"wall_s":7.008241701405495}
{"iteration":171,"score":76.42044123725852,"best":78.09538473084685,"gradient_rms":32.6430819793872,"update_rms":0.0046309314726385884,"accepted":true,"wall_s":6.899316946044564}
{"iteration":172,"score":75.9724927894946,"best":78.09538473084685,"gradient_rms":32.272705423876616,"update_rms":0.004632231627097446,"accepted":true,"wall_s":6.704842355102301}
{"iteration":173,"score":75.95435103036571,"best":78.09538473084685,"gradient_rms":35.83200597816499,"update_rms":0.004557827170463134,"accepted":true,"wall_s":6.320193023886532}
{"iteration":174,"score":76.21231097228322,"best":78.09538473084685,"gradient_rms":27.20930795926509,"update_rms":0.0040135712209558435,"accepted":true,"wall_s":6.7070749113336205}
{"iteration":175,"score":76.23863020995934,"best":78.09538473084685,"gradient_rms":33.567344486925656,"update_rms":0.0044958862974126355,"accepted":true,"wall_s":6.328662183135748}
{"iteration":176,"score":76.30387463819955,"best":78.09538473084685,"gradient_rms":27.530731912964153,"update_rms":0.004152205805095312,"accepted":true,"wall_s":6.7181652300059795}
{"iteration":177,"score":76.69770077802934,"best":78.09538473084685,"gradient_rms":27.670654251173833,"update_rms":0.003907608717578989,"accepted":true,"wall_s":6.696522093843669}
{"iteration":178,"score":76.91592669664848,"best":78.09538473084685,"gradient_rms":35.88316634309642,"update_rms":0.004454549725336932,"accepted":true,"wall_s":6.712654346600175}
{"iteration":179,"score":76.97559605167439,"best":78.09538473084685,"gradient_rms":30.65382194163704,"update_rms":0.004131927318359159,"accepted":true,"wall_s":6.705085848923773}
{"iteration":180,"score":77.11067281812957,"best":78.09538473084685,"gradient_rms":29.394527722887183,"update_rms":0.004013184468100092,"accepted":true,"wall_s":6.714443434029818}
{"iteration":181,"score":77.10628753993763,"best":78.09538473084685,"gradient_rms":24.914100977459235,"update_rms":0.0036153508518855923,"accepted":true,"wall_s":6.71502290526405}
{"iteration":182,"score":76.85198059081277,"best":78.09538473084685,"gradient_rms":34.13068884736224,"update_rms":0.004261369154426382,"accepted":true,"wall_s":6.712548463605344}
{"iteration":183,"score":76.6610242891234,"best":78.09538473084685,"gradient_rms":32.47849876174164,"update_rms":0.004561872711102029,"accepted":true,"wall_s":6.3306947108358145}
{"iteration":184,"score":76.98657848606312,"best":78.09538473084685,"gradient_rms":31.866341514109457,"update_rms":0.004549948875006958,"accepted":true,"wall_s":6.775544638745487}
{"iteration":185,"score":76.89622313523164,"best":78.09538473084685,"gradient_rms":27.835322295520804,"update_rms":0.004065355408833608,"accepted":true,"wall_s":6.819240137934685}
{"iteration":186,"score":76.65219160927938,"best":78.09538473084685,"gradient_rms":27.467496689558597,"update_rms":0.003913280878020656,"accepted":true,"wall_s":6.703949964605272}
{"iteration":187,"score":76.47578155486514,"best":78.09538473084685,"gradient_rms":30.65593862748263,"update_rms":0.0041607099709059835,"accepted":true,"wall_s":6.706933913286775}
{"iteration":188,"score":76.38678576196601,"best":78.09538473084685,"gradient_rms":29.46176368349958,"update_rms":0.0039701457969191604,"accepted":true,"wall_s":7.0021301209926605}
{"iteration":189,"score":76.47979691858005,"best":78.09538473084685,"gradient_rms":23.730062344987882,"update_rms":0.0035608748417087213,"accepted":true,"wall_s":6.524362595751882}
{"iteration":190,"score":76.60452135744951,"best":78.09538473084685,"gradient_rms":18.14858623235052,"update_rms":0.003087761539910512,"accepted":true,"wall_s":6.312403959687799}
{"iteration":191,"score":76.8220957624132,"best":78.09538473084685,"gradient_rms":30.590115493066488,"update_rms":0.0039682441948142915,"accepted":true,"wall_s":6.717336442321539}
{"iteration":192,"score":76.89134127785373,"best":78.09538473084685,"gradient_rms":32.472658201313806,"update_rms":0.004513840853948288,"accepted":true,"wall_s":6.729699261952192}
{"iteration":193,"score":77.03052024511393,"best":78.09538473084685,"gradient_rms":25.821442407495425,"update_rms":0.0038438911019242385,"accepted":true,"wall_s":6.6996043608523905}
{"iteration":194,"score":77.49600353963511,"best":78.09538473084685,"gradient_rms":29.945809733800722,"update_rms":0.0038725481358845926,"accepted":true,"wall_s":6.348834480158985}
{"iteration":195,"score":77.37306329376871,"best":78.09538473084685,"gradient_rms":29.058600749354945,"update_rms":0.003946941404172364,"accepted":true,"wall_s":6.321383362170309}
{"iteration":196,"score":77.3386542921738,"best":78.09538473084685,"gradient_rms":27.928652971709024,"update_rms":0.003884712259251722,"accepted":true,"wall_s":6.321540485601872}
{"iteration":197,"score":77.24945012599599,"best":78.09538473084685,"gradient_rms":23.268044207096285,"update_rms":0.0035696796022466775,"accepted":true,"wall_s":6.730669212993234}
{"iteration":198,"score":77.3616893862663,"best":78.09538473084685,"gradient_rms":31.025274838806965,"update_rms":0.004065519034941111,"accepted":true,"wall_s":6.7437614859081805}
{"iteration":199,"score":77.1322027954934,"best":78.09538473084685,"gradient_rms":32.53199607172737,"update_rms":0.004234257066728709,"accepted":true,"wall_s":6.696454792749137}
{"iteration":200,"score":76.98644845705914,"best":78.09538473084685,"gradient_rms":29.067853675254774,"update_rms":0.004081458997076333,"accepted":true,"wall_s":6.738991586025804}
{
  "status": "ok",
  "stop_reason": "completed_iterations",
  "initial_score": 4.041880109327106,
  "final_score": 76.98644845705914,
  "best_score": 78.09538473084685,
  "best_iteration": 146,
  "completed_iterations": 200,
  "completed_adam_steps": 200,
  "completed_optimizer_steps": 200,
  "total_wall_s": 1335.7362122372724,
  "initial_decode_wall_s": 0.00035945093259215355,
  "initial_score_wall_s": 0.8788738418370485,
  "mean_iteration_wall_s": 6.6762030330044215,
  "manifest": {
    "protocol": {
      "id": "unregistered-experimental",
      "status": "unregistered-experimental",
      "stage": "optimization",
      "requirements": {
        "native_score_abi": 11,
        "native_score_library_sha256": "1c6c78b0dee662233215a56dbdc1e50b8ed29f2d0eee9ae8c4ff7d0403b895ed"
      },
      "actual": {
        "parameter_space": "data",
        "optimizer": "adam",
        "iterations": 200,
        "directions": 64,
        "perturbation": 0.0025,
        "learning_rate": 0.01,
        "beta1": 0.7,
        "beta2": 0.999,
        "flow_steps": 128,
        "gradient_mode": "random-orthogonal",
        "difference": "centered",
        "native_score_abi": 11,
        "native_score_library_sha256": "7b21e66329a23f18ef3cfab408d0a21410acea3c8d10d8b2463ccee7f5a3969f",
        "data_start_mode": "exact-unclipped"
      },
      "differences_from_current": {
        "perturbation": {
          "expected": 0.005,
          "actual": 0.0025
        },
        "learning_rate": {
          "expected": 0.02,
          "actual": 0.01
        },
        "parameter_space": {
          "expected": "latent",
          "actual": "data"
        },
        "native_score_library_sha256": {
          "expected": "1c6c78b0dee662233215a56dbdc1e50b8ed29f2d0eee9ae8c4ff7d0403b895ed",
          "actual": "7b21e66329a23f18ef3cfab408d0a21410acea3c8d10d8b2463ccee7f5a3969f"
        },
        "data_start_mode": {
          "expected": "not-applicable",
          "actual": "exact-unclipped"
        }
      }
    },
    "repository": {
      "commit": "70a1102829da50d9054d929d1cd7073780909268",
      "tracked_dirty": false,
      "available": true
    },
    "algorithm": "adam_with_query_batched_local_gradient",
    "optimizer": "adam",
    "parameter_space": "data",
    "gradient_objective": "dynamic local full-density score with coordinate and maximum-surface-selection derivatives omitted",
    "formal_objective": "complete native QH score for every accepted center",
    "initial_case": "/home/scc/pb24511935/local_surface_evaluator_runs/axisflip_r012_curvature_r04_adam200_20260903_70a1102/incomplete/axisflip_r012_case_0000045.worker3.3478796.partial/start.json",
    "initial_case_sha256": "d1fc40237b831ed324fdfd569784ccaf174a805a0bb9d8747e016b0df307f5ba",
    "checkpoint": "/home/scc/pb24511935/local_surface_evaluator/runs/qh_flow_physical_lr_longselect_20260729/lr_3em4/checkpoint_latest.pt",
    "checkpoint_sha256": "39a3293a459e248a0d1ec062607a1a467128b14d8ca973aadd82e113532ab99f",
    "checkpoint_expectation": {
      "step": 30000,
      "sha256": null
    },
    "native_lib": "/home/scc/pb24511935/local_surface_evaluator_runs/axisflip_r012_curvature_r04_adam200_20260903_70a1102/build_curvature_r04/libstellarator_gpu.so",
    "native_lib_sha256": "7b21e66329a23f18ef3cfab408d0a21410acea3c8d10d8b2463ccee7f5a3969f",
    "native_score": {
      "abi": 11,
      "validated_default_library_sha256": "1c6c78b0dee662233215a56dbdc1e50b8ed29f2d0eee9ae8c4ff7d0403b895ed"
    },
    "nfp": 8,
    "n_base_coils": 3,
    "target_helicity": [
      1,
      8
    ],
    "iterations": 200,
    "max_wall_s": 26645.595299,
    "flow": {
      "method": "rk4",
      "steps": 128,
      "dtype": "fp32",
      "use": "none"
    },
    "flow_pipeline": false,
    "coordinate_gradient": {
      "dimension": 300,
      "mode": "random-orthogonal",
      "random_directions": 64,
      "endpoint_count": 128,
      "perturbation": 0.0025,
      "difference": "centered",
      "psi_grid": 48,
      "psi_iterations": 4,
      "alpha_iterations": 4,
      "formal_surface_theta_count": 128,
      "local_surface_theta_count": 64
    },
    "adam": {
      "learning_rate": 0.01,
      "beta1": 0.7,
      "beta2": 0.999,
      "epsilon": 1e-08,
      "weight_decay": 0.0
    },
    "bfgs": {
      "initial_trust_rms": 0.01,
      "min_trust_rms": 1e-05,
      "max_trust_rms": 0.05,
      "trust_growth": 1.2,
      "trust_shrink": 0.5,
      "min_improvement": 0.0
    },
    "seed": 120260951,
    "axis_policy": "recorded strict mixed-precision continuation from step 0",
    "recorded_initial_score_tolerance": 0.1,
    "devices": {
      "flow": 0,
      "score": 0
    },
    "initial_metadata_keys": [
      "data_prior_screening",
      "nfp",
      "raw"
    ],
    "data_parameterization": {
      "definition": "per-coordinate training-set standardization",
      "physical_mapping": "CoilNormalizer.inverse with canonical current L1/sign",
      "initial_source": "direct analytic-prior geometry with unclipped coordinates",
      "data_start_mode": "exact-unclipped",
      "initial_clipped_fraction": 0.0,
      "initial_roundtrip_relative_rms": 2.0163724209224873e-17,
      "flow_calls_after_initialization": 0
    },
    "initial_consistency_gate": {
      "recorded_score": 4.042768634666785,
      "optimizer_score": 4.041880109327106,
      "absolute_delta": 0.0008885253396782034,
      "tolerance": 0.1,
      "recorded_axis_hint": [
        1.131866269488611,
        -2.9963516474419694e-08
      ],
      "optimizer_axis": [
        1.131866269488611,
        -2.9963516474419694e-08
      ],
      "axis_hint_distance": 0.0
    }
  }
}
