{"iteration":1,"score":30.39244323606431,"best":30.39244323606431,"gradient_rms":36.89284367379612,"update_rms":0.009999999982612666,"accepted":true,"wall_s":6.680379722267389}
{"iteration":2,"score":39.32116851615624,"best":39.32116851615624,"gradient_rms":52.53772031552879,"update_rms":0.0074018442414329035,"accepted":true,"wall_s":6.6583473682403564}
{"iteration":3,"score":48.39588290329884,"best":48.39588290329884,"gradient_rms":38.13597142204472,"update_rms":0.005980436432635694,"accepted":true,"wall_s":6.683520387858152}
{"iteration":4,"score":56.167268676110325,"best":56.167268676110325,"gradient_rms":38.40348946305711,"update_rms":0.005413334014887479,"accepted":true,"wall_s":6.6398032903671265}
{"iteration":5,"score":60.34100866594702,"best":60.34100866594702,"gradient_rms":26.434128938953137,"update_rms":0.004524802855506538,"accepted":true,"wall_s":6.64528201520443}
{"iteration":6,"score":61.69202391946854,"best":61.69202391946854,"gradient_rms":28.186932063277435,"update_rms":0.004336605928096147,"accepted":true,"wall_s":6.666784286499023}
{"iteration":7,"score":62.35070410990532,"best":62.35070410990532,"gradient_rms":23.531495674569577,"update_rms":0.003855314724443271,"accepted":true,"wall_s":6.66359818354249}
{"iteration":8,"score":62.883623278610386,"best":62.883623278610386,"gradient_rms":20.387460813427715,"update_rms":0.0034686237344038378,"accepted":true,"wall_s":6.685910694301128}
{"iteration":9,"score":63.39917670926191,"best":63.39917670926191,"gradient_rms":15.191181358322744,"update_rms":0.00294999594892595,"accepted":true,"wall_s":6.681149885058403}
{"iteration":10,"score":63.73929487781187,"best":63.73929487781187,"gradient_rms":9.597260178964182,"update_rms":0.0025363155142706204,"accepted":true,"wall_s":6.297672353684902}
{"iteration":11,"score":64.17148112420035,"best":64.17148112420035,"gradient_rms":6.553817348062533,"update_rms":0.0020339040224579188,"accepted":true,"wall_s":6.68188839033246}
{"iteration":12,"score":64.43175546474812,"best":64.43175546474812,"gradient_rms":6.350745090094973,"update_rms":0.0016723735608773075,"accepted":true,"wall_s":6.681642785668373}
{"iteration":13,"score":64.6843358475783,"best":64.6843358475783,"gradient_rms":6.797435623334611,"update_rms":0.0014477266872418902,"accepted":true,"wall_s":6.697942987084389}
{"iteration":14,"score":64.98575834836876,"best":64.98575834836876,"gradient_rms":5.422805177265066,"update_rms":0.0013397454984038048,"accepted":true,"wall_s":6.710280615836382}
{"iteration":15,"score":65.2635682459428,"best":65.2635682459428,"gradient_rms":7.169144321794662,"update_rms":0.0014192063383566184,"accepted":true,"wall_s":6.730920430272818}
{"iteration":16,"score":65.53390000567288,"best":65.53390000567288,"gradient_rms":6.698912163291734,"update_rms":0.001451471767536047,"accepted":true,"wall_s":6.703923154622316}
{"iteration":17,"score":65.92456301994307,"best":65.92456301994307,"gradient_rms":5.284082301318454,"update_rms":0.0013129006184934267,"accepted":true,"wall_s":6.716089051216841}
{"iteration":18,"score":66.21082482712383,"best":66.21082482712383,"gradient_rms":7.484821679968993,"update_rms":0.0014779463560735324,"accepted":true,"wall_s":6.706569530069828}
{"iteration":19,"score":66.44619185720425,"best":66.44619185720425,"gradient_rms":6.534706126906769,"update_rms":0.0014838622145228702,"accepted":true,"wall_s":6.7152946554124355}
{"iteration":20,"score":66.59033484611165,"best":66.59033484611165,"gradient_rms":4.857668605863636,"update_rms":0.0012937191391430341,"accepted":true,"wall_s":6.712256625294685}
{"iteration":21,"score":66.84320785282985,"best":66.84320785282985,"gradient_rms":4.320996632568085,"update_rms":0.0011916443985091338,"accepted":true,"wall_s":6.726022198796272}
{"iteration":22,"score":67.0867890050273,"best":67.0867890050273,"gradient_rms":5.774708294103021,"update_rms":0.0013416037591672308,"accepted":true,"wall_s":6.707172520458698}
{"iteration":23,"score":67.28194736202813,"best":67.28194736202813,"gradient_rms":4.954630608351805,"update_rms":0.0012981046247597455,"accepted":true,"wall_s":6.691214021295309}
{"iteration":24,"score":67.55362314964566,"best":67.55362314964566,"gradient_rms":4.819307383708045,"update_rms":0.0013095581285265821,"accepted":true,"wall_s":6.699386961758137}
{"iteration":25,"score":67.7392736646571,"best":67.7392736646571,"gradient_rms":3.727612446916047,"update_rms":0.0011815840431166516,"accepted":true,"wall_s":6.698274362832308}
{"iteration":26,"score":67.85458890867142,"best":67.85458890867142,"gradient_rms":4.709055091928446,"update_rms":0.0012747972722568942,"accepted":true,"wall_s":6.322339918464422}
{"iteration":27,"score":68.21321831678092,"best":68.21321831678092,"gradient_rms":5.1644858486671374,"update_rms":0.0013023847795922147,"accepted":true,"wall_s":6.692618615925312}
{"iteration":28,"score":68.41312504431158,"best":68.41312504431158,"gradient_rms":3.361907636294391,"update_rms":0.001146121168094899,"accepted":true,"wall_s":6.7076056860387325}
{"iteration":29,"score":68.65158094413937,"best":68.65158094413937,"gradient_rms":4.516778673973993,"update_rms":0.001244074566426402,"accepted":true,"wall_s":6.692285317927599}
{"iteration":30,"score":68.86236681342386,"best":68.86236681342386,"gradient_rms":3.972968974016413,"update_rms":0.0011754562816856072,"accepted":true,"wall_s":6.701935090124607}
{"iteration":31,"score":69.1516021436106,"best":69.1516021436106,"gradient_rms":7.35894463175964,"update_rms":0.0016951778184645177,"accepted":true,"wall_s":6.688702899962664}
{"iteration":32,"score":69.37557823246296,"best":69.37557823246296,"gradient_rms":6.002840638807442,"update_rms":0.0016924899591353683,"accepted":true,"wall_s":6.700571537017822}
{"iteration":33,"score":69.55300144295748,"best":69.55300144295748,"gradient_rms":3.8196347866596083,"update_rms":0.0014634983700049578,"accepted":true,"wall_s":6.689904097467661}
{"iteration":34,"score":69.79712976710069,"best":69.79712976710069,"gradient_rms":7.254380176670741,"update_rms":0.0018375965525833141,"accepted":true,"wall_s":6.705333705991507}
{"iteration":35,"score":70.05397945961293,"best":70.05397945961293,"gradient_rms":5.279334795157288,"update_rms":0.0016346331942658136,"accepted":true,"wall_s":6.693969402462244}
{"iteration":36,"score":70.2619378669922,"best":70.2619378669922,"gradient_rms":5.5466582550791035,"update_rms":0.0017150028020979072,"accepted":true,"wall_s":6.727443058043718}
{"iteration":37,"score":70.39266499237257,"best":70.39266499237257,"gradient_rms":6.3917728121611415,"update_rms":0.0016951413276211638,"accepted":true,"wall_s":6.305861864238977}
{"iteration":38,"score":70.64724357100971,"best":70.64724357100971,"gradient_rms":8.554866192833815,"update_rms":0.0021076678478377324,"accepted":true,"wall_s":6.314282443374395}
{"iteration":39,"score":70.88689316386225,"best":70.88689316386225,"gradient_rms":4.977549516585889,"update_rms":0.0019206049200640532,"accepted":true,"wall_s":6.697708275169134}
{"iteration":40,"score":71.28351797016998,"best":71.28351797016998,"gradient_rms":5.240643153957217,"update_rms":0.0018711844023704606,"accepted":true,"wall_s":6.699830777943134}
{"iteration":41,"score":71.40096915515835,"best":71.40096915515835,"gradient_rms":4.1768538218718,"update_rms":0.0016255256547704187,"accepted":true,"wall_s":6.309939481317997}
{"iteration":42,"score":71.6289494987604,"best":71.6289494987604,"gradient_rms":5.10011567038945,"update_rms":0.0016755749554842325,"accepted":true,"wall_s":6.334688428789377}
{"iteration":43,"score":71.74003175797577,"best":71.74003175797577,"gradient_rms":7.111614544468282,"update_rms":0.0019891917280542297,"accepted":true,"wall_s":6.331017259508371}
{"iteration":44,"score":71.87287913194052,"best":71.87287913194052,"gradient_rms":8.042601146081397,"update_rms":0.002168643977355697,"accepted":true,"wall_s":6.312602575868368}
{"iteration":45,"score":71.80279621569953,"best":71.87287913194052,"gradient_rms":12.983355547936936,"update_rms":0.003266595325187251,"accepted":true,"wall_s":6.704518750309944}
{"iteration":46,"score":71.66009113562507,"best":71.87287913194052,"gradient_rms":32.29135951508319,"update_rms":0.006590073813404944,"accepted":true,"wall_s":6.694082282483578}
{"iteration":47,"score":71.51479326091767,"best":71.87287913194052,"gradient_rms":31.977701400756263,"update_rms":0.007432304225376664,"accepted":true,"wall_s":6.696186777204275}
{"iteration":48,"score":71.45156864968243,"best":71.87287913194052,"gradient_rms":22.039689503581418,"update_rms":0.006329863182029408,"accepted":true,"wall_s":6.696530748158693}
{"iteration":49,"score":71.32834706028632,"best":71.87287913194052,"gradient_rms":10.81860090343906,"update_rms":0.005082350958117806,"accepted":true,"wall_s":6.311913508921862}
{"iteration":50,"score":71.54225123179843,"best":71.87287913194052,"gradient_rms":10.23482551348603,"update_rms":0.004259645392576534,"accepted":true,"wall_s":6.697927385568619}
{"iteration":51,"score":71.46848378215209,"best":71.87287913194052,"gradient_rms":5.702100442213518,"update_rms":0.0032223556054610724,"accepted":true,"wall_s":6.330613996833563}
{"iteration":52,"score":71.50585467454562,"best":71.87287913194052,"gradient_rms":14.521835680262326,"update_rms":0.003780511658253066,"accepted":true,"wall_s":6.715156223624945}
{"iteration":53,"score":71.64109591043882,"best":71.87287913194052,"gradient_rms":7.028025543108231,"update_rms":0.002922318190786291,"accepted":true,"wall_s":6.720325965434313}
{"iteration":54,"score":71.76751623851432,"best":71.87287913194052,"gradient_rms":10.953153397748812,"update_rms":0.003024963171023481,"accepted":true,"wall_s":6.708125904202461}
{"iteration":55,"score":71.96359922414675,"best":71.96359922414675,"gradient_rms":10.771883160016865,"update_rms":0.0029765707984032237,"accepted":true,"wall_s":6.702199079096317}
{"iteration":56,"score":72.16173253904437,"best":72.16173253904437,"gradient_rms":5.9994313564960065,"update_rms":0.002334088391610833,"accepted":true,"wall_s":6.711817730218172}
{"iteration":57,"score":72.33788701679518,"best":72.33788701679518,"gradient_rms":6.607186898647031,"update_rms":0.0021268345943973002,"accepted":true,"wall_s":6.318551354110241}
{"iteration":58,"score":72.4781885953434,"best":72.4781885953434,"gradient_rms":5.627268075050285,"update_rms":0.0019247054814393284,"accepted":true,"wall_s":6.322996534407139}
{"iteration":59,"score":72.72798092164376,"best":72.72798092164376,"gradient_rms":6.508134639690148,"update_rms":0.001951627864941153,"accepted":true,"wall_s":6.7147299610078335}
{"iteration":60,"score":72.91552256191466,"best":72.91552256191466,"gradient_rms":5.4670075286673265,"update_rms":0.00180251370348502,"accepted":true,"wall_s":6.697611764073372}
{"iteration":61,"score":73.15590402858014,"best":73.15590402858014,"gradient_rms":9.873100323000576,"update_rms":0.0025120051041932472,"accepted":true,"wall_s":6.710229184478521}
{"iteration":62,"score":73.39720103647076,"best":73.39720103647076,"gradient_rms":5.065757186180423,"update_rms":0.002178899157834604,"accepted":true,"wall_s":6.695333942770958}
{"iteration":63,"score":72.96579061831275,"best":73.39720103647076,"gradient_rms":43.942683281312284,"update_rms":0.008066358756305299,"accepted":true,"wall_s":6.709477495402098}
{"iteration":64,"score":72.48012752667253,"best":73.39720103647076,"gradient_rms":12.920214289433904,"update_rms":0.006287278743207716,"accepted":true,"wall_s":6.6928439028561115}
{"iteration":65,"score":72.46363050952881,"best":73.39720103647076,"gradient_rms":11.111205910346467,"update_rms":0.004877147374445451,"accepted":true,"wall_s":6.714487474411726}
{"iteration":66,"score":72.84269536828471,"best":73.39720103647076,"gradient_rms":9.116556520352649,"update_rms":0.003908044184313644,"accepted":true,"wall_s":6.690205562859774}
{"iteration":67,"score":73.38900270413669,"best":73.39720103647076,"gradient_rms":7.554916610641442,"update_rms":0.003170527347840916,"accepted":true,"wall_s":6.305152893066406}
{"iteration":68,"score":73.89715381980189,"best":73.89715381980189,"gradient_rms":9.147876992465378,"update_rms":0.0028589010297630853,"accepted":true,"wall_s":6.668834552168846}
{"iteration":69,"score":74.0088558003012,"best":74.0088558003012,"gradient_rms":10.04757803178078,"update_rms":0.0029033203741001597,"accepted":true,"wall_s":6.686545733362436}
{"iteration":70,"score":74.10026412317511,"best":74.10026412317511,"gradient_rms":9.150083275096316,"update_rms":0.002817545865357303,"accepted":true,"wall_s":6.6933379508554935}
{"iteration":71,"score":74.17314190586461,"best":74.17314190586461,"gradient_rms":9.779185380020092,"update_rms":0.0028751937072326135,"accepted":true,"wall_s":6.684572815895081}
{"iteration":72,"score":74.2534614982889,"best":74.2534614982889,"gradient_rms":11.072664571318406,"update_rms":0.0029834270459179707,"accepted":true,"wall_s":6.723517429083586}
{"iteration":73,"score":74.11322372555662,"best":74.2534614982889,"gradient_rms":11.388887181795265,"update_rms":0.0030240412508678073,"accepted":true,"wall_s":6.688890516757965}
{"iteration":74,"score":74.04919575231519,"best":74.2534614982889,"gradient_rms":19.69598629433577,"update_rms":0.004567872798163262,"accepted":true,"wall_s":6.68597149476409}
{"iteration":75,"score":74.20064773048057,"best":74.2534614982889,"gradient_rms":15.180477525014638,"update_rms":0.004389479580497165,"accepted":true,"wall_s":6.685955468565226}
{"iteration":76,"score":74.56818911467991,"best":74.56818911467991,"gradient_rms":39.40012117116461,"update_rms":0.007590220240475277,"accepted":true,"wall_s":6.682538602501154}
{"iteration":77,"score":74.49180461989377,"best":74.56818911467991,"gradient_rms":8.685735088459253,"update_rms":0.005516739266360673,"accepted":true,"wall_s":6.675101470202208}
{"iteration":78,"score":74.31396640554618,"best":74.56818911467991,"gradient_rms":18.4423642938084,"update_rms":0.005294531879550865,"accepted":true,"wall_s":6.685969207435846}
{"iteration":79,"score":74.46884465723295,"best":74.56818911467991,"gradient_rms":7.890555524862419,"update_rms":0.004061149931376857,"accepted":true,"wall_s":6.681643642485142}
{"iteration":80,"score":74.60374237786552,"best":74.60374237786552,"gradient_rms":14.82185943249157,"update_rms":0.004137505213523904,"accepted":true,"wall_s":6.304671607911587}
{"iteration":81,"score":74.97336586475912,"best":74.97336586475912,"gradient_rms":9.582913536878493,"update_rms":0.003552769507145015,"accepted":true,"wall_s":6.671622171998024}
{"iteration":82,"score":75.1107618917374,"best":75.1107618917374,"gradient_rms":13.603683889887794,"update_rms":0.0038245828566602614,"accepted":true,"wall_s":6.299113504588604}
{"iteration":83,"score":75.3464482598158,"best":75.3464482598158,"gradient_rms":13.142607297010313,"update_rms":0.003870020292667623,"accepted":true,"wall_s":6.677225109189749}
{"iteration":84,"score":75.01495691436956,"best":75.3464482598158,"gradient_rms":17.944075429331335,"update_rms":0.0044304885602831886,"accepted":true,"wall_s":6.675530202686787}
{"iteration":85,"score":74.93868937887355,"best":75.3464482598158,"gradient_rms":13.555969948423149,"update_rms":0.004136222443642454,"accepted":true,"wall_s":6.680212378501892}
{"iteration":86,"score":75.0057915140596,"best":75.3464482598158,"gradient_rms":9.51115181029134,"update_rms":0.0034239103124526385,"accepted":true,"wall_s":6.6705142967402935}
{"iteration":87,"score":75.62721567576655,"best":75.62721567576655,"gradient_rms":15.5192493021135,"update_rms":0.003989972122407311,"accepted":true,"wall_s":6.68320831283927}
{"iteration":88,"score":75.7937085078016,"best":75.7937085078016,"gradient_rms":16.72498913764994,"update_rms":0.0044485742899647174,"accepted":true,"wall_s":6.682044818997383}
{"iteration":89,"score":74.83811938491033,"best":75.7937085078016,"gradient_rms":16.636729611057277,"update_rms":0.004383970258242571,"accepted":true,"wall_s":6.700053904205561}
{"iteration":90,"score":74.62612612015826,"best":75.7937085078016,"gradient_rms":13.768154048618522,"update_rms":0.00405448886405933,"accepted":true,"wall_s":6.6931653544306755}
{"iteration":91,"score":75.52531121027899,"best":75.7937085078016,"gradient_rms":11.85612658372285,"update_rms":0.003777151231201404,"accepted":true,"wall_s":6.693043928593397}
{"iteration":92,"score":76.70246154503144,"best":76.70246154503144,"gradient_rms":13.985420892170268,"update_rms":0.00397160362444021,"accepted":true,"wall_s":6.739545464515686}
{"iteration":93,"score":76.56909372275824,"best":76.70246154503144,"gradient_rms":25.89203248380029,"update_rms":0.0056902132185645896,"accepted":true,"wall_s":6.708269510418177}
{"iteration":94,"score":75.44295344282857,"best":76.70246154503144,"gradient_rms":30.78584777302167,"update_rms":0.0070614078890311825,"accepted":true,"wall_s":6.692695923149586}
{"iteration":95,"score":74.71088823353863,"best":76.70246154503144,"gradient_rms":21.705105150216294,"update_rms":0.006381562132494832,"accepted":true,"wall_s":6.320043943822384}
{"iteration":96,"score":75.10804094924823,"best":76.70246154503144,"gradient_rms":25.562637346178132,"update_rms":0.006550101897626539,"accepted":true,"wall_s":6.693161781877279}
{"iteration":97,"score":75.77197175478662,"best":76.70246154503144,"gradient_rms":22.594169031371354,"update_rms":0.0061103317220539115,"accepted":true,"wall_s":6.709217797964811}
{"iteration":98,"score":75.44053525796534,"best":76.70246154503144,"gradient_rms":42.760893320846414,"update_rms":0.008650292905969125,"accepted":true,"wall_s":6.696823462843895}
{"iteration":99,"score":72.23879143489731,"best":76.70246154503144,"gradient_rms":72.04663493178876,"update_rms":0.012429679968023273,"accepted":true,"wall_s":6.69903776794672}
{"iteration":100,"score":74.51082124636804,"best":76.70246154503144,"gradient_rms":76.24244567847252,"update_rms":0.013342447829499235,"accepted":true,"wall_s":6.6943748109042645}
{"iteration":101,"score":74.43265033736485,"best":76.70246154503144,"gradient_rms":63.454685577684494,"update_rms":0.012477606808627542,"accepted":true,"wall_s":7.077554669231176}
{"iteration":102,"score":71.5396742870196,"best":76.70246154503144,"gradient_rms":53.79167331612226,"update_rms":0.011130482346097847,"accepted":true,"wall_s":6.68467964977026}
{"iteration":103,"score":70.17057942721087,"best":76.70246154503144,"gradient_rms":32.209381548951264,"update_rms":0.009042149696269326,"accepted":true,"wall_s":6.701560772955418}
{"iteration":104,"score":69.96823131992966,"best":76.70246154503144,"gradient_rms":19.488658992222547,"update_rms":0.00682731661028,"accepted":true,"wall_s":6.70379301905632}
{"iteration":105,"score":70.60815199595682,"best":76.70246154503144,"gradient_rms":16.814559639806067,"update_rms":0.005194521464657054,"accepted":true,"wall_s":6.676939200609922}
{"iteration":106,"score":72.07913315693429,"best":76.70246154503144,"gradient_rms":13.165928704541766,"update_rms":0.004121595315053935,"accepted":true,"wall_s":6.681411799043417}
{"iteration":107,"score":73.8353002575219,"best":76.70246154503144,"gradient_rms":21.064670619361323,"update_rms":0.004274200515388924,"accepted":true,"wall_s":6.696993753314018}
{"iteration":108,"score":75.09013847378392,"best":76.70246154503144,"gradient_rms":36.570325730389136,"update_rms":0.005916282059051273,"accepted":true,"wall_s":6.71089556068182}
{"iteration":109,"score":75.39790256191623,"best":76.70246154503144,"gradient_rms":46.95957859418183,"update_rms":0.007756992321901482,"accepted":true,"wall_s":6.699660342186689}
{"iteration":110,"score":75.80607433178474,"best":76.70246154503144,"gradient_rms":48.932702287782554,"update_rms":0.008405889451991316,"accepted":true,"wall_s":6.704101882874966}
{"iteration":111,"score":75.80964935937867,"best":76.70246154503144,"gradient_rms":51.7217483228253,"update_rms":0.009129415800681977,"accepted":true,"wall_s":6.69621467590332}
{"iteration":112,"score":75.51883628697848,"best":76.70246154503144,"gradient_rms":56.172379755219666,"update_rms":0.009640042699409651,"accepted":true,"wall_s":6.703172512352467}
{"iteration":113,"score":74.79303660472839,"best":76.70246154503144,"gradient_rms":81.99455178247052,"update_rms":0.01203100110401651,"accepted":true,"wall_s":6.7032727636396885}
{"iteration":114,"score":74.92930530586818,"best":76.70246154503144,"gradient_rms":55.981181562857884,"update_rms":0.010657659775919627,"accepted":true,"wall_s":6.693995855748653}
{"iteration":115,"score":74.62003382770911,"best":76.70246154503144,"gradient_rms":49.33581011306932,"update_rms":0.009390863521579342,"accepted":true,"wall_s":6.674050439149141}
{"iteration":116,"score":76.07176015681483,"best":76.70246154503144,"gradient_rms":41.301825713889265,"update_rms":0.008130875454363666,"accepted":true,"wall_s":6.679822631180286}
{"iteration":117,"score":74.82287168231902,"best":76.70246154503144,"gradient_rms":64.09640911603162,"update_rms":0.0092716376755232,"accepted":true,"wall_s":6.6896463222801685}
{"iteration":118,"score":73.40311692817633,"best":76.70246154503144,"gradient_rms":64.90441470599342,"update_rms":0.009784389823922636,"accepted":true,"wall_s":6.705307722091675}
{"iteration":119,"score":72.5941812964679,"best":76.70246154503144,"gradient_rms":31.466733942021975,"update_rms":0.0077671195041351705,"accepted":true,"wall_s":6.698000993579626}
{"iteration":120,"score":73.07446634162193,"best":76.70246154503144,"gradient_rms":17.668337646085142,"update_rms":0.005716694843210593,"accepted":true,"wall_s":6.703707177191973}
{"iteration":121,"score":74.5863978870244,"best":76.70246154503144,"gradient_rms":19.08604344338563,"update_rms":0.004546973624872766,"accepted":true,"wall_s":6.695423435419798}
{"iteration":122,"score":75.75285355161753,"best":76.70246154503144,"gradient_rms":16.66536183324984,"update_rms":0.003666809340752514,"accepted":true,"wall_s":6.701392695307732}
{"iteration":123,"score":76.0115913295265,"best":76.70246154503144,"gradient_rms":25.18809769250449,"update_rms":0.0038972519295647342,"accepted":true,"wall_s":6.698586616665125}
{"iteration":124,"score":75.63410181697692,"best":76.70246154503144,"gradient_rms":24.3450967006756,"update_rms":0.003909062246305236,"accepted":true,"wall_s":6.690222930163145}
{"iteration":125,"score":75.82727512528423,"best":76.70246154503144,"gradient_rms":28.391696542788544,"update_rms":0.004204138104602522,"accepted":true,"wall_s":6.6759169436991215}
{"iteration":126,"score":75.70839819979031,"best":76.70246154503144,"gradient_rms":33.7307172650408,"update_rms":0.004852917644471657,"accepted":true,"wall_s":6.681007392704487}
{"iteration":127,"score":76.1154052163487,"best":76.70246154503144,"gradient_rms":27.28412988086871,"update_rms":0.004489861086588679,"accepted":true,"wall_s":6.682368319481611}
{"iteration":128,"score":76.22687930579184,"best":76.70246154503144,"gradient_rms":30.410518222506695,"update_rms":0.004649317524305107,"accepted":true,"wall_s":6.675245497375727}
{"iteration":129,"score":76.49793570988476,"best":76.70246154503144,"gradient_rms":30.648538050129606,"update_rms":0.004805914309618869,"accepted":true,"wall_s":6.6929523423314095}
{"iteration":130,"score":76.41161334190002,"best":76.70246154503144,"gradient_rms":32.50205099171352,"update_rms":0.00507857267149172,"accepted":true,"wall_s":6.676510997116566}
{"iteration":131,"score":76.8787462787338,"best":76.8787462787338,"gradient_rms":40.963692144657934,"update_rms":0.005520698130967443,"accepted":true,"wall_s":6.68395184352994}
{"iteration":132,"score":77.28581445780819,"best":77.28581445780819,"gradient_rms":36.272878405725,"update_rms":0.005439938398447528,"accepted":true,"wall_s":6.673389609903097}
{"iteration":133,"score":76.51710745602344,"best":77.28581445780819,"gradient_rms":37.70912262602577,"update_rms":0.00560662162319092,"accepted":true,"wall_s":6.681220188736916}
{"iteration":134,"score":76.07976042052995,"best":77.28581445780819,"gradient_rms":27.538120776854075,"update_rms":0.005032692086903649,"accepted":true,"wall_s":6.680225118994713}
{"iteration":135,"score":76.06022713965882,"best":77.28581445780819,"gradient_rms":22.445036373915254,"update_rms":0.004253175896461996,"accepted":true,"wall_s":6.285837389528751}
{"iteration":136,"score":76.78086010575765,"best":77.28581445780819,"gradient_rms":19.847782568478696,"update_rms":0.003483429669210596,"accepted":true,"wall_s":6.67955930903554}
{"iteration":137,"score":77.7717404406584,"best":77.7717404406584,"gradient_rms":40.82525314228013,"update_rms":0.0050797760146178254,"accepted":true,"wall_s":6.692847136408091}
{"iteration":138,"score":76.01533682209974,"best":77.7717404406584,"gradient_rms":49.17986216629046,"update_rms":0.006622365053677303,"accepted":true,"wall_s":6.68294619768858}
{"iteration":139,"score":75.51482509996816,"best":77.7717404406584,"gradient_rms":37.79882340860957,"update_rms":0.0059075662132958735,"accepted":true,"wall_s":6.310300849378109}
{"iteration":140,"score":76.4085312802075,"best":77.7717404406584,"gradient_rms":44.5341768645464,"update_rms":0.006268787638925031,"accepted":true,"wall_s":6.706067852675915}
{"iteration":141,"score":77.72265189511623,"best":77.7717404406584,"gradient_rms":51.62438396833788,"update_rms":0.0070032625320045425,"accepted":true,"wall_s":6.6908105202019215}
{"iteration":142,"score":77.2486531590857,"best":77.7717404406584,"gradient_rms":36.00473676760615,"update_rms":0.006303007272876822,"accepted":true,"wall_s":6.691598288714886}
{"iteration":143,"score":76.70966242804101,"best":77.7717404406584,"gradient_rms":23.34487235504112,"update_rms":0.00526388362941266,"accepted":true,"wall_s":6.6904873214662075}
{"iteration":144,"score":76.89508543364875,"best":77.7717404406584,"gradient_rms":15.765965851984411,"update_rms":0.0041370086871903395,"accepted":true,"wall_s":6.690077792853117}
{"iteration":145,"score":77.54540999071247,"best":77.7717404406584,"gradient_rms":17.48949595517069,"update_rms":0.0033282955756892023,"accepted":true,"wall_s":6.678657878190279}
{"iteration":146,"score":78.08153352483288,"best":78.08153352483288,"gradient_rms":21.884611195433713,"update_rms":0.0034166305779404966,"accepted":true,"wall_s":6.687693532556295}
{"iteration":147,"score":78.32931466389539,"best":78.32931466389539,"gradient_rms":29.174662032664006,"update_rms":0.003908853821567769,"accepted":true,"wall_s":6.680203907191753}
{"iteration":148,"score":78.40695500335308,"best":78.40695500335308,"gradient_rms":27.378844610992516,"update_rms":0.003952537883341742,"accepted":true,"wall_s":6.676916770637035}
{"iteration":149,"score":77.86770579220602,"best":78.40695500335308,"gradient_rms":34.790647174964725,"update_rms":0.004634882370487258,"accepted":true,"wall_s":6.689564373344183}
{"iteration":150,"score":77.6190726085346,"best":78.40695500335308,"gradient_rms":24.384716508251202,"update_rms":0.004223170562754162,"accepted":true,"wall_s":6.688647780567408}
{"iteration":151,"score":77.79982106796461,"best":78.40695500335308,"gradient_rms":22.724894343483395,"update_rms":0.003796256880124141,"accepted":true,"wall_s":6.699336193501949}
{"iteration":152,"score":77.97820584728063,"best":78.40695500335308,"gradient_rms":19.776999561828372,"update_rms":0.003612053828999391,"accepted":true,"wall_s":6.693041857331991}
{"iteration":153,"score":78.13279746672721,"best":78.40695500335308,"gradient_rms":22.111149963171997,"update_rms":0.0035682237646746775,"accepted":true,"wall_s":6.710094191133976}
{"iteration":154,"score":77.89318614243976,"best":78.40695500335308,"gradient_rms":20.882315955411066,"update_rms":0.003246130039213922,"accepted":true,"wall_s":6.693536005914211}
{"iteration":155,"score":77.56367208057512,"best":78.40695500335308,"gradient_rms":23.068961089376938,"update_rms":0.0033604499703966343,"accepted":true,"wall_s":6.699406016618013}
{"iteration":156,"score":77.49296595024927,"best":78.40695500335308,"gradient_rms":22.644233881188548,"update_rms":0.0034312773229333692,"accepted":true,"wall_s":6.3214779160916805}
{"iteration":157,"score":78.11886850581416,"best":78.40695500335308,"gradient_rms":21.42295720283317,"update_rms":0.003269964148779726,"accepted":true,"wall_s":6.694440495222807}
{"iteration":158,"score":78.09925167510589,"best":78.40695500335308,"gradient_rms":26.49986304172476,"update_rms":0.003680839539086737,"accepted":true,"wall_s":6.684886861592531}
{"iteration":159,"score":78.23207661283152,"best":78.40695500335308,"gradient_rms":19.463656950029264,"update_rms":0.0031062925796421018,"accepted":true,"wall_s":6.703614700585604}
{"iteration":160,"score":78.54163989085829,"best":78.54163989085829,"gradient_rms":13.207583125005971,"update_rms":0.0026313516341713323,"accepted":true,"wall_s":6.312548238784075}
{"iteration":161,"score":78.90183666650742,"best":78.90183666650742,"gradient_rms":13.33725667752799,"update_rms":0.002356906143071265,"accepted":true,"wall_s":6.696122884750366}
{"iteration":162,"score":79.10486194239155,"best":79.10486194239155,"gradient_rms":25.37545700606119,"update_rms":0.0032573984911022143,"accepted":true,"wall_s":6.337755493819714}
{"iteration":163,"score":78.98537355550317,"best":79.10486194239155,"gradient_rms":25.29211149206275,"update_rms":0.0035605049531796896,"accepted":true,"wall_s":6.702458489686251}
{"iteration":164,"score":78.89470159187452,"best":79.10486194239155,"gradient_rms":21.903419246905038,"update_rms":0.0035013452688152967,"accepted":true,"wall_s":6.706863068044186}
{"iteration":165,"score":79.06870718598367,"best":79.10486194239155,"gradient_rms":24.7867051196484,"update_rms":0.0038039948176440685,"accepted":true,"wall_s":6.689512901008129}
{"iteration":166,"score":78.89047100403252,"best":79.10486194239155,"gradient_rms":25.549322994477905,"update_rms":0.004042776106058938,"accepted":true,"wall_s":6.70853703841567}
{"iteration":167,"score":79.08307357913839,"best":79.10486194239155,"gradient_rms":43.03770592638153,"update_rms":0.0054096583764028944,"accepted":true,"wall_s":6.686258189380169}
{"iteration":168,"score":79.01074093807011,"best":79.10486194239155,"gradient_rms":28.41244177332814,"update_rms":0.005034801579520754,"accepted":true,"wall_s":6.304987847805023}
{"iteration":169,"score":78.95156222195794,"best":79.10486194239155,"gradient_rms":24.459384866860162,"update_rms":0.00425034424527004,"accepted":true,"wall_s":6.684295289218426}
{"iteration":170,"score":78.29304304453483,"best":79.10486194239155,"gradient_rms":27.023089522311118,"update_rms":0.004251217218995299,"accepted":true,"wall_s":6.6860300078988075}
{"iteration":171,"score":78.42547405965529,"best":79.10486194239155,"gradient_rms":43.51183763866904,"update_rms":0.005892529996970578,"accepted":true,"wall_s":6.692056447267532}
{"iteration":172,"score":76.86992583792389,"best":79.10486194239155,"gradient_rms":67.27865318478605,"update_rms":0.008427631795493818,"accepted":true,"wall_s":6.6903728023171425}
{"iteration":173,"score":74.48894527206627,"best":79.10486194239155,"gradient_rms":34.18448753397597,"update_rms":0.006773131110882899,"accepted":true,"wall_s":6.6892620995640755}
{"iteration":174,"score":72.88689093118053,"best":79.10486194239155,"gradient_rms":30.885180762555617,"update_rms":0.005844083716262431,"accepted":true,"wall_s":6.296450432389975}
{"iteration":175,"score":74.28787320981377,"best":79.10486194239155,"gradient_rms":40.3978824568828,"update_rms":0.005713193475461867,"accepted":true,"wall_s":6.683305870741606}
{"iteration":176,"score":77.36119721659534,"best":79.10486194239155,"gradient_rms":35.02226330430463,"update_rms":0.005352553055598543,"accepted":true,"wall_s":6.6749700754880905}
{"iteration":177,"score":78.26116563825788,"best":79.10486194239155,"gradient_rms":32.81357286189988,"update_rms":0.005183846412065186,"accepted":true,"wall_s":6.29513119533658}
{"iteration":178,"score":76.25648687294539,"best":79.10486194239155,"gradient_rms":39.5678942050871,"update_rms":0.005516964586637528,"accepted":true,"wall_s":6.675553545355797}
{"iteration":179,"score":75.7805101947644,"best":79.10486194239155,"gradient_rms":76.84476249270523,"update_rms":0.008997665065693302,"accepted":true,"wall_s":6.684258762747049}
{"iteration":180,"score":73.62071902192052,"best":79.10486194239155,"gradient_rms":62.527837258360584,"update_rms":0.00853525771344521,"accepted":true,"wall_s":6.682959955185652}
{"iteration":181,"score":74.3272992628257,"best":79.10486194239155,"gradient_rms":93.59866462012528,"update_rms":0.011164889800470043,"accepted":true,"wall_s":6.688182465732098}
{"iteration":182,"score":74.97195488304963,"best":79.10486194239155,"gradient_rms":65.77293087261943,"update_rms":0.010258907882863101,"accepted":true,"wall_s":6.685580473393202}
{"iteration":183,"score":75.21475616504354,"best":79.10486194239155,"gradient_rms":62.96309283665278,"update_rms":0.009283748589259741,"accepted":true,"wall_s":6.686650533229113}
{"iteration":184,"score":76.02208155941582,"best":79.10486194239155,"gradient_rms":37.232643063972475,"update_rms":0.0072609245524722765,"accepted":true,"wall_s":6.331082299351692}
{"iteration":185,"score":76.23388536326745,"best":79.10486194239155,"gradient_rms":47.0842309185869,"update_rms":0.0059087190481860495,"accepted":true,"wall_s":6.702894598245621}
{"iteration":186,"score":75.75658761459779,"best":79.10486194239155,"gradient_rms":37.803441982896146,"update_rms":0.0056579362160694025,"accepted":true,"wall_s":6.7034153044223785}
{"iteration":187,"score":75.3712673055768,"best":79.10486194239155,"gradient_rms":39.072414860023926,"update_rms":0.0053483350766299455,"accepted":true,"wall_s":6.70506314560771}
{"iteration":188,"score":75.39753130475592,"best":79.10486194239155,"gradient_rms":37.8517074520041,"update_rms":0.005180317079737604,"accepted":true,"wall_s":6.709531534463167}
{"iteration":189,"score":75.09908464406729,"best":79.10486194239155,"gradient_rms":33.90376400968627,"update_rms":0.004953915484436147,"accepted":true,"wall_s":6.708177216351032}
{"iteration":190,"score":74.9676022972748,"best":79.10486194239155,"gradient_rms":27.98324756344756,"update_rms":0.004354121600066318,"accepted":true,"wall_s":6.692720759660006}
{"iteration":191,"score":74.73488418735859,"best":79.10486194239155,"gradient_rms":29.805091870756435,"update_rms":0.00429916127083707,"accepted":true,"wall_s":6.709920108318329}
{"iteration":192,"score":74.66131867125438,"best":79.10486194239155,"gradient_rms":24.101428061621775,"update_rms":0.0038607392310730563,"accepted":true,"wall_s":6.299948334693909}
{"iteration":193,"score":74.62152616103033,"best":79.10486194239155,"gradient_rms":28.29260639297072,"update_rms":0.00391495174011074,"accepted":true,"wall_s":6.703291587531567}
{"iteration":194,"score":74.71125634627252,"best":79.10486194239155,"gradient_rms":29.992571827340697,"update_rms":0.003926654479664127,"accepted":true,"wall_s":6.3062055222690105}
{"iteration":195,"score":74.81705392410817,"best":79.10486194239155,"gradient_rms":48.379011392185134,"update_rms":0.005463981417929514,"accepted":true,"wall_s":6.689582236111164}
{"iteration":196,"score":73.38264598938008,"best":79.10486194239155,"gradient_rms":43.94594323277906,"update_rms":0.005949123001002365,"accepted":true,"wall_s":6.6953717693686485}
{"iteration":197,"score":72.31373584658589,"best":79.10486194239155,"gradient_rms":36.76404080469604,"update_rms":0.005081578183994636,"accepted":true,"wall_s":6.316005103290081}
{"iteration":198,"score":72.96157716803711,"best":79.10486194239155,"gradient_rms":45.12214762318838,"update_rms":0.005254242019475646,"accepted":true,"wall_s":6.6946968995034695}
{"iteration":199,"score":74.02107803224587,"best":79.10486194239155,"gradient_rms":42.66031362313626,"update_rms":0.005430174097877912,"accepted":true,"wall_s":6.72291561961174}
{"iteration":200,"score":74.69148720646798,"best":79.10486194239155,"gradient_rms":47.751569168770494,"update_rms":0.0055574956024154075,"accepted":true,"wall_s":6.701451566070318}
{
  "status": "ok",
  "stop_reason": "completed_iterations",
  "initial_score": 22.960633136068434,
  "final_score": 74.69148720646798,
  "best_score": 79.10486194239155,
  "best_iteration": 162,
  "completed_iterations": 200,
  "completed_adam_steps": 200,
  "completed_optimizer_steps": 200,
  "total_wall_s": 1328.8175792060792,
  "initial_decode_wall_s": 0.0003849416971206665,
  "initial_score_wall_s": 0.9477126188576221,
  "mean_iteration_wall_s": 6.642125323992222,
  "manifest": {
    "protocol": {
      "id": "unregistered-experimental",
      "status": "unregistered-experimental",
      "stage": "optimization",
      "requirements": {
        "native_score_abi": 11,
        "native_score_library_sha256": "1c6c78b0dee662233215a56dbdc1e50b8ed29f2d0eee9ae8c4ff7d0403b895ed"
      },
      "actual": {
        "parameter_space": "data",
        "optimizer": "adam",
        "iterations": 200,
        "directions": 64,
        "perturbation": 0.0025,
        "learning_rate": 0.01,
        "beta1": 0.7,
        "beta2": 0.999,
        "flow_steps": 128,
        "gradient_mode": "random-orthogonal",
        "difference": "centered",
        "native_score_abi": 11,
        "native_score_library_sha256": "7b21e66329a23f18ef3cfab408d0a21410acea3c8d10d8b2463ccee7f5a3969f",
        "data_start_mode": "exact-unclipped"
      },
      "differences_from_current": {
        "perturbation": {
          "expected": 0.005,
          "actual": 0.0025
        },
        "learning_rate": {
          "expected": 0.02,
          "actual": 0.01
        },
        "parameter_space": {
          "expected": "latent",
          "actual": "data"
        },
        "native_score_library_sha256": {
          "expected": "1c6c78b0dee662233215a56dbdc1e50b8ed29f2d0eee9ae8c4ff7d0403b895ed",
          "actual": "7b21e66329a23f18ef3cfab408d0a21410acea3c8d10d8b2463ccee7f5a3969f"
        },
        "data_start_mode": {
          "expected": "not-applicable",
          "actual": "exact-unclipped"
        }
      }
    },
    "repository": {
      "commit": "70a1102829da50d9054d929d1cd7073780909268",
      "tracked_dirty": false,
      "available": true
    },
    "algorithm": "adam_with_query_batched_local_gradient",
    "optimizer": "adam",
    "parameter_space": "data",
    "gradient_objective": "dynamic local full-density score with coordinate and maximum-surface-selection derivatives omitted",
    "formal_objective": "complete native QH score for every accepted center",
    "initial_case": "/home/scc/pb24511935/local_surface_evaluator_runs/axisflip_r012_curvature_r04_adam200_20260903_70a1102/incomplete/axisflip_r012_case_0000008.worker2.2633191.partial/start.json",
    "initial_case_sha256": "20d999c4dd6a18664154e6d32aa787310c83cf0a3d026441bd9aa5158c082cf6",
    "checkpoint": "/home/scc/pb24511935/local_surface_evaluator/runs/qh_flow_physical_lr_longselect_20260729/lr_3em4/checkpoint_latest.pt",
    "checkpoint_sha256": "39a3293a459e248a0d1ec062607a1a467128b14d8ca973aadd82e113532ab99f",
    "checkpoint_expectation": {
      "step": 30000,
      "sha256": null
    },
    "native_lib": "/home/scc/pb24511935/local_surface_evaluator_runs/axisflip_r012_curvature_r04_adam200_20260903_70a1102/build_curvature_r04/libstellarator_gpu.so",
    "native_lib_sha256": "7b21e66329a23f18ef3cfab408d0a21410acea3c8d10d8b2463ccee7f5a3969f",
    "native_score": {
      "abi": 11,
      "validated_default_library_sha256": "1c6c78b0dee662233215a56dbdc1e50b8ed29f2d0eee9ae8c4ff7d0403b895ed"
    },
    "nfp": 8,
    "n_base_coils": 3,
    "target_helicity": [
      1,
      8
    ],
    "iterations": 200,
    "max_wall_s": 28011.0094,
    "flow": {
      "method": "rk4",
      "steps": 128,
      "dtype": "fp32",
      "use": "none"
    },
    "flow_pipeline": false,
    "coordinate_gradient": {
      "dimension": 300,
      "mode": "random-orthogonal",
      "random_directions": 64,
      "endpoint_count": 128,
      "perturbation": 0.0025,
      "difference": "centered",
      "psi_grid": 48,
      "psi_iterations": 4,
      "alpha_iterations": 4,
      "formal_surface_theta_count": 128,
      "local_surface_theta_count": 64
    },
    "adam": {
      "learning_rate": 0.01,
      "beta1": 0.7,
      "beta2": 0.999,
      "epsilon": 1e-08,
      "weight_decay": 0.0
    },
    "bfgs": {
      "initial_trust_rms": 0.01,
      "min_trust_rms": 1e-05,
      "max_trust_rms": 0.05,
      "trust_growth": 1.2,
      "trust_shrink": 0.5,
      "min_improvement": 0.0
    },
    "seed": 120260914,
    "axis_policy": "recorded strict mixed-precision continuation from step 0",
    "recorded_initial_score_tolerance": 0.1,
    "devices": {
      "flow": 0,
      "score": 0
    },
    "initial_metadata_keys": [
      "data_prior_screening",
      "nfp",
      "raw"
    ],
    "data_parameterization": {
      "definition": "per-coordinate training-set standardization",
      "physical_mapping": "CoilNormalizer.inverse with canonical current L1/sign",
      "initial_source": "direct analytic-prior geometry with unclipped coordinates",
      "data_start_mode": "exact-unclipped",
      "initial_clipped_fraction": 0.0,
      "initial_roundtrip_relative_rms": 1.0081862104608768e-17,
      "flow_calls_after_initialization": 0
    },
    "initial_consistency_gate": {
      "recorded_score": 22.96621317600001,
      "optimizer_score": 22.960633136068434,
      "absolute_delta": 0.005580039931576408,
      "tolerance": 0.1,
      "recorded_axis_hint": [
        1.0778678586623895,
        6.7119140199358666e-09
      ],
      "optimizer_axis": [
        1.0778678586623895,
        6.7119140199358666e-09
      ],
      "axis_hint_distance": 0.0
    }
  }
}
