{"iteration":1,"score":46.209429067609214,"best":46.209429067609214,"gradient_rms":51.73584300524365,"update_rms":0.009999999982674026,"accepted":true,"wall_s":6.685351479798555}
{"iteration":2,"score":57.582425644440676,"best":57.582425644440676,"gradient_rms":44.44693571980032,"update_rms":0.0073038270809208106,"accepted":true,"wall_s":6.70746672898531}
{"iteration":3,"score":59.79114265267354,"best":59.79114265267354,"gradient_rms":10.984671331030652,"update_rms":0.005317638687652391,"accepted":true,"wall_s":6.6563763581216335}
{"iteration":4,"score":60.85136484136877,"best":60.85136484136877,"gradient_rms":9.253569638311424,"update_rms":0.004071875426863786,"accepted":true,"wall_s":6.677840166259557}
{"iteration":5,"score":61.42202133895742,"best":61.42202133895742,"gradient_rms":9.624406401132324,"update_rms":0.00349041463628475,"accepted":true,"wall_s":6.686273891013116}
{"iteration":6,"score":61.811024293632286,"best":61.811024293632286,"gradient_rms":11.027923851360896,"update_rms":0.003215973731854764,"accepted":true,"wall_s":6.674378966446966}
{"iteration":7,"score":62.30067432901705,"best":62.30067432901705,"gradient_rms":8.893674779993027,"update_rms":0.0028190948711928066,"accepted":true,"wall_s":6.729090550914407}
{"iteration":8,"score":62.81009509039052,"best":62.81009509039052,"gradient_rms":8.96792198322249,"update_rms":0.0026843308712887295,"accepted":true,"wall_s":6.723135098814964}
{"iteration":9,"score":63.287562103473775,"best":63.287562103473775,"gradient_rms":6.881568470553659,"update_rms":0.0023208610705080213,"accepted":true,"wall_s":6.6939575066789985}
{"iteration":10,"score":63.8493162962258,"best":63.8493162962258,"gradient_rms":5.7774993133369685,"update_rms":0.001995717656337852,"accepted":true,"wall_s":6.6995098646730185}
{"iteration":11,"score":64.26294788309433,"best":64.26294788309433,"gradient_rms":5.972154363689442,"update_rms":0.0018707284959365576,"accepted":true,"wall_s":6.707182216923684}
{"iteration":12,"score":64.79680377400133,"best":64.79680377400133,"gradient_rms":5.524000000300445,"update_rms":0.0018180070752846786,"accepted":true,"wall_s":6.697915683034807}
{"iteration":13,"score":65.3066615090831,"best":65.3066615090831,"gradient_rms":5.745105187648763,"update_rms":0.0019365511707962791,"accepted":true,"wall_s":6.704949859064072}
{"iteration":14,"score":65.74018728359793,"best":65.74018728359793,"gradient_rms":4.773819205285464,"update_rms":0.001902049494371564,"accepted":true,"wall_s":6.706380033865571}
{"iteration":15,"score":66.24085050375871,"best":66.24085050375871,"gradient_rms":5.478485204376391,"update_rms":0.0019212526622800932,"accepted":true,"wall_s":6.750499989837408}
{"iteration":16,"score":66.670788881612,"best":66.670788881612,"gradient_rms":7.6943171178840375,"update_rms":0.0022880295858164488,"accepted":true,"wall_s":6.748953935224563}
{"iteration":17,"score":66.96042792299555,"best":66.96042792299555,"gradient_rms":5.377366232747886,"update_rms":0.0020862233929130514,"accepted":true,"wall_s":6.720169217791408}
{"iteration":18,"score":67.21872692015953,"best":67.21872692015953,"gradient_rms":5.647337296324882,"update_rms":0.0020638247813829606,"accepted":true,"wall_s":6.704386901110411}
{"iteration":19,"score":67.48643619904813,"best":67.48643619904813,"gradient_rms":12.89646290840263,"update_rms":0.0031566604554968893,"accepted":true,"wall_s":6.735594836995006}
{"iteration":20,"score":67.79597187627316,"best":67.79597187627316,"gradient_rms":19.758082623005865,"update_rms":0.004496682795630951,"accepted":true,"wall_s":6.725741438101977}
{"iteration":21,"score":67.91649231147794,"best":67.91649231147794,"gradient_rms":12.454366659137364,"update_rms":0.004158078030769364,"accepted":true,"wall_s":6.731614629738033}
{"iteration":22,"score":68.21637585679824,"best":68.21637585679824,"gradient_rms":10.191397328908156,"update_rms":0.003855667229035601,"accepted":true,"wall_s":6.725179757922888}
{"iteration":23,"score":68.43262159978673,"best":68.43262159978673,"gradient_rms":26.096640455945924,"update_rms":0.0057515533166439935,"accepted":true,"wall_s":6.7242112322710454}
{"iteration":24,"score":68.72574957004933,"best":68.72574957004933,"gradient_rms":9.76823098170423,"update_rms":0.004562310331668339,"accepted":true,"wall_s":6.726776257157326}
{"iteration":25,"score":68.64578892357112,"best":68.72574957004933,"gradient_rms":11.913292662805201,"update_rms":0.003842614587337135,"accepted":true,"wall_s":6.34576621465385}
{"iteration":26,"score":69.03000329626529,"best":69.03000329626529,"gradient_rms":13.905448157330527,"update_rms":0.003986393652835749,"accepted":true,"wall_s":6.72459522401914}
{"iteration":27,"score":69.23094929468434,"best":69.23094929468434,"gradient_rms":7.624815289053228,"update_rms":0.0032351278767175063,"accepted":true,"wall_s":6.324811171274632}
{"iteration":28,"score":69.56646369497754,"best":69.56646369497754,"gradient_rms":7.191165237812929,"update_rms":0.002872265789792653,"accepted":true,"wall_s":6.3369175009429455}
{"iteration":29,"score":69.91806182178023,"best":69.91806182178023,"gradient_rms":5.461564092233398,"update_rms":0.002467653121389249,"accepted":true,"wall_s":6.708058759570122}
{"iteration":30,"score":70.16564902265206,"best":70.16564902265206,"gradient_rms":8.760083611980654,"update_rms":0.002682669677279366,"accepted":true,"wall_s":6.720614739693701}
{"iteration":31,"score":70.40786644266498,"best":70.40786644266498,"gradient_rms":4.797837348271787,"update_rms":0.0021742724236356176,"accepted":true,"wall_s":6.696639915928245}
{"iteration":32,"score":70.49328282395498,"best":70.49328282395498,"gradient_rms":4.63647365484807,"update_rms":0.0018447045716219704,"accepted":true,"wall_s":6.334504270926118}
{"iteration":33,"score":70.79183921204252,"best":70.79183921204252,"gradient_rms":5.290242193793624,"update_rms":0.0018296306523159955,"accepted":true,"wall_s":6.704056817106903}
{"iteration":34,"score":71.08945462785228,"best":71.08945462785228,"gradient_rms":6.171546902036018,"update_rms":0.002051252310679797,"accepted":true,"wall_s":6.710569930262864}
{"iteration":35,"score":71.30663833325582,"best":71.30663833325582,"gradient_rms":4.471511981360732,"update_rms":0.00192634895328642,"accepted":true,"wall_s":6.726513250730932}
{"iteration":36,"score":71.42893143407157,"best":71.42893143407157,"gradient_rms":5.36983966952679,"update_rms":0.001853115906496612,"accepted":true,"wall_s":6.710697538219392}
{"iteration":37,"score":71.69680673061212,"best":71.69680673061212,"gradient_rms":5.272044069055269,"update_rms":0.0018952707851377193,"accepted":true,"wall_s":6.710445264354348}
{"iteration":38,"score":71.92067496130149,"best":71.92067496130149,"gradient_rms":8.521243433574517,"update_rms":0.0025815948106919827,"accepted":true,"wall_s":6.703152589034289}
{"iteration":39,"score":72.03101198742888,"best":72.03101198742888,"gradient_rms":5.817874450520297,"update_rms":0.002261576917403035,"accepted":true,"wall_s":6.698126703966409}
{"iteration":40,"score":72.22393323533831,"best":72.22393323533831,"gradient_rms":6.971332817741854,"update_rms":0.0022969955537997908,"accepted":true,"wall_s":6.697016780264676}
{"iteration":41,"score":72.48054814029064,"best":72.48054814029064,"gradient_rms":17.829806097955537,"update_rms":0.004410965619007622,"accepted":true,"wall_s":6.325699012726545}
{"iteration":42,"score":72.57003387917938,"best":72.57003387917938,"gradient_rms":12.849432244886923,"update_rms":0.004411870430491805,"accepted":true,"wall_s":6.716443410143256}
{"iteration":43,"score":72.9003374138342,"best":72.9003374138342,"gradient_rms":20.063439328218706,"update_rms":0.005513081758100163,"accepted":true,"wall_s":6.687361544929445}
{"iteration":44,"score":72.88784515531808,"best":72.9003374138342,"gradient_rms":15.575496189140562,"update_rms":0.0050070025322170334,"accepted":true,"wall_s":6.734288642182946}
{"iteration":45,"score":73.00620103864794,"best":73.00620103864794,"gradient_rms":8.431606880591607,"update_rms":0.0037882198155119264,"accepted":true,"wall_s":6.714962405152619}
{"iteration":46,"score":73.08917166623627,"best":73.08917166623627,"gradient_rms":10.468156131295014,"update_rms":0.0037445343590766,"accepted":true,"wall_s":6.7288210559636354}
{"iteration":47,"score":73.04487931931665,"best":73.08917166623627,"gradient_rms":14.259471695493726,"update_rms":0.004401162912384474,"accepted":true,"wall_s":6.71814632974565}
{"iteration":48,"score":72.8390638494,"best":73.08917166623627,"gradient_rms":5.090171228992484,"update_rms":0.003328412791246793,"accepted":true,"wall_s":6.730664620175958}
{"iteration":49,"score":72.8914669554847,"best":73.08917166623627,"gradient_rms":5.264701947938227,"update_rms":0.0028406138207452076,"accepted":true,"wall_s":6.7268014727160335}
{"iteration":50,"score":73.0106196698603,"best":73.08917166623627,"gradient_rms":6.19064754080844,"update_rms":0.0024151508597995315,"accepted":true,"wall_s":6.321587612852454}
{"iteration":51,"score":73.17916283100706,"best":73.17916283100706,"gradient_rms":10.159215159803608,"update_rms":0.0030368398135055975,"accepted":true,"wall_s":6.361626476980746}
{"iteration":52,"score":73.3955920111398,"best":73.3955920111398,"gradient_rms":6.208158671319943,"update_rms":0.002637243793787207,"accepted":true,"wall_s":6.743694110773504}
{"iteration":53,"score":73.67586076837503,"best":73.67586076837503,"gradient_rms":6.047471381542992,"update_rms":0.0023626271024310055,"accepted":true,"wall_s":6.7252879422158}
{"iteration":54,"score":73.81185072594789,"best":73.81185072594789,"gradient_rms":6.423121961575256,"update_rms":0.002257539524948526,"accepted":true,"wall_s":6.729237757623196}
{"iteration":55,"score":73.80227405274272,"best":73.81185072594789,"gradient_rms":5.576603483295636,"update_rms":0.0021921143019084195,"accepted":true,"wall_s":6.342327500227839}
{"iteration":56,"score":73.71256928759828,"best":73.81185072594789,"gradient_rms":13.926334629149896,"update_rms":0.003781691026850454,"accepted":true,"wall_s":6.739020141772926}
{"iteration":57,"score":73.76857508643623,"best":73.81185072594789,"gradient_rms":6.423102991799491,"update_rms":0.0030477914734180797,"accepted":true,"wall_s":6.713059619069099}
{"iteration":58,"score":74.01815091431185,"best":74.01815091431185,"gradient_rms":15.657538519894684,"update_rms":0.004350307862217071,"accepted":true,"wall_s":6.341865999158472}
{"iteration":59,"score":74.1437909952964,"best":74.1437909952964,"gradient_rms":5.23071544373735,"update_rms":0.00326358698886141,"accepted":true,"wall_s":6.756858700886369}
{"iteration":60,"score":74.28591476590532,"best":74.28591476590532,"gradient_rms":7.794520632201072,"update_rms":0.002967863709234444,"accepted":true,"wall_s":6.73024193989113}
{"iteration":61,"score":74.57466766279161,"best":74.57466766279161,"gradient_rms":6.649206436678309,"update_rms":0.0027025738432005504,"accepted":true,"wall_s":6.729423854965717}
{"iteration":62,"score":74.7078611218245,"best":74.7078611218245,"gradient_rms":9.868181285858064,"update_rms":0.0031213262157442512,"accepted":true,"wall_s":6.347856254782528}
{"iteration":63,"score":74.83615334505109,"best":74.83615334505109,"gradient_rms":17.118526955730207,"update_rms":0.004861470048449299,"accepted":true,"wall_s":6.744373003952205}
{"iteration":64,"score":74.83460088471818,"best":74.83615334505109,"gradient_rms":4.8822331363221565,"update_rms":0.003639221749026037,"accepted":true,"wall_s":6.7337258593179286}
{"iteration":65,"score":75.24419547265937,"best":75.24419547265937,"gradient_rms":18.412379480544168,"update_rms":0.005056329264580953,"accepted":true,"wall_s":6.736196140293032}
{"iteration":66,"score":75.45415931359989,"best":75.45415931359989,"gradient_rms":5.661774454268978,"update_rms":0.003891965829872927,"accepted":true,"wall_s":6.727929471991956}
{"iteration":67,"score":75.4587919561595,"best":75.4587919561595,"gradient_rms":6.318266901589526,"update_rms":0.00336894186000231,"accepted":true,"wall_s":6.719102883711457}
{"iteration":68,"score":75.28381658192566,"best":75.4587919561595,"gradient_rms":9.889074148775633,"update_rms":0.003525066719284533,"accepted":true,"wall_s":6.735970864072442}
{"iteration":69,"score":75.30334192293125,"best":75.4587919561595,"gradient_rms":6.014180956750734,"update_rms":0.003000836651738683,"accepted":true,"wall_s":6.7241802350617945}
{"iteration":70,"score":75.363484127788,"best":75.4587919561595,"gradient_rms":5.900312160013446,"update_rms":0.00254004633662173,"accepted":true,"wall_s":6.353051675949246}
{"iteration":71,"score":75.36614344411257,"best":75.4587919561595,"gradient_rms":7.6307845967842045,"update_rms":0.002668424116320488,"accepted":true,"wall_s":6.3589857132174075}
{"iteration":72,"score":75.48272464734023,"best":75.48272464734023,"gradient_rms":7.1000713619291576,"update_rms":0.0027156639006288064,"accepted":true,"wall_s":6.731464680284262}
{"iteration":73,"score":75.59809680298052,"best":75.59809680298052,"gradient_rms":5.430955915948445,"update_rms":0.002446975196263721,"accepted":true,"wall_s":6.739280777052045}
{"iteration":74,"score":75.79230593996984,"best":75.79230593996984,"gradient_rms":6.5575903975888385,"update_rms":0.0024984734120665794,"accepted":true,"wall_s":6.725944558624178}
{"iteration":75,"score":75.72162910154987,"best":75.79230593996984,"gradient_rms":6.060214669821373,"update_rms":0.0022926787076044852,"accepted":true,"wall_s":6.729836931917816}
{"iteration":76,"score":75.34810234578015,"best":75.79230593996984,"gradient_rms":7.846824543389265,"update_rms":0.002603433022647654,"accepted":true,"wall_s":6.683065214194357}
{"iteration":77,"score":75.49141438739451,"best":75.79230593996984,"gradient_rms":6.6495300846814525,"update_rms":0.0027321112275565333,"accepted":true,"wall_s":6.751387980300933}
{"iteration":78,"score":75.55594786468164,"best":75.79230593996984,"gradient_rms":22.52707814241706,"update_rms":0.00603473610814826,"accepted":true,"wall_s":6.738081274088472}
{"iteration":79,"score":75.6360426881196,"best":75.79230593996984,"gradient_rms":6.046834049123698,"update_rms":0.004589542916573454,"accepted":true,"wall_s":6.717588002793491}
{"iteration":80,"score":75.91383648042381,"best":75.91383648042381,"gradient_rms":22.160464788797828,"update_rms":0.006300029711974299,"accepted":true,"wall_s":6.742980237584561}
{"iteration":81,"score":75.85165827804387,"best":75.91383648042381,"gradient_rms":19.59147796241696,"update_rms":0.006482227065474214,"accepted":true,"wall_s":6.345118487719446}
{"iteration":82,"score":74.86336921182985,"best":75.91383648042381,"gradient_rms":24.553371571499852,"update_rms":0.007542826863292032,"accepted":true,"wall_s":6.721151114441454}
{"iteration":83,"score":74.20103616637877,"best":75.91383648042381,"gradient_rms":7.1195702277181026,"update_rms":0.005537851745163005,"accepted":true,"wall_s":6.338969171047211}
{"iteration":84,"score":74.06608333847468,"best":75.91383648042381,"gradient_rms":22.457329425180703,"update_rms":0.006675934773387183,"accepted":true,"wall_s":6.7260054172948}
{"iteration":85,"score":74.34235201330087,"best":75.91383648042381,"gradient_rms":4.87378514666372,"update_rms":0.004908958076418867,"accepted":true,"wall_s":6.73599208611995}
{"iteration":86,"score":74.88961988491332,"best":75.91383648042381,"gradient_rms":4.119741696793318,"update_rms":0.0035828007823477735,"accepted":true,"wall_s":6.719106774777174}
{"iteration":87,"score":75.56364616342826,"best":75.91383648042381,"gradient_rms":4.787798933813245,"update_rms":0.002845110030562061,"accepted":true,"wall_s":6.738810238894075}
{"iteration":88,"score":75.97858474287243,"best":75.97858474287243,"gradient_rms":3.9324922226063403,"update_rms":0.002229133670722636,"accepted":true,"wall_s":6.7191230920143425}
{"iteration":89,"score":76.26569280178536,"best":76.26569280178536,"gradient_rms":5.22214490777462,"update_rms":0.0020713789150385393,"accepted":true,"wall_s":6.733819870278239}
{"iteration":90,"score":76.30084385833676,"best":76.30084385833676,"gradient_rms":8.729459814669635,"update_rms":0.0025883031827835944,"accepted":true,"wall_s":6.881981170270592}
{"iteration":91,"score":76.15321812188658,"best":76.30084385833676,"gradient_rms":6.993415648158484,"update_rms":0.002480771845895736,"accepted":true,"wall_s":6.721085392870009}
{"iteration":92,"score":75.99275852248334,"best":76.30084385833676,"gradient_rms":4.613833054532344,"update_rms":0.0021539696367409706,"accepted":true,"wall_s":6.727172440849245}
{"iteration":93,"score":75.96340929046306,"best":76.30084385833676,"gradient_rms":10.310939442973021,"update_rms":0.002879442831968258,"accepted":true,"wall_s":6.704433531034738}
{"iteration":94,"score":74.8573295926331,"best":76.30084385833676,"gradient_rms":20.72556465755799,"update_rms":0.0053909949818858275,"accepted":true,"wall_s":6.763257863931358}
{"iteration":95,"score":74.77532599553827,"best":76.30084385833676,"gradient_rms":6.706245466881587,"update_rms":0.003967972583166925,"accepted":true,"wall_s":6.73274033004418}
{"iteration":96,"score":75.54684086579574,"best":76.30084385833676,"gradient_rms":8.775599025698952,"update_rms":0.003723642343039873,"accepted":true,"wall_s":6.71635588305071}
{"iteration":97,"score":76.39909927333031,"best":76.39909927333031,"gradient_rms":6.5242411228104515,"update_rms":0.003079267080737599,"accepted":true,"wall_s":6.728976879734546}
{"iteration":98,"score":76.90608323345381,"best":76.90608323345381,"gradient_rms":5.905549395164253,"update_rms":0.002633553699910636,"accepted":true,"wall_s":6.756081055849791}
{"iteration":99,"score":76.9311232707177,"best":76.9311232707177,"gradient_rms":9.173029018066288,"update_rms":0.003045072732691095,"accepted":true,"wall_s":6.707918141037226}
{"iteration":100,"score":76.57234091897988,"best":76.9311232707177,"gradient_rms":4.935131949299121,"update_rms":0.002428275824225576,"accepted":true,"wall_s":6.352733077015728}
{"iteration":101,"score":76.38471846446731,"best":76.9311232707177,"gradient_rms":7.478759453253271,"update_rms":0.002635027682099114,"accepted":true,"wall_s":6.736138776876032}
{"iteration":102,"score":76.31144175551358,"best":76.9311232707177,"gradient_rms":6.297266965217679,"update_rms":0.0024508488623980465,"accepted":true,"wall_s":6.712748585734516}
{"iteration":103,"score":76.43901763669349,"best":76.9311232707177,"gradient_rms":9.459507369378796,"update_rms":0.003146159535140478,"accepted":true,"wall_s":6.751543360296637}
{"iteration":104,"score":76.32301277422333,"best":76.9311232707177,"gradient_rms":4.273179881350556,"update_rms":0.002472079976249678,"accepted":true,"wall_s":6.7191463760100305}
{"iteration":105,"score":76.40605352911021,"best":76.9311232707177,"gradient_rms":6.480089446949035,"update_rms":0.0023975717463164234,"accepted":true,"wall_s":6.714112636167556}
{"iteration":106,"score":76.41037810946781,"best":76.9311232707177,"gradient_rms":5.4746540018874965,"update_rms":0.002328028107089791,"accepted":true,"wall_s":6.748634531162679}
{"iteration":107,"score":76.10063262454109,"best":76.9311232707177,"gradient_rms":4.601107674219738,"update_rms":0.0020611808161318523,"accepted":true,"wall_s":6.327940116170794}
{"iteration":108,"score":75.94514311475757,"best":76.9311232707177,"gradient_rms":5.9521098441828055,"update_rms":0.002076311365106372,"accepted":true,"wall_s":6.330509022343904}
{"iteration":109,"score":76.33166750371252,"best":76.9311232707177,"gradient_rms":4.1957177874509455,"update_rms":0.0018894298672352614,"accepted":true,"wall_s":6.72523376531899}
{"iteration":110,"score":76.5875805817782,"best":76.9311232707177,"gradient_rms":3.8637486816357987,"update_rms":0.0017523840832845488,"accepted":true,"wall_s":6.718329384922981}
{"iteration":111,"score":76.78027824861027,"best":76.9311232707177,"gradient_rms":3.8300500539344817,"update_rms":0.0016367256348112408,"accepted":true,"wall_s":6.726076112128794}
{"iteration":112,"score":76.91981002018544,"best":76.9311232707177,"gradient_rms":4.818991194736733,"update_rms":0.0017595567168308052,"accepted":true,"wall_s":6.726776374969631}
{"iteration":113,"score":76.95995489325287,"best":76.95995489325287,"gradient_rms":6.938604775538332,"update_rms":0.0022246310100848834,"accepted":true,"wall_s":6.719847043044865}
{"iteration":114,"score":77.00276126061908,"best":77.00276126061908,"gradient_rms":6.031050673853946,"update_rms":0.002208331324408414,"accepted":true,"wall_s":6.708071750123054}
{"iteration":115,"score":76.86275736902529,"best":77.00276126061908,"gradient_rms":5.570338360565181,"update_rms":0.0020545665158487603,"accepted":true,"wall_s":6.317115900106728}
{"iteration":116,"score":76.80787323102747,"best":77.00276126061908,"gradient_rms":5.17843013373492,"update_rms":0.0020118386974440077,"accepted":true,"wall_s":6.701833086553961}
{"iteration":117,"score":76.83991996572679,"best":77.00276126061908,"gradient_rms":5.603197722349156,"update_rms":0.002111893910264656,"accepted":true,"wall_s":6.333994864020497}
{"iteration":118,"score":77.00704844453189,"best":77.00704844453189,"gradient_rms":4.610471141899315,"update_rms":0.002018299351063101,"accepted":true,"wall_s":6.699224971234798}
{"iteration":119,"score":77.24870843267138,"best":77.24870843267138,"gradient_rms":6.491593469235223,"update_rms":0.002322731660423659,"accepted":true,"wall_s":6.715256545227021}
{"iteration":120,"score":77.33584134074519,"best":77.33584134074519,"gradient_rms":9.622922725783003,"update_rms":0.0030919962103152358,"accepted":true,"wall_s":6.722934519406408}
{"iteration":121,"score":77.10851021591246,"best":77.33584134074519,"gradient_rms":7.435992182683668,"update_rms":0.0027921501787480513,"accepted":true,"wall_s":6.702779565937817}
{"iteration":122,"score":77.04946909161619,"best":77.33584134074519,"gradient_rms":6.111434948997556,"update_rms":0.002541846784173699,"accepted":true,"wall_s":6.723481063731015}
{"iteration":123,"score":77.01070023968633,"best":77.33584134074519,"gradient_rms":7.99919533409787,"update_rms":0.0028238865071760614,"accepted":true,"wall_s":6.716721643228084}
{"iteration":124,"score":76.79525557207279,"best":77.33584134074519,"gradient_rms":9.104608513281203,"update_rms":0.003126555868344129,"accepted":true,"wall_s":6.713548781350255}
{"iteration":125,"score":76.53536162025998,"best":77.33584134074519,"gradient_rms":5.879678056283591,"update_rms":0.0028001218265392403,"accepted":true,"wall_s":6.326984331011772}
{"iteration":126,"score":76.66245501114574,"best":77.33584134074519,"gradient_rms":3.760754637636754,"update_rms":0.002244784047910687,"accepted":true,"wall_s":6.3039148058742285}
{"iteration":127,"score":76.78022648869435,"best":77.33584134074519,"gradient_rms":5.163448084952823,"update_rms":0.00211634862646347,"accepted":true,"wall_s":6.328894902952015}
{"iteration":128,"score":76.942811449951,"best":77.33584134074519,"gradient_rms":4.559496912642051,"update_rms":0.0019436149106483414,"accepted":true,"wall_s":6.701591843273491}
{"iteration":129,"score":76.94228532652099,"best":77.33584134074519,"gradient_rms":7.257349137033783,"update_rms":0.00243056663067108,"accepted":true,"wall_s":6.319033356849104}
{"iteration":130,"score":77.12593718801838,"best":77.33584134074519,"gradient_rms":4.694498299894063,"update_rms":0.0021937146138562126,"accepted":true,"wall_s":6.699765742290765}
{"iteration":131,"score":77.35591399747929,"best":77.35591399747929,"gradient_rms":5.444072750844002,"update_rms":0.0020976081212309063,"accepted":true,"wall_s":6.7392367902211845}
{"iteration":132,"score":77.43268034968136,"best":77.43268034968136,"gradient_rms":5.764462142851236,"update_rms":0.00220262519625653,"accepted":true,"wall_s":6.714271719101816}
{"iteration":133,"score":77.4165947882077,"best":77.43268034968136,"gradient_rms":5.71186602449563,"update_rms":0.0022981656907303345,"accepted":true,"wall_s":6.3153215367347}
{"iteration":134,"score":77.47107714240114,"best":77.47107714240114,"gradient_rms":7.470996766316666,"update_rms":0.00261256766251168,"accepted":true,"wall_s":6.864433235023171}
{"iteration":135,"score":77.32248838702534,"best":77.47107714240114,"gradient_rms":6.425663824286628,"update_rms":0.002531693252502556,"accepted":true,"wall_s":6.690920386929065}
{"iteration":136,"score":76.99395477467868,"best":77.47107714240114,"gradient_rms":4.952191424010872,"update_rms":0.002372253289845716,"accepted":true,"wall_s":6.729685153346509}
{"iteration":137,"score":76.79388744588725,"best":77.47107714240114,"gradient_rms":6.552980778443279,"update_rms":0.0025547527874843277,"accepted":true,"wall_s":6.692612751852721}
{"iteration":138,"score":76.73561173681118,"best":77.47107714240114,"gradient_rms":4.980881625407419,"update_rms":0.002385236980226195,"accepted":true,"wall_s":6.7086627231910825}
{"iteration":139,"score":76.69121730234197,"best":77.47107714240114,"gradient_rms":3.841325210561038,"update_rms":0.0019917640376619036,"accepted":true,"wall_s":6.687574094161391}
{"iteration":140,"score":76.76142196834573,"best":77.47107714240114,"gradient_rms":4.085763087946203,"update_rms":0.0017671781720284346,"accepted":true,"wall_s":6.708072688430548}
{"iteration":141,"score":76.93510818822911,"best":77.47107714240114,"gradient_rms":4.972037520435608,"update_rms":0.0019020983682222,"accepted":true,"wall_s":6.701051922980696}
{"iteration":142,"score":77.13993333922429,"best":77.47107714240114,"gradient_rms":5.513582144203277,"update_rms":0.0020589988726968968,"accepted":true,"wall_s":6.725091218948364}
{"iteration":143,"score":77.20260607953574,"best":77.47107714240114,"gradient_rms":6.092749410096169,"update_rms":0.0022901146372682466,"accepted":true,"wall_s":6.6962901800870895}
{"iteration":144,"score":77.12136646712419,"best":77.47107714240114,"gradient_rms":5.8922135788537515,"update_rms":0.002444221442679853,"accepted":true,"wall_s":6.709761501289904}
{"iteration":145,"score":77.03217405328154,"best":77.47107714240114,"gradient_rms":3.8699363014729857,"update_rms":0.0020824220505916255,"accepted":true,"wall_s":6.707422322127968}
{"iteration":146,"score":77.12168220034815,"best":77.47107714240114,"gradient_rms":5.196305354296457,"update_rms":0.0021018374036041025,"accepted":true,"wall_s":6.697826385963708}
{"iteration":147,"score":77.24559443417739,"best":77.47107714240114,"gradient_rms":7.009328503682836,"update_rms":0.0025744225764063396,"accepted":true,"wall_s":6.706506087910384}
{"iteration":148,"score":77.20169953056308,"best":77.47107714240114,"gradient_rms":5.439479984413348,"update_rms":0.002451573953129749,"accepted":true,"wall_s":6.711302283219993}
{"iteration":149,"score":77.15834901018263,"best":77.47107714240114,"gradient_rms":6.009920933332978,"update_rms":0.002429949049462571,"accepted":true,"wall_s":6.768091830890626}
{"iteration":150,"score":77.1072287974327,"best":77.47107714240114,"gradient_rms":6.014041939940825,"update_rms":0.002507027480563442,"accepted":true,"wall_s":6.327536596916616}
{"iteration":151,"score":77.57412717869492,"best":77.57412717869492,"gradient_rms":4.601077567788449,"update_rms":0.0022372870251863197,"accepted":true,"wall_s":6.7165620108135045}
{"iteration":152,"score":77.9384609817733,"best":77.9384609817733,"gradient_rms":6.554975345028587,"update_rms":0.0024781460082800295,"accepted":true,"wall_s":6.723221166059375}
{"iteration":153,"score":78.04774074852367,"best":78.04774074852367,"gradient_rms":7.288151851231448,"update_rms":0.002704288938094067,"accepted":true,"wall_s":6.7371822111308575}
{"iteration":154,"score":77.93689731239103,"best":78.04774074852367,"gradient_rms":6.691472984754002,"update_rms":0.0027408260536459154,"accepted":true,"wall_s":6.689247030764818}
{"iteration":155,"score":77.94908024803985,"best":78.04774074852367,"gradient_rms":6.124222499947462,"update_rms":0.0026165119384095104,"accepted":true,"wall_s":6.7286924119107425}
{"iteration":156,"score":78.01359240092836,"best":78.04774074852367,"gradient_rms":9.295109087539782,"update_rms":0.0034746685071943982,"accepted":true,"wall_s":6.326908554881811}
{"iteration":157,"score":78.05739467369229,"best":78.05739467369229,"gradient_rms":6.809548036288177,"update_rms":0.0033162174448817644,"accepted":true,"wall_s":6.984014869201928}
{"iteration":158,"score":78.35107947520237,"best":78.35107947520237,"gradient_rms":19.794778826438208,"update_rms":0.006156973696557283,"accepted":true,"wall_s":6.719699671957642}
{"iteration":159,"score":78.44387372704244,"best":78.44387372704244,"gradient_rms":9.54592085879472,"update_rms":0.005275923258490658,"accepted":true,"wall_s":6.72292343294248}
{"iteration":160,"score":78.38670566753973,"best":78.44387372704244,"gradient_rms":17.719299370080634,"update_rms":0.0061920262415521895,"accepted":true,"wall_s":6.704162769019604}
{"iteration":161,"score":78.56986330523304,"best":78.56986330523304,"gradient_rms":27.553584170864372,"update_rms":0.008964657067232042,"accepted":true,"wall_s":6.716377756092697}
{"iteration":162,"score":78.52633215860989,"best":78.56986330523304,"gradient_rms":19.34525720277509,"update_rms":0.008215630084440114,"accepted":true,"wall_s":6.70431102393195}
{"iteration":163,"score":78.35629336173828,"best":78.56986330523304,"gradient_rms":12.303832831746169,"update_rms":0.006748775690112668,"accepted":true,"wall_s":6.731029397808015}
{"iteration":164,"score":78.00554550742396,"best":78.56986330523304,"gradient_rms":12.853253415268112,"update_rms":0.006098895036102339,"accepted":true,"wall_s":6.702017184812576}
{"iteration":165,"score":77.72899982504997,"best":78.56986330523304,"gradient_rms":13.260682268375733,"update_rms":0.0053836388092965825,"accepted":true,"wall_s":6.713462008163333}
{"iteration":166,"score":77.83196563375922,"best":78.56986330523304,"gradient_rms":12.758929344980652,"update_rms":0.005231042835834045,"accepted":true,"wall_s":6.709672105032951}
{"iteration":167,"score":77.9033974017831,"best":78.56986330523304,"gradient_rms":16.3621502498627,"update_rms":0.005647296743599298,"accepted":true,"wall_s":6.7059768359176815}
{"iteration":168,"score":77.89715380167594,"best":78.56986330523304,"gradient_rms":15.731872965969945,"update_rms":0.005528888668345773,"accepted":true,"wall_s":6.721898171119392}
{"iteration":169,"score":77.84255455570943,"best":78.56986330523304,"gradient_rms":28.172961457607528,"update_rms":0.008170397858414093,"accepted":true,"wall_s":6.713346096221358}
{"iteration":170,"score":77.71549664574081,"best":78.56986330523304,"gradient_rms":20.533548627354634,"update_rms":0.007581417161289259,"accepted":true,"wall_s":6.703483677934855}
{"iteration":171,"score":76.74625062487213,"best":78.56986330523304,"gradient_rms":52.03515257174013,"update_rms":0.013213153326584378,"accepted":true,"wall_s":6.69053686177358}
{"iteration":172,"score":75.7000578807478,"best":78.56986330523304,"gradient_rms":34.62742274828696,"update_rms":0.011944500391085668,"accepted":true,"wall_s":6.707286621443927}
{"iteration":173,"score":75.28464684988744,"best":78.56986330523304,"gradient_rms":17.78850023486583,"update_rms":0.009742815897642766,"accepted":true,"wall_s":6.7029109839349985}
{"iteration":174,"score":75.9696195532449,"best":78.56986330523304,"gradient_rms":19.24103203497165,"update_rms":0.008141575917108387,"accepted":true,"wall_s":6.714809150900692}
{"iteration":175,"score":76.88643861052947,"best":78.56986330523304,"gradient_rms":22.517869068172956,"update_rms":0.008046995893778445,"accepted":true,"wall_s":6.692474800627679}
{"iteration":176,"score":76.08669092891796,"best":78.56986330523304,"gradient_rms":58.33914009547732,"update_rms":0.01319428618957862,"accepted":true,"wall_s":6.705259307753295}
{"iteration":177,"score":74.89474870316279,"best":78.56986330523304,"gradient_rms":11.312778720932624,"update_rms":0.009546590876055238,"accepted":true,"wall_s":6.709331117104739}
{"iteration":178,"score":74.92826774720747,"best":78.56986330523304,"gradient_rms":10.683394633024694,"update_rms":0.007160560812418049,"accepted":true,"wall_s":6.710717985872179}
{"iteration":179,"score":75.94106842377786,"best":78.56986330523304,"gradient_rms":9.868449738119411,"update_rms":0.005469232592515395,"accepted":true,"wall_s":6.726284607313573}
{"iteration":180,"score":76.13964184038889,"best":78.56986330523304,"gradient_rms":17.108970560417514,"update_rms":0.005793407228626561,"accepted":true,"wall_s":6.686879966873676}
{"iteration":181,"score":76.12149132477442,"best":78.56986330523304,"gradient_rms":7.8039478341787865,"update_rms":0.00434894040229848,"accepted":true,"wall_s":6.707384574692696}
{"iteration":182,"score":76.00923435326452,"best":78.56986330523304,"gradient_rms":5.0748686147005975,"update_rms":0.003304952936361767,"accepted":true,"wall_s":6.298811363987625}
{"iteration":183,"score":76.32686446992406,"best":78.56986330523304,"gradient_rms":7.535124633449276,"update_rms":0.0029748121867041316,"accepted":true,"wall_s":6.7037079548463225}
{"iteration":184,"score":76.59994358713347,"best":78.56986330523304,"gradient_rms":8.013153265391802,"update_rms":0.002756148233927839,"accepted":true,"wall_s":6.3079690942540765}
{"iteration":185,"score":76.85208657499079,"best":78.56986330523304,"gradient_rms":7.787650185510286,"update_rms":0.002766815542277168,"accepted":true,"wall_s":6.72122724307701}
{"iteration":186,"score":76.73591004678399,"best":78.56986330523304,"gradient_rms":7.6850210939715184,"update_rms":0.0027701282036052114,"accepted":true,"wall_s":6.330041155219078}
{"iteration":187,"score":76.6454055639997,"best":78.56986330523304,"gradient_rms":5.924062444279182,"update_rms":0.0024872332600904237,"accepted":true,"wall_s":6.306985255330801}
{"iteration":188,"score":76.69096303545545,"best":78.56986330523304,"gradient_rms":9.830914921759975,"update_rms":0.0029533260869536587,"accepted":true,"wall_s":6.735316002741456}
{"iteration":189,"score":76.86763710802398,"best":78.56986330523304,"gradient_rms":10.273544143513693,"update_rms":0.0032513976529776525,"accepted":true,"wall_s":6.6919434941373765}
{"iteration":190,"score":76.88718032358263,"best":78.56986330523304,"gradient_rms":6.612828310956706,"update_rms":0.002642441426862188,"accepted":true,"wall_s":6.321864895056933}
{"iteration":191,"score":76.74846630795024,"best":78.56986330523304,"gradient_rms":8.790238687242349,"update_rms":0.002800472305270111,"accepted":true,"wall_s":6.703332018107176}
{"iteration":192,"score":76.66682734228527,"best":78.56986330523304,"gradient_rms":9.581905978903253,"update_rms":0.0029406046454917285,"accepted":true,"wall_s":6.701762781944126}
{"iteration":193,"score":76.71842337322109,"best":78.56986330523304,"gradient_rms":7.000150991459904,"update_rms":0.002631312520100583,"accepted":true,"wall_s":6.714428459759802}
{"iteration":194,"score":76.76397638217048,"best":78.56986330523304,"gradient_rms":5.6446542174881165,"update_rms":0.0024041644810701007,"accepted":true,"wall_s":6.302940945141017}
{"iteration":195,"score":76.63812303921928,"best":78.56986330523304,"gradient_rms":6.077614740115284,"update_rms":0.002295932152487307,"accepted":true,"wall_s":6.316978904884309}
{"iteration":196,"score":76.6807975068632,"best":78.56986330523304,"gradient_rms":7.642219826760429,"update_rms":0.0023305035553638507,"accepted":true,"wall_s":6.331777048297226}
{"iteration":197,"score":76.76521160664936,"best":78.56986330523304,"gradient_rms":8.136690506613181,"update_rms":0.002634564282926364,"accepted":true,"wall_s":6.320425508078188}
{"iteration":198,"score":76.70822738943518,"best":78.56986330523304,"gradient_rms":6.972213309814406,"update_rms":0.002611655951822103,"accepted":true,"wall_s":6.69205291941762}
{"iteration":199,"score":76.55345651909408,"best":78.56986330523304,"gradient_rms":10.38168693098263,"update_rms":0.0029740946568474675,"accepted":true,"wall_s":6.718158253002912}
{"iteration":200,"score":76.66392178933762,"best":78.56986330523304,"gradient_rms":6.087338579861432,"update_rms":0.002582023389458253,"accepted":true,"wall_s":6.697341768071055}
{
  "status": "ok",
  "stop_reason": "completed_iterations",
  "initial_score": 29.384878863508924,
  "final_score": 76.66392178933762,
  "best_score": 78.56986330523304,
  "best_iteration": 161,
  "completed_iterations": 200,
  "completed_adam_steps": 200,
  "completed_optimizer_steps": 200,
  "total_wall_s": 1330.7862412645482,
  "initial_decode_wall_s": 0.0003805980086326599,
  "initial_score_wall_s": 0.9589210120029747,
  "mean_iteration_wall_s": 6.651818308981601,
  "manifest": {
    "protocol": {
      "id": "unregistered-experimental",
      "status": "unregistered-experimental",
      "stage": "optimization",
      "requirements": {
        "native_score_abi": 11,
        "native_score_library_sha256": "1c6c78b0dee662233215a56dbdc1e50b8ed29f2d0eee9ae8c4ff7d0403b895ed"
      },
      "actual": {
        "parameter_space": "data",
        "optimizer": "adam",
        "iterations": 200,
        "directions": 64,
        "perturbation": 0.0025,
        "learning_rate": 0.01,
        "beta1": 0.7,
        "beta2": 0.999,
        "flow_steps": 128,
        "gradient_mode": "random-orthogonal",
        "difference": "centered",
        "native_score_abi": 11,
        "native_score_library_sha256": "7b21e66329a23f18ef3cfab408d0a21410acea3c8d10d8b2463ccee7f5a3969f",
        "data_start_mode": "exact-unclipped"
      },
      "differences_from_current": {
        "perturbation": {
          "expected": 0.005,
          "actual": 0.0025
        },
        "learning_rate": {
          "expected": 0.02,
          "actual": 0.01
        },
        "parameter_space": {
          "expected": "latent",
          "actual": "data"
        },
        "native_score_library_sha256": {
          "expected": "1c6c78b0dee662233215a56dbdc1e50b8ed29f2d0eee9ae8c4ff7d0403b895ed",
          "actual": "7b21e66329a23f18ef3cfab408d0a21410acea3c8d10d8b2463ccee7f5a3969f"
        },
        "data_start_mode": {
          "expected": "not-applicable",
          "actual": "exact-unclipped"
        }
      }
    },
    "repository": {
      "commit": "70a1102829da50d9054d929d1cd7073780909268",
      "tracked_dirty": false,
      "available": true
    },
    "algorithm": "adam_with_query_batched_local_gradient",
    "optimizer": "adam",
    "parameter_space": "data",
    "gradient_objective": "dynamic local full-density score with coordinate and maximum-surface-selection derivatives omitted",
    "formal_objective": "complete native QH score for every accepted center",
    "initial_case": "/home/scc/pb24511935/local_surface_evaluator_runs/axisflip_r012_curvature_r04_adam200_20260903_70a1102/incomplete/axisflip_r012_case_0000015.worker3.3478796.partial/start.json",
    "initial_case_sha256": "e28c5329a062b03aa64040d1a9672cde9bbaf4529ea957b902db364f68896195",
    "checkpoint": "/home/scc/pb24511935/local_surface_evaluator/runs/qh_flow_physical_lr_longselect_20260729/lr_3em4/checkpoint_latest.pt",
    "checkpoint_sha256": "39a3293a459e248a0d1ec062607a1a467128b14d8ca973aadd82e113532ab99f",
    "checkpoint_expectation": {
      "step": 30000,
      "sha256": null
    },
    "native_lib": "/home/scc/pb24511935/local_surface_evaluator_runs/axisflip_r012_curvature_r04_adam200_20260903_70a1102/build_curvature_r04/libstellarator_gpu.so",
    "native_lib_sha256": "7b21e66329a23f18ef3cfab408d0a21410acea3c8d10d8b2463ccee7f5a3969f",
    "native_score": {
      "abi": 11,
      "validated_default_library_sha256": "1c6c78b0dee662233215a56dbdc1e50b8ed29f2d0eee9ae8c4ff7d0403b895ed"
    },
    "nfp": 8,
    "n_base_coils": 3,
    "target_helicity": [
      1,
      8
    ],
    "iterations": 200,
    "max_wall_s": 28006.311528,
    "flow": {
      "method": "rk4",
      "steps": 128,
      "dtype": "fp32",
      "use": "none"
    },
    "flow_pipeline": false,
    "coordinate_gradient": {
      "dimension": 300,
      "mode": "random-orthogonal",
      "random_directions": 64,
      "endpoint_count": 128,
      "perturbation": 0.0025,
      "difference": "centered",
      "psi_grid": 48,
      "psi_iterations": 4,
      "alpha_iterations": 4,
      "formal_surface_theta_count": 128,
      "local_surface_theta_count": 64
    },
    "adam": {
      "learning_rate": 0.01,
      "beta1": 0.7,
      "beta2": 0.999,
      "epsilon": 1e-08,
      "weight_decay": 0.0
    },
    "bfgs": {
      "initial_trust_rms": 0.01,
      "min_trust_rms": 1e-05,
      "max_trust_rms": 0.05,
      "trust_growth": 1.2,
      "trust_shrink": 0.5,
      "min_improvement": 0.0
    },
    "seed": 120260921,
    "axis_policy": "recorded strict mixed-precision continuation from step 0",
    "recorded_initial_score_tolerance": 0.1,
    "devices": {
      "flow": 0,
      "score": 0
    },
    "initial_metadata_keys": [
      "data_prior_screening",
      "nfp",
      "raw"
    ],
    "data_parameterization": {
      "definition": "per-coordinate training-set standardization",
      "physical_mapping": "CoilNormalizer.inverse with canonical current L1/sign",
      "initial_source": "direct analytic-prior geometry with unclipped coordinates",
      "data_start_mode": "exact-unclipped",
      "initial_clipped_fraction": 0.0,
      "initial_roundtrip_relative_rms": 0.0,
      "flow_calls_after_initialization": 0
    },
    "initial_consistency_gate": {
      "recorded_score": 29.386665200811215,
      "optimizer_score": 29.384878863508924,
      "absolute_delta": 0.0017863373022919404,
      "tolerance": 0.1,
      "recorded_axis_hint": [
        1.072207150005338,
        7.607705736598525e-09
      ],
      "optimizer_axis": [
        1.072207150005338,
        7.607705736598525e-09
      ],
      "axis_hint_distance": 0.0
    }
  }
}
