{"iteration":1,"score":92.09286463951771,"best":92.09286463951771,"gradient_rms":1.3757969989690721,"update_rms":0.005,"accepted":true,"wall_s":17.50184015929699}
{"iteration":2,"score":92.09286463951771,"best":92.09286463951771,"gradient_rms":1.5875545356479814,"update_rms":0.0,"accepted":false,"wall_s":23.673398101702332}
{"iteration":3,"score":92.09286463951773,"best":92.09286463951773,"gradient_rms":1.5875545356479666,"update_rms":0.0,"accepted":false,"wall_s":20.802673751488328}
{"iteration":4,"score":92.09286463951773,"best":92.09286463951773,"gradient_rms":1.5875545356479561,"update_rms":0.0,"accepted":false,"wall_s":20.730919122695923}
{"iteration":5,"score":92.09286463951773,"best":92.09286463951773,"gradient_rms":1.5875545356480771,"update_rms":0.0,"accepted":false,"wall_s":22.12970405444503}
{"iteration":6,"score":92.0981951608027,"best":92.0981951608027,"gradient_rms":1.5875545356480303,"update_rms":4.6874999999999994e-05,"accepted":true,"wall_s":21.099286617711186}
{"iteration":7,"score":92.10156921192902,"best":92.10156921192902,"gradient_rms":1.1739719121217758,"update_rms":2.3437499999999997e-05,"accepted":true,"wall_s":16.883295519277453}
{"iteration":8,"score":92.10156921192902,"best":92.10156921192902,"gradient_rms":1.4752911523942411,"update_rms":0.0,"accepted":false,"wall_s":20.111475503072143}
{"iteration":9,"score":92.10156921192902,"best":92.10156921192902,"gradient_rms":1.475291152394461,"update_rms":0.0,"accepted":false,"wall_s":20.158931454643607}
{"iteration":10,"score":92.10156921192902,"best":92.10156921192902,"gradient_rms":1.475291152394362,"update_rms":0.0,"accepted":false,"wall_s":20.550053786486387}
{"iteration":11,"score":92.10156921192902,"best":92.10156921192902,"gradient_rms":1.4752911523945291,"update_rms":0.0,"accepted":false,"wall_s":20.60710326768458}
{"iteration":12,"score":92.10156921192902,"best":92.10156921192902,"gradient_rms":1.4752911523942454,"update_rms":0.0,"accepted":false,"wall_s":20.61008865199983}
{"iteration":13,"score":92.101569211929,"best":92.10156921192902,"gradient_rms":1.4752911523944479,"update_rms":0.0,"accepted":false,"wall_s":20.6201040931046}
{"iteration":14,"score":92.10156921192902,"best":92.10156921192902,"gradient_rms":1.4752911523943442,"update_rms":0.0,"accepted":false,"wall_s":20.73117296770215}
{"iteration":15,"score":92.10156921192902,"best":92.10156921192902,"gradient_rms":1.4752911523943042,"update_rms":0.0,"accepted":false,"wall_s":20.822848388925195}
{"iteration":16,"score":92.10156921192902,"best":92.10156921192902,"gradient_rms":1.4752911523942884,"update_rms":0.0,"accepted":false,"wall_s":22.21614457666874}
{"iteration":17,"score":92.10156921192902,"best":92.10156921192902,"gradient_rms":1.4752911523942829,"update_rms":0.0,"accepted":false,"wall_s":21.10434255003929}
{"iteration":18,"score":92.10156921192902,"best":92.10156921192902,"gradient_rms":1.4752911523944048,"update_rms":0.0,"accepted":false,"wall_s":20.573280334472656}
{"iteration":19,"score":92.10156921192902,"best":92.10156921192902,"gradient_rms":1.475291152394338,"update_rms":0.0,"accepted":false,"wall_s":20.60255598463118}
{"iteration":20,"score":92.10156921192902,"best":92.10156921192902,"gradient_rms":1.4752911523945802,"update_rms":0.0,"accepted":false,"wall_s":20.630248993635178}
{"iteration":21,"score":92.10156921192902,"best":92.10156921192902,"gradient_rms":1.4752911523943786,"update_rms":0.0,"accepted":false,"wall_s":20.593439059332013}
{"iteration":22,"score":92.10156921192902,"best":92.10156921192902,"gradient_rms":1.4752911523943415,"update_rms":0.0,"accepted":false,"wall_s":20.574604976922274}
{"iteration":23,"score":92.10156921192902,"best":92.10156921192902,"gradient_rms":1.4752911523944374,"update_rms":0.0,"accepted":false,"wall_s":22.44933395087719}
{"iteration":24,"score":92.101569211929,"best":92.10156921192902,"gradient_rms":1.4752911523942986,"update_rms":0.0,"accepted":false,"wall_s":20.81699774041772}
{"iteration":25,"score":92.10156921192902,"best":92.10156921192902,"gradient_rms":1.475291152394289,"update_rms":0.0,"accepted":false,"wall_s":20.615435287356377}
{"iteration":26,"score":92.10156921192902,"best":92.10156921192902,"gradient_rms":1.4752911523944185,"update_rms":0.0,"accepted":false,"wall_s":20.604362493380904}
{"iteration":27,"score":92.10156921192902,"best":92.10156921192902,"gradient_rms":1.4752911523943866,"update_rms":0.0,"accepted":false,"wall_s":20.627945136278868}
{"iteration":28,"score":92.101569211929,"best":92.10156921192902,"gradient_rms":1.47529115239435,"update_rms":0.0,"accepted":false,"wall_s":20.574583511799574}
{"iteration":29,"score":92.10156921192902,"best":92.10156921192902,"gradient_rms":1.4752911523943428,"update_rms":0.0,"accepted":false,"wall_s":20.611620146781206}
{"iteration":30,"score":92.10156921192902,"best":92.10156921192902,"gradient_rms":1.4752911523944197,"update_rms":0.0,"accepted":false,"wall_s":20.608802810311317}
{"iteration":31,"score":92.10156921192902,"best":92.10156921192902,"gradient_rms":1.4752911523943595,"update_rms":0.0,"accepted":false,"wall_s":20.745682179927826}
{"iteration":32,"score":92.101569211929,"best":92.10156921192902,"gradient_rms":1.4752911523944146,"update_rms":0.0,"accepted":false,"wall_s":21.973619794473052}
{"iteration":33,"score":92.101569211929,"best":92.10156921192902,"gradient_rms":1.4752911523942729,"update_rms":0.0,"accepted":false,"wall_s":21.142098106443882}
{"iteration":34,"score":92.10156921192902,"best":92.10156921192902,"gradient_rms":1.4752911523943488,"update_rms":0.0,"accepted":false,"wall_s":20.896081591024995}
{"iteration":35,"score":92.10156921192902,"best":92.10156921192902,"gradient_rms":1.4752911523944328,"update_rms":0.0,"accepted":false,"wall_s":20.590179009363055}
{"iteration":36,"score":92.10156921192902,"best":92.10156921192902,"gradient_rms":1.4752911523943206,"update_rms":0.0,"accepted":false,"wall_s":20.559652410447598}
{"iteration":37,"score":92.10156921192902,"best":92.10156921192902,"gradient_rms":1.4752911523942305,"update_rms":0.0,"accepted":false,"wall_s":20.657657040283084}
{"iteration":38,"score":92.10156921192902,"best":92.10156921192902,"gradient_rms":1.4752911523942762,"update_rms":0.0,"accepted":false,"wall_s":20.729716619476676}
{"iteration":39,"score":92.10156921192902,"best":92.10156921192902,"gradient_rms":1.4752911523944627,"update_rms":0.0,"accepted":false,"wall_s":20.632228458300233}
{"iteration":40,"score":92.10156921192902,"best":92.10156921192902,"gradient_rms":1.4752911523942736,"update_rms":0.0,"accepted":false,"wall_s":20.806658254936337}
{
  "status": "ok",
  "stop_reason": "completed_iterations",
  "initial_score": 92.054626297772,
  "final_score": 92.10156921192902,
  "best_score": 92.10156921192902,
  "best_iteration": 7,
  "completed_iterations": 40,
  "completed_adam_steps": 0,
  "completed_optimizer_steps": 3,
  "total_wall_s": 843.6706459149718,
  "initial_decode_wall_s": 2.496452573686838,
  "initial_score_wall_s": 1.0445284135639668,
  "mean_iteration_wall_s": 20.724254161445423,
  "manifest": {
    "algorithm": "bfgs_with_query_batched_local_gradient",
    "optimizer": "bfgs",
    "gradient_objective": "dynamic local full-density score with coordinate and maximum-surface-selection derivatives omitted",
    "formal_objective": "complete native QH score for every accepted center",
    "initial_case": "/home/scc/pb24511935/local_surface_evaluator/runtimes/local_score_d1b140f/reports/assets/local_query_batch_gradient_20260812/long_start10_36541/trajectory/step_0100.json",
    "initial_case_sha256": "e14e96c29c96347ead4ad04af2feaee26819261dbee283f8fc8a36a216c84c58",
    "checkpoint": "/home/scc/pb24511935/local_surface_evaluator/runs/qh_flow_physical_lr_longselect_20260729/lr_3em4/checkpoint_latest.pt",
    "checkpoint_sha256": "39a3293a459e248a0d1ec062607a1a467128b14d8ca973aadd82e113532ab99f",
    "native_lib": "/home/scc/pb24511935/local_surface_evaluator/runtimes/local_score_d1b140f/gpu_backend/build_query_batch/libstellarator_gpu.so",
    "native_lib_sha256": "7834a88d5437ba9910c78bb0eb5483efc71134579624ee2cc74100297a5799a3",
    "nfp": 4,
    "n_base_coils": 3,
    "iterations": 40,
    "max_wall_s": 2100.0,
    "flow": {
      "method": "rk4",
      "steps": 128,
      "dtype": "fp32"
    },
    "coordinate_gradient": {
      "dimension": 300,
      "mode": "coordinate",
      "random_directions": null,
      "endpoint_count": 600,
      "perturbation": 0.005,
      "difference": "centered",
      "psi_grid": 48,
      "psi_iterations": 4,
      "alpha_iterations": 4,
      "formal_surface_theta_count": 128,
      "local_surface_theta_count": 64
    },
    "adam": {
      "learning_rate": 0.01,
      "beta1": 0.7,
      "beta2": 0.999,
      "epsilon": 1e-08,
      "weight_decay": 0.0
    },
    "bfgs": {
      "initial_trust_rms": 0.005,
      "min_trust_rms": 1e-05,
      "max_trust_rms": 0.02,
      "trust_growth": 1.2,
      "trust_shrink": 0.5,
      "min_improvement": 0.0
    },
    "seed": 20260812,
    "axis_policy": "initial global search, then strict mixed-precision continuation",
    "devices": {
      "flow": 0,
      "score": 1
    },
    "initial_metadata_keys": [
      "flow_prior_local_full_gradient_adam",
      "nfp",
      "raw"
    ]
  }
}
