Poincare currents normalized by mean|I|=230229
Stopping box: R=[0.657193, 1.38774], Z=[-0.36406, 0.36406]
R0 range = [1.23927, 1.26465], boundary R(phi=0) approx 1.26598
Beginning field line tracing
Poincare hits per line = [355, 355, 354, 354, 353, 353, 353, 353, 353, 353, 353, 353, 353, 353, 353, 353]
Saved Poincare plot to /home/scc/pb24511935/local_surface_evaluator/runs/alpha_nu_guarded_candidate275_20260729_resume/poincare_alpha_nu_rho1.png
{
  "hit_counts": [
    355,
    355,
    354,
    354,
    353,
    353,
    353,
    353,
    353,
    353,
    353,
    353,
    353,
    353,
    353,
    353
  ],
  "seed_r_min": 1.2392706003528207,
  "seed_r_max": 1.264646520857403,
  "surface_r_outer_phi0": 1.2659820956208019,
  "edge_fraction": 0.95,
  "save_path": "/home/scc/pb24511935/local_surface_evaluator/runs/alpha_nu_guarded_candidate275_20260729_resume/poincare_alpha_nu_rho1.png"
}
