{"iteration":1,"score":39.50098371187859,"best":39.50098371187859,"gradient_rms":21.23858675438944,"update_rms":0.009999999968698102,"noise_rms":0.9534639278746302,"wall_s":26.812710619997233}
{"iteration":2,"score":40.26121789230929,"best":40.26121789230929,"gradient_rms":29.32310679388183,"update_rms":0.007889660463428894,"noise_rms":0.9530828865583689,"wall_s":26.077449636999518}
{"iteration":3,"score":41.20184701067213,"best":41.20184701067213,"gradient_rms":31.42489742848341,"update_rms":0.007182477036993676,"noise_rms":0.9523795612522,"wall_s":26.07676017296035}
{"iteration":4,"score":42.17240225254447,"best":42.17240225254447,"gradient_rms":19.18748509031119,"update_rms":0.0055435527146764346,"noise_rms":0.9517939883053697,"wall_s":26.070154125976842}
{"iteration":5,"score":42.79010736488713,"best":42.79010736488713,"gradient_rms":16.00207824907724,"update_rms":0.004751629746496893,"noise_rms":0.9514448499028603,"wall_s":26.081975017965306}
{"iteration":6,"score":43.26575276473803,"best":43.26575276473803,"gradient_rms":15.535219556447593,"update_rms":0.004446131971921179,"noise_rms":0.951142456270979,"wall_s":26.108491815975867}
{"iteration":7,"score":43.92912607363357,"best":43.92912607363357,"gradient_rms":22.266632986546536,"update_rms":0.005510668687830559,"noise_rms":0.9517422772435403,"wall_s":26.105980598018505}
{"iteration":8,"score":44.38389835578577,"best":44.38389835578577,"gradient_rms":13.394748797167201,"update_rms":0.004481104938440929,"noise_rms":0.9522745905650679,"wall_s":26.098066108010244}
{"iteration":9,"score":45.113355551224316,"best":45.113355551224316,"gradient_rms":22.393831839170712,"update_rms":0.005794553805312615,"noise_rms":0.9529346494292188,"wall_s":26.08065069001168}
{"iteration":10,"score":45.663875875907806,"best":45.663875875907806,"gradient_rms":12.149620477215743,"update_rms":0.004450591203911118,"noise_rms":0.9531046821482576,"wall_s":26.10414493503049}
{"iteration":11,"score":46.08201533933627,"best":46.08201533933627,"gradient_rms":10.448156558921218,"update_rms":0.003718935319069746,"noise_rms":0.9533181325106277,"wall_s":26.14308523503132}
{"iteration":12,"score":46.40454160037818,"best":46.40454160037818,"gradient_rms":12.144452137802466,"update_rms":0.00378407358392367,"noise_rms":0.9534198323551005,"wall_s":26.1046343499911}
{"iteration":13,"score":47.48786817674403,"best":47.48786817674403,"gradient_rms":33.14975004931957,"update_rms":0.007542055013022306,"noise_rms":0.9536681109808093,"wall_s":26.132077309011947}
{"iteration":14,"score":48.539918661944135,"best":48.539918661944135,"gradient_rms":23.667945400220738,"update_rms":0.00686230613115418,"noise_rms":0.9541583633827874,"wall_s":26.108426054008305}
{"iteration":15,"score":49.48540851260873,"best":49.48540851260873,"gradient_rms":21.8660636953485,"update_rms":0.0063608064472825245,"noise_rms":0.9543369447187725,"wall_s":26.10848995600827}
{"iteration":16,"score":50.38304238905874,"best":50.38304238905874,"gradient_rms":21.24033778099557,"update_rms":0.006057750914978552,"noise_rms":0.954439644088651,"wall_s":26.108559095009696}
{"iteration":17,"score":51.25505941509353,"best":51.25505941509353,"gradient_rms":21.461398893443217,"update_rms":0.005795249101513335,"noise_rms":0.9551353292352983,"wall_s":26.09477484296076}
{"iteration":18,"score":51.91490205543583,"best":51.91490205543583,"gradient_rms":16.986485953785508,"update_rms":0.005161486151889679,"noise_rms":0.9557094904555574,"wall_s":26.111562428006437}
{"iteration":19,"score":52.34328544298454,"best":52.34328544298454,"gradient_rms":10.246440450726512,"update_rms":0.0036981737593105276,"noise_rms":0.9560511576514518,"wall_s":26.10071713104844}
{"iteration":20,"score":52.4853360517828,"best":52.4853360517828,"gradient_rms":6.0023179714492025,"update_rms":0.0023482529340360233,"noise_rms":0.95621106534912,"wall_s":26.118784060003236}
{"iteration":21,"score":53.094642319118336,"best":53.094642319118336,"gradient_rms":20.93010730010378,"update_rms":0.005500106842081585,"noise_rms":0.9562017173547798,"wall_s":26.09623407397885}
{"iteration":22,"score":53.67472012161254,"best":53.67472012161254,"gradient_rms":18.4146355364032,"update_rms":0.005271241771180629,"noise_rms":0.9558416281850008,"wall_s":26.086907292017713}
{"iteration":23,"score":54.00670321972168,"best":54.00670321972168,"gradient_rms":8.479304674818742,"update_rms":0.003598905532304359,"noise_rms":0.9555313043690317,"wall_s":26.09345058799954}
{"iteration":24,"score":54.29123396800235,"best":54.29123396800235,"gradient_rms":11.886654640849347,"update_rms":0.0035331899032029334,"noise_rms":0.9556674886970462,"wall_s":26.08394432696514}
{"iteration":25,"score":54.63409317975526,"best":54.63409317975526,"gradient_rms":14.294752532838892,"update_rms":0.004183274742632734,"noise_rms":0.9561160792524585,"wall_s":26.088727962982375}
{"iteration":26,"score":54.943923259466736,"best":54.943923259466736,"gradient_rms":13.584900996470294,"update_rms":0.00412123645129672,"noise_rms":0.9566402385929225,"wall_s":26.10980270797154}
{"iteration":27,"score":55.16145287444964,"best":55.16145287444964,"gradient_rms":7.462023198339596,"update_rms":0.002970385756852659,"noise_rms":0.9569750796835205,"wall_s":26.109216078009922}
{"iteration":28,"score":55.43644616041716,"best":55.43644616041716,"gradient_rms":14.205734322198207,"update_rms":0.0042151896676011396,"noise_rms":0.957468681358917,"wall_s":25.244472560996655}
{"iteration":29,"score":55.65864615362875,"best":55.65864615362875,"gradient_rms":7.2753919386441135,"update_rms":0.0029497340816742575,"noise_rms":0.9579089979593424,"wall_s":24.920968663995154}
{"iteration":30,"score":55.849698635257376,"best":55.849698635257376,"gradient_rms":8.625569900662988,"update_rms":0.0029229866537354553,"noise_rms":0.9580698506494651,"wall_s":23.977757349028252}
{"iteration":31,"score":56.20428490779525,"best":56.20428490779525,"gradient_rms":14.435948177826598,"update_rms":0.0044677752700060394,"noise_rms":0.9581562953602124,"wall_s":23.219275020004716}
{"iteration":32,"score":56.419054920909545,"best":56.419054920909545,"gradient_rms":6.37788225789828,"update_rms":0.00312654642962766,"noise_rms":0.9581166532241514,"wall_s":23.205615636019502}
{"iteration":33,"score":56.652724421585674,"best":56.652724421585674,"gradient_rms":10.720051091801087,"update_rms":0.0034977244365817515,"noise_rms":0.9581375221306961,"wall_s":23.200063088035677}
{"iteration":34,"score":56.774768397160365,"best":56.774768397160365,"gradient_rms":2.340539107337338,"update_rms":0.0019013035345794322,"noise_rms":0.9581742567166253,"wall_s":23.184134007024113}
{"iteration":35,"score":57.26055327958226,"best":57.26055327958226,"gradient_rms":16.11425120802071,"update_rms":0.0049589101172986955,"noise_rms":0.958179905760217,"wall_s":23.20899750397075}
{"iteration":36,"score":57.26055327958216,"best":57.26055327958226,"gradient_rms":0.0,"update_rms":0.0,"noise_rms":0.958179905760217,"wall_s":26.897902131953742}
{"iteration":37,"score":57.26055327958194,"best":57.26055327958226,"gradient_rms":0.0,"update_rms":0.0,"noise_rms":0.958179905760217,"wall_s":30.239679741032887}
{"iteration":38,"score":57.26055327958226,"best":57.26055327958226,"gradient_rms":0.0,"update_rms":0.0,"noise_rms":0.958179905760217,"wall_s":29.532809637021273}
{"iteration":39,"score":57.26055327958216,"best":57.26055327958226,"gradient_rms":0.0,"update_rms":0.0,"noise_rms":0.958179905760217,"wall_s":27.0482924359967}
{"iteration":40,"score":57.26055327958224,"best":57.26055327958226,"gradient_rms":0.0,"update_rms":0.0,"noise_rms":0.958179905760217,"wall_s":27.150954311015084}
{"iteration":41,"score":57.260553279582034,"best":57.26055327958226,"gradient_rms":0.0,"update_rms":0.0,"noise_rms":0.958179905760217,"wall_s":26.995676814985927}
{"iteration":42,"score":57.260553279582346,"best":57.260553279582346,"gradient_rms":0.0,"update_rms":0.0,"noise_rms":0.958179905760217,"wall_s":26.883501726028044}
{"iteration":43,"score":57.26055327958231,"best":57.260553279582346,"gradient_rms":0.0,"update_rms":0.0,"noise_rms":0.958179905760217,"wall_s":24.79148963803891}
{"iteration":44,"score":57.26055327958209,"best":57.260553279582346,"gradient_rms":0.0,"update_rms":0.0,"noise_rms":0.958179905760217,"wall_s":26.48735323100118}
{"iteration":45,"score":57.2605532795822,"best":57.260553279582346,"gradient_rms":0.0,"update_rms":0.0,"noise_rms":0.958179905760217,"wall_s":28.621749993995763}
{"iteration":46,"score":57.16445731913547,"best":57.260553279582346,"gradient_rms":184.58430300983775,"update_rms":0.022154882641684,"noise_rms":0.9594395902385733,"wall_s":26.304381731024478}
{"iteration":47,"score":57.23763522243605,"best":57.260553279582346,"gradient_rms":11.063898354461182,"update_rms":0.011316934173515203,"noise_rms":0.9603618974167273,"wall_s":25.69114956399426}
{"iteration":48,"score":57.41521864169943,"best":57.41521864169943,"gradient_rms":11.221674912641822,"update_rms":0.006282574812960125,"noise_rms":0.9610672338754207,"wall_s":25.49480622401461}
{"iteration":49,"score":57.77499887667246,"best":57.77499887667246,"gradient_rms":17.480154017805134,"update_rms":0.004967769205938706,"noise_rms":0.9613025162523159,"wall_s":30.483702983008698}
{"iteration":50,"score":58.072770788465064,"best":58.072770788465064,"gradient_rms":12.513733348436356,"update_rms":0.0036561900622497363,"noise_rms":0.9615008542657367,"wall_s":32.13033513905248}
{"iteration":51,"score":58.32039390837322,"best":58.32039390837322,"gradient_rms":13.504897582201218,"update_rms":0.003397844761215902,"noise_rms":0.961844874090231,"wall_s":28.43389115598984}
{"iteration":52,"score":58.4713766460439,"best":58.4713766460439,"gradient_rms":10.275275780760492,"update_rms":0.002778050110984202,"noise_rms":0.9620742157147126,"wall_s":27.844456103048287}
{"iteration":53,"score":58.76300490239098,"best":58.76300490239098,"gradient_rms":14.42491628626547,"update_rms":0.003309068909448572,"noise_rms":0.9624754953121705,"wall_s":25.379463139979634}
{"iteration":54,"score":58.90117597869179,"best":58.90117597869179,"gradient_rms":3.008384916800191,"update_rms":0.0018500582075412072,"noise_rms":0.9626869510898718,"wall_s":25.91123394900933}
{"iteration":55,"score":59.06232229475765,"best":59.06232229475765,"gradient_rms":9.960322155869331,"update_rms":0.002368267869982646,"noise_rms":0.9629219574701989,"wall_s":30.379110496025532}
{"iteration":56,"score":59.19323550486744,"best":59.19323550486744,"gradient_rms":9.271505994936334,"update_rms":0.0022884957932256507,"noise_rms":0.9627431182060782,"wall_s":27.725182516034693}
{"iteration":57,"score":59.3363117752487,"best":59.3363117752487,"gradient_rms":12.212882014009057,"update_rms":0.002851408871636686,"noise_rms":0.9626584736707922,"wall_s":27.70542715600459}
{"iteration":58,"score":59.48301795788131,"best":59.48301795788131,"gradient_rms":6.715145575955712,"update_rms":0.0019987890407597267,"noise_rms":0.9626043441566943,"wall_s":30.14982441702159}
{"iteration":59,"score":59.57944232509698,"best":59.57944232509698,"gradient_rms":6.330700568921192,"update_rms":0.0017552699571332375,"noise_rms":0.9625364292535864,"wall_s":27.951610739983153}
{"iteration":60,"score":59.70377418849991,"best":59.70377418849991,"gradient_rms":7.866468793751122,"update_rms":0.002110065936861099,"noise_rms":0.9625682145725232,"wall_s":30.083561922016088}
{"iteration":61,"score":59.831393322708344,"best":59.831393322708344,"gradient_rms":8.26495402501923,"update_rms":0.0022190915808067034,"noise_rms":0.9626117557871762,"wall_s":30.276719740999397}
{"iteration":62,"score":59.91115834693198,"best":59.91115834693198,"gradient_rms":7.52994955964182,"update_rms":0.0021078917226235727,"noise_rms":0.9625267299362394,"wall_s":27.963978604006115}
{"iteration":63,"score":59.95789475001934,"best":59.95789475001934,"gradient_rms":6.779498969136777,"update_rms":0.0019744243498895538,"noise_rms":0.9625679682944376,"wall_s":28.005891534034163}
{"iteration":64,"score":60.163758387381186,"best":60.163758387381186,"gradient_rms":14.745568797146872,"update_rms":0.0036393867785980377,"noise_rms":0.9626172433841117,"wall_s":25.617040889977943}
{"iteration":65,"score":60.358834436850415,"best":60.358834436850415,"gradient_rms":10.382731383612423,"update_rms":0.0031591542766954404,"noise_rms":0.9627122514720878,"wall_s":28.716467576974537}
{"iteration":66,"score":60.473199381542045,"best":60.473199381542045,"gradient_rms":5.206790775456703,"update_rms":0.0019082414053379826,"noise_rms":0.9628703564140452,"wall_s":30.083866211003624}
{"iteration":67,"score":60.54771796615049,"best":60.54771796615049,"gradient_rms":8.752663693636206,"update_rms":0.0022268210625697223,"noise_rms":0.9630431270460439,"wall_s":31.489343088993337}
{"iteration":68,"score":60.66099160572926,"best":60.66099160572926,"gradient_rms":9.823699680887831,"update_rms":0.0026240126385737874,"noise_rms":0.963158629425645,"wall_s":31.707112866046373}
{"iteration":69,"score":60.73310297097703,"best":60.73310297097703,"gradient_rms":6.498889740056099,"update_rms":0.002014499858128815,"noise_rms":0.9632567091390118,"wall_s":31.88877815695014}
{"iteration":70,"score":60.791233607845065,"best":60.791233607845065,"gradient_rms":6.662540579061314,"update_rms":0.0018691768645759106,"noise_rms":0.9632962208106729,"wall_s":32.73609161598142}
{"iteration":71,"score":61.526301757902345,"best":61.526301757902345,"gradient_rms":28.16174171839233,"update_rms":0.006682303416904349,"noise_rms":0.9634083548022045,"wall_s":31.434699871984776}
{"iteration":72,"score":61.52630175790257,"best":61.52630175790257,"gradient_rms":0.0,"update_rms":0.0,"noise_rms":0.9634083548022045,"wall_s":30.499973720987327}
{"iteration":73,"score":61.35983906433067,"best":61.52630175790257,"gradient_rms":7.876386068326437,"update_rms":0.0039068594020153355,"noise_rms":0.9634521793681348,"wall_s":30.754629754053894}
{"iteration":74,"score":61.4747922472862,"best":61.52630175790257,"gradient_rms":14.144278304653925,"update_rms":0.003936081274790943,"noise_rms":0.9632220058365012,"wall_s":30.860472164000385}
{"iteration":75,"score":61.47479224728608,"best":61.52630175790257,"gradient_rms":0.0,"update_rms":0.0,"noise_rms":0.9632220058365012,"wall_s":32.63423415302532}
{"iteration":76,"score":60.7638487001707,"best":61.52630175790257,"gradient_rms":22.356437741149996,"update_rms":0.0058103758470029205,"noise_rms":0.9630777656775826,"wall_s":29.40281371999299}
{"iteration":77,"score":61.5068266832705,"best":61.52630175790257,"gradient_rms":39.91098780641966,"update_rms":0.00894672948787157,"noise_rms":0.9634162795534843,"wall_s":26.08956101402873}
{"iteration":78,"score":61.73107407660483,"best":61.73107407660483,"gradient_rms":24.18599500940098,"update_rms":0.007172174956271228,"noise_rms":0.963860050353383,"wall_s":26.277202515979297}
{"iteration":79,"score":61.763723067139516,"best":61.763723067139516,"gradient_rms":4.549745269161941,"update_rms":0.003911132522909566,"noise_rms":0.9640923893387087,"wall_s":27.940504876023624}
{"iteration":80,"score":61.68611519376914,"best":61.763723067139516,"gradient_rms":35.636328172683456,"update_rms":0.008015430563969195,"noise_rms":0.9653318118529424,"wall_s":28.893747218011413}
{"iteration":81,"score":61.59146489451178,"best":61.763723067139516,"gradient_rms":9.578748254185468,"update_rms":0.004435434021883094,"noise_rms":0.965720030677206,"wall_s":26.390821035020053}
{"iteration":82,"score":61.60672352960607,"best":61.763723067139516,"gradient_rms":9.641080277250321,"update_rms":0.0030395777465703116,"noise_rms":0.9660022006105373,"wall_s":27.15838202496525}
{"iteration":83,"score":61.64275130586714,"best":61.763723067139516,"gradient_rms":9.274401345997928,"update_rms":0.0026466967693197807,"noise_rms":0.9659410136514426,"wall_s":25.93129553704057}
{"iteration":84,"score":61.798539984118705,"best":61.798539984118705,"gradient_rms":13.322028931136723,"update_rms":0.0033764784270680815,"noise_rms":0.9661510546341983,"wall_s":26.159743475029245}
{"iteration":85,"score":61.81665245123065,"best":61.81665245123065,"gradient_rms":16.984802268250192,"update_rms":0.004429986205647257,"noise_rms":0.9665701173257609,"wall_s":24.133631540986244}
{"iteration":86,"score":61.885836603818554,"best":61.885836603818554,"gradient_rms":9.4499676240567,"update_rms":0.0030211285046526136,"noise_rms":0.9668642658158866,"wall_s":23.351820402953308}
{"iteration":87,"score":61.879220524551656,"best":61.885836603818554,"gradient_rms":8.896803702190054,"update_rms":0.002624322072540614,"noise_rms":0.9672472159694778,"wall_s":23.695551549026277}
{"iteration":88,"score":62.06412412566592,"best":62.06412412566592,"gradient_rms":6.078097022211453,"update_rms":0.0019075081650106092,"noise_rms":0.9673784787270052,"wall_s":23.727945890044793}
{"iteration":89,"score":62.1116780268621,"best":62.1116780268621,"gradient_rms":5.8736440511177,"update_rms":0.001712380859319997,"noise_rms":0.9674831669519275,"wall_s":26.262530432955828}
{"iteration":90,"score":62.134803305863215,"best":62.134803305863215,"gradient_rms":2.933056676543398,"update_rms":0.0011581082365159832,"noise_rms":0.9675810610595428,"wall_s":25.81725160498172}
{"iteration":91,"score":62.08701326524889,"best":62.134803305863215,"gradient_rms":12.134275056228695,"update_rms":0.0028582481924403474,"noise_rms":0.9675458345779175,"wall_s":28.15482647001045}
{"iteration":92,"score":62.11520164823226,"best":62.134803305863215,"gradient_rms":5.2195047668474475,"update_rms":0.0018877007395000749,"noise_rms":0.9673989241140404,"wall_s":27.825316523958463}
{"iteration":93,"score":62.144302407344604,"best":62.144302407344604,"gradient_rms":5.563735508890384,"update_rms":0.0017295818535137794,"noise_rms":0.9673908845099097,"wall_s":30.28730316099245}
{"iteration":94,"score":62.222080153766704,"best":62.222080153766704,"gradient_rms":12.229977942155935,"update_rms":0.0031576953475904827,"noise_rms":0.9673467989361697,"wall_s":28.48766828898806}
{"iteration":95,"score":62.22208015376673,"best":62.22208015376673,"gradient_rms":0.0,"update_rms":0.0,"noise_rms":0.9673467989361697,"wall_s":29.82919093995588}
{"iteration":96,"score":62.08964367386814,"best":62.22208015376673,"gradient_rms":15.933542410629117,"update_rms":0.004043146957386829,"noise_rms":0.9673571053408645,"wall_s":28.55608694400871}
{"iteration":97,"score":62.075445936382955,"best":62.22208015376673,"gradient_rms":12.567514868836874,"update_rms":0.003580096075397245,"noise_rms":0.9674572464565183,"wall_s":29.07758613396436}
{"iteration":98,"score":62.0813871901792,"best":62.22208015376673,"gradient_rms":12.608931961639062,"update_rms":0.0034756419374367027,"noise_rms":0.9674007968636986,"wall_s":31.73234465700807}
{"iteration":99,"score":62.126694971454924,"best":62.22208015376673,"gradient_rms":11.210688993184988,"update_rms":0.0031863776092091317,"noise_rms":0.9675389984078507,"wall_s":31.30422113800887}
{"iteration":100,"score":62.23696014378653,"best":62.23696014378653,"gradient_rms":12.256103476306823,"update_rms":0.0034242853711468095,"noise_rms":0.9678288231924148,"wall_s":30.61713797802804}
{"iteration":101,"score":62.29329261444722,"best":62.29329261444722,"gradient_rms":6.509227715427855,"update_rms":0.0024824085666352333,"noise_rms":0.9680292871526107,"wall_s":28.61189207196003}
{"iteration":102,"score":62.29496062316834,"best":62.29496062316834,"gradient_rms":5.580460359306376,"update_rms":0.0018254060618421923,"noise_rms":0.9680506330158238,"wall_s":23.37255281500984}
{"iteration":103,"score":62.28856558235769,"best":62.29496062316834,"gradient_rms":26.632113718234432,"update_rms":0.006605389976778723,"noise_rms":0.9678652578052146,"wall_s":24.835752487007994}
{"iteration":104,"score":62.268839888311334,"best":62.29496062316834,"gradient_rms":5.623442397667399,"update_rms":0.003528375794397622,"noise_rms":0.967832646951826,"wall_s":25.064182250003796}
{"iteration":105,"score":62.36478400275729,"best":62.36478400275729,"gradient_rms":14.702838655581786,"update_rms":0.004060681996520967,"noise_rms":0.9678485884643212,"wall_s":26.72845834400505}
{"iteration":106,"score":62.46041280318641,"best":62.46041280318641,"gradient_rms":4.895484469819861,"update_rms":0.0023362500480571353,"noise_rms":0.9677417782656846,"wall_s":24.330841985007282}
{"iteration":107,"score":62.48190348222981,"best":62.48190348222981,"gradient_rms":2.2127285462910358,"update_rms":0.0013159425740020133,"noise_rms":0.9677185881982762,"wall_s":23.562651123967953}
{"iteration":108,"score":62.51441308736345,"best":62.51441308736345,"gradient_rms":4.371237835250334,"update_rms":0.001331757219635315,"noise_rms":0.9676441160801267,"wall_s":23.352079755044542}
{"iteration":109,"score":62.50055351003048,"best":62.51441308736345,"gradient_rms":13.052064846745846,"update_rms":0.0033500421358663,"noise_rms":0.9678043623049469,"wall_s":24.253043212986086}
{"iteration":110,"score":62.540310532255376,"best":62.540310532255376,"gradient_rms":7.765511659209739,"update_rms":0.0027103987841158076,"noise_rms":0.9678525688620738,"wall_s":24.33378739998443}
{"iteration":111,"score":62.57832258977612,"best":62.57832258977612,"gradient_rms":5.092978307432268,"update_rms":0.001960451297075993,"noise_rms":0.9678523986111125,"wall_s":24.535101192013826}
{"iteration":112,"score":62.683832098435914,"best":62.683832098435914,"gradient_rms":9.84920952302172,"update_rms":0.0025771999716394955,"noise_rms":0.9677701399165461,"wall_s":26.2836923180148}
{"iteration":113,"score":62.675212776977,"best":62.683832098435914,"gradient_rms":8.793771867000011,"update_rms":0.002638656224772398,"noise_rms":0.9674765740557496,"wall_s":26.343562013993505}
{"iteration":114,"score":62.701593328185226,"best":62.701593328185226,"gradient_rms":18.035657821680946,"update_rms":0.004774768699903126,"noise_rms":0.9680054929014713,"wall_s":26.656636298983358}
{"iteration":115,"score":62.70653678300621,"best":62.70653678300621,"gradient_rms":22.240061649698127,"update_rms":0.0059231496088760814,"noise_rms":0.9680581342903735,"wall_s":26.586070038960315}
{"iteration":116,"score":62.667307191200564,"best":62.70653678300621,"gradient_rms":3.354290921987037,"update_rms":0.0030958106991623344,"noise_rms":0.9681535622876731,"wall_s":25.735001651046332}
{"iteration":117,"score":62.66239465706267,"best":62.70653678300621,"gradient_rms":3.6954438396355953,"update_rms":0.001794036222473107,"noise_rms":0.9683218274957219,"wall_s":26.59611872001551}
{"iteration":118,"score":62.66770175048278,"best":62.70653678300621,"gradient_rms":6.9326756815018475,"update_rms":0.002051690151161584,"noise_rms":0.9684365583013422,"wall_s":25.467064602999017}
{"iteration":119,"score":62.76093095843749,"best":62.76093095843749,"gradient_rms":7.3944680071113424,"update_rms":0.0022584136394104134,"noise_rms":0.9684581684309201,"wall_s":24.409421831020154}
{"iteration":120,"score":62.787188802976395,"best":62.787188802976395,"gradient_rms":4.538346022020553,"update_rms":0.001668211580662064,"noise_rms":0.9685655878703705,"wall_s":26.181008202023804}
{"iteration":121,"score":62.78054337699147,"best":62.787188802976395,"gradient_rms":6.501212004929429,"update_rms":0.00190809901507565,"noise_rms":0.9687703775907416,"wall_s":25.83315122401109}
{"iteration":122,"score":62.79667847974165,"best":62.79667847974165,"gradient_rms":4.776820013786567,"update_rms":0.0015328813093906527,"noise_rms":0.9688232758571123,"wall_s":25.830360445019323}
{"iteration":123,"score":62.76993867261304,"best":62.79667847974165,"gradient_rms":5.200865790150032,"update_rms":0.0015965253052284535,"noise_rms":0.9687784069025592,"wall_s":29.141796075971797}
{"iteration":124,"score":62.846033381932564,"best":62.846033381932564,"gradient_rms":7.786949059175306,"update_rms":0.002350732630383692,"noise_rms":0.9687796213634627,"wall_s":25.853577814006712}
{"iteration":125,"score":62.8610879916821,"best":62.8610879916821,"gradient_rms":6.384325988748288,"update_rms":0.0020146866933945995,"noise_rms":0.9689462400581654,"wall_s":26.729429082013667}
{"iteration":126,"score":62.906370740023,"best":62.906370740023,"gradient_rms":6.237679964155001,"update_rms":0.00189751062522849,"noise_rms":0.9691433191387203,"wall_s":25.44890671200119}
{"iteration":127,"score":62.82848480094913,"best":62.906370740023,"gradient_rms":13.79253401397891,"update_rms":0.003931384361190386,"noise_rms":0.96921832188351,"wall_s":31.03317980398424}
{"iteration":128,"score":62.87360536228428,"best":62.906370740023,"gradient_rms":14.979610568627727,"update_rms":0.004416214399214478,"noise_rms":0.9691025307583336,"wall_s":30.891943747003097}
{"iteration":129,"score":62.92475330416226,"best":62.92475330416226,"gradient_rms":9.986184813773605,"update_rms":0.0034974673842830322,"noise_rms":0.9689201355604783,"wall_s":30.45712940400699}
{"iteration":130,"score":62.98888279157969,"best":62.98888279157969,"gradient_rms":7.719668680509803,"update_rms":0.002715490887396078,"noise_rms":0.9689143098350843,"wall_s":30.239961366984062}
{"iteration":131,"score":62.98124387938738,"best":62.98888279157969,"gradient_rms":7.708036238815487,"update_rms":0.0025342788645481913,"noise_rms":0.9688730652311068,"wall_s":30.187673565000296}
{"iteration":132,"score":62.98283130158722,"best":62.98888279157969,"gradient_rms":6.817561097604185,"update_rms":0.0022586097917124694,"noise_rms":0.9687177964667488,"wall_s":30.623799168970436}
{"iteration":133,"score":62.963763342901764,"best":62.98888279157969,"gradient_rms":12.546003414407382,"update_rms":0.003694615777615059,"noise_rms":0.9687517339178139,"wall_s":28.22692152595846}
{"iteration":134,"score":62.95572585578222,"best":62.98888279157969,"gradient_rms":5.635366354077393,"update_rms":0.002682434703278995,"noise_rms":0.9689130891685275,"wall_s":27.812176043982618}
{"iteration":135,"score":62.97886582220425,"best":62.98888279157969,"gradient_rms":5.731588749202219,"update_rms":0.0020536655670579077,"noise_rms":0.9688767487887715,"wall_s":31.085560812964104}
{"iteration":136,"score":62.991849386468814,"best":62.991849386468814,"gradient_rms":6.784871836016358,"update_rms":0.002194854088537592,"noise_rms":0.9690701383518915,"wall_s":30.584100478037726}
{"iteration":137,"score":62.97999090610164,"best":62.991849386468814,"gradient_rms":4.649017841801603,"update_rms":0.0017134995921501879,"noise_rms":0.9691416031759006,"wall_s":28.12953658698825}
{"iteration":138,"score":63.00990777235503,"best":63.00990777235503,"gradient_rms":6.391194587226345,"update_rms":0.0020014223956779354,"noise_rms":0.9690155107116096,"wall_s":27.957703043997753}
{"iteration":139,"score":63.027475169035334,"best":63.027475169035334,"gradient_rms":5.104925497398755,"update_rms":0.0017428158248998095,"noise_rms":0.969038804782051,"wall_s":28.17562029301189}
{"iteration":140,"score":63.02946680305595,"best":63.02946680305595,"gradient_rms":5.420266508479136,"update_rms":0.0017382589023625242,"noise_rms":0.9690470064773601,"wall_s":30.397364943055436}
{"iteration":141,"score":62.99593155855253,"best":63.02946680305595,"gradient_rms":8.13665015032602,"update_rms":0.0025243712268665825,"noise_rms":0.9692313979588522,"wall_s":30.450257224962115}
{"iteration":142,"score":63.0103402249626,"best":63.02946680305595,"gradient_rms":8.270494525521105,"update_rms":0.0026566422487970406,"noise_rms":0.9692713712199923,"wall_s":30.56222802598495}
{"iteration":143,"score":63.010340224962654,"best":63.02946680305595,"gradient_rms":0.0,"update_rms":0.0,"noise_rms":0.9692713712199923,"wall_s":30.7381166050327}
{"iteration":144,"score":63.011394489265854,"best":63.02946680305595,"gradient_rms":5.518099257176851,"update_rms":0.0020449556004796528,"noise_rms":0.9693316162133353,"wall_s":31.35799493198283}
{"iteration":145,"score":62.99012534150126,"best":63.02946680305595,"gradient_rms":9.280369269056912,"update_rms":0.002720586099463414,"noise_rms":0.9693364265281781,"wall_s":28.23661160899792}
{"iteration":146,"score":63.021443521952534,"best":63.02946680305595,"gradient_rms":4.436849791570735,"update_rms":0.0019169750133304667,"noise_rms":0.9694819743365284,"wall_s":25.67962093895767}
{"iteration":147,"score":63.078763949008895,"best":63.078763949008895,"gradient_rms":5.6222332844615055,"update_rms":0.0017991111776091086,"noise_rms":0.9696210435029997,"wall_s":25.81511921295896}
{"iteration":148,"score":63.107766415667065,"best":63.107766415667065,"gradient_rms":5.257438679697887,"update_rms":0.0017721685653765986,"noise_rms":0.9699035519724928,"wall_s":28.063311701000202}
{"iteration":149,"score":63.12968361879083,"best":63.12968361879083,"gradient_rms":7.107306805699465,"update_rms":0.0022639474816295167,"noise_rms":0.9699244753596588,"wall_s":30.755624366982374}
{"iteration":150,"score":63.16286164892012,"best":63.16286164892012,"gradient_rms":4.110420395160738,"update_rms":0.0016432493125745184,"noise_rms":0.9698386314904938,"wall_s":30.222576811967883}
{"iteration":151,"score":63.043114267202576,"best":63.16286164892012,"gradient_rms":12.112771884508327,"update_rms":0.0037464056780927586,"noise_rms":0.9698600162000753,"wall_s":30.609328766993713}
{"iteration":152,"score":63.07336758196958,"best":63.16286164892012,"gradient_rms":11.640826648022072,"update_rms":0.003686678286902824,"noise_rms":0.9696276586012359,"wall_s":24.376593545021024}
{"iteration":153,"score":63.15160861169028,"best":63.16286164892012,"gradient_rms":8.701786933886488,"update_rms":0.003230992009511646,"noise_rms":0.9694086547715309,"wall_s":23.855944651993923}
{"iteration":154,"score":63.16667039921781,"best":63.16667039921781,"gradient_rms":3.823578971754491,"update_rms":0.0020017017426266705,"noise_rms":0.9692568293805636,"wall_s":26.30214604799403}
{"iteration":155,"score":63.16904809323857,"best":63.16904809323857,"gradient_rms":5.442309396984982,"update_rms":0.0019369155804018553,"noise_rms":0.9691201329696557,"wall_s":23.752020425978117}
{"iteration":156,"score":63.18142395477249,"best":63.18142395477249,"gradient_rms":10.199789715486679,"update_rms":0.003207135938493159,"noise_rms":0.9692742649745963,"wall_s":24.389705652021803}
{"iteration":157,"score":63.21834675403442,"best":63.21834675403442,"gradient_rms":10.359655156752694,"update_rms":0.0036499617211587523,"noise_rms":0.9694270541823223,"wall_s":24.240073249966372}
{"iteration":158,"score":63.20142141379976,"best":63.21834675403442,"gradient_rms":5.1707071874943855,"update_rms":0.0024136903007448787,"noise_rms":0.9695116506945922,"wall_s":26.610993851034436}
{"iteration":159,"score":63.21377378381032,"best":63.21834675403442,"gradient_rms":4.751030866417516,"update_rms":0.0018861702099826766,"noise_rms":0.9695757823106883,"wall_s":26.69542190100765}
{"iteration":160,"score":63.23330200782046,"best":63.23330200782046,"gradient_rms":4.74946068028075,"update_rms":0.0017116092018720033,"noise_rms":0.969615330859593,"wall_s":26.24332140700426}
{"iteration":161,"score":63.254601505894456,"best":63.254601505894456,"gradient_rms":6.745429993866091,"update_rms":0.002206442353145826,"noise_rms":0.9696241120655683,"wall_s":25.48695291101467}
{"iteration":162,"score":63.29989219727235,"best":63.29989219727235,"gradient_rms":11.13475580643368,"update_rms":0.0035452062363235098,"noise_rms":0.9698970933690623,"wall_s":30.59885796601884}
{"iteration":163,"score":63.314284589136435,"best":63.314284589136435,"gradient_rms":5.831141317071087,"update_rms":0.0025100080036743735,"noise_rms":0.9700354601596842,"wall_s":31.466038596001454}
{"iteration":164,"score":63.31428458913657,"best":63.31428458913657,"gradient_rms":0.0,"update_rms":0.0,"noise_rms":0.9700354601596842,"wall_s":32.29888629098423}
{"iteration":165,"score":63.29192173066353,"best":63.31428458913657,"gradient_rms":3.5283692535650437,"update_rms":0.001637691244138617,"noise_rms":0.970207671372323,"wall_s":30.69170819298597}
{"iteration":166,"score":63.10094919593402,"best":63.31428458913657,"gradient_rms":13.824499231587021,"update_rms":0.0043780602096150385,"noise_rms":0.9702096910968445,"wall_s":29.49916318798205}
{"iteration":167,"score":63.08633470384797,"best":63.31428458913657,"gradient_rms":9.493567404429536,"update_rms":0.003697491172723302,"noise_rms":0.9704353468564465,"wall_s":28.053689759981353}
{"iteration":168,"score":63.36365239368446,"best":63.36365239368446,"gradient_rms":9.012796100690487,"update_rms":0.0032249039103620135,"noise_rms":0.9704834458063957,"wall_s":25.396080503007397}
{"iteration":169,"score":63.32131664417218,"best":63.36365239368446,"gradient_rms":18.259826059509436,"update_rms":0.005768789302367006,"noise_rms":0.970944289217565,"wall_s":25.30764320300659}
{"iteration":170,"score":63.3500693641028,"best":63.36365239368446,"gradient_rms":4.059482665665262,"update_rms":0.003267597795141044,"noise_rms":0.9712095523011262,"wall_s":24.164832381997257}
{"iteration":171,"score":63.36390702418163,"best":63.36390702418163,"gradient_rms":6.230113556329195,"update_rms":0.0024688209759367464,"noise_rms":0.9714053366553084,"wall_s":24.48227084701648}
{"iteration":172,"score":63.38624761460719,"best":63.38624761460719,"gradient_rms":8.00994505420035,"update_rms":0.002746559251831172,"noise_rms":0.9715872220111896,"wall_s":24.356520827976055}
{"iteration":173,"score":63.40406179892775,"best":63.40406179892775,"gradient_rms":2.4173097838512136,"update_rms":0.0015529515359367803,"noise_rms":0.9716050319791504,"wall_s":23.93106698099291}
{"iteration":174,"score":63.42822963532588,"best":63.42822963532588,"gradient_rms":4.029542108590926,"update_rms":0.0014995744956338584,"noise_rms":0.9716472347629572,"wall_s":23.35243394895224}
{"iteration":175,"score":63.467484682346225,"best":63.467484682346225,"gradient_rms":3.797105021657382,"update_rms":0.0014302112068439261,"noise_rms":0.9716057468123551,"wall_s":25.76298418798251}
{"iteration":176,"score":63.450999140550636,"best":63.467484682346225,"gradient_rms":7.037009593873418,"update_rms":0.002328436694932547,"noise_rms":0.9716413306213646,"wall_s":28.819252162997145}
{"iteration":177,"score":63.47347038879181,"best":63.47347038879181,"gradient_rms":7.002264056800752,"update_rms":0.0024110974127828032,"noise_rms":0.9716082096288476,"wall_s":23.851255822984967}
{"iteration":178,"score":63.53865200920563,"best":63.53865200920563,"gradient_rms":4.629990787159644,"update_rms":0.0019180674483170995,"noise_rms":0.9715528895451891,"wall_s":23.351056457031518}
{"iteration":179,"score":63.5823073059255,"best":63.5823073059255,"gradient_rms":6.3795299445273965,"update_rms":0.00222898375217062,"noise_rms":0.9715295585427177,"wall_s":26.238697240012698}
{"iteration":180,"score":63.590259857965286,"best":63.590259857965286,"gradient_rms":3.090739852691796,"update_rms":0.0015124695060904042,"noise_rms":0.9714348765128541,"wall_s":29.053446556034032}
{"iteration":181,"score":63.5902598579647,"best":63.590259857965286,"gradient_rms":0.0,"update_rms":0.0,"noise_rms":0.9714348765128541,"wall_s":30.589284161978867}
{"iteration":182,"score":63.57029822205443,"best":63.590259857965286,"gradient_rms":3.6260020452947757,"update_rms":0.001377041308381542,"noise_rms":0.9713830481012329,"wall_s":30.645190618000925}
{"iteration":183,"score":63.55140482063234,"best":63.590259857965286,"gradient_rms":5.197573915457856,"update_rms":0.0018155274818890768,"noise_rms":0.9713574815942343,"wall_s":30.49716248200275}
{"iteration":184,"score":63.59370956579629,"best":63.59370956579629,"gradient_rms":4.469746906665756,"update_rms":0.0017040696002974763,"noise_rms":0.9713843619700139,"wall_s":28.171714887022972}
{"iteration":185,"score":63.610232993542006,"best":63.610232993542006,"gradient_rms":5.6682261341710225,"update_rms":0.002149072448557292,"noise_rms":0.9713336150455918,"wall_s":30.30430310999509}
{"iteration":186,"score":63.60350294713319,"best":63.610232993542006,"gradient_rms":1.490167613078665,"update_rms":0.0012022328832205116,"noise_rms":0.9712881323930374,"wall_s":30.451195564994123}
{"iteration":187,"score":63.61391963511046,"best":63.61391963511046,"gradient_rms":5.5315931725429115,"update_rms":0.0018959945950055694,"noise_rms":0.9712024996348247,"wall_s":29.991670956020243}
{"iteration":188,"score":63.596860530478445,"best":63.61391963511046,"gradient_rms":3.212800090066678,"update_rms":0.0013809273143548313,"noise_rms":0.9711745200530435,"wall_s":28.086817022995092}
{"iteration":189,"score":63.637858965948254,"best":63.637858965948254,"gradient_rms":2.3452295292998238,"update_rms":0.0010256375704324249,"noise_rms":0.9711909713382065,"wall_s":29.05802954302635}
{"iteration":190,"score":63.63907417082996,"best":63.63907417082996,"gradient_rms":4.997077831683447,"update_rms":0.0017714755157164706,"noise_rms":0.9713129643276232,"wall_s":31.122114560974296}
{"iteration":191,"score":63.636099161205124,"best":63.63907417082996,"gradient_rms":3.3689803167101524,"update_rms":0.001421515944787316,"noise_rms":0.9713864989403392,"wall_s":30.593981071957387}
{"iteration":192,"score":63.606990448353926,"best":63.63907417082996,"gradient_rms":1.9236420210710095,"update_rms":0.000959641661668865,"noise_rms":0.9714366433572699,"wall_s":30.604440686001908}
{"iteration":193,"score":63.62269068558899,"best":63.63907417082996,"gradient_rms":7.0979455843581585,"update_rms":0.0023219623593394093,"noise_rms":0.9716189795995429,"wall_s":30.87831915396964}
{"iteration":194,"score":63.68723834748456,"best":63.68723834748456,"gradient_rms":4.949138386740576,"update_rms":0.002033513414813152,"noise_rms":0.9718295760189458,"wall_s":28.490387984958943}
{"iteration":195,"score":63.691479674835705,"best":63.691479674835705,"gradient_rms":4.049379523253954,"update_rms":0.0016577422356795198,"noise_rms":0.9718883742404884,"wall_s":29.446356098051183}
{"iteration":196,"score":63.64924600083135,"best":63.691479674835705,"gradient_rms":4.012353650340367,"update_rms":0.001618147408023959,"noise_rms":0.9720155834171189,"wall_s":29.159182410978246}
{"iteration":197,"score":63.64718371873405,"best":63.691479674835705,"gradient_rms":3.5882859240615104,"update_rms":0.001494948111681024,"noise_rms":0.9721464528070445,"wall_s":23.32972774398513}
{"iteration":198,"score":63.68713238425225,"best":63.691479674835705,"gradient_rms":1.693451933994398,"update_rms":0.0009510898786312072,"noise_rms":0.9722481949375408,"wall_s":26.748224934970494}
{"iteration":199,"score":63.68151685929781,"best":63.691479674835705,"gradient_rms":3.9313502195531487,"update_rms":0.0014161010178695003,"noise_rms":0.9722926437540899,"wall_s":27.666538988007233}
{"iteration":200,"score":63.67860030164338,"best":63.691479674835705,"gradient_rms":1.8547291664424648,"update_rms":0.0009187920840535911,"noise_rms":0.9722758134181761,"wall_s":24.24827494897181}
{
  "status": "ok",
  "stop_reason": "completed_iterations",
  "initial_score": 38.659022533585144,
  "final_score": 63.67860030164338,
  "best_score": 63.691479674835705,
  "best_iteration": 195,
  "completed_iterations": 200,
  "completed_adam_steps": 184,
  "total_wall_s": 5511.037880593969,
  "mean_iteration_wall_s": 27.40374984645983,
  "initial_decode_wall_s": 2.760401631006971,
  "initial_score_wall_s": 7.375032035983168,
  "initial_score_elapsed_s": [
    7.371700853982475
  ],
  "resumed_from_iteration": null,
  "resume_center_score": null,
  "final_noise_rms": 0.9722758134181761,
  "final_noise_abs_max": 2.9171090126037598,
  "best_case": "/home/scc/pb24511935/local_surface_evaluator_worktrees/qh-flow-zo-adam/runs/qh_adam_low_momentum_start10_200_20260802_r1/best.json"
}
