{"iteration":1,"score":15.001414139279499,"best":15.001414139279499,"gradient_rms":8.57600047972406,"update_rms":0.009999999960756581,"accepted":true,"wall_s":6.620738390833139}
{"iteration":2,"score":24.63305798139659,"best":24.63305798139659,"gradient_rms":26.197404925486286,"update_rms":0.007536855408064932,"accepted":true,"wall_s":6.680630624294281}
{"iteration":3,"score":37.603668517383355,"best":37.603668517383355,"gradient_rms":28.01979888755675,"update_rms":0.006895798602438808,"accepted":true,"wall_s":6.674728441983461}
{"iteration":4,"score":51.736804164276045,"best":51.736804164276045,"gradient_rms":45.45453147492461,"update_rms":0.006579205645684922,"accepted":true,"wall_s":6.689880575984716}
{"iteration":5,"score":59.451876303008994,"best":59.451876303008994,"gradient_rms":32.557250742507904,"update_rms":0.006012203964568105,"accepted":true,"wall_s":6.706404820084572}
{"iteration":6,"score":60.96416091157072,"best":60.96416091157072,"gradient_rms":9.146960859209523,"update_rms":0.004725072079648665,"accepted":true,"wall_s":6.707778509706259}
{"iteration":7,"score":61.65320194887134,"best":61.65320194887134,"gradient_rms":5.54890679768986,"update_rms":0.003569121178925119,"accepted":true,"wall_s":6.7232390232384205}
{"iteration":8,"score":62.03920450227778,"best":62.03920450227778,"gradient_rms":6.574317966850403,"update_rms":0.0028810908240054912,"accepted":true,"wall_s":6.744275689125061}
{"iteration":9,"score":62.44185967083874,"best":62.44185967083874,"gradient_rms":5.830074708584362,"update_rms":0.0023108449253666768,"accepted":true,"wall_s":6.737809374928474}
{"iteration":10,"score":62.97218733759551,"best":62.97218733759551,"gradient_rms":6.337987402036198,"update_rms":0.0022595831548740423,"accepted":true,"wall_s":6.752063971012831}
{"iteration":11,"score":63.68099560220873,"best":63.68099560220873,"gradient_rms":6.7979527298128675,"update_rms":0.002215958465782916,"accepted":true,"wall_s":6.740645792335272}
{"iteration":12,"score":64.3379592935607,"best":64.3379592935607,"gradient_rms":6.1135889161424295,"update_rms":0.0020339166609860473,"accepted":true,"wall_s":6.741094630211592}
{"iteration":13,"score":64.91854769510196,"best":64.91854769510196,"gradient_rms":5.98017959717721,"update_rms":0.0020026239577145178,"accepted":true,"wall_s":6.753731828182936}
{"iteration":14,"score":65.4794229284937,"best":65.4794229284937,"gradient_rms":5.435846254761698,"update_rms":0.0018507011471577076,"accepted":true,"wall_s":6.746139016002417}
{"iteration":15,"score":65.88553274525559,"best":65.88553274525559,"gradient_rms":4.941518969791353,"update_rms":0.0017171440641343815,"accepted":true,"wall_s":6.734886597841978}
{"iteration":16,"score":66.27913324200779,"best":66.27913324200779,"gradient_rms":4.499137296663175,"update_rms":0.0016460539249189563,"accepted":true,"wall_s":6.726145502179861}
{"iteration":17,"score":66.63705038169678,"best":66.63705038169678,"gradient_rms":4.9569804202230445,"update_rms":0.0017186879421675048,"accepted":true,"wall_s":6.749024290591478}
{"iteration":18,"score":66.97374676791469,"best":66.97374676791469,"gradient_rms":4.293874766210776,"update_rms":0.001580990051200055,"accepted":true,"wall_s":6.728004965931177}
{"iteration":19,"score":67.26619621712459,"best":67.26619621712459,"gradient_rms":4.244298418936851,"update_rms":0.0014579544187241463,"accepted":true,"wall_s":6.748957447707653}
{"iteration":20,"score":67.60615170304372,"best":67.60615170304372,"gradient_rms":4.154272137386267,"update_rms":0.001488733847141696,"accepted":true,"wall_s":6.742733057588339}
{"iteration":21,"score":67.76321878031148,"best":67.76321878031148,"gradient_rms":4.270467842171836,"update_rms":0.0014594098599462729,"accepted":true,"wall_s":6.345404975116253}
{"iteration":22,"score":68.05353845256727,"best":68.05353845256727,"gradient_rms":4.439999374140848,"update_rms":0.0015845729700591,"accepted":true,"wall_s":6.338878646492958}
{"iteration":23,"score":68.28886396200001,"best":68.28886396200001,"gradient_rms":4.117555799502255,"update_rms":0.0016494727607326116,"accepted":true,"wall_s":6.363673947751522}
{"iteration":24,"score":68.6173611621798,"best":68.6173611621798,"gradient_rms":3.932142146533604,"update_rms":0.0016696162338187843,"accepted":true,"wall_s":6.356685511767864}
{"iteration":25,"score":69.11123467617067,"best":69.11123467617067,"gradient_rms":3.8650019709691192,"update_rms":0.001559004745969503,"accepted":true,"wall_s":6.739480681717396}
{"iteration":26,"score":69.36731148754261,"best":69.36731148754261,"gradient_rms":4.061628320467008,"update_rms":0.0016879972750032904,"accepted":true,"wall_s":6.7305153124034405}
{"iteration":27,"score":69.73485724847812,"best":69.73485724847812,"gradient_rms":4.019029144843931,"update_rms":0.0017460017155322728,"accepted":true,"wall_s":6.737885624170303}
{"iteration":28,"score":70.07253888866205,"best":70.07253888866205,"gradient_rms":6.778164204562176,"update_rms":0.0023229905452971204,"accepted":true,"wall_s":6.732694253325462}
{"iteration":29,"score":70.36774503491884,"best":70.36774503491884,"gradient_rms":3.7710674849122388,"update_rms":0.0020922417921496283,"accepted":true,"wall_s":6.725815676152706}
{"iteration":30,"score":70.6837103727158,"best":70.6837103727158,"gradient_rms":4.90821944307609,"update_rms":0.002040651812282298,"accepted":true,"wall_s":6.349810589104891}
{"iteration":31,"score":70.93857967624001,"best":70.93857967624001,"gradient_rms":3.6471306347311416,"update_rms":0.001776807068393137,"accepted":true,"wall_s":6.366252057254314}
{"iteration":32,"score":71.24276186170584,"best":71.24276186170584,"gradient_rms":3.654783075636801,"update_rms":0.001724676346472343,"accepted":true,"wall_s":6.3719194903969765}
{"iteration":33,"score":71.38702080805275,"best":71.38702080805275,"gradient_rms":4.137637421071125,"update_rms":0.0018991707338904546,"accepted":true,"wall_s":6.367821518331766}
{"iteration":34,"score":71.76681136029316,"best":71.76681136029316,"gradient_rms":4.294021362360228,"update_rms":0.0018578681732667223,"accepted":true,"wall_s":6.363898813724518}
{"iteration":35,"score":72.17855403969725,"best":72.17855403969725,"gradient_rms":4.013656937210827,"update_rms":0.0020102368930541483,"accepted":true,"wall_s":6.759795770049095}
{"iteration":36,"score":72.58936880744102,"best":72.58936880744102,"gradient_rms":5.007642342816419,"update_rms":0.0021441811590067915,"accepted":true,"wall_s":6.761088352650404}
{"iteration":37,"score":72.95568016205834,"best":72.95568016205834,"gradient_rms":14.596069158463989,"update_rms":0.004648683000361427,"accepted":true,"wall_s":6.759560711681843}
{"iteration":38,"score":73.14848657373298,"best":73.14848657373298,"gradient_rms":21.151179159631184,"update_rms":0.006560655497448291,"accepted":true,"wall_s":6.758219487965107}
{"iteration":39,"score":73.04468006119518,"best":73.14848657373298,"gradient_rms":7.332991467799077,"update_rms":0.00527293250551361,"accepted":true,"wall_s":6.751444775611162}
{"iteration":40,"score":72.77968097157819,"best":73.14848657373298,"gradient_rms":5.4058591451846665,"update_rms":0.004202118930033657,"accepted":true,"wall_s":6.74643199890852}
{"iteration":41,"score":72.74425671146855,"best":73.14848657373298,"gradient_rms":6.15260617217117,"update_rms":0.0034844275171847646,"accepted":true,"wall_s":6.7631060518324375}
{"iteration":42,"score":72.76287973713606,"best":73.14848657373298,"gradient_rms":6.683318875493694,"update_rms":0.0031405240876952296,"accepted":true,"wall_s":6.3751506842672825}
{"iteration":43,"score":73.17273944659041,"best":73.17273944659041,"gradient_rms":6.300807595374942,"update_rms":0.002955956473029561,"accepted":true,"wall_s":6.757113706320524}
{"iteration":44,"score":73.49881475684614,"best":73.49881475684614,"gradient_rms":11.88486171895829,"update_rms":0.004047369496902172,"accepted":true,"wall_s":6.760329280048609}
{"iteration":45,"score":73.75436849021482,"best":73.75436849021482,"gradient_rms":7.146886607559901,"update_rms":0.0035145836423684453,"accepted":true,"wall_s":6.763617079705}
{"iteration":46,"score":74.12543584040506,"best":74.12543584040506,"gradient_rms":11.404233205485546,"update_rms":0.004166172775337311,"accepted":true,"wall_s":6.759915322065353}
{"iteration":47,"score":73.9786398849964,"best":74.12543584040506,"gradient_rms":13.374316695619076,"update_rms":0.0047411681352207075,"accepted":true,"wall_s":6.763816773891449}
{"iteration":48,"score":73.72803819597016,"best":74.12543584040506,"gradient_rms":8.087145817389626,"update_rms":0.004036497282744618,"accepted":true,"wall_s":6.755134668201208}
{"iteration":49,"score":73.68604888068117,"best":74.12543584040506,"gradient_rms":11.484724722069515,"update_rms":0.004752260416512889,"accepted":true,"wall_s":6.756976526230574}
{"iteration":50,"score":73.44707324474426,"best":74.12543584040506,"gradient_rms":9.505822658767752,"update_rms":0.004428162862469061,"accepted":true,"wall_s":6.768771357834339}
{"iteration":51,"score":73.14207544442883,"best":74.12543584040506,"gradient_rms":12.352059367015507,"update_rms":0.0048237966148531545,"accepted":true,"wall_s":6.756635196506977}
{"iteration":52,"score":73.07387021706542,"best":74.12543584040506,"gradient_rms":8.038239969351622,"update_rms":0.004039654831798852,"accepted":true,"wall_s":6.76308236643672}
{"iteration":53,"score":73.05193625926185,"best":74.12543584040506,"gradient_rms":15.604179052301578,"update_rms":0.005139735870759641,"accepted":true,"wall_s":6.3820507526397705}
{"iteration":54,"score":73.29685749234373,"best":74.12543584040506,"gradient_rms":7.2475733847753405,"update_rms":0.004097987071199604,"accepted":true,"wall_s":6.769234720617533}
{"iteration":55,"score":74.00491870978144,"best":74.12543584040506,"gradient_rms":8.02056611672841,"update_rms":0.003947281419728565,"accepted":true,"wall_s":6.775006499141455}
{"iteration":56,"score":74.38958661313374,"best":74.38958661313374,"gradient_rms":5.770158194837818,"update_rms":0.0032452582148966825,"accepted":true,"wall_s":6.776041716337204}
{"iteration":57,"score":74.58446642371051,"best":74.58446642371051,"gradient_rms":5.83641938966286,"update_rms":0.002882896679460322,"accepted":true,"wall_s":6.768874038010836}
{"iteration":58,"score":74.63015419350808,"best":74.63015419350808,"gradient_rms":8.060545800463613,"update_rms":0.003200917453156877,"accepted":true,"wall_s":6.776312079280615}
{"iteration":59,"score":74.78548423367549,"best":74.78548423367549,"gradient_rms":5.475120031255241,"update_rms":0.0027765584886986707,"accepted":true,"wall_s":6.766191769391298}
{"iteration":60,"score":74.98024835020327,"best":74.98024835020327,"gradient_rms":5.338922356255434,"update_rms":0.002575955419147263,"accepted":true,"wall_s":6.764420799911022}
{"iteration":61,"score":75.4421071210855,"best":75.4421071210855,"gradient_rms":7.359907725325211,"update_rms":0.0029152529188389304,"accepted":true,"wall_s":6.779959224164486}
{"iteration":62,"score":75.86134133687439,"best":75.86134133687439,"gradient_rms":7.523970091499786,"update_rms":0.003097424752704062,"accepted":true,"wall_s":6.767447430640459}
{"iteration":63,"score":76.1045469998733,"best":76.1045469998733,"gradient_rms":11.510412984828251,"update_rms":0.004226172436538569,"accepted":true,"wall_s":6.758599288761616}
{"iteration":64,"score":76.01893910953676,"best":76.1045469998733,"gradient_rms":8.502963810274453,"update_rms":0.003834992029224293,"accepted":true,"wall_s":6.756522484123707}
{"iteration":65,"score":76.08379240428562,"best":76.1045469998733,"gradient_rms":5.765540516381212,"update_rms":0.00336234155693081,"accepted":true,"wall_s":6.371529657393694}
{"iteration":66,"score":76.28073253900008,"best":76.28073253900008,"gradient_rms":10.445717547145708,"update_rms":0.003907730421997019,"accepted":true,"wall_s":6.7647082805633545}
{"iteration":67,"score":76.35978646443408,"best":76.35978646443408,"gradient_rms":7.600437046938893,"update_rms":0.003559965679887905,"accepted":true,"wall_s":6.7545474357903}
{"iteration":68,"score":76.40053139966284,"best":76.40053139966284,"gradient_rms":21.697690365749672,"update_rms":0.0067618985665659015,"accepted":true,"wall_s":6.754130017012358}
{"iteration":69,"score":76.27163595561726,"best":76.40053139966284,"gradient_rms":10.865067248059276,"update_rms":0.005511631065666321,"accepted":true,"wall_s":6.746103659272194}
{"iteration":70,"score":76.43851136249461,"best":76.43851136249461,"gradient_rms":7.988128391961484,"update_rms":0.004477775208773166,"accepted":true,"wall_s":6.764655876904726}
{"iteration":71,"score":76.43973417603708,"best":76.43973417603708,"gradient_rms":8.110205226447995,"update_rms":0.0039981699563185185,"accepted":true,"wall_s":6.773249641060829}
{"iteration":72,"score":76.16818363517436,"best":76.43973417603708,"gradient_rms":12.0290240828429,"update_rms":0.004611259490075097,"accepted":true,"wall_s":6.7570512890815735}
{"iteration":73,"score":76.17545855894228,"best":76.43973417603708,"gradient_rms":16.832200247836933,"update_rms":0.005478362854117471,"accepted":true,"wall_s":6.754518210887909}
{"iteration":74,"score":76.7317685279267,"best":76.7317685279267,"gradient_rms":13.86115562544776,"update_rms":0.0055546317414174725,"accepted":true,"wall_s":6.7658974789083}
{"iteration":75,"score":75.77246748044315,"best":76.7317685279267,"gradient_rms":27.43202021694174,"update_rms":0.007813969339927614,"accepted":true,"wall_s":6.757247306406498}
{"iteration":76,"score":74.88893144211825,"best":76.7317685279267,"gradient_rms":28.668176556974533,"update_rms":0.008902400295563818,"accepted":true,"wall_s":6.77691550180316}
{"iteration":77,"score":76.06536483771112,"best":76.7317685279267,"gradient_rms":27.15811173226498,"update_rms":0.009093363951899334,"accepted":true,"wall_s":6.775027483701706}
{"iteration":78,"score":76.64236827502212,"best":76.7317685279267,"gradient_rms":8.722181436816069,"update_rms":0.006574469830570818,"accepted":true,"wall_s":6.782178554683924}
{"iteration":79,"score":76.43158901608045,"best":76.7317685279267,"gradient_rms":27.64150577003541,"update_rms":0.00842583004329686,"accepted":true,"wall_s":6.784784723073244}
{"iteration":80,"score":75.98476158337948,"best":76.7317685279267,"gradient_rms":43.03176366383005,"update_rms":0.010187018748980346,"accepted":true,"wall_s":6.759383913129568}
{"iteration":81,"score":75.3270742043391,"best":76.7317685279267,"gradient_rms":34.834131361862056,"update_rms":0.010235991574298614,"accepted":true,"wall_s":6.756354868412018}
{"iteration":82,"score":75.0230075821669,"best":76.7317685279267,"gradient_rms":10.16787618503901,"update_rms":0.007295139772215309,"accepted":true,"wall_s":6.750889144837856}
{"iteration":83,"score":74.83071478026365,"best":76.7317685279267,"gradient_rms":17.73581019328863,"update_rms":0.006823248791113587,"accepted":true,"wall_s":6.3751578740775585}
{"iteration":84,"score":74.57513457711448,"best":76.7317685279267,"gradient_rms":6.2825145260579065,"update_rms":0.004948626184755446,"accepted":true,"wall_s":6.760986056178808}
{"iteration":85,"score":74.32407532712193,"best":76.7317685279267,"gradient_rms":6.510342818581674,"update_rms":0.0037050242312729907,"accepted":true,"wall_s":6.7551960945129395}
{"iteration":86,"score":74.35238931811071,"best":76.7317685279267,"gradient_rms":7.063717321149449,"update_rms":0.0029611356660891714,"accepted":true,"wall_s":6.361947722733021}
{"iteration":87,"score":74.722799366193,"best":76.7317685279267,"gradient_rms":6.3172845665312485,"update_rms":0.0025631126679155707,"accepted":true,"wall_s":6.752439394593239}
{"iteration":88,"score":74.81399974192243,"best":76.7317685279267,"gradient_rms":5.479553829401056,"update_rms":0.0021564087131261942,"accepted":true,"wall_s":6.770307824015617}
{"iteration":89,"score":74.9694027504952,"best":76.7317685279267,"gradient_rms":6.330316188816133,"update_rms":0.002106370113083366,"accepted":true,"wall_s":6.756744187325239}
{"iteration":90,"score":74.86883084967576,"best":76.7317685279267,"gradient_rms":7.919966368309402,"update_rms":0.0022252134787154126,"accepted":true,"wall_s":6.750870235264301}
{"iteration":91,"score":74.6368131873531,"best":76.7317685279267,"gradient_rms":6.447038734124016,"update_rms":0.002168313314605767,"accepted":true,"wall_s":6.7357737720012665}
{"iteration":92,"score":74.41537866660995,"best":76.7317685279267,"gradient_rms":14.14354061578647,"update_rms":0.003660901735661176,"accepted":true,"wall_s":6.735823515802622}
{"iteration":93,"score":74.16532323661501,"best":76.7317685279267,"gradient_rms":5.65304273144664,"update_rms":0.002906436011044404,"accepted":true,"wall_s":6.742756020277739}
{"iteration":94,"score":74.27594732057992,"best":76.7317685279267,"gradient_rms":6.954110135611401,"update_rms":0.0026400588651391507,"accepted":true,"wall_s":6.3527540154755116}
{"iteration":95,"score":74.45913774231829,"best":76.7317685279267,"gradient_rms":4.573218262843501,"update_rms":0.0022013953563385573,"accepted":true,"wall_s":6.753492273390293}
{"iteration":96,"score":74.77583315780089,"best":76.7317685279267,"gradient_rms":7.620147197014664,"update_rms":0.0024679697009124756,"accepted":true,"wall_s":6.7538098357617855}
{"iteration":97,"score":74.91233833621652,"best":76.7317685279267,"gradient_rms":5.366257120623374,"update_rms":0.002222481582155332,"accepted":true,"wall_s":6.7520367950201035}
{"iteration":98,"score":75.10960129914427,"best":76.7317685279267,"gradient_rms":6.185512611291089,"update_rms":0.002118399202810327,"accepted":true,"wall_s":6.748302664607763}
{"iteration":99,"score":75.1745717243524,"best":76.7317685279267,"gradient_rms":7.281165372283437,"update_rms":0.002158772046257838,"accepted":true,"wall_s":6.337552681565285}
{"iteration":100,"score":75.14608080982251,"best":76.7317685279267,"gradient_rms":10.897260703510497,"update_rms":0.0031100454909950203,"accepted":true,"wall_s":6.348278608173132}
{"iteration":101,"score":75.17178989083503,"best":76.7317685279267,"gradient_rms":5.938997608204788,"update_rms":0.00260254305319766,"accepted":true,"wall_s":6.348493542522192}
{"iteration":102,"score":75.15248645592486,"best":76.7317685279267,"gradient_rms":6.4278623423449055,"update_rms":0.002439802970288884,"accepted":true,"wall_s":6.759950317442417}
{"iteration":103,"score":74.90707257662811,"best":76.7317685279267,"gradient_rms":17.172615254088058,"update_rms":0.004325400937701669,"accepted":true,"wall_s":6.723587296903133}
{"iteration":104,"score":74.83331658787597,"best":76.7317685279267,"gradient_rms":8.763102531331233,"update_rms":0.003908655857554418,"accepted":true,"wall_s":6.738931652158499}
{"iteration":105,"score":75.13183818794184,"best":76.7317685279267,"gradient_rms":9.194773560578577,"update_rms":0.0035744890700380237,"accepted":true,"wall_s":6.732276663184166}
{"iteration":106,"score":75.11867459184748,"best":76.7317685279267,"gradient_rms":9.466758783046824,"update_rms":0.0035505330595742303,"accepted":true,"wall_s":6.335767161101103}
{"iteration":107,"score":75.20318800175245,"best":76.7317685279267,"gradient_rms":7.940113993172297,"update_rms":0.0030503298529069365,"accepted":true,"wall_s":6.751150570809841}
{"iteration":108,"score":75.35258938988719,"best":76.7317685279267,"gradient_rms":10.133865453964313,"update_rms":0.003134589245577332,"accepted":true,"wall_s":6.350575678050518}
{"iteration":109,"score":75.6822479496582,"best":76.7317685279267,"gradient_rms":6.657958499193008,"update_rms":0.002768682032721916,"accepted":true,"wall_s":6.741374414414167}
{"iteration":110,"score":75.75256663277227,"best":76.7317685279267,"gradient_rms":7.606570725407601,"update_rms":0.0028367649377080708,"accepted":true,"wall_s":6.748667184263468}
{"iteration":111,"score":76.02640422595319,"best":76.7317685279267,"gradient_rms":7.9264861857409175,"update_rms":0.002902981495819118,"accepted":true,"wall_s":6.75130507349968}
{"iteration":112,"score":76.16570809975062,"best":76.7317685279267,"gradient_rms":8.45716134954985,"update_rms":0.002922534169637756,"accepted":true,"wall_s":6.762356661260128}
{"iteration":113,"score":76.25698935626875,"best":76.7317685279267,"gradient_rms":15.259148925652484,"update_rms":0.004164052680497322,"accepted":true,"wall_s":6.753482338041067}
{"iteration":114,"score":76.36202163645191,"best":76.7317685279267,"gradient_rms":10.480802205907914,"update_rms":0.0038454300782645176,"accepted":true,"wall_s":6.7478941939771175}
{"iteration":115,"score":76.2840943332908,"best":76.7317685279267,"gradient_rms":12.28600866746641,"update_rms":0.004323483716040969,"accepted":true,"wall_s":6.744359023869038}
{"iteration":116,"score":76.33107923266358,"best":76.7317685279267,"gradient_rms":9.224497283872685,"update_rms":0.0036180598867912024,"accepted":true,"wall_s":6.763586137443781}
{"iteration":117,"score":76.32426622089523,"best":76.7317685279267,"gradient_rms":5.797339947268136,"update_rms":0.0029594089984377203,"accepted":true,"wall_s":6.751213997602463}
{"iteration":118,"score":76.1617220638707,"best":76.7317685279267,"gradient_rms":6.057450819636645,"update_rms":0.002674220259128023,"accepted":true,"wall_s":6.746652118861675}
{"iteration":119,"score":76.13382961895815,"best":76.7317685279267,"gradient_rms":5.367421031208115,"update_rms":0.002446042020683433,"accepted":true,"wall_s":6.752324897795916}
{"iteration":120,"score":76.00481015541271,"best":76.7317685279267,"gradient_rms":7.254310631843019,"update_rms":0.002644884525715766,"accepted":true,"wall_s":6.762127261608839}
{"iteration":121,"score":76.07363166970934,"best":76.7317685279267,"gradient_rms":6.035765912831934,"update_rms":0.002316522595900642,"accepted":true,"wall_s":6.7582636177539825}
{"iteration":122,"score":76.2534796979635,"best":76.7317685279267,"gradient_rms":7.684204885925979,"update_rms":0.00248543564391537,"accepted":true,"wall_s":6.75415226444602}
{"iteration":123,"score":76.67040799883401,"best":76.7317685279267,"gradient_rms":6.012399597605249,"update_rms":0.0022546929045100593,"accepted":true,"wall_s":6.751879811286926}
{"iteration":124,"score":76.88873928314929,"best":76.88873928314929,"gradient_rms":6.6232647352233665,"update_rms":0.002408615100742352,"accepted":true,"wall_s":6.767388962209225}
{"iteration":125,"score":77.0214229918155,"best":77.0214229918155,"gradient_rms":8.103679048098378,"update_rms":0.002726464031287587,"accepted":true,"wall_s":6.764413058757782}
{"iteration":126,"score":77.24485792715562,"best":77.24485792715562,"gradient_rms":16.417719444839438,"update_rms":0.004448453274617868,"accepted":true,"wall_s":6.384870775043964}
{"iteration":127,"score":77.28810306142972,"best":77.28810306142972,"gradient_rms":7.946748806152381,"update_rms":0.003810966281825649,"accepted":true,"wall_s":6.75704263150692}
{"iteration":128,"score":77.18236916397933,"best":77.28810306142972,"gradient_rms":9.903774288907835,"update_rms":0.003430650412831021,"accepted":true,"wall_s":6.75134364515543}
{"iteration":129,"score":77.1911961529265,"best":77.28810306142972,"gradient_rms":7.6313836365359515,"update_rms":0.003136627627330266,"accepted":true,"wall_s":6.747610658407211}
{"iteration":130,"score":77.36061128818841,"best":77.36061128818841,"gradient_rms":12.157772409775504,"update_rms":0.003834376478590471,"accepted":true,"wall_s":6.376715868711472}
{"iteration":131,"score":77.09569805999837,"best":77.36061128818841,"gradient_rms":9.055498942061954,"update_rms":0.003546821170710338,"accepted":true,"wall_s":6.755221366882324}
{"iteration":132,"score":76.74466160558866,"best":77.36061128818841,"gradient_rms":8.386584391072047,"update_rms":0.0032728213034025687,"accepted":true,"wall_s":6.758811172097921}
{"iteration":133,"score":76.90596815571844,"best":77.36061128818841,"gradient_rms":6.125366816029976,"update_rms":0.0027763164636892632,"accepted":true,"wall_s":6.750829484313726}
{"iteration":134,"score":77.06129304693951,"best":77.36061128818841,"gradient_rms":7.110495143528831,"update_rms":0.0026739534496345585,"accepted":true,"wall_s":6.74701327085495}
{"iteration":135,"score":77.27304989620232,"best":77.36061128818841,"gradient_rms":5.15261160299735,"update_rms":0.0022285751077540834,"accepted":true,"wall_s":6.754807684570551}
{"iteration":136,"score":77.39985088553709,"best":77.39985088553709,"gradient_rms":6.577570665090771,"update_rms":0.0023297986868112608,"accepted":true,"wall_s":6.773169782012701}
{"iteration":137,"score":77.63635473015349,"best":77.63635473015349,"gradient_rms":7.409390433169837,"update_rms":0.0024858809093946024,"accepted":true,"wall_s":6.375614903867245}
{"iteration":138,"score":77.80216481789179,"best":77.80216481789179,"gradient_rms":5.8448239780261515,"update_rms":0.0022370420762268155,"accepted":true,"wall_s":6.758054301142693}
{"iteration":139,"score":77.73614526493655,"best":77.80216481789179,"gradient_rms":7.893514921387975,"update_rms":0.0027019589883297756,"accepted":true,"wall_s":6.754827655851841}
{"iteration":140,"score":77.63901110134486,"best":77.80216481789179,"gradient_rms":9.234761789309259,"update_rms":0.0031102034257114945,"accepted":true,"wall_s":6.754945356398821}
{"iteration":141,"score":77.79424433012207,"best":77.80216481789179,"gradient_rms":6.196126920392796,"update_rms":0.0026739968574397677,"accepted":true,"wall_s":6.3702364675700665}
{"iteration":142,"score":77.85055139443443,"best":77.85055139443443,"gradient_rms":7.320564974081231,"update_rms":0.0026451241574874007,"accepted":true,"wall_s":6.773238733410835}
{"iteration":143,"score":77.80211875354316,"best":77.85055139443443,"gradient_rms":5.780223269648355,"update_rms":0.002391462068816931,"accepted":true,"wall_s":6.767722684890032}
{"iteration":144,"score":77.86978682180013,"best":77.86978682180013,"gradient_rms":7.837413415151898,"update_rms":0.002698327035124185,"accepted":true,"wall_s":6.760744471102953}
{"iteration":145,"score":77.79535938953036,"best":77.86978682180013,"gradient_rms":5.8429846892965385,"update_rms":0.002543850594440918,"accepted":true,"wall_s":6.380984794348478}
{"iteration":146,"score":77.8013804595541,"best":77.86978682180013,"gradient_rms":9.50577645828155,"update_rms":0.0030853952920695633,"accepted":true,"wall_s":6.371247470378876}
{"iteration":147,"score":78.06251884587054,"best":78.06251884587054,"gradient_rms":12.75982969391314,"update_rms":0.0039544116674771,"accepted":true,"wall_s":6.758836966007948}
{"iteration":148,"score":78.37406689205176,"best":78.37406689205176,"gradient_rms":7.995321383132713,"update_rms":0.0035412386933972146,"accepted":true,"wall_s":6.762332312762737}
{"iteration":149,"score":78.53647529448395,"best":78.53647529448395,"gradient_rms":6.3033284353695915,"update_rms":0.0029103541380586006,"accepted":true,"wall_s":6.7597801350057125}
{"iteration":150,"score":78.55477925027529,"best":78.55477925027529,"gradient_rms":13.263176314320768,"update_rms":0.004117751247028385,"accepted":true,"wall_s":6.763882841914892}
{"iteration":151,"score":78.50909189811736,"best":78.55477925027529,"gradient_rms":9.65486277016875,"update_rms":0.0038349602688431657,"accepted":true,"wall_s":6.767413128167391}
{"iteration":152,"score":78.35408325139062,"best":78.55477925027529,"gradient_rms":8.955000618047986,"update_rms":0.0036222847451888,"accepted":true,"wall_s":6.3700973726809025}
{"iteration":153,"score":78.20016975382308,"best":78.55477925027529,"gradient_rms":9.002564371146796,"update_rms":0.0033363556818059156,"accepted":true,"wall_s":6.763375550508499}
{"iteration":154,"score":78.01028341509416,"best":78.55477925027529,"gradient_rms":9.70185656240908,"update_rms":0.0036034143139185037,"accepted":true,"wall_s":6.75998404994607}
{"iteration":155,"score":78.05345580850006,"best":78.55477925027529,"gradient_rms":6.323892449476365,"update_rms":0.003012578241755905,"accepted":true,"wall_s":6.767829228192568}
{"iteration":156,"score":78.13906523811784,"best":78.55477925027529,"gradient_rms":4.628134525067702,"update_rms":0.0024679755018396105,"accepted":true,"wall_s":6.762908723205328}
{"iteration":157,"score":78.24067859380048,"best":78.55477925027529,"gradient_rms":5.485341574463344,"update_rms":0.002292890983762855,"accepted":true,"wall_s":6.370202258229256}
{"iteration":158,"score":78.46683418044086,"best":78.55477925027529,"gradient_rms":12.216988312538255,"update_rms":0.003691692650081655,"accepted":true,"wall_s":6.754337981343269}
{"iteration":159,"score":78.42130411251972,"best":78.55477925027529,"gradient_rms":8.856694091954763,"update_rms":0.0035514398017165755,"accepted":true,"wall_s":6.367249790579081}
{"iteration":160,"score":78.29682481002976,"best":78.55477925027529,"gradient_rms":9.103228424478157,"update_rms":0.0034819776088818757,"accepted":true,"wall_s":6.7534159906208515}
{"iteration":161,"score":78.462519611719,"best":78.55477925027529,"gradient_rms":7.646206549126828,"update_rms":0.0031054399869941637,"accepted":true,"wall_s":6.379362341016531}
{"iteration":162,"score":78.69465082797554,"best":78.69465082797554,"gradient_rms":10.24734600306647,"update_rms":0.0035116822295768965,"accepted":true,"wall_s":6.373219929635525}
{"iteration":163,"score":78.47074636623901,"best":78.69465082797554,"gradient_rms":8.854552318469498,"update_rms":0.0035332844769339912,"accepted":true,"wall_s":6.754614990204573}
{"iteration":164,"score":77.87599515200793,"best":78.69465082797554,"gradient_rms":10.298579851764156,"update_rms":0.003607737920127909,"accepted":true,"wall_s":6.750066298991442}
{"iteration":165,"score":78.2355691543332,"best":78.69465082797554,"gradient_rms":13.819538482188927,"update_rms":0.004198986535948588,"accepted":true,"wall_s":6.759550355374813}
{"iteration":166,"score":78.2491477765706,"best":78.69465082797554,"gradient_rms":10.614360055305312,"update_rms":0.004166625509934965,"accepted":true,"wall_s":6.768559742718935}
{"iteration":167,"score":78.12597845972343,"best":78.69465082797554,"gradient_rms":5.484656360094773,"update_rms":0.0033229069102125525,"accepted":true,"wall_s":6.762603644281626}
{"iteration":168,"score":77.99660559987205,"best":78.69465082797554,"gradient_rms":8.4045640795957,"update_rms":0.003167074058208361,"accepted":true,"wall_s":6.761399328708649}
{"iteration":169,"score":77.94328271274344,"best":78.69465082797554,"gradient_rms":6.120993108998865,"update_rms":0.002787280343634638,"accepted":true,"wall_s":6.75474588572979}
{"iteration":170,"score":78.25449669568339,"best":78.69465082797554,"gradient_rms":11.125136713507946,"update_rms":0.003415716511006224,"accepted":true,"wall_s":6.758013743907213}
{"iteration":171,"score":78.28395403709224,"best":78.69465082797554,"gradient_rms":5.339794378459247,"update_rms":0.0027043867865077084,"accepted":true,"wall_s":6.749021843075752}
{"iteration":172,"score":78.264562024916,"best":78.69465082797554,"gradient_rms":5.29114613899022,"update_rms":0.0023896518582916626,"accepted":true,"wall_s":6.757876008749008}
{"iteration":173,"score":78.26791605834478,"best":78.69465082797554,"gradient_rms":6.992699858128131,"update_rms":0.0024894872727254614,"accepted":true,"wall_s":6.353570681065321}
{"iteration":174,"score":78.17779192737078,"best":78.69465082797554,"gradient_rms":8.217543180816238,"update_rms":0.002840765549313869,"accepted":true,"wall_s":6.347172662615776}
{"iteration":175,"score":78.09595616235109,"best":78.69465082797554,"gradient_rms":6.9772842385641125,"update_rms":0.002861647838834077,"accepted":true,"wall_s":6.739288359880447}
{"iteration":176,"score":77.89347608031477,"best":78.69465082797554,"gradient_rms":8.203910316033285,"update_rms":0.0028993858390198046,"accepted":true,"wall_s":6.354497127234936}
{"iteration":177,"score":78.05571334363249,"best":78.69465082797554,"gradient_rms":7.2004579867717355,"update_rms":0.0028351280666002233,"accepted":true,"wall_s":6.739000648260117}
{"iteration":178,"score":78.23508254192156,"best":78.69465082797554,"gradient_rms":5.573406723845937,"update_rms":0.0024934803469924246,"accepted":true,"wall_s":6.734252531081438}
{"iteration":179,"score":78.32831568549511,"best":78.69465082797554,"gradient_rms":9.77339243507657,"update_rms":0.003203286259291893,"accepted":true,"wall_s":6.362551633268595}
{"iteration":180,"score":78.44948079834728,"best":78.69465082797554,"gradient_rms":6.318252670720619,"update_rms":0.0027585791855399213,"accepted":true,"wall_s":6.383326977491379}
{"iteration":181,"score":78.654016310088,"best":78.69465082797554,"gradient_rms":8.809900365985433,"update_rms":0.002979776505727808,"accepted":true,"wall_s":6.7471276223659515}
{"iteration":182,"score":78.74102735814719,"best":78.74102735814719,"gradient_rms":12.419320069947204,"update_rms":0.004022463751290611,"accepted":true,"wall_s":6.746650874614716}
{"iteration":183,"score":78.71590137598312,"best":78.74102735814719,"gradient_rms":9.990683196629492,"update_rms":0.0038756102396181073,"accepted":true,"wall_s":6.734801724553108}
{"iteration":184,"score":78.68988284546992,"best":78.74102735814719,"gradient_rms":10.953108949993462,"update_rms":0.0041144055391053634,"accepted":true,"wall_s":6.741775035858154}
{"iteration":185,"score":78.78118856244879,"best":78.78118856244879,"gradient_rms":7.304893244078301,"update_rms":0.003559355944323597,"accepted":true,"wall_s":6.751327119767666}
{"iteration":186,"score":78.62319651691108,"best":78.78118856244879,"gradient_rms":10.191614116358407,"update_rms":0.003721367956492255,"accepted":true,"wall_s":6.348850801587105}
{"iteration":187,"score":78.67639622782588,"best":78.78118856244879,"gradient_rms":9.469816953897482,"update_rms":0.0035886584603637152,"accepted":true,"wall_s":6.362101800739765}
{"iteration":188,"score":78.51780337460983,"best":78.78118856244879,"gradient_rms":15.483807133294471,"update_rms":0.004765333233555072,"accepted":true,"wall_s":6.756202768534422}
{"iteration":189,"score":78.50068970516892,"best":78.78118856244879,"gradient_rms":7.981381236759218,"update_rms":0.003970632406358328,"accepted":true,"wall_s":6.738737531006336}
{"iteration":190,"score":78.5819309985886,"best":78.78118856244879,"gradient_rms":5.620271480722257,"update_rms":0.0030468429146826743,"accepted":true,"wall_s":6.7341520972549915}
{"iteration":191,"score":78.60124627057671,"best":78.78118856244879,"gradient_rms":8.298378936378787,"update_rms":0.0030827543344375805,"accepted":true,"wall_s":6.3446448892354965}
{"iteration":192,"score":78.5194994084597,"best":78.78118856244879,"gradient_rms":9.775846982433363,"update_rms":0.003570231935870982,"accepted":true,"wall_s":6.747854992747307}
{"iteration":193,"score":78.53327455216021,"best":78.78118856244879,"gradient_rms":7.41676172057565,"update_rms":0.0032754238127222805,"accepted":true,"wall_s":6.350564431399107}
{"iteration":194,"score":78.56976876827973,"best":78.78118856244879,"gradient_rms":13.65446015308305,"update_rms":0.0044687440453179544,"accepted":true,"wall_s":6.734200794249773}
{"iteration":195,"score":78.63164019768045,"best":78.78118856244879,"gradient_rms":7.279839757926588,"update_rms":0.003711374788539802,"accepted":true,"wall_s":6.741034034639597}
{"iteration":196,"score":78.50617049570027,"best":78.78118856244879,"gradient_rms":8.548378992651893,"update_rms":0.0033201875642858833,"accepted":true,"wall_s":6.761406898498535}
{"iteration":197,"score":78.243403281017,"best":78.78118856244879,"gradient_rms":8.350810699067646,"update_rms":0.0032732744860247127,"accepted":true,"wall_s":6.394101317971945}
{"iteration":198,"score":78.32959842598663,"best":78.78118856244879,"gradient_rms":7.112168130753972,"update_rms":0.0029177372813512775,"accepted":true,"wall_s":6.366410735994577}
{"iteration":199,"score":78.27036514342608,"best":78.78118856244879,"gradient_rms":6.1934426426073745,"update_rms":0.002717858411168452,"accepted":true,"wall_s":6.368345156311989}
{"iteration":200,"score":78.46575494785671,"best":78.78118856244879,"gradient_rms":10.430704873590239,"update_rms":0.0033989670237985544,"accepted":true,"wall_s":6.369953561574221}
{
  "status": "ok",
  "stop_reason": "completed_iterations",
  "initial_score": 7.812556779997908,
  "final_score": 78.46575494785671,
  "best_score": 78.78118856244879,
  "best_iteration": 185,
  "completed_iterations": 200,
  "completed_adam_steps": 200,
  "completed_optimizer_steps": 200,
  "total_wall_s": 1333.6210994049907,
  "initial_decode_wall_s": 0.0003596358001232147,
  "initial_score_wall_s": 0.8696911558508873,
  "mean_iteration_wall_s": 6.666028577517718,
  "manifest": {
    "protocol": {
      "id": "unregistered-experimental",
      "status": "unregistered-experimental",
      "stage": "optimization",
      "requirements": {
        "native_score_abi": 11,
        "native_score_library_sha256": "1c6c78b0dee662233215a56dbdc1e50b8ed29f2d0eee9ae8c4ff7d0403b895ed"
      },
      "actual": {
        "parameter_space": "data",
        "optimizer": "adam",
        "iterations": 200,
        "directions": 64,
        "perturbation": 0.0025,
        "learning_rate": 0.01,
        "beta1": 0.7,
        "beta2": 0.999,
        "flow_steps": 128,
        "gradient_mode": "random-orthogonal",
        "difference": "centered",
        "native_score_abi": 11,
        "native_score_library_sha256": "7b21e66329a23f18ef3cfab408d0a21410acea3c8d10d8b2463ccee7f5a3969f",
        "data_start_mode": "exact-unclipped"
      },
      "differences_from_current": {
        "perturbation": {
          "expected": 0.005,
          "actual": 0.0025
        },
        "learning_rate": {
          "expected": 0.02,
          "actual": 0.01
        },
        "parameter_space": {
          "expected": "latent",
          "actual": "data"
        },
        "native_score_library_sha256": {
          "expected": "1c6c78b0dee662233215a56dbdc1e50b8ed29f2d0eee9ae8c4ff7d0403b895ed",
          "actual": "7b21e66329a23f18ef3cfab408d0a21410acea3c8d10d8b2463ccee7f5a3969f"
        },
        "data_start_mode": {
          "expected": "not-applicable",
          "actual": "exact-unclipped"
        }
      }
    },
    "repository": {
      "commit": "70a1102829da50d9054d929d1cd7073780909268",
      "tracked_dirty": false,
      "available": true
    },
    "algorithm": "adam_with_query_batched_local_gradient",
    "optimizer": "adam",
    "parameter_space": "data",
    "gradient_objective": "dynamic local full-density score with coordinate and maximum-surface-selection derivatives omitted",
    "formal_objective": "complete native QH score for every accepted center",
    "initial_case": "/home/scc/pb24511935/local_surface_evaluator_runs/axisflip_r012_curvature_r04_adam200_20260903_70a1102/incomplete/axisflip_r012_case_0000013.worker1.2633195.partial/start.json",
    "initial_case_sha256": "0a35833ae268233e1e808a0e7a764f5711ed69a3dcdbfdb59ab2b2c88f4c574d",
    "checkpoint": "/home/scc/pb24511935/local_surface_evaluator/runs/qh_flow_physical_lr_longselect_20260729/lr_3em4/checkpoint_latest.pt",
    "checkpoint_sha256": "39a3293a459e248a0d1ec062607a1a467128b14d8ca973aadd82e113532ab99f",
    "checkpoint_expectation": {
      "step": 30000,
      "sha256": null
    },
    "native_lib": "/home/scc/pb24511935/local_surface_evaluator_runs/axisflip_r012_curvature_r04_adam200_20260903_70a1102/build_curvature_r04/libstellarator_gpu.so",
    "native_lib_sha256": "7b21e66329a23f18ef3cfab408d0a21410acea3c8d10d8b2463ccee7f5a3969f",
    "native_score": {
      "abi": 11,
      "validated_default_library_sha256": "1c6c78b0dee662233215a56dbdc1e50b8ed29f2d0eee9ae8c4ff7d0403b895ed"
    },
    "nfp": 8,
    "n_base_coils": 3,
    "target_helicity": [
      1,
      8
    ],
    "iterations": 200,
    "max_wall_s": 28006.494384,
    "flow": {
      "method": "rk4",
      "steps": 128,
      "dtype": "fp32",
      "use": "none"
    },
    "flow_pipeline": false,
    "coordinate_gradient": {
      "dimension": 300,
      "mode": "random-orthogonal",
      "random_directions": 64,
      "endpoint_count": 128,
      "perturbation": 0.0025,
      "difference": "centered",
      "psi_grid": 48,
      "psi_iterations": 4,
      "alpha_iterations": 4,
      "formal_surface_theta_count": 128,
      "local_surface_theta_count": 64
    },
    "adam": {
      "learning_rate": 0.01,
      "beta1": 0.7,
      "beta2": 0.999,
      "epsilon": 1e-08,
      "weight_decay": 0.0
    },
    "bfgs": {
      "initial_trust_rms": 0.01,
      "min_trust_rms": 1e-05,
      "max_trust_rms": 0.05,
      "trust_growth": 1.2,
      "trust_shrink": 0.5,
      "min_improvement": 0.0
    },
    "seed": 120260919,
    "axis_policy": "recorded strict mixed-precision continuation from step 0",
    "recorded_initial_score_tolerance": 0.1,
    "devices": {
      "flow": 0,
      "score": 0
    },
    "initial_metadata_keys": [
      "data_prior_screening",
      "nfp",
      "raw"
    ],
    "data_parameterization": {
      "definition": "per-coordinate training-set standardization",
      "physical_mapping": "CoilNormalizer.inverse with canonical current L1/sign",
      "initial_source": "direct analytic-prior geometry with unclipped coordinates",
      "data_start_mode": "exact-unclipped",
      "initial_clipped_fraction": 0.0,
      "initial_roundtrip_relative_rms": 2.0163724209227267e-17,
      "flow_calls_after_initialization": 0
    },
    "initial_consistency_gate": {
      "recorded_score": 7.812440587781989,
      "optimizer_score": 7.812556779997908,
      "absolute_delta": 0.00011619221591896434,
      "tolerance": 0.1,
      "recorded_axis_hint": [
        1.0619241997996183,
        5.334688273306255e-08
      ],
      "optimizer_axis": [
        1.0619241997996183,
        5.334688273306255e-08
      ],
      "axis_hint_distance": 0.0
    }
  }
}
