{"iteration":1,"score":48.862261233593834,"best":48.862261233593834,"gradient_rms":51.60595198480898,"update_rms":0.009999999989406655,"accepted":true,"wall_s":7.241530757397413}
{"iteration":2,"score":52.954372976592126,"best":52.954372976592126,"gradient_rms":47.85795342983645,"update_rms":0.007183788585406172,"accepted":true,"wall_s":7.238862697035074}
{"iteration":3,"score":55.1689992669342,"best":55.1689992669342,"gradient_rms":35.304385843074435,"update_rms":0.005773929542344468,"accepted":true,"wall_s":7.224028039723635}
{"iteration":4,"score":57.75177668734794,"best":57.75177668734794,"gradient_rms":45.17741320523507,"update_rms":0.0053061957172417405,"accepted":true,"wall_s":6.817863155156374}
{"iteration":5,"score":60.488111892274944,"best":60.488111892274944,"gradient_rms":37.67806173060255,"update_rms":0.0047951180755696965,"accepted":true,"wall_s":6.804459027945995}
{"iteration":6,"score":61.38386571712624,"best":61.38386571712624,"gradient_rms":29.873790667276683,"update_rms":0.004187085784257072,"accepted":true,"wall_s":6.833335015922785}
{"iteration":7,"score":62.01504913424202,"best":62.01504913424202,"gradient_rms":35.404717907255666,"update_rms":0.004190655466176278,"accepted":true,"wall_s":6.808273371309042}
{"iteration":8,"score":62.50481569276942,"best":62.50481569276942,"gradient_rms":17.445455231004512,"update_rms":0.0034572703539643315,"accepted":true,"wall_s":6.803986180573702}
{"iteration":9,"score":63.0441913801383,"best":63.0441913801383,"gradient_rms":28.289205235786238,"update_rms":0.0036516863138240704,"accepted":true,"wall_s":6.824366692453623}
{"iteration":10,"score":63.55761958794607,"best":63.55761958794607,"gradient_rms":12.833706368459428,"update_rms":0.002942765178025577,"accepted":true,"wall_s":6.805480167269707}
{"iteration":11,"score":64.01151939963347,"best":64.01151939963347,"gradient_rms":10.767522423937542,"update_rms":0.0024394820376428717,"accepted":true,"wall_s":6.812399759888649}
{"iteration":12,"score":64.38992495305226,"best":64.38992495305226,"gradient_rms":8.594053883685003,"update_rms":0.0020493918500955454,"accepted":true,"wall_s":6.819643676280975}
{"iteration":13,"score":64.77170170076674,"best":64.77170170076674,"gradient_rms":8.355950109370903,"update_rms":0.0016818370450060913,"accepted":true,"wall_s":6.800299149006605}
{"iteration":14,"score":65.16109038736055,"best":65.16109038736055,"gradient_rms":8.559898950233324,"update_rms":0.001631032060086729,"accepted":true,"wall_s":6.799298074096441}
{"iteration":15,"score":65.46354516571338,"best":65.46354516571338,"gradient_rms":7.20938867291709,"update_rms":0.0015201898925127297,"accepted":true,"wall_s":6.794417187571526}
{"iteration":16,"score":65.7065036628521,"best":65.7065036628521,"gradient_rms":15.833428545506138,"update_rms":0.0022272775125236443,"accepted":true,"wall_s":6.795188404619694}
{"iteration":17,"score":65.61352115321026,"best":65.7065036628521,"gradient_rms":8.594302890150853,"update_rms":0.0019729333785635387,"accepted":true,"wall_s":6.4043562561273575}
{"iteration":18,"score":65.25358742579594,"best":65.7065036628521,"gradient_rms":19.95892567922522,"update_rms":0.002623198499264577,"accepted":true,"wall_s":6.791208688169718}
{"iteration":19,"score":66.25236299484553,"best":66.25236299484553,"gradient_rms":13.00451040620512,"update_rms":0.002597224414253044,"accepted":true,"wall_s":6.800935283303261}
{"iteration":20,"score":66.42695239717365,"best":66.42695239717365,"gradient_rms":30.86065622665108,"update_rms":0.003942202356878895,"accepted":true,"wall_s":6.800042517483234}
{"iteration":21,"score":66.63737515201852,"best":66.63737515201852,"gradient_rms":21.168213146316994,"update_rms":0.003544582423182028,"accepted":true,"wall_s":6.820518136024475}
{"iteration":22,"score":66.64181925370768,"best":66.64181925370768,"gradient_rms":29.92614790369511,"update_rms":0.004122536124915802,"accepted":true,"wall_s":6.80648085474968}
{"iteration":23,"score":66.83507964033402,"best":66.83507964033402,"gradient_rms":26.340255715945116,"update_rms":0.004125890871073751,"accepted":true,"wall_s":6.815791737288237}
{"iteration":24,"score":67.01369543114097,"best":67.01369543114097,"gradient_rms":14.437658817164886,"update_rms":0.0033532268743717217,"accepted":true,"wall_s":6.43795533105731}
{"iteration":25,"score":67.39787920527685,"best":67.39787920527685,"gradient_rms":16.838096882750197,"update_rms":0.0031041776784537086,"accepted":true,"wall_s":6.839678917080164}
{"iteration":26,"score":67.80076202501054,"best":67.80076202501054,"gradient_rms":19.13294886952438,"update_rms":0.00310435225355629,"accepted":true,"wall_s":6.837495904415846}
{"iteration":27,"score":68.04282610455564,"best":68.04282610455564,"gradient_rms":16.27465888290618,"update_rms":0.0029980962874725514,"accepted":true,"wall_s":6.833946812897921}
{"iteration":28,"score":68.15214206909334,"best":68.15214206909334,"gradient_rms":14.423660817641183,"update_rms":0.002836952093836881,"accepted":true,"wall_s":6.811139766126871}
{"iteration":29,"score":68.33926449743332,"best":68.33926449743332,"gradient_rms":14.53442607857537,"update_rms":0.0027949140975815513,"accepted":true,"wall_s":6.799066491425037}
{"iteration":30,"score":68.82227180438646,"best":68.82227180438646,"gradient_rms":22.645790836481787,"update_rms":0.0033355998943094306,"accepted":true,"wall_s":6.814467906951904}
{"iteration":31,"score":69.36908881663027,"best":69.36908881663027,"gradient_rms":16.067432637310315,"update_rms":0.003009234904669406,"accepted":true,"wall_s":6.8231787867844105}
{"iteration":32,"score":69.68657654510308,"best":69.68657654510308,"gradient_rms":16.18921215228737,"update_rms":0.0030964113135565035,"accepted":true,"wall_s":6.820928324013948}
{"iteration":33,"score":69.72962571111266,"best":69.72962571111266,"gradient_rms":16.80138499589577,"update_rms":0.0031519395921971462,"accepted":true,"wall_s":6.833855655044317}
{"iteration":34,"score":69.81222881415795,"best":69.81222881415795,"gradient_rms":16.11485069546114,"update_rms":0.0031054286372124164,"accepted":true,"wall_s":6.828637823462486}
{"iteration":35,"score":70.07362486096777,"best":70.07362486096777,"gradient_rms":13.029391592971018,"update_rms":0.002854301131171655,"accepted":true,"wall_s":6.8229402005672455}
{"iteration":36,"score":70.1174799569608,"best":70.1174799569608,"gradient_rms":18.580606810167446,"update_rms":0.0030814032768090656,"accepted":true,"wall_s":6.438362032175064}
{"iteration":37,"score":70.50772452194619,"best":70.50772452194619,"gradient_rms":14.864080086193498,"update_rms":0.0028924358975340758,"accepted":true,"wall_s":6.823397669941187}
{"iteration":38,"score":70.89531095514401,"best":70.89531095514401,"gradient_rms":22.38037044237549,"update_rms":0.0034858578260253533,"accepted":true,"wall_s":6.839403051882982}
{"iteration":39,"score":70.92641436659268,"best":70.92641436659268,"gradient_rms":22.315732659750235,"update_rms":0.00383007063488297,"accepted":true,"wall_s":6.431022725999355}
{"iteration":40,"score":71.40331207158627,"best":71.40331207158627,"gradient_rms":24.130653697628027,"update_rms":0.004039110315182749,"accepted":true,"wall_s":6.832645617425442}
{"iteration":41,"score":71.71379990070123,"best":71.71379990070123,"gradient_rms":16.085582196966442,"update_rms":0.0036395498721661103,"accepted":true,"wall_s":6.811938248574734}
{"iteration":42,"score":71.91391423203054,"best":71.91391423203054,"gradient_rms":20.896020269353073,"update_rms":0.0038230686327936367,"accepted":true,"wall_s":6.803488481789827}
{"iteration":43,"score":70.14595431652137,"best":71.91391423203054,"gradient_rms":30.453194572167853,"update_rms":0.004713020688080884,"accepted":true,"wall_s":6.415290370583534}
{"iteration":44,"score":71.6173131585761,"best":71.91391423203054,"gradient_rms":36.47029256949088,"update_rms":0.005588448920025567,"accepted":true,"wall_s":6.838408946990967}
{"iteration":45,"score":71.79058239425594,"best":71.91391423203054,"gradient_rms":20.067271642736408,"update_rms":0.004972044616890651,"accepted":true,"wall_s":6.795430671423674}
{"iteration":46,"score":71.8513945697369,"best":71.91391423203054,"gradient_rms":15.41770368383123,"update_rms":0.003972373428895796,"accepted":true,"wall_s":6.802594214677811}
{"iteration":47,"score":72.09013190314353,"best":72.09013190314353,"gradient_rms":9.82279451795521,"update_rms":0.003050889401941399,"accepted":true,"wall_s":6.796693667769432}
{"iteration":48,"score":72.30963763747724,"best":72.30963763747724,"gradient_rms":12.993833462233606,"update_rms":0.0027502863860442983,"accepted":true,"wall_s":6.798034571111202}
{"iteration":49,"score":72.56820522027323,"best":72.56820522027323,"gradient_rms":6.155243893605172,"update_rms":0.0022410824478175887,"accepted":true,"wall_s":6.797619536519051}
{"iteration":50,"score":72.7222263816997,"best":72.7222263816997,"gradient_rms":17.358582425956598,"update_rms":0.002857481847569279,"accepted":true,"wall_s":6.801560189574957}
{"iteration":51,"score":72.95646895544631,"best":72.95646895544631,"gradient_rms":10.958545762464118,"update_rms":0.0025444517824051074,"accepted":true,"wall_s":6.80119801685214}
{"iteration":52,"score":73.06972131067937,"best":73.06972131067937,"gradient_rms":11.356686831063442,"update_rms":0.0024255676667951326,"accepted":true,"wall_s":6.810717575252056}
{"iteration":53,"score":73.11788181701324,"best":73.11788181701324,"gradient_rms":8.513841116965587,"update_rms":0.0021265335228209006,"accepted":true,"wall_s":6.820400334894657}
{"iteration":54,"score":73.28018625795856,"best":73.28018625795856,"gradient_rms":11.26324781246414,"update_rms":0.0021918886055999494,"accepted":true,"wall_s":6.823294799774885}
{"iteration":55,"score":73.55025425148378,"best":73.55025425148378,"gradient_rms":17.996858904623725,"update_rms":0.002955384115018179,"accepted":true,"wall_s":6.824724938720465}
{"iteration":56,"score":73.87112372256564,"best":73.87112372256564,"gradient_rms":17.145756355546364,"update_rms":0.0031167303904763243,"accepted":true,"wall_s":6.820594225078821}
{"iteration":57,"score":73.90231062821637,"best":73.90231062821637,"gradient_rms":18.493128569111654,"update_rms":0.0033114415569044054,"accepted":true,"wall_s":6.803506348282099}
{"iteration":58,"score":73.95273266936599,"best":73.95273266936599,"gradient_rms":11.980364934094926,"update_rms":0.002914539008451905,"accepted":true,"wall_s":6.408070363104343}
{"iteration":59,"score":74.19723881602117,"best":74.19723881602117,"gradient_rms":12.741923582099508,"update_rms":0.0027512143773548614,"accepted":true,"wall_s":6.414132934063673}
{"iteration":60,"score":74.28042036720583,"best":74.28042036720583,"gradient_rms":16.924134017028226,"update_rms":0.003110040351248487,"accepted":true,"wall_s":6.802778750658035}
{"iteration":61,"score":74.26098727369752,"best":74.28042036720583,"gradient_rms":19.645418043169656,"update_rms":0.0035055275108758243,"accepted":true,"wall_s":6.797885809093714}
{"iteration":62,"score":74.17732669064422,"best":74.28042036720583,"gradient_rms":19.451795581557047,"update_rms":0.0036308121624320892,"accepted":true,"wall_s":6.3961623422801495}
{"iteration":63,"score":74.24026967414335,"best":74.28042036720583,"gradient_rms":12.730667594273294,"update_rms":0.003163769845094003,"accepted":true,"wall_s":6.795770287513733}
{"iteration":64,"score":74.15937585791683,"best":74.28042036720583,"gradient_rms":16.751145480084972,"update_rms":0.0032411938381825827,"accepted":true,"wall_s":6.797476466745138}
{"iteration":65,"score":74.12384904892598,"best":74.28042036720583,"gradient_rms":17.69224525766682,"update_rms":0.003513677306532447,"accepted":true,"wall_s":6.796033896505833}
{"iteration":66,"score":74.23594352445595,"best":74.28042036720583,"gradient_rms":13.105589361856504,"update_rms":0.0030847359680791614,"accepted":true,"wall_s":6.8003206960856915}
{"iteration":67,"score":74.56709114133,"best":74.56709114133,"gradient_rms":23.285660470317016,"update_rms":0.0038971816543776354,"accepted":true,"wall_s":6.799217205494642}
{"iteration":68,"score":74.84328812443252,"best":74.84328812443252,"gradient_rms":31.108136508282097,"update_rms":0.005252561132056614,"accepted":true,"wall_s":6.808666344732046}
{"iteration":69,"score":74.37368845284291,"best":74.84328812443252,"gradient_rms":39.011363643204305,"update_rms":0.006477371706862403,"accepted":true,"wall_s":6.794762548059225}
{"iteration":70,"score":74.83139313482432,"best":74.84328812443252,"gradient_rms":38.241062722769804,"update_rms":0.006770767644904359,"accepted":true,"wall_s":6.796536631882191}
{"iteration":71,"score":75.12908847111284,"best":75.12908847111284,"gradient_rms":42.70354101596183,"update_rms":0.007052357384882072,"accepted":true,"wall_s":6.801473852247}
{"iteration":72,"score":75.26031952997698,"best":75.26031952997698,"gradient_rms":41.90927477590855,"update_rms":0.007007685121056497,"accepted":true,"wall_s":6.819182422012091}
{"iteration":73,"score":74.73472783698989,"best":75.26031952997698,"gradient_rms":37.856735945077496,"update_rms":0.007128077718260718,"accepted":true,"wall_s":6.83322324976325}
{"iteration":74,"score":74.5586634295443,"best":75.26031952997698,"gradient_rms":40.66511522806009,"update_rms":0.006785972548641735,"accepted":true,"wall_s":6.815005112439394}
{"iteration":75,"score":73.51494436363473,"best":75.26031952997698,"gradient_rms":40.7935838909248,"update_rms":0.006743832815077266,"accepted":true,"wall_s":6.815208368003368}
{"iteration":76,"score":74.17990519672523,"best":75.26031952997698,"gradient_rms":47.21231970933628,"update_rms":0.007470854395722564,"accepted":true,"wall_s":6.418695289641619}
{"iteration":77,"score":75.09817026744987,"best":75.26031952997698,"gradient_rms":55.68936591165013,"update_rms":0.008498738926537462,"accepted":true,"wall_s":6.424517162144184}
{"iteration":78,"score":75.75933327171644,"best":75.75933327171644,"gradient_rms":60.81490561490935,"update_rms":0.009027238566685315,"accepted":true,"wall_s":6.840425916016102}
{"iteration":79,"score":75.32127204375706,"best":75.75933327171644,"gradient_rms":49.899626111103466,"update_rms":0.008534610540266652,"accepted":true,"wall_s":6.808719590306282}
{"iteration":80,"score":74.6908785377717,"best":75.75933327171644,"gradient_rms":33.04153127730019,"update_rms":0.007114492955554639,"accepted":true,"wall_s":6.411503095179796}
{"iteration":81,"score":74.68999500956753,"best":75.75933327171644,"gradient_rms":24.424270871343012,"update_rms":0.0058696111460990906,"accepted":true,"wall_s":6.8082108199596405}
{"iteration":82,"score":75.02656622996732,"best":75.75933327171644,"gradient_rms":31.049671625088575,"update_rms":0.005535921587432686,"accepted":true,"wall_s":6.798955664038658}
{"iteration":83,"score":75.5023320732457,"best":75.75933327171644,"gradient_rms":32.30385538644911,"update_rms":0.005368622894838246,"accepted":true,"wall_s":6.809992171823978}
{"iteration":84,"score":75.50208716747457,"best":75.75933327171644,"gradient_rms":31.00903481269256,"update_rms":0.005232121836037705,"accepted":true,"wall_s":6.827771812677383}
{"iteration":85,"score":75.28046139345493,"best":75.75933327171644,"gradient_rms":29.02744015187326,"update_rms":0.004721151881185812,"accepted":true,"wall_s":6.831371169537306}
{"iteration":86,"score":74.7546119583459,"best":75.75933327171644,"gradient_rms":30.05328523623292,"update_rms":0.004693186928801111,"accepted":true,"wall_s":6.820094380527735}
{"iteration":87,"score":74.52619611233405,"best":75.75933327171644,"gradient_rms":28.825237479132866,"update_rms":0.004650936801495006,"accepted":true,"wall_s":6.817227438092232}
{"iteration":88,"score":74.07000763271064,"best":75.75933327171644,"gradient_rms":30.615570940478715,"update_rms":0.004528666072808819,"accepted":true,"wall_s":6.830585937947035}
{"iteration":89,"score":74.1029663390465,"best":75.75933327171644,"gradient_rms":30.592822101719236,"update_rms":0.004608957535363805,"accepted":true,"wall_s":6.425828851759434}
{"iteration":90,"score":74.48859768479247,"best":75.75933327171644,"gradient_rms":27.53299611435828,"update_rms":0.004511654469651332,"accepted":true,"wall_s":6.418857254087925}
{"iteration":91,"score":74.89819155664371,"best":75.75933327171644,"gradient_rms":37.73816593242279,"update_rms":0.005165459612704748,"accepted":true,"wall_s":6.828858841210604}
{"iteration":92,"score":75.01098052964551,"best":75.75933327171644,"gradient_rms":39.78270840916427,"update_rms":0.005421315663015827,"accepted":true,"wall_s":6.810948960483074}
{"iteration":93,"score":75.4753653220209,"best":75.75933327171644,"gradient_rms":36.36609886812071,"update_rms":0.005033180400143982,"accepted":true,"wall_s":6.812808874994516}
{"iteration":94,"score":75.62022699477396,"best":75.75933327171644,"gradient_rms":52.88941801644275,"update_rms":0.006508758172313603,"accepted":true,"wall_s":6.810757074505091}
{"iteration":95,"score":75.30587539128113,"best":75.75933327171644,"gradient_rms":43.85487058457486,"update_rms":0.006568913956446142,"accepted":true,"wall_s":6.814162392169237}
{"iteration":96,"score":71.54613806545163,"best":75.75933327171644,"gradient_rms":69.74808787336906,"update_rms":0.008451287604377508,"accepted":true,"wall_s":6.811206713318825}
{"iteration":97,"score":70.41974742557403,"best":75.75933327171644,"gradient_rms":69.48673073325553,"update_rms":0.009279215097916696,"accepted":true,"wall_s":6.815115429461002}
{"iteration":98,"score":69.16693085262068,"best":75.75933327171644,"gradient_rms":72.46843798077471,"update_rms":0.009238039263169913,"accepted":true,"wall_s":6.816252950578928}
{"iteration":99,"score":68.36042775746358,"best":75.75933327171644,"gradient_rms":37.02806824177245,"update_rms":0.0071530920291153904,"accepted":true,"wall_s":6.82106801494956}
{"iteration":100,"score":68.18354735340823,"best":75.75933327171644,"gradient_rms":19.118262650327946,"update_rms":0.005212970532569479,"accepted":true,"wall_s":6.82891608029604}
{"iteration":101,"score":68.2034123479211,"best":75.75933327171644,"gradient_rms":20.707524436169813,"update_rms":0.004250579638665909,"accepted":true,"wall_s":6.42094336822629}
{"iteration":102,"score":68.81475211676151,"best":75.75933327171644,"gradient_rms":22.544428276874076,"update_rms":0.0038456404918575716,"accepted":true,"wall_s":6.834604922682047}
{"iteration":103,"score":69.81528266102596,"best":75.75933327171644,"gradient_rms":25.549366356788227,"update_rms":0.0037410345892319,"accepted":true,"wall_s":6.817252978682518}
{"iteration":104,"score":71.01150954960495,"best":75.75933327171644,"gradient_rms":18.11618993481404,"update_rms":0.0032440766505442307,"accepted":true,"wall_s":6.42288813740015}
{"iteration":105,"score":72.61227156575872,"best":75.75933327171644,"gradient_rms":21.799264645169398,"update_rms":0.0032023754919406895,"accepted":true,"wall_s":6.820579905062914}
{"iteration":106,"score":73.99261087644967,"best":75.75933327171644,"gradient_rms":12.98346239150929,"update_rms":0.0026003220840623304,"accepted":true,"wall_s":6.4223845191299915}
{"iteration":107,"score":75.01677561527777,"best":75.75933327171644,"gradient_rms":10.737912352200656,"update_rms":0.002288706653402277,"accepted":true,"wall_s":6.830958317965269}
{"iteration":108,"score":75.52139048640679,"best":75.75933327171644,"gradient_rms":14.201460046554136,"update_rms":0.00223193885602729,"accepted":true,"wall_s":6.848071839660406}
{"iteration":109,"score":75.77369331966312,"best":75.77369331966312,"gradient_rms":8.34675895969076,"update_rms":0.001781651866113976,"accepted":true,"wall_s":6.837090075016022}
{"iteration":110,"score":76.06873817838515,"best":76.06873817838515,"gradient_rms":28.780687479258535,"update_rms":0.0030953819529558253,"accepted":true,"wall_s":6.817168354988098}
{"iteration":111,"score":76.37108151766797,"best":76.37108151766797,"gradient_rms":12.897252068544304,"update_rms":0.002472276887599863,"accepted":true,"wall_s":6.823957085609436}
{"iteration":112,"score":76.50747745407874,"best":76.50747745407874,"gradient_rms":22.210918173437733,"update_rms":0.002827327731014426,"accepted":true,"wall_s":6.819055516272783}
{"iteration":113,"score":76.4480151954379,"best":76.50747745407874,"gradient_rms":17.741363524550753,"update_rms":0.0027476227424624517,"accepted":true,"wall_s":6.821852006018162}
{"iteration":114,"score":76.54762940785274,"best":76.54762940785274,"gradient_rms":26.763991293477183,"update_rms":0.0034742301704664513,"accepted":true,"wall_s":6.842132594436407}
{"iteration":115,"score":76.53528516314434,"best":76.54762940785274,"gradient_rms":26.86417387205941,"update_rms":0.0038213802320946153,"accepted":true,"wall_s":6.420916572213173}
{"iteration":116,"score":76.25037765263605,"best":76.54762940785274,"gradient_rms":25.75833850697991,"update_rms":0.0038271889803222488,"accepted":true,"wall_s":6.8226252272725105}
{"iteration":117,"score":76.04920315433192,"best":76.54762940785274,"gradient_rms":18.880920905311264,"update_rms":0.0033574625643614906,"accepted":true,"wall_s":6.801480062305927}
{"iteration":118,"score":75.86341083656579,"best":76.54762940785274,"gradient_rms":17.41157187533874,"update_rms":0.0032465257676689368,"accepted":true,"wall_s":6.810411900281906}
{"iteration":119,"score":75.45395207958067,"best":76.54762940785274,"gradient_rms":13.824582585560927,"update_rms":0.0027279016293897,"accepted":true,"wall_s":6.799498230218887}
{"iteration":120,"score":75.18876410030038,"best":76.54762940785274,"gradient_rms":11.221628439294044,"update_rms":0.0022806274494435604,"accepted":true,"wall_s":6.786569066345692}
{"iteration":121,"score":74.85735880365192,"best":76.54762940785274,"gradient_rms":13.679788422943897,"update_rms":0.00201132059465419,"accepted":true,"wall_s":6.793991643935442}
{"iteration":122,"score":74.6170747144644,"best":76.54762940785274,"gradient_rms":13.162358151420582,"update_rms":0.0019061135136825545,"accepted":true,"wall_s":6.796954341232777}
{"iteration":123,"score":74.71720400495717,"best":76.54762940785274,"gradient_rms":16.498722279669288,"update_rms":0.0022573799632131355,"accepted":true,"wall_s":6.391524948179722}
{"iteration":124,"score":75.30729546308075,"best":76.54762940785274,"gradient_rms":18.063157449977385,"update_rms":0.0026018278913016164,"accepted":true,"wall_s":6.809303756803274}
{"iteration":125,"score":75.3381873997568,"best":76.54762940785274,"gradient_rms":19.206458962189892,"update_rms":0.002840691995231203,"accepted":true,"wall_s":6.395296707749367}
{"iteration":126,"score":75.64197176349393,"best":76.54762940785274,"gradient_rms":11.32251176923819,"update_rms":0.002264626157787454,"accepted":true,"wall_s":6.395509175956249}
{"iteration":127,"score":76.43000700476358,"best":76.54762940785274,"gradient_rms":16.713080318132967,"update_rms":0.002419259570908558,"accepted":true,"wall_s":6.814608223736286}
{"iteration":128,"score":76.68907020380092,"best":76.68907020380092,"gradient_rms":19.181106150967313,"update_rms":0.002701645265397839,"accepted":true,"wall_s":6.799739748239517}
{"iteration":129,"score":76.70705517328484,"best":76.70705517328484,"gradient_rms":14.51472777292909,"update_rms":0.0024597118162888367,"accepted":true,"wall_s":6.410090543329716}
{"iteration":130,"score":77.24943131787559,"best":77.24943131787559,"gradient_rms":15.872712289762303,"update_rms":0.002550217900316451,"accepted":true,"wall_s":6.794788934290409}
{"iteration":131,"score":77.77891645052155,"best":77.77891645052155,"gradient_rms":14.033989878443785,"update_rms":0.002473935071392568,"accepted":true,"wall_s":6.805824112147093}
{"iteration":132,"score":78.09178106349178,"best":78.09178106349178,"gradient_rms":9.646825223608536,"update_rms":0.0019602351350529305,"accepted":true,"wall_s":6.8131730780005455}
{"iteration":133,"score":78.33380537269854,"best":78.33380537269854,"gradient_rms":11.008143257195098,"update_rms":0.0019049495040176115,"accepted":true,"wall_s":6.4490838795900345}
{"iteration":134,"score":78.37915106450158,"best":78.37915106450158,"gradient_rms":18.0366194043235,"update_rms":0.0025097410904203234,"accepted":true,"wall_s":6.439202263951302}
{"iteration":135,"score":78.3713671428727,"best":78.37915106450158,"gradient_rms":14.01403729157122,"update_rms":0.0023748687123176632,"accepted":true,"wall_s":6.428165163844824}
{"iteration":136,"score":78.40458640182834,"best":78.40458640182834,"gradient_rms":12.128181388467556,"update_rms":0.0022289847102074443,"accepted":true,"wall_s":6.434976797550917}
{"iteration":137,"score":78.50139473302052,"best":78.50139473302052,"gradient_rms":11.284165698055851,"update_rms":0.0019757186741589704,"accepted":true,"wall_s":6.819730248302221}
{"iteration":138,"score":78.34726214200887,"best":78.50139473302052,"gradient_rms":14.27751660557559,"update_rms":0.002044377630696743,"accepted":true,"wall_s":6.823102999478579}
{"iteration":139,"score":78.75229142713586,"best":78.75229142713586,"gradient_rms":16.72874918763082,"update_rms":0.0023829591715643925,"accepted":true,"wall_s":6.841680690646172}
{"iteration":140,"score":78.56803276418152,"best":78.75229142713586,"gradient_rms":17.433984882121212,"update_rms":0.0025803803070200667,"accepted":true,"wall_s":6.839005418121815}
{"iteration":141,"score":78.40876962690015,"best":78.75229142713586,"gradient_rms":10.281520891189487,"update_rms":0.0021895500942084706,"accepted":true,"wall_s":6.830016057938337}
{"iteration":142,"score":78.38111827593028,"best":78.75229142713586,"gradient_rms":18.67197208061262,"update_rms":0.002483191517991984,"accepted":true,"wall_s":6.833675257861614}
{"iteration":143,"score":77.94587614914413,"best":78.75229142713586,"gradient_rms":15.592077098851172,"update_rms":0.002445530349218214,"accepted":true,"wall_s":6.8068385273218155}
{"iteration":144,"score":77.80301790712203,"best":78.75229142713586,"gradient_rms":9.470233429617373,"update_rms":0.0020059166522437763,"accepted":true,"wall_s":6.404800999909639}
{"iteration":145,"score":77.64715169874951,"best":78.75229142713586,"gradient_rms":9.365556669364649,"update_rms":0.0017313739500538251,"accepted":true,"wall_s":6.401843469589949}
{"iteration":146,"score":77.63466297349892,"best":78.75229142713586,"gradient_rms":9.10061198035871,"update_rms":0.0014912510110747406,"accepted":true,"wall_s":6.402047544717789}
{"iteration":147,"score":77.57008414399942,"best":78.75229142713586,"gradient_rms":10.86240663255553,"update_rms":0.0017177099018655722,"accepted":true,"wall_s":6.420259360224009}
{"iteration":148,"score":77.77528442800508,"best":78.75229142713586,"gradient_rms":7.9560007600376945,"update_rms":0.0014890419446340337,"accepted":true,"wall_s":6.492505185306072}
{"iteration":149,"score":78.17963751967469,"best":78.75229142713586,"gradient_rms":8.719011005778217,"update_rms":0.0015142934969869654,"accepted":true,"wall_s":6.4888666942715645}
{"iteration":150,"score":78.3701745137795,"best":78.75229142713586,"gradient_rms":13.865855855898591,"update_rms":0.0019527759574179476,"accepted":true,"wall_s":6.850119441747665}
{"iteration":151,"score":78.65554550869453,"best":78.75229142713586,"gradient_rms":7.897070792586416,"update_rms":0.0016418271241639614,"accepted":true,"wall_s":6.4498018100857735}
{"iteration":152,"score":78.93977707722091,"best":78.93977707722091,"gradient_rms":14.239308646679419,"update_rms":0.001986080145994563,"accepted":true,"wall_s":6.460493728518486}
{"iteration":153,"score":79.05365746922567,"best":79.05365746922567,"gradient_rms":5.4696479411381995,"update_rms":0.0015152968804643156,"accepted":true,"wall_s":6.440579514950514}
{"iteration":154,"score":79.11029272174457,"best":79.11029272174457,"gradient_rms":9.386484157972392,"update_rms":0.0015352966710704041,"accepted":true,"wall_s":6.467222366482019}
{"iteration":155,"score":79.36961652828195,"best":79.36961652828195,"gradient_rms":5.531887689745294,"update_rms":0.001186075875770622,"accepted":true,"wall_s":6.4351147301495075}
{"iteration":156,"score":79.26114167260431,"best":79.36961652828195,"gradient_rms":12.868653820307179,"update_rms":0.001682146710653894,"accepted":true,"wall_s":6.850971460342407}
{"iteration":157,"score":79.48735287241749,"best":79.48735287241749,"gradient_rms":26.845086620748134,"update_rms":0.003397587402309053,"accepted":true,"wall_s":6.427816521376371}
{"iteration":158,"score":79.67574317826671,"best":79.67574317826671,"gradient_rms":8.710971514115318,"update_rms":0.0026082094860358056,"accepted":true,"wall_s":6.852133467793465}
{"iteration":159,"score":79.87486300447222,"best":79.87486300447222,"gradient_rms":10.813116918114172,"update_rms":0.002161196436157882,"accepted":true,"wall_s":6.832594022154808}
{"iteration":160,"score":79.87002288560602,"best":79.87486300447222,"gradient_rms":11.168199915276007,"update_rms":0.0019738796452840324,"accepted":true,"wall_s":6.458456765860319}
{"iteration":161,"score":79.5853558258687,"best":79.87486300447222,"gradient_rms":12.04771051006371,"update_rms":0.0019217937298006914,"accepted":true,"wall_s":6.801559392362833}
{"iteration":162,"score":79.15437644170962,"best":79.87486300447222,"gradient_rms":21.565086967571965,"update_rms":0.0029254704094300527,"accepted":true,"wall_s":6.801199223846197}
{"iteration":163,"score":78.78269328720015,"best":79.87486300447222,"gradient_rms":9.20148991739801,"update_rms":0.0023515664354714296,"accepted":true,"wall_s":6.803754046559334}
{"iteration":164,"score":79.24709952592671,"best":79.87486300447222,"gradient_rms":20.975347987823938,"update_rms":0.003055916241901561,"accepted":true,"wall_s":6.800543751567602}
{"iteration":165,"score":79.4851040694489,"best":79.87486300447222,"gradient_rms":7.4543470947027926,"update_rms":0.0022786042005437756,"accepted":true,"wall_s":6.405933037400246}
{"iteration":166,"score":79.3398194850192,"best":79.87486300447222,"gradient_rms":13.64366321174499,"update_rms":0.0022112201949374788,"accepted":true,"wall_s":6.803507458418608}
{"iteration":167,"score":79.10516502526897,"best":79.87486300447222,"gradient_rms":9.824876398349831,"update_rms":0.0018472255236717146,"accepted":true,"wall_s":6.804188024252653}
{"iteration":168,"score":79.0750948974209,"best":79.87486300447222,"gradient_rms":10.945693201815166,"update_rms":0.0018275319150278253,"accepted":true,"wall_s":6.80147447809577}
{"iteration":169,"score":79.1843028631966,"best":79.87486300447222,"gradient_rms":7.980670303694896,"update_rms":0.0016571760364474314,"accepted":true,"wall_s":6.433419439941645}
{"iteration":170,"score":79.5422084147665,"best":79.87486300447222,"gradient_rms":10.074952294196168,"update_rms":0.0017447855989013413,"accepted":true,"wall_s":6.814159095287323}
{"iteration":171,"score":79.64700651301393,"best":79.87486300447222,"gradient_rms":6.744603702668678,"update_rms":0.0014107548839102666,"accepted":true,"wall_s":6.80600456520915}
{"iteration":172,"score":79.87773373357649,"best":79.87773373357649,"gradient_rms":14.86651048899321,"update_rms":0.00206559150350906,"accepted":true,"wall_s":6.432507622987032}
{"iteration":173,"score":80.06370554418795,"best":80.06370554418795,"gradient_rms":7.972363397049263,"update_rms":0.0017810297645864902,"accepted":true,"wall_s":6.4120198749005795}
{"iteration":174,"score":79.83768338641347,"best":80.06370554418795,"gradient_rms":20.647439541017377,"update_rms":0.0027469320469700425,"accepted":true,"wall_s":6.404551990330219}
{"iteration":175,"score":79.74371416466764,"best":80.06370554418795,"gradient_rms":11.050815592907297,"update_rms":0.0023925628104308687,"accepted":true,"wall_s":6.820215955376625}
{"iteration":176,"score":80.10968340198674,"best":80.10968340198674,"gradient_rms":15.279291039272959,"update_rms":0.0024771907449970413,"accepted":true,"wall_s":6.818049315363169}
{"iteration":177,"score":80.27242566591161,"best":80.27242566591161,"gradient_rms":32.41245689393472,"update_rms":0.004395324309308858,"accepted":true,"wall_s":6.808026600629091}
{"iteration":178,"score":79.8843852674843,"best":80.27242566591161,"gradient_rms":16.944261526928884,"update_rms":0.0037381174130864956,"accepted":true,"wall_s":6.812858313322067}
{"iteration":179,"score":79.53513215094918,"best":80.27242566591161,"gradient_rms":17.372922772732867,"update_rms":0.0034574712021489956,"accepted":true,"wall_s":6.802503194659948}
{"iteration":180,"score":79.59348475354807,"best":80.27242566591161,"gradient_rms":18.447308694220677,"update_rms":0.0032433904455109307,"accepted":true,"wall_s":6.803804323077202}
{"iteration":181,"score":79.60232310714046,"best":80.27242566591161,"gradient_rms":15.81656117133183,"update_rms":0.003043947347604255,"accepted":true,"wall_s":6.80594053119421}
{"iteration":182,"score":79.27539475446139,"best":80.27242566591161,"gradient_rms":17.871968122513582,"update_rms":0.003205434210170747,"accepted":true,"wall_s":6.405784796923399}
{"iteration":183,"score":79.3994493838631,"best":80.27242566591161,"gradient_rms":14.338837015402062,"update_rms":0.0029014300215169206,"accepted":true,"wall_s":6.816747069358826}
{"iteration":184,"score":79.59314118291715,"best":80.27242566591161,"gradient_rms":15.978853677152987,"update_rms":0.0029565646574533835,"accepted":true,"wall_s":6.40970004722476}
{"iteration":185,"score":79.63108386521137,"best":80.27242566591161,"gradient_rms":11.709741010486214,"update_rms":0.002641681392762621,"accepted":true,"wall_s":6.830817677080631}
{"iteration":186,"score":79.23625732859037,"best":80.27242566591161,"gradient_rms":10.834481735229671,"update_rms":0.0022157555002006294,"accepted":true,"wall_s":6.413774825632572}
{"iteration":187,"score":79.0843954529169,"best":80.27242566591161,"gradient_rms":13.446744304147767,"update_rms":0.002335534467331203,"accepted":true,"wall_s":6.450444981455803}
{"iteration":188,"score":78.96974650541304,"best":80.27242566591161,"gradient_rms":12.179516472289427,"update_rms":0.0022141355001862213,"accepted":true,"wall_s":6.427218895405531}
{"iteration":189,"score":78.79823770052926,"best":80.27242566591161,"gradient_rms":12.209424528458939,"update_rms":0.002149807546460434,"accepted":true,"wall_s":6.436035022139549}
{"iteration":190,"score":78.8444490704427,"best":80.27242566591161,"gradient_rms":10.447943107592348,"update_rms":0.001968614985268834,"accepted":true,"wall_s":6.433483336120844}
{"iteration":191,"score":78.89755735148292,"best":80.27242566591161,"gradient_rms":12.745765461344725,"update_rms":0.0022046240295594366,"accepted":true,"wall_s":6.443464905023575}
{"iteration":192,"score":78.81190128005056,"best":80.27242566591161,"gradient_rms":9.270007647265269,"update_rms":0.0017888916300891418,"accepted":true,"wall_s":6.833538193255663}
{"iteration":193,"score":78.8890880139091,"best":80.27242566591161,"gradient_rms":8.098900151217968,"update_rms":0.001728397077548922,"accepted":true,"wall_s":6.825709238648415}
{"iteration":194,"score":79.43979976801056,"best":80.27242566591161,"gradient_rms":13.02224370653342,"update_rms":0.0019909988677611432,"accepted":true,"wall_s":6.817905031144619}
{"iteration":195,"score":79.70295021465911,"best":80.27242566591161,"gradient_rms":8.161582227823832,"update_rms":0.0017114115692897457,"accepted":true,"wall_s":6.824132110923529}
{"iteration":196,"score":79.82510352566666,"best":80.27242566591161,"gradient_rms":10.035194070335768,"update_rms":0.001757235352018823,"accepted":true,"wall_s":6.829051449894905}
{"iteration":197,"score":79.88791824465876,"best":80.27242566591161,"gradient_rms":8.777311151819381,"update_rms":0.00178201275994537,"accepted":true,"wall_s":6.826767724007368}
{"iteration":198,"score":79.83832459468356,"best":80.27242566591161,"gradient_rms":8.857142664139074,"update_rms":0.0016434506229711244,"accepted":true,"wall_s":6.818513378500938}
{"iteration":199,"score":79.6965161026477,"best":80.27242566591161,"gradient_rms":8.076818170790135,"update_rms":0.0015228562000899632,"accepted":true,"wall_s":6.42767732962966}
{"iteration":200,"score":79.1663663091617,"best":80.27242566591161,"gradient_rms":16.914589925359618,"update_rms":0.0025288776347790094,"accepted":true,"wall_s":6.830555073916912}
{
  "status": "ok",
  "stop_reason": "completed_iterations",
  "initial_score": 37.98702581592047,
  "final_score": 79.1663663091617,
  "best_score": 80.27242566591161,
  "best_iteration": 177,
  "completed_iterations": 200,
  "completed_adam_steps": 200,
  "completed_optimizer_steps": 200,
  "total_wall_s": 1344.4798734858632,
  "initial_decode_wall_s": 0.0003616549074649811,
  "initial_score_wall_s": 0.9570318274199963,
  "mean_iteration_wall_s": 6.720355168767274,
  "manifest": {
    "protocol": {
      "id": "unregistered-experimental",
      "status": "unregistered-experimental",
      "stage": "optimization",
      "requirements": {
        "native_score_abi": 11,
        "native_score_library_sha256": "1c6c78b0dee662233215a56dbdc1e50b8ed29f2d0eee9ae8c4ff7d0403b895ed"
      },
      "actual": {
        "parameter_space": "data",
        "optimizer": "adam",
        "iterations": 200,
        "directions": 64,
        "perturbation": 0.0025,
        "learning_rate": 0.01,
        "beta1": 0.7,
        "beta2": 0.999,
        "flow_steps": 128,
        "gradient_mode": "random-orthogonal",
        "difference": "centered",
        "native_score_abi": 11,
        "native_score_library_sha256": "7b21e66329a23f18ef3cfab408d0a21410acea3c8d10d8b2463ccee7f5a3969f",
        "data_start_mode": "exact-unclipped"
      },
      "differences_from_current": {
        "perturbation": {
          "expected": 0.005,
          "actual": 0.0025
        },
        "learning_rate": {
          "expected": 0.02,
          "actual": 0.01
        },
        "parameter_space": {
          "expected": "latent",
          "actual": "data"
        },
        "native_score_library_sha256": {
          "expected": "1c6c78b0dee662233215a56dbdc1e50b8ed29f2d0eee9ae8c4ff7d0403b895ed",
          "actual": "7b21e66329a23f18ef3cfab408d0a21410acea3c8d10d8b2463ccee7f5a3969f"
        },
        "data_start_mode": {
          "expected": "not-applicable",
          "actual": "exact-unclipped"
        }
      }
    },
    "repository": {
      "commit": "70a1102829da50d9054d929d1cd7073780909268",
      "tracked_dirty": false,
      "available": true
    },
    "algorithm": "adam_with_query_batched_local_gradient",
    "optimizer": "adam",
    "parameter_space": "data",
    "gradient_objective": "dynamic local full-density score with coordinate and maximum-surface-selection derivatives omitted",
    "formal_objective": "complete native QH score for every accepted center",
    "initial_case": "/home/scc/pb24511935/local_surface_evaluator_runs/axisflip_r012_curvature_r04_adam200_20260903_70a1102/incomplete/axisflip_r012_case_0000036.worker0.2633194.partial/start.json",
    "initial_case_sha256": "0f18ff24ead07b83a0d922ac8df0a83de62fb098ef7768cfd37dbf46ec8531e2",
    "checkpoint": "/home/scc/pb24511935/local_surface_evaluator/runs/qh_flow_physical_lr_longselect_20260729/lr_3em4/checkpoint_latest.pt",
    "checkpoint_sha256": "39a3293a459e248a0d1ec062607a1a467128b14d8ca973aadd82e113532ab99f",
    "checkpoint_expectation": {
      "step": 30000,
      "sha256": null
    },
    "native_lib": "/home/scc/pb24511935/local_surface_evaluator_runs/axisflip_r012_curvature_r04_adam200_20260903_70a1102/build_curvature_r04/libstellarator_gpu.so",
    "native_lib_sha256": "7b21e66329a23f18ef3cfab408d0a21410acea3c8d10d8b2463ccee7f5a3969f",
    "native_score": {
      "abi": 11,
      "validated_default_library_sha256": "1c6c78b0dee662233215a56dbdc1e50b8ed29f2d0eee9ae8c4ff7d0403b895ed"
    },
    "nfp": 8,
    "n_base_coils": 3,
    "target_helicity": [
      1,
      8
    ],
    "iterations": 200,
    "max_wall_s": 26634.579618,
    "flow": {
      "method": "rk4",
      "steps": 128,
      "dtype": "fp32",
      "use": "none"
    },
    "flow_pipeline": false,
    "coordinate_gradient": {
      "dimension": 300,
      "mode": "random-orthogonal",
      "random_directions": 64,
      "endpoint_count": 128,
      "perturbation": 0.0025,
      "difference": "centered",
      "psi_grid": 48,
      "psi_iterations": 4,
      "alpha_iterations": 4,
      "formal_surface_theta_count": 128,
      "local_surface_theta_count": 64
    },
    "adam": {
      "learning_rate": 0.01,
      "beta1": 0.7,
      "beta2": 0.999,
      "epsilon": 1e-08,
      "weight_decay": 0.0
    },
    "bfgs": {
      "initial_trust_rms": 0.01,
      "min_trust_rms": 1e-05,
      "max_trust_rms": 0.05,
      "trust_growth": 1.2,
      "trust_shrink": 0.5,
      "min_improvement": 0.0
    },
    "seed": 120260942,
    "axis_policy": "recorded strict mixed-precision continuation from step 0",
    "recorded_initial_score_tolerance": 0.1,
    "devices": {
      "flow": 0,
      "score": 0
    },
    "initial_metadata_keys": [
      "data_prior_screening",
      "nfp",
      "raw"
    ],
    "data_parameterization": {
      "definition": "per-coordinate training-set standardization",
      "physical_mapping": "CoilNormalizer.inverse with canonical current L1/sign",
      "initial_source": "direct analytic-prior geometry with unclipped coordinates",
      "data_start_mode": "exact-unclipped",
      "initial_clipped_fraction": 0.0,
      "initial_roundtrip_relative_rms": 0.0,
      "flow_calls_after_initialization": 0
    },
    "initial_consistency_gate": {
      "recorded_score": 37.99343605092805,
      "optimizer_score": 37.98702581592047,
      "absolute_delta": 0.006410235007578535,
      "tolerance": 0.1,
      "recorded_axis_hint": [
        1.1081374599159612,
        -7.873428159410037e-10
      ],
      "optimizer_axis": [
        1.1081374599159612,
        -7.873428159410037e-10
      ],
      "axis_hint_distance": 0.0
    }
  }
}
