{"iteration":1,"score":7.095838931374145,"best":7.095838931374145,"gradient_rms":0.5918229878643942,"update_rms":0.009999998894685998,"accepted":true,"wall_s":6.943542581051588}
{"iteration":2,"score":9.744680007314402,"best":9.744680007314402,"gradient_rms":2.3926732656911915,"update_rms":0.008022414757251238,"accepted":true,"wall_s":6.648594584316015}
{"iteration":3,"score":11.22606988925859,"best":11.22606988925859,"gradient_rms":6.047395026165377,"update_rms":0.007250776226524091,"accepted":true,"wall_s":6.3903066366910934}
{"iteration":4,"score":13.92990244122552,"best":13.92990244122552,"gradient_rms":6.293650408013772,"update_rms":0.006651467488281398,"accepted":true,"wall_s":7.069198288023472}
{"iteration":5,"score":17.458075536134853,"best":17.458075536134853,"gradient_rms":10.173907814864375,"update_rms":0.0065456859527202645,"accepted":true,"wall_s":7.108742970973253}
{"iteration":6,"score":21.408350432869646,"best":21.408350432869646,"gradient_rms":12.929189496585535,"update_rms":0.006775605567126415,"accepted":true,"wall_s":6.675925076007843}
{"iteration":7,"score":25.476528518589298,"best":25.476528518589298,"gradient_rms":16.89624771517608,"update_rms":0.00682944845944538,"accepted":true,"wall_s":6.680899541825056}
{"iteration":8,"score":21.92275894703112,"best":25.476528518589298,"gradient_rms":16.87653649410553,"update_rms":0.006583755952686984,"accepted":true,"wall_s":7.073704957962036}
{"iteration":9,"score":38.028290393376864,"best":38.028290393376864,"gradient_rms":43.42239944351024,"update_rms":0.0073483276449189715,"accepted":true,"wall_s":6.726665779948235}
{"iteration":10,"score":43.78876759822329,"best":43.78876759822329,"gradient_rms":27.594576520203436,"update_rms":0.0067648817587481445,"accepted":true,"wall_s":6.687395717948675}
{"iteration":11,"score":48.37605143502514,"best":48.37605143502514,"gradient_rms":26.00745013690529,"update_rms":0.006295476023142496,"accepted":true,"wall_s":6.679168041795492}
{"iteration":12,"score":54.53167817371583,"best":54.53167817371583,"gradient_rms":31.370017155446043,"update_rms":0.006135088023351937,"accepted":true,"wall_s":6.6895909532904625}
{"iteration":13,"score":56.89085600085049,"best":56.89085600085049,"gradient_rms":16.749402464640337,"update_rms":0.005127509451634205,"accepted":true,"wall_s":6.691633399575949}
{"iteration":14,"score":58.41009700010903,"best":58.41009700010903,"gradient_rms":11.272911277667754,"update_rms":0.004228571542779695,"accepted":true,"wall_s":6.686599876731634}
{"iteration":15,"score":59.27247023195007,"best":59.27247023195007,"gradient_rms":22.254669969845633,"update_rms":0.0048492452194949034,"accepted":true,"wall_s":6.685263272374868}
{"iteration":16,"score":60.24220757198271,"best":60.24220757198271,"gradient_rms":19.344351072203267,"update_rms":0.0045980695884249925,"accepted":true,"wall_s":6.681157976388931}
{"iteration":17,"score":61.09732537949867,"best":61.09732537949867,"gradient_rms":24.596337220972213,"update_rms":0.005015838016465932,"accepted":true,"wall_s":6.688532453030348}
{"iteration":18,"score":61.703411336881295,"best":61.703411336881295,"gradient_rms":20.618805569757143,"update_rms":0.0050638331163827014,"accepted":true,"wall_s":6.694790083914995}
{"iteration":19,"score":62.31168914048948,"best":62.31168914048948,"gradient_rms":10.906061215718573,"update_rms":0.004067444559106837,"accepted":true,"wall_s":6.691343452781439}
{"iteration":20,"score":62.76703752614522,"best":62.76703752614522,"gradient_rms":14.746095317789038,"update_rms":0.0037046523143761238,"accepted":true,"wall_s":6.699610110372305}
{"iteration":21,"score":62.94845307550404,"best":62.94845307550404,"gradient_rms":14.226336751208342,"update_rms":0.003479776889784152,"accepted":true,"wall_s":6.6957163996994495}
{"iteration":22,"score":63.20161217993003,"best":63.20161217993003,"gradient_rms":8.205396762289848,"update_rms":0.0029206272153464575,"accepted":true,"wall_s":6.705128539353609}
{"iteration":23,"score":63.61162451135418,"best":63.61162451135418,"gradient_rms":25.268446310319646,"update_rms":0.004542280101346127,"accepted":true,"wall_s":6.702360663563013}
{"iteration":24,"score":63.99948319484975,"best":63.99948319484975,"gradient_rms":21.636130616545266,"update_rms":0.004794320778494345,"accepted":true,"wall_s":6.698142398148775}
{"iteration":25,"score":64.21104841542257,"best":64.21104841542257,"gradient_rms":7.970106883800221,"update_rms":0.00351705940246558,"accepted":true,"wall_s":6.324933651834726}
{"iteration":26,"score":64.54080701743283,"best":64.54080701743283,"gradient_rms":20.04399868598246,"update_rms":0.004311386288923094,"accepted":true,"wall_s":6.705324359238148}
{"iteration":27,"score":64.83744207391221,"best":64.83744207391221,"gradient_rms":8.033754601530404,"update_rms":0.003492097755688202,"accepted":true,"wall_s":6.677631665021181}
{"iteration":28,"score":65.10029308177347,"best":65.10029308177347,"gradient_rms":5.743121334354068,"update_rms":0.002635829651722689,"accepted":true,"wall_s":6.6819909662008286}
{"iteration":29,"score":65.32517185047179,"best":65.32517185047179,"gradient_rms":8.582710507197909,"update_rms":0.0024890612463243067,"accepted":true,"wall_s":6.673799943178892}
{"iteration":30,"score":65.51179638037863,"best":65.51179638037863,"gradient_rms":14.449610366916597,"update_rms":0.0029979556775776234,"accepted":true,"wall_s":6.677748735994101}
{"iteration":31,"score":65.67627912132815,"best":65.67627912132815,"gradient_rms":11.66764469268393,"update_rms":0.002953082650375101,"accepted":true,"wall_s":6.687245037406683}
{"iteration":32,"score":65.70961787506673,"best":65.70961787506673,"gradient_rms":7.329504242077969,"update_rms":0.002547150099277271,"accepted":true,"wall_s":6.2974099442362785}
{"iteration":33,"score":65.87725410620533,"best":65.87725410620533,"gradient_rms":14.67440595018308,"update_rms":0.003301089191712183,"accepted":true,"wall_s":6.3137357868254185}
{"iteration":34,"score":66.04283985046439,"best":66.04283985046439,"gradient_rms":12.5987613410481,"update_rms":0.0033512458069903093,"accepted":true,"wall_s":6.68002650514245}
{"iteration":35,"score":66.10760082958791,"best":66.10760082958791,"gradient_rms":35.03563542384599,"update_rms":0.006025096604860972,"accepted":true,"wall_s":6.697130743414164}
{"iteration":36,"score":65.83488829870393,"best":66.10760082958791,"gradient_rms":30.13859362759618,"update_rms":0.006597928860707764,"accepted":true,"wall_s":6.672643538564444}
{"iteration":37,"score":65.83250431659222,"best":66.10760082958791,"gradient_rms":11.709997299863728,"update_rms":0.005028204500317742,"accepted":true,"wall_s":6.680321201682091}
{"iteration":38,"score":65.56939843502548,"best":66.10760082958791,"gradient_rms":9.508126756851523,"update_rms":0.003883754568843187,"accepted":true,"wall_s":6.30041741207242}
{"iteration":39,"score":65.81575044050216,"best":66.10760082958791,"gradient_rms":16.065329678529647,"update_rms":0.003964034642846681,"accepted":true,"wall_s":6.679585080593824}
{"iteration":40,"score":65.86492731841913,"best":66.10760082958791,"gradient_rms":8.723187359005607,"update_rms":0.0032331289289216805,"accepted":true,"wall_s":6.3098220229148865}
{"iteration":41,"score":66.12690010540815,"best":66.12690010540815,"gradient_rms":14.584363066830422,"update_rms":0.003308383272500859,"accepted":true,"wall_s":6.705020263791084}
{"iteration":42,"score":66.29512527099476,"best":66.29512527099476,"gradient_rms":18.752263647739884,"update_rms":0.00401934196267718,"accepted":true,"wall_s":6.692985609173775}
{"iteration":43,"score":66.56995304925732,"best":66.56995304925732,"gradient_rms":12.464956149071757,"update_rms":0.003541286204059047,"accepted":true,"wall_s":6.75805002078414}
{"iteration":44,"score":66.6905451989567,"best":66.6905451989567,"gradient_rms":8.347869208929136,"update_rms":0.0029055952692511005,"accepted":true,"wall_s":6.289254132658243}
{"iteration":45,"score":67.00135558466881,"best":67.00135558466881,"gradient_rms":16.114243606598194,"update_rms":0.003380613567215112,"accepted":true,"wall_s":6.688870303332806}
{"iteration":46,"score":67.29791390193729,"best":67.29791390193729,"gradient_rms":15.677382864327981,"update_rms":0.003787019791822953,"accepted":true,"wall_s":6.689517021179199}
{"iteration":47,"score":67.61201658917828,"best":67.61201658917828,"gradient_rms":7.574370469531623,"update_rms":0.003014251727219361,"accepted":true,"wall_s":6.685184199362993}
{"iteration":48,"score":67.5682247742533,"best":67.61201658917828,"gradient_rms":27.647529117851285,"update_rms":0.005374567102593489,"accepted":true,"wall_s":6.685899447649717}
{"iteration":49,"score":66.1207165139317,"best":67.61201658917828,"gradient_rms":71.66525636575624,"update_rms":0.009731449606794566,"accepted":true,"wall_s":6.692793536931276}
{"iteration":50,"score":67.01089033706401,"best":67.61201658917828,"gradient_rms":58.55181099552067,"update_rms":0.010023058993867616,"accepted":true,"wall_s":6.686700813472271}
{"iteration":51,"score":66.749698793258,"best":67.61201658917828,"gradient_rms":25.13217222867641,"update_rms":0.007717305604893157,"accepted":true,"wall_s":6.3097868748009205}
{"iteration":52,"score":66.63075522488703,"best":67.61201658917828,"gradient_rms":47.84485423021457,"update_rms":0.0077771494800232795,"accepted":true,"wall_s":6.683454968035221}
{"iteration":53,"score":66.36701356938978,"best":67.61201658917828,"gradient_rms":63.0067999467922,"update_rms":0.009068124124428907,"accepted":true,"wall_s":6.6933460012078285}
{"iteration":54,"score":65.49135140912985,"best":67.61201658917828,"gradient_rms":37.345728191620005,"update_rms":0.007788121074165125,"accepted":true,"wall_s":6.68724263086915}
{"iteration":55,"score":65.06122694692233,"best":67.61201658917828,"gradient_rms":9.870346224667449,"update_rms":0.0056223189879861,"accepted":true,"wall_s":6.671844974160194}
{"iteration":56,"score":64.90171778256439,"best":67.61201658917828,"gradient_rms":15.162932015259466,"update_rms":0.004388207709917211,"accepted":true,"wall_s":6.684075132012367}
{"iteration":57,"score":65.00926798802809,"best":67.61201658917828,"gradient_rms":11.743090261988842,"update_rms":0.003316854328691949,"accepted":true,"wall_s":6.68196739256382}
{"iteration":58,"score":65.07724807937545,"best":67.61201658917828,"gradient_rms":9.179159071928241,"update_rms":0.002727814785236488,"accepted":true,"wall_s":6.678123373538256}
{"iteration":59,"score":65.21698826643237,"best":67.61201658917828,"gradient_rms":11.741215259406266,"update_rms":0.0024601052017422706,"accepted":true,"wall_s":6.686520881950855}
{"iteration":60,"score":65.36987866944074,"best":67.61201658917828,"gradient_rms":8.544102033500927,"update_rms":0.0020696091563991654,"accepted":true,"wall_s":6.679610963910818}
{"iteration":61,"score":65.45273119448241,"best":67.61201658917828,"gradient_rms":15.609349518782283,"update_rms":0.002393023963342789,"accepted":true,"wall_s":6.701278671622276}
{"iteration":62,"score":65.53741436536106,"best":67.61201658917828,"gradient_rms":16.20183409856709,"update_rms":0.0026996917721182788,"accepted":true,"wall_s":6.688522778451443}
{"iteration":63,"score":65.66283465982542,"best":67.61201658917828,"gradient_rms":14.807250967060831,"update_rms":0.002758654441562377,"accepted":true,"wall_s":6.70296298712492}
{"iteration":64,"score":65.7931781397293,"best":67.61201658917828,"gradient_rms":17.05953208364735,"update_rms":0.0029832531063502953,"accepted":true,"wall_s":6.686227228492498}
{"iteration":65,"score":66.05911073602394,"best":67.61201658917828,"gradient_rms":12.578317791541956,"update_rms":0.0026556303838637892,"accepted":true,"wall_s":6.706855025142431}
{"iteration":66,"score":66.21826188649676,"best":67.61201658917828,"gradient_rms":14.991520076636993,"update_rms":0.0028737128774409077,"accepted":true,"wall_s":6.302221734076738}
{"iteration":67,"score":66.61865890258159,"best":67.61201658917828,"gradient_rms":15.07606440849946,"update_rms":0.0029913894206916474,"accepted":true,"wall_s":6.704792276024818}
{"iteration":68,"score":66.99104063734929,"best":67.61201658917828,"gradient_rms":10.803726522860313,"update_rms":0.0024899560766279806,"accepted":true,"wall_s":6.689250458031893}
{"iteration":69,"score":67.11400561869699,"best":67.61201658917828,"gradient_rms":17.27740333053456,"update_rms":0.0029070019671783576,"accepted":true,"wall_s":6.3216608092188835}
{"iteration":70,"score":67.34978587238267,"best":67.61201658917828,"gradient_rms":8.136985512111528,"update_rms":0.0022299697681830493,"accepted":true,"wall_s":6.68808089196682}
{"iteration":71,"score":67.36541616929458,"best":67.61201658917828,"gradient_rms":10.106259995506178,"update_rms":0.0020529056540281535,"accepted":true,"wall_s":6.315089963376522}
{"iteration":72,"score":67.65298876463282,"best":67.65298876463282,"gradient_rms":7.132074852758078,"update_rms":0.0018035634591312439,"accepted":true,"wall_s":6.706463411450386}
{"iteration":73,"score":67.92349126448774,"best":67.92349126448774,"gradient_rms":6.730028169280736,"update_rms":0.0015411656546924003,"accepted":true,"wall_s":6.685927662998438}
{"iteration":74,"score":68.1581747810364,"best":68.1581747810364,"gradient_rms":4.7341194261177755,"update_rms":0.0012866727666621092,"accepted":true,"wall_s":6.679556582123041}
{"iteration":75,"score":68.35779159252336,"best":68.35779159252336,"gradient_rms":5.393345097692108,"update_rms":0.0012242801732456083,"accepted":true,"wall_s":6.6862571351230145}
{"iteration":76,"score":68.44523018763036,"best":68.44523018763036,"gradient_rms":9.404288017193315,"update_rms":0.0016042535538146802,"accepted":true,"wall_s":6.2981871254742146}
{"iteration":77,"score":68.7499127423248,"best":68.7499127423248,"gradient_rms":12.308891660389934,"update_rms":0.0022818830230228533,"accepted":true,"wall_s":6.688891597092152}
{"iteration":78,"score":68.82861681965198,"best":68.82861681965198,"gradient_rms":13.939824728509599,"update_rms":0.002496953533581802,"accepted":true,"wall_s":6.683207269757986}
{"iteration":79,"score":68.90034647287123,"best":68.90034647287123,"gradient_rms":13.934625327344655,"update_rms":0.002543615979034844,"accepted":true,"wall_s":6.685143124312162}
{"iteration":80,"score":68.96209331373402,"best":68.96209331373402,"gradient_rms":8.875956742992916,"update_rms":0.0023068532682216,"accepted":true,"wall_s":6.680018238723278}
{"iteration":81,"score":69.08705092185802,"best":69.08705092185802,"gradient_rms":14.626803938391392,"update_rms":0.002711213031583135,"accepted":true,"wall_s":6.305856112390757}
{"iteration":82,"score":69.25594258266224,"best":69.25594258266224,"gradient_rms":9.485430432481865,"update_rms":0.0022342599267781184,"accepted":true,"wall_s":6.29617965221405}
{"iteration":83,"score":69.59839158844098,"best":69.59839158844098,"gradient_rms":16.88574494903114,"update_rms":0.002905495281402349,"accepted":true,"wall_s":6.673758815973997}
{"iteration":84,"score":69.72931189270058,"best":69.72931189270058,"gradient_rms":10.07283112751318,"update_rms":0.0026748370984436285,"accepted":true,"wall_s":6.694697804749012}
{"iteration":85,"score":69.81263058248726,"best":69.81263058248726,"gradient_rms":5.745479453795742,"update_rms":0.00205085735290441,"accepted":true,"wall_s":6.286924660205841}
{"iteration":86,"score":69.87638107539888,"best":69.87638107539888,"gradient_rms":6.575909603985001,"update_rms":0.0017610530134383891,"accepted":true,"wall_s":6.300547011196613}
{"iteration":87,"score":70.18967375568317,"best":70.18967375568317,"gradient_rms":7.0412985674536515,"update_rms":0.0016874548609070146,"accepted":true,"wall_s":6.677371129393578}
{"iteration":88,"score":70.42059221786654,"best":70.42059221786654,"gradient_rms":7.211906687202079,"update_rms":0.0016730502254531903,"accepted":true,"wall_s":6.682797871530056}
{"iteration":89,"score":70.6382409367316,"best":70.6382409367316,"gradient_rms":5.308703501041204,"update_rms":0.0015208050049902561,"accepted":true,"wall_s":6.295731145888567}
{"iteration":90,"score":70.69442148033883,"best":70.69442148033883,"gradient_rms":6.6308886634918025,"update_rms":0.0015128704240066097,"accepted":true,"wall_s":6.288617040961981}
{"iteration":91,"score":70.90299116381735,"best":70.90299116381735,"gradient_rms":7.127653524174615,"update_rms":0.001550244843958459,"accepted":true,"wall_s":6.667817857116461}
{"iteration":92,"score":71.1881984221342,"best":71.1881984221342,"gradient_rms":6.488067058671131,"update_rms":0.001524677615215114,"accepted":true,"wall_s":6.671254280954599}
{"iteration":93,"score":71.36034764660923,"best":71.36034764660923,"gradient_rms":9.611122597085323,"update_rms":0.0018867556463575458,"accepted":true,"wall_s":6.687566194683313}
{"iteration":94,"score":71.47829508539081,"best":71.47829508539081,"gradient_rms":8.712566839186325,"update_rms":0.001867340153148035,"accepted":true,"wall_s":6.301957778632641}
{"iteration":95,"score":71.65485157919494,"best":71.65485157919494,"gradient_rms":8.34195902062419,"update_rms":0.0017388642243878366,"accepted":true,"wall_s":6.68447057902813}
{"iteration":96,"score":71.77839964196642,"best":71.77839964196642,"gradient_rms":5.523904746544257,"update_rms":0.0015006014906353124,"accepted":true,"wall_s":6.680907905101776}
{"iteration":97,"score":71.74390180523932,"best":71.77839964196642,"gradient_rms":11.79302083027688,"update_rms":0.002224017344647011,"accepted":true,"wall_s":6.287105903029442}
{"iteration":98,"score":71.97643808616948,"best":71.97643808616948,"gradient_rms":9.122335922720255,"update_rms":0.002273959443264425,"accepted":true,"wall_s":6.678603295236826}
{"iteration":99,"score":71.83128826528606,"best":71.97643808616948,"gradient_rms":34.33656694639937,"update_rms":0.005411691156508493,"accepted":true,"wall_s":6.675551310181618}
{"iteration":100,"score":71.48497646109449,"best":71.97643808616948,"gradient_rms":58.22567449125529,"update_rms":0.008845908454148621,"accepted":true,"wall_s":6.683751009404659}
{"iteration":101,"score":70.25020034798384,"best":71.97643808616948,"gradient_rms":60.101875402825286,"update_rms":0.009929637562153378,"accepted":true,"wall_s":6.677481163293123}
{"iteration":102,"score":69.34748125503897,"best":71.97643808616948,"gradient_rms":50.90075497927423,"update_rms":0.009413104827015104,"accepted":true,"wall_s":6.671953987330198}
{"iteration":103,"score":68.53954350814526,"best":71.97643808616948,"gradient_rms":59.75433760098564,"update_rms":0.009681452427446417,"accepted":true,"wall_s":6.666473515331745}
{"iteration":104,"score":68.11803801074674,"best":71.97643808616948,"gradient_rms":25.644922009498412,"update_rms":0.007362951859303554,"accepted":true,"wall_s":6.686783894896507}
{"iteration":105,"score":67.91321131384782,"best":71.97643808616948,"gradient_rms":8.365601230944288,"update_rms":0.005231846833026722,"accepted":true,"wall_s":6.702387597411871}
{"iteration":106,"score":67.89543269428222,"best":71.97643808616948,"gradient_rms":6.699134797725735,"update_rms":0.0038095258284305358,"accepted":true,"wall_s":6.683116849511862}
{"iteration":107,"score":68.02836814283233,"best":71.97643808616948,"gradient_rms":5.849846939226783,"update_rms":0.002770496112440329,"accepted":true,"wall_s":6.717599608004093}
{"iteration":108,"score":68.20219345880484,"best":71.97643808616948,"gradient_rms":5.798742795118884,"update_rms":0.002149481870961782,"accepted":true,"wall_s":6.695116128772497}
{"iteration":109,"score":68.4299546662974,"best":71.97643808616948,"gradient_rms":4.956406189132019,"update_rms":0.0016279714692592647,"accepted":true,"wall_s":6.698326028883457}
{"iteration":110,"score":68.42995466629738,"best":71.97643808616948,"gradient_rms":97.48429860568594,"update_rms":0.0,"accepted":false,"wall_s":5.148105718195438}
{"iteration":111,"score":68.6147153655841,"best":71.97643808616948,"gradient_rms":5.796328916254248,"update_rms":0.0014312071290145537,"accepted":true,"wall_s":6.312484439462423}
{"iteration":112,"score":68.87465446240363,"best":71.97643808616948,"gradient_rms":5.4488826080109325,"update_rms":0.0013260760383450995,"accepted":true,"wall_s":6.706427231431007}
{"iteration":113,"score":69.23128975563091,"best":71.97643808616948,"gradient_rms":6.1877491735224215,"update_rms":0.001298526304964116,"accepted":true,"wall_s":6.691831909120083}
{"iteration":114,"score":69.56989676103294,"best":71.97643808616948,"gradient_rms":5.05276055968999,"update_rms":0.0011778600028855407,"accepted":true,"wall_s":6.6924644112586975}
{"iteration":115,"score":69.853111346496,"best":71.97643808616948,"gradient_rms":5.095063730885567,"update_rms":0.0010856905652720172,"accepted":true,"wall_s":6.677684348076582}
{"iteration":116,"score":70.14650525415396,"best":71.97643808616948,"gradient_rms":5.7476165169119415,"update_rms":0.0011901964937366366,"accepted":true,"wall_s":6.690323498100042}
{"iteration":117,"score":70.44359870697781,"best":71.97643808616948,"gradient_rms":5.049804953503066,"update_rms":0.0011620383253355814,"accepted":true,"wall_s":6.679163530468941}
{"iteration":118,"score":70.71768936165913,"best":71.97643808616948,"gradient_rms":5.696603909676134,"update_rms":0.0011933931969351982,"accepted":true,"wall_s":6.663274209946394}
{"iteration":119,"score":70.9447699934022,"best":71.97643808616948,"gradient_rms":5.541087895104022,"update_rms":0.0012412465044313197,"accepted":true,"wall_s":6.6753296330571175}
{"iteration":120,"score":71.14753546349212,"best":71.97643808616948,"gradient_rms":5.369793417672636,"update_rms":0.0011583790503075645,"accepted":true,"wall_s":6.6572246588766575}
{"iteration":121,"score":71.23727641510584,"best":71.97643808616948,"gradient_rms":6.455405269205104,"update_rms":0.0012682909764716237,"accepted":true,"wall_s":6.277507945895195}
{"iteration":122,"score":71.39304775659167,"best":71.97643808616948,"gradient_rms":5.693185448118549,"update_rms":0.0012606587374088807,"accepted":true,"wall_s":6.28937179967761}
{"iteration":123,"score":71.59430682681574,"best":71.97643808616948,"gradient_rms":6.887113148504833,"update_rms":0.001459766414502081,"accepted":true,"wall_s":6.669994194060564}
{"iteration":124,"score":71.58459157244528,"best":71.97643808616948,"gradient_rms":4.508591447871158,"update_rms":0.0012314262119167182,"accepted":true,"wall_s":6.284103713929653}
{"iteration":125,"score":71.65846769690135,"best":71.97643808616948,"gradient_rms":5.559838460004213,"update_rms":0.0012420507291538584,"accepted":true,"wall_s":6.292809747159481}
{"iteration":126,"score":71.95790736367906,"best":71.97643808616948,"gradient_rms":6.740104031392688,"update_rms":0.001271952298168579,"accepted":true,"wall_s":6.666759297251701}
{"iteration":127,"score":72.0613722360818,"best":72.0613722360818,"gradient_rms":13.77016029765537,"update_rms":0.002273707162647658,"accepted":true,"wall_s":6.67977537587285}
{"iteration":128,"score":72.17830935059922,"best":72.17830935059922,"gradient_rms":8.376028904408958,"update_rms":0.002107970475607263,"accepted":true,"wall_s":6.674569997936487}
{"iteration":129,"score":72.29309628551849,"best":72.29309628551849,"gradient_rms":7.5428735240564135,"update_rms":0.0018942499320784552,"accepted":true,"wall_s":6.671105992048979}
{"iteration":130,"score":72.44556044729721,"best":72.44556044729721,"gradient_rms":11.342158232852606,"update_rms":0.00221128653132536,"accepted":true,"wall_s":6.67065853625536}
{"iteration":131,"score":72.4218082512649,"best":72.44556044729721,"gradient_rms":31.984952287865482,"update_rms":0.0051187915754772354,"accepted":true,"wall_s":6.664725057780743}
{"iteration":132,"score":72.06015874473967,"best":72.44556044729721,"gradient_rms":29.86798303333012,"update_rms":0.005612804740837466,"accepted":true,"wall_s":6.692321378737688}
{"iteration":133,"score":71.84194442338818,"best":72.44556044729721,"gradient_rms":11.459872785175698,"update_rms":0.00423785578542181,"accepted":true,"wall_s":6.699770849198103}
{"iteration":134,"score":71.92465036018936,"best":72.44556044729721,"gradient_rms":6.66448661157222,"update_rms":0.0031577692882443715,"accepted":true,"wall_s":6.696377903223038}
{"iteration":135,"score":72.04322973311127,"best":72.44556044729721,"gradient_rms":6.253095606430161,"update_rms":0.002404955826791985,"accepted":true,"wall_s":6.697592440992594}
{"iteration":136,"score":72.04322973311123,"best":72.44556044729721,"gradient_rms":261.4342333392157,"update_rms":0.0,"accepted":false,"wall_s":5.175724450498819}
{"iteration":137,"score":72.04322973311126,"best":72.44556044729721,"gradient_rms":57.42630006468705,"update_rms":0.0,"accepted":false,"wall_s":5.157827101647854}
{"iteration":138,"score":72.3080578313446,"best":72.44556044729721,"gradient_rms":7.224808790702698,"update_rms":0.0020245853559057677,"accepted":true,"wall_s":6.297124665230513}
{"iteration":139,"score":72.37119764354729,"best":72.44556044729721,"gradient_rms":5.012283554883646,"update_rms":0.0016123376642092396,"accepted":true,"wall_s":6.30481544137001}
{"iteration":140,"score":72.7676782496847,"best":72.7676782496847,"gradient_rms":4.071441412492462,"update_rms":0.0013401436196650727,"accepted":true,"wall_s":6.687931749969721}
{"iteration":141,"score":73.03383205112394,"best":73.03383205112394,"gradient_rms":13.72035336000211,"update_rms":0.0023260737001435106,"accepted":true,"wall_s":6.719081565737724}
{"iteration":142,"score":73.31872000551103,"best":73.31872000551103,"gradient_rms":6.221652014696568,"update_rms":0.0018911725856388506,"accepted":true,"wall_s":6.691736854612827}
{"iteration":143,"score":73.69994057652356,"best":73.69994057652356,"gradient_rms":34.44690558343799,"update_rms":0.005387748887519475,"accepted":true,"wall_s":6.711278595030308}
{"iteration":144,"score":73.95686019321398,"best":73.95686019321398,"gradient_rms":18.36481627909116,"update_rms":0.004584963560987409,"accepted":true,"wall_s":6.679748769849539}
{"iteration":145,"score":73.17275966300114,"best":73.95686019321398,"gradient_rms":32.388611174746416,"update_rms":0.005600449191408914,"accepted":true,"wall_s":6.675464045256376}
{"iteration":146,"score":72.7606997296622,"best":73.95686019321398,"gradient_rms":7.845215936971015,"update_rms":0.00407571310289669,"accepted":true,"wall_s":6.6679931208491325}
{"iteration":147,"score":73.64049685132633,"best":73.95686019321398,"gradient_rms":21.904152047588138,"update_rms":0.004406013749944424,"accepted":true,"wall_s":6.677321445196867}
{"iteration":148,"score":74.16723143327134,"best":74.16723143327134,"gradient_rms":14.531626374139913,"update_rms":0.003989391877761902,"accepted":true,"wall_s":6.671625643968582}
{"iteration":149,"score":74.36259940330176,"best":74.36259940330176,"gradient_rms":10.841062484254255,"update_rms":0.0031648421827076686,"accepted":true,"wall_s":6.683649897575378}
{"iteration":150,"score":74.29917395103674,"best":74.36259940330176,"gradient_rms":11.143986720516736,"update_rms":0.0027714670015012437,"accepted":true,"wall_s":6.700328633189201}
{"iteration":151,"score":74.52052912510855,"best":74.52052912510855,"gradient_rms":8.206369447867791,"update_rms":0.0022368756283857403,"accepted":true,"wall_s":6.697788920253515}
{"iteration":152,"score":75.02623995028203,"best":75.02623995028203,"gradient_rms":13.112669110074958,"update_rms":0.002615739476984888,"accepted":true,"wall_s":6.700806446373463}
{"iteration":153,"score":75.33476500357457,"best":75.33476500357457,"gradient_rms":35.496753761361724,"update_rms":0.005451527381292521,"accepted":true,"wall_s":6.702711630612612}
{"iteration":154,"score":75.3512852250744,"best":75.3512852250744,"gradient_rms":13.900306409202637,"update_rms":0.004096908863101584,"accepted":true,"wall_s":6.305455219000578}
{"iteration":155,"score":75.49443518818178,"best":75.49443518818178,"gradient_rms":10.097038319908265,"update_rms":0.0034205674920793523,"accepted":true,"wall_s":6.694260705262423}
{"iteration":156,"score":75.558269663827,"best":75.558269663827,"gradient_rms":12.185521573560338,"update_rms":0.0031318512103759633,"accepted":true,"wall_s":6.687463607639074}
{"iteration":157,"score":75.6619628544977,"best":75.6619628544977,"gradient_rms":13.88837799639095,"update_rms":0.002976027939917452,"accepted":true,"wall_s":6.692845322191715}
{"iteration":158,"score":75.78121009648324,"best":75.78121009648324,"gradient_rms":12.704070209276011,"update_rms":0.0028373334991276373,"accepted":true,"wall_s":6.315082624554634}
{"iteration":159,"score":76.0086031768741,"best":76.0086031768741,"gradient_rms":8.78499296292605,"update_rms":0.0025445394799016056,"accepted":true,"wall_s":6.709894090890884}
{"iteration":160,"score":76.3596503311355,"best":76.3596503311355,"gradient_rms":17.591320298894473,"update_rms":0.0030667376623072016,"accepted":true,"wall_s":6.693373493850231}
{"iteration":161,"score":76.62299215659073,"best":76.62299215659073,"gradient_rms":11.863196683296291,"update_rms":0.0028044849537845512,"accepted":true,"wall_s":6.701201144605875}
{"iteration":162,"score":76.68867523122918,"best":76.68867523122918,"gradient_rms":10.837081821825507,"update_rms":0.0026017219304036074,"accepted":true,"wall_s":6.701446235179901}
{"iteration":163,"score":76.5681532090233,"best":76.68867523122918,"gradient_rms":10.803224181451382,"update_rms":0.0024613312692325254,"accepted":true,"wall_s":6.698967333883047}
{"iteration":164,"score":76.63699857471626,"best":76.68867523122918,"gradient_rms":13.50157201011508,"update_rms":0.0025637225962440234,"accepted":true,"wall_s":6.725851934403181}
{"iteration":165,"score":76.77131933562771,"best":76.77131933562771,"gradient_rms":9.63476344035772,"update_rms":0.002128361397153505,"accepted":true,"wall_s":6.704816065728664}
{"iteration":166,"score":76.8448783173992,"best":76.8448783173992,"gradient_rms":12.835092762016545,"update_rms":0.002494882324181333,"accepted":true,"wall_s":6.687323469668627}
{"iteration":167,"score":76.88775414740039,"best":76.88775414740039,"gradient_rms":10.800442768095648,"update_rms":0.002449643672709921,"accepted":true,"wall_s":6.709986109286547}
{"iteration":168,"score":76.94744446848625,"best":76.94744446848625,"gradient_rms":9.203031040008888,"update_rms":0.0022018639394549996,"accepted":true,"wall_s":6.305886462330818}
{"iteration":169,"score":77.07045992016697,"best":77.07045992016697,"gradient_rms":11.554168202142359,"update_rms":0.0024052447670055315,"accepted":true,"wall_s":6.714188102632761}
{"iteration":170,"score":77.19009434944734,"best":77.19009434944734,"gradient_rms":12.277451011796241,"update_rms":0.0025852374830955317,"accepted":true,"wall_s":6.721822451800108}
{"iteration":171,"score":77.17986839987284,"best":77.19009434944734,"gradient_rms":11.657628687997692,"update_rms":0.0027032410373550903,"accepted":true,"wall_s":6.710878688842058}
{"iteration":172,"score":77.15867950085793,"best":77.19009434944734,"gradient_rms":6.687796979805873,"update_rms":0.0022454536261869934,"accepted":true,"wall_s":6.716046843677759}
{"iteration":173,"score":77.04401827332319,"best":77.19009434944734,"gradient_rms":10.650628714979607,"update_rms":0.0022207738804691218,"accepted":true,"wall_s":6.322074167430401}
{"iteration":174,"score":76.88468909122217,"best":77.19009434944734,"gradient_rms":10.364658883960658,"update_rms":0.002216856944646076,"accepted":true,"wall_s":6.705790996551514}
{"iteration":175,"score":76.98390888016291,"best":77.19009434944734,"gradient_rms":11.176717848104321,"update_rms":0.0023171539991407204,"accepted":true,"wall_s":6.698371350765228}
{"iteration":176,"score":77.12217013229082,"best":77.19009434944734,"gradient_rms":10.032599673586619,"update_rms":0.0022260056364356664,"accepted":true,"wall_s":6.702276647090912}
{"iteration":177,"score":77.22592758757891,"best":77.22592758757891,"gradient_rms":11.361880633217238,"update_rms":0.002310590602666928,"accepted":true,"wall_s":6.703766003251076}
{"iteration":178,"score":77.23927023929303,"best":77.23927023929303,"gradient_rms":16.09311121350528,"update_rms":0.0029631815303039536,"accepted":true,"wall_s":6.3229905590415}
{"iteration":179,"score":77.14935646590024,"best":77.23927023929303,"gradient_rms":9.40902301135288,"update_rms":0.0026269140726935523,"accepted":true,"wall_s":6.6986614391207695}
{"iteration":180,"score":76.94096926770328,"best":77.23927023929303,"gradient_rms":14.960441550193442,"update_rms":0.002955540815251613,"accepted":true,"wall_s":6.311188664287329}
{"iteration":181,"score":76.85957289332656,"best":77.23927023929303,"gradient_rms":14.559207656368102,"update_rms":0.003073275561839293,"accepted":true,"wall_s":6.318334944546223}
{"iteration":182,"score":77.09250482199309,"best":77.23927023929303,"gradient_rms":16.015186236611324,"update_rms":0.0032601422931028447,"accepted":true,"wall_s":6.693770360201597}
{"iteration":183,"score":76.91357878603323,"best":77.23927023929303,"gradient_rms":21.132202482340716,"update_rms":0.0041490454055749275,"accepted":true,"wall_s":6.707884576171637}
{"iteration":184,"score":76.90525291735946,"best":77.23927023929303,"gradient_rms":17.235359079447107,"update_rms":0.003990748592482258,"accepted":true,"wall_s":6.693711586296558}
{"iteration":185,"score":77.00457216514313,"best":77.23927023929303,"gradient_rms":14.022179730414658,"update_rms":0.0037318672867979854,"accepted":true,"wall_s":6.324170503765345}
{"iteration":186,"score":77.2012491599259,"best":77.23927023929303,"gradient_rms":11.021081132230613,"update_rms":0.0032754118943235863,"accepted":true,"wall_s":6.69378824904561}
{"iteration":187,"score":76.78554699612728,"best":77.23927023929303,"gradient_rms":34.550734788674156,"update_rms":0.005718636972450701,"accepted":true,"wall_s":6.7207620441913605}
{"iteration":188,"score":76.23113997619892,"best":77.23927023929303,"gradient_rms":21.885671249485434,"update_rms":0.00524748774617243,"accepted":true,"wall_s":6.694677367806435}
{"iteration":189,"score":76.4548569541109,"best":77.23927023929303,"gradient_rms":8.543379358788792,"update_rms":0.004128737310531434,"accepted":true,"wall_s":6.708524517714977}
{"iteration":190,"score":76.8174847539296,"best":77.23927023929303,"gradient_rms":10.528859752422713,"update_rms":0.0033499498332153197,"accepted":true,"wall_s":6.700168207287788}
{"iteration":191,"score":76.61913600483845,"best":77.23927023929303,"gradient_rms":7.866488540420165,"update_rms":0.002772082187312239,"accepted":true,"wall_s":6.6971538588404655}
{"iteration":192,"score":76.28948726361568,"best":77.23927023929303,"gradient_rms":6.991331424808051,"update_rms":0.0022686594426959464,"accepted":true,"wall_s":6.696393862366676}
{"iteration":193,"score":76.46398668325715,"best":77.23927023929303,"gradient_rms":8.413694588135458,"update_rms":0.0020813895681630885,"accepted":true,"wall_s":6.694348823279142}
{"iteration":194,"score":76.63906192183323,"best":77.23927023929303,"gradient_rms":18.00519489533494,"update_rms":0.003298405779049743,"accepted":true,"wall_s":6.6922252885997295}
{"iteration":195,"score":76.8349049470644,"best":77.23927023929303,"gradient_rms":6.426782226248935,"update_rms":0.0025352783055097292,"accepted":true,"wall_s":6.690823290497065}
{"iteration":196,"score":77.27113939954505,"best":77.27113939954505,"gradient_rms":19.121316264130325,"update_rms":0.0035619209221365916,"accepted":true,"wall_s":6.701203174889088}
{"iteration":197,"score":77.01588846138405,"best":77.27113939954505,"gradient_rms":21.807294120559224,"update_rms":0.0044570626261729845,"accepted":true,"wall_s":6.7074770629405975}
{"iteration":198,"score":77.20053932483847,"best":77.27113939954505,"gradient_rms":6.054528416277024,"update_rms":0.003254596234424986,"accepted":true,"wall_s":6.6947586461901665}
{"iteration":199,"score":77.35434932289435,"best":77.35434932289435,"gradient_rms":8.427861577409635,"update_rms":0.002698214862690695,"accepted":true,"wall_s":6.69188816100359}
{"iteration":200,"score":77.03233674425753,"best":77.35434932289435,"gradient_rms":35.54995612306861,"update_rms":0.005937850439543748,"accepted":true,"wall_s":6.687392711639404}
{
  "status": "ok",
  "stop_reason": "completed_iterations",
  "initial_score": 3.856691737934654,
  "final_score": 77.03233674425753,
  "best_score": 77.35434932289435,
  "best_iteration": 199,
  "completed_iterations": 200,
  "completed_adam_steps": 197,
  "completed_optimizer_steps": 197,
  "total_wall_s": 1321.8965154215693,
  "initial_decode_wall_s": 0.0003570243716239929,
  "initial_score_wall_s": 0.8796398974955082,
  "mean_iteration_wall_s": 6.607507068794221,
  "manifest": {
    "protocol": {
      "id": "unregistered-experimental",
      "status": "unregistered-experimental",
      "stage": "optimization",
      "requirements": {
        "native_score_abi": 11,
        "native_score_library_sha256": "1c6c78b0dee662233215a56dbdc1e50b8ed29f2d0eee9ae8c4ff7d0403b895ed"
      },
      "actual": {
        "parameter_space": "data",
        "optimizer": "adam",
        "iterations": 200,
        "directions": 64,
        "perturbation": 0.0025,
        "learning_rate": 0.01,
        "beta1": 0.7,
        "beta2": 0.999,
        "flow_steps": 128,
        "gradient_mode": "random-orthogonal",
        "difference": "centered",
        "native_score_abi": 11,
        "native_score_library_sha256": "7b21e66329a23f18ef3cfab408d0a21410acea3c8d10d8b2463ccee7f5a3969f",
        "data_start_mode": "exact-unclipped"
      },
      "differences_from_current": {
        "perturbation": {
          "expected": 0.005,
          "actual": 0.0025
        },
        "learning_rate": {
          "expected": 0.02,
          "actual": 0.01
        },
        "parameter_space": {
          "expected": "latent",
          "actual": "data"
        },
        "native_score_library_sha256": {
          "expected": "1c6c78b0dee662233215a56dbdc1e50b8ed29f2d0eee9ae8c4ff7d0403b895ed",
          "actual": "7b21e66329a23f18ef3cfab408d0a21410acea3c8d10d8b2463ccee7f5a3969f"
        },
        "data_start_mode": {
          "expected": "not-applicable",
          "actual": "exact-unclipped"
        }
      }
    },
    "repository": {
      "commit": "70a1102829da50d9054d929d1cd7073780909268",
      "tracked_dirty": false,
      "available": true
    },
    "algorithm": "adam_with_query_batched_local_gradient",
    "optimizer": "adam",
    "parameter_space": "data",
    "gradient_objective": "dynamic local full-density score with coordinate and maximum-surface-selection derivatives omitted",
    "formal_objective": "complete native QH score for every accepted center",
    "initial_case": "/home/scc/pb24511935/local_surface_evaluator_runs/axisflip_r012_curvature_r04_adam200_20260903_70a1102/incomplete/axisflip_r012_case_0000020.worker2.2633191.partial/start.json",
    "initial_case_sha256": "bde30f4db829531fbd05265181d7b125a49e7df095b77f67075e68f7b9166780",
    "checkpoint": "/home/scc/pb24511935/local_surface_evaluator/runs/qh_flow_physical_lr_longselect_20260729/lr_3em4/checkpoint_latest.pt",
    "checkpoint_sha256": "39a3293a459e248a0d1ec062607a1a467128b14d8ca973aadd82e113532ab99f",
    "checkpoint_expectation": {
      "step": 30000,
      "sha256": null
    },
    "native_lib": "/home/scc/pb24511935/local_surface_evaluator_runs/axisflip_r012_curvature_r04_adam200_20260903_70a1102/build_curvature_r04/libstellarator_gpu.so",
    "native_lib_sha256": "7b21e66329a23f18ef3cfab408d0a21410acea3c8d10d8b2463ccee7f5a3969f",
    "native_score": {
      "abi": 11,
      "validated_default_library_sha256": "1c6c78b0dee662233215a56dbdc1e50b8ed29f2d0eee9ae8c4ff7d0403b895ed"
    },
    "nfp": 8,
    "n_base_coils": 3,
    "target_helicity": [
      1,
      8
    ],
    "iterations": 200,
    "max_wall_s": 26667.827802,
    "flow": {
      "method": "rk4",
      "steps": 128,
      "dtype": "fp32",
      "use": "none"
    },
    "flow_pipeline": false,
    "coordinate_gradient": {
      "dimension": 300,
      "mode": "random-orthogonal",
      "random_directions": 64,
      "endpoint_count": 128,
      "perturbation": 0.0025,
      "difference": "centered",
      "psi_grid": 48,
      "psi_iterations": 4,
      "alpha_iterations": 4,
      "formal_surface_theta_count": 128,
      "local_surface_theta_count": 64
    },
    "adam": {
      "learning_rate": 0.01,
      "beta1": 0.7,
      "beta2": 0.999,
      "epsilon": 1e-08,
      "weight_decay": 0.0
    },
    "bfgs": {
      "initial_trust_rms": 0.01,
      "min_trust_rms": 1e-05,
      "max_trust_rms": 0.05,
      "trust_growth": 1.2,
      "trust_shrink": 0.5,
      "min_improvement": 0.0
    },
    "seed": 120260926,
    "axis_policy": "recorded strict mixed-precision continuation from step 0",
    "recorded_initial_score_tolerance": 0.1,
    "devices": {
      "flow": 0,
      "score": 0
    },
    "initial_metadata_keys": [
      "data_prior_screening",
      "nfp",
      "raw"
    ],
    "data_parameterization": {
      "definition": "per-coordinate training-set standardization",
      "physical_mapping": "CoilNormalizer.inverse with canonical current L1/sign",
      "initial_source": "direct analytic-prior geometry with unclipped coordinates",
      "data_start_mode": "exact-unclipped",
      "initial_clipped_fraction": 0.0,
      "initial_roundtrip_relative_rms": 6.452391746953398e-16,
      "flow_calls_after_initialization": 0
    },
    "initial_consistency_gate": {
      "recorded_score": 3.855992390751853,
      "optimizer_score": 3.856691737934654,
      "absolute_delta": 0.0006993471828007358,
      "tolerance": 0.1,
      "recorded_axis_hint": [
        1.1106158934462524,
        1.8359966796771332e-09
      ],
      "optimizer_axis": [
        1.1106158934462524,
        1.8359966796771332e-09
      ],
      "axis_hint_distance": 0.0
    }
  }
}
