{"iteration":1,"score":74.23186218488559,"best":75.83195051732558,"gradient_rms":24.072418572022592,"update_rms":0.009999999980811214,"accepted":true,"wall_s":4.816590610891581}
{"iteration":2,"score":75.13857928474718,"best":75.83195051732558,"gradient_rms":23.930068698260683,"update_rms":0.007051427328136261,"accepted":true,"wall_s":4.833255589008331}
{"iteration":3,"score":75.85310096322982,"best":75.85310096322982,"gradient_rms":20.626515781666868,"update_rms":0.005927411349476132,"accepted":true,"wall_s":4.774041477590799}
{"iteration":4,"score":76.50186094842435,"best":76.50186094842435,"gradient_rms":14.771950096957207,"update_rms":0.004931505849004577,"accepted":true,"wall_s":4.787824142724276}
{"iteration":5,"score":76.63173361532857,"best":76.63173361532857,"gradient_rms":20.3644209561793,"update_rms":0.004794881983725826,"accepted":true,"wall_s":4.784038323909044}
{"iteration":6,"score":76.72679171666195,"best":76.72679171666195,"gradient_rms":15.46924636828409,"update_rms":0.004266729286399777,"accepted":true,"wall_s":4.805691543966532}
{"iteration":7,"score":76.12971202909392,"best":76.72679171666195,"gradient_rms":17.2939662465557,"update_rms":0.00415493704612979,"accepted":true,"wall_s":4.78555640950799}
{"iteration":8,"score":75.73278980090987,"best":76.72679171666195,"gradient_rms":10.105678796788144,"update_rms":0.0036092379187232827,"accepted":true,"wall_s":4.791807986795902}
{"iteration":9,"score":74.36144373472399,"best":76.72679171666195,"gradient_rms":23.291059112034475,"update_rms":0.004215242461618226,"accepted":true,"wall_s":4.517375372350216}
{"iteration":10,"score":74.07765129642985,"best":76.72679171666195,"gradient_rms":16.044949970277013,"update_rms":0.004031496577220934,"accepted":true,"wall_s":4.5054155848920345}
{"iteration":11,"score":73.81939578815067,"best":76.72679171666195,"gradient_rms":11.352296457225421,"update_rms":0.003437769404388228,"accepted":true,"wall_s":4.51546673849225}
{"iteration":12,"score":74.05994131899533,"best":76.72679171666195,"gradient_rms":22.610094164810867,"update_rms":0.004161107293023159,"accepted":true,"wall_s":4.787990145385265}
{"iteration":13,"score":75.27072779658401,"best":76.72679171666195,"gradient_rms":17.31777193856514,"update_rms":0.004124924352037861,"accepted":true,"wall_s":4.811327733099461}
{"iteration":14,"score":76.28486268470607,"best":76.72679171666195,"gradient_rms":17.81454618038663,"update_rms":0.004098398468591783,"accepted":true,"wall_s":4.790466081351042}
{"iteration":15,"score":76.4111466573708,"best":76.72679171666195,"gradient_rms":16.116480422437572,"update_rms":0.003797588352376335,"accepted":true,"wall_s":4.790412075817585}
{"iteration":16,"score":76.22942850037064,"best":76.72679171666195,"gradient_rms":9.22863164889961,"update_rms":0.0031130047172362257,"accepted":true,"wall_s":4.79096981883049}
{"iteration":17,"score":75.92053276548819,"best":76.72679171666195,"gradient_rms":10.412240692223612,"update_rms":0.002867995809857007,"accepted":true,"wall_s":4.8013842180371284}
{"iteration":18,"score":75.21860494906562,"best":76.72679171666195,"gradient_rms":7.021224648340237,"update_rms":0.0024475883096512696,"accepted":true,"wall_s":4.793460886925459}
{"iteration":19,"score":75.23402509830848,"best":76.72679171666195,"gradient_rms":15.681680177830616,"update_rms":0.0032859289171963393,"accepted":true,"wall_s":4.794686630368233}
{"iteration":20,"score":75.72172465595183,"best":76.72679171666195,"gradient_rms":11.50860602676825,"update_rms":0.003113106062537837,"accepted":true,"wall_s":4.795544292777777}
{"iteration":21,"score":76.84015467036315,"best":76.84015467036315,"gradient_rms":14.741276698687308,"update_rms":0.003297095590398486,"accepted":true,"wall_s":4.802146285772324}
{"iteration":22,"score":76.94460287089844,"best":76.94460287089844,"gradient_rms":11.449532728108698,"update_rms":0.0030904861413966786,"accepted":true,"wall_s":4.801830425858498}
{"iteration":23,"score":76.62595639109094,"best":76.94460287089844,"gradient_rms":29.24357203420637,"update_rms":0.005206998563514926,"accepted":true,"wall_s":4.796074144542217}
{"iteration":24,"score":75.5078517470088,"best":76.94460287089844,"gradient_rms":16.842707603674192,"update_rms":0.004735572827653714,"accepted":true,"wall_s":4.531405437737703}
{"iteration":25,"score":74.35440615311214,"best":76.94460287089844,"gradient_rms":18.91613010007005,"update_rms":0.0045226416923973105,"accepted":true,"wall_s":4.789359923452139}
{"iteration":26,"score":75.00108496772746,"best":76.94460287089844,"gradient_rms":20.697579604256692,"update_rms":0.004775761097811926,"accepted":true,"wall_s":4.796789474785328}
{"iteration":27,"score":77.09837998692264,"best":77.09837998692264,"gradient_rms":21.44337819939517,"update_rms":0.004628991722705105,"accepted":true,"wall_s":4.80174358189106}
{"iteration":28,"score":77.14010157853981,"best":77.14010157853981,"gradient_rms":18.997930326018803,"update_rms":0.004582724136607737,"accepted":true,"wall_s":4.797928839921951}
{"iteration":29,"score":77.1346815960162,"best":77.14010157853981,"gradient_rms":16.942812605418677,"update_rms":0.004301433098602017,"accepted":true,"wall_s":4.800300143659115}
{"iteration":30,"score":76.86106780037694,"best":77.14010157853981,"gradient_rms":21.574193946975463,"update_rms":0.004632756334558871,"accepted":true,"wall_s":4.7979572378098965}
{"iteration":31,"score":76.7644300354806,"best":77.14010157853981,"gradient_rms":20.806572158746235,"update_rms":0.004803357584268302,"accepted":true,"wall_s":4.800196699798107}
{"iteration":32,"score":76.7689249332923,"best":77.14010157853981,"gradient_rms":19.57859583918458,"update_rms":0.004771549421024807,"accepted":true,"wall_s":4.7952550277113914}
{"iteration":33,"score":76.03661684858616,"best":77.14010157853981,"gradient_rms":16.697953782171872,"update_rms":0.004353358847978788,"accepted":true,"wall_s":4.7983930967748165}
{"iteration":34,"score":75.49022342712425,"best":77.14010157853981,"gradient_rms":11.088163212228535,"update_rms":0.0037505267288583336,"accepted":true,"wall_s":4.800374373793602}
{"iteration":35,"score":75.69276503855265,"best":77.14010157853981,"gradient_rms":13.023206770128924,"update_rms":0.003422527611394623,"accepted":true,"wall_s":4.8018901869654655}
{"iteration":36,"score":76.7605293883037,"best":77.14010157853981,"gradient_rms":24.613739188642505,"update_rms":0.004901611119863005,"accepted":true,"wall_s":4.796779543161392}
{"iteration":37,"score":76.99859137519582,"best":77.14010157853981,"gradient_rms":33.46729092353373,"update_rms":0.005880554481379278,"accepted":true,"wall_s":4.803328391164541}
{"iteration":38,"score":76.66115928382172,"best":77.14010157853981,"gradient_rms":12.330908512157391,"update_rms":0.004611448644434438,"accepted":true,"wall_s":4.799666814506054}
{"iteration":39,"score":76.6668689291784,"best":77.14010157853981,"gradient_rms":16.892719389555246,"update_rms":0.004130392781296281,"accepted":true,"wall_s":4.803703062236309}
{"iteration":40,"score":76.00393060086598,"best":77.14010157853981,"gradient_rms":14.389743162022787,"update_rms":0.0038619994554815527,"accepted":true,"wall_s":4.793540071696043}
{"iteration":41,"score":74.79601573138109,"best":77.14010157853981,"gradient_rms":25.14176947745744,"update_rms":0.004880250417460365,"accepted":true,"wall_s":4.791303440928459}
{"iteration":42,"score":77.00495490114912,"best":77.14010157853981,"gradient_rms":31.791827806121326,"update_rms":0.006047189826342903,"accepted":true,"wall_s":4.803289383649826}
{"iteration":43,"score":76.78080251548674,"best":77.14010157853981,"gradient_rms":12.23841311895564,"update_rms":0.004675300560823655,"accepted":true,"wall_s":4.795268386602402}
{"iteration":44,"score":76.57659254647506,"best":77.14010157853981,"gradient_rms":9.85476938234365,"update_rms":0.003625611281253355,"accepted":true,"wall_s":4.799984220415354}
{"iteration":45,"score":76.84798859570148,"best":77.14010157853981,"gradient_rms":16.487032256187476,"update_rms":0.0036997326757775115,"accepted":true,"wall_s":4.801466457545757}
{"iteration":46,"score":76.94974486719201,"best":77.14010157853981,"gradient_rms":14.099936535351873,"update_rms":0.003436858054928072,"accepted":true,"wall_s":4.791589792817831}
{"iteration":47,"score":77.19986680250199,"best":77.19986680250199,"gradient_rms":33.36953409614749,"update_rms":0.005911150024833741,"accepted":true,"wall_s":4.531348790973425}
{"iteration":48,"score":76.18318794342728,"best":77.19986680250199,"gradient_rms":19.397300000426636,"update_rms":0.00519861035908872,"accepted":true,"wall_s":4.800641946494579}
{"iteration":49,"score":75.74656733152612,"best":77.19986680250199,"gradient_rms":15.888147359803998,"update_rms":0.004702802704373269,"accepted":true,"wall_s":4.801569692790508}
{"iteration":50,"score":75.97097320463516,"best":77.19986680250199,"gradient_rms":31.051411831173297,"update_rms":0.0056455969144777705,"accepted":true,"wall_s":4.813515119254589}
{"iteration":51,"score":77.54876280567112,"best":77.54876280567112,"gradient_rms":26.27351708659038,"update_rms":0.00535035766019178,"accepted":true,"wall_s":4.804542440921068}
{"iteration":52,"score":77.86192477352466,"best":77.86192477352466,"gradient_rms":23.148578986764797,"update_rms":0.005091340806314467,"accepted":true,"wall_s":4.810672078281641}
{"iteration":53,"score":78.0309822088442,"best":78.0309822088442,"gradient_rms":16.554168103449356,"update_rms":0.004401883051561248,"accepted":true,"wall_s":4.814758811146021}
{"iteration":54,"score":77.99933268854296,"best":78.0309822088442,"gradient_rms":13.783867490937274,"update_rms":0.003663794964091856,"accepted":true,"wall_s":4.80188811570406}
{"iteration":55,"score":77.85152979769249,"best":78.0309822088442,"gradient_rms":10.960646782495155,"update_rms":0.00319110083769733,"accepted":true,"wall_s":4.798494294285774}
{"iteration":56,"score":77.18899671848291,"best":78.0309822088442,"gradient_rms":16.82628198151244,"update_rms":0.0036017425516434286,"accepted":true,"wall_s":4.799760725349188}
{"iteration":57,"score":75.59846014157722,"best":78.0309822088442,"gradient_rms":15.667478512604353,"update_rms":0.003700961944644895,"accepted":true,"wall_s":4.8028785064816475}
{"iteration":58,"score":76.00167853254503,"best":78.0309822088442,"gradient_rms":22.7733382041226,"update_rms":0.004501578090077452,"accepted":true,"wall_s":4.801526814699173}
{"iteration":59,"score":77.84299206952886,"best":78.0309822088442,"gradient_rms":17.21531304187032,"update_rms":0.004116159531466316,"accepted":true,"wall_s":4.524098668247461}
{"iteration":60,"score":78.70331219935954,"best":78.70331219935954,"gradient_rms":12.84480999593227,"update_rms":0.003484171333333404,"accepted":true,"wall_s":4.805219169706106}
{"iteration":61,"score":78.67628687094593,"best":78.70331219935954,"gradient_rms":9.184525618595316,"update_rms":0.0027883681587177454,"accepted":true,"wall_s":4.8011674508452415}
{"iteration":62,"score":78.73896859203725,"best":78.73896859203725,"gradient_rms":29.188733924521326,"update_rms":0.004915344518414342,"accepted":true,"wall_s":4.527525153011084}
{"iteration":63,"score":78.73078892715944,"best":78.73896859203725,"gradient_rms":12.879660270875874,"update_rms":0.004063565021479633,"accepted":true,"wall_s":4.8332676365971565}
{"iteration":64,"score":78.85120294243995,"best":78.85120294243995,"gradient_rms":9.56548399704388,"update_rms":0.003248303972726355,"accepted":true,"wall_s":4.804743949323893}
{"iteration":65,"score":78.85379151692464,"best":78.85379151692464,"gradient_rms":13.353822202904599,"update_rms":0.0031231391672592954,"accepted":true,"wall_s":4.82664405927062}
{"iteration":66,"score":78.48385617757842,"best":78.85379151692464,"gradient_rms":14.011286766026469,"update_rms":0.0031022414544729852,"accepted":true,"wall_s":4.810863949358463}
{"iteration":67,"score":78.1485517812138,"best":78.85379151692464,"gradient_rms":18.69693735446993,"update_rms":0.0036460582327579264,"accepted":true,"wall_s":4.806095257401466}
{"iteration":68,"score":78.1011211636086,"best":78.85379151692464,"gradient_rms":18.163305811312554,"update_rms":0.0038152094774614614,"accepted":true,"wall_s":4.802612144500017}
{"iteration":69,"score":78.25045308733087,"best":78.85379151692464,"gradient_rms":17.069512541644762,"update_rms":0.0038672110284257814,"accepted":true,"wall_s":4.808535773307085}
{"iteration":70,"score":78.39345815038115,"best":78.85379151692464,"gradient_rms":13.060294971469116,"update_rms":0.003369947577285141,"accepted":true,"wall_s":4.803120672702789}
{"iteration":71,"score":78.5774870955677,"best":78.85379151692464,"gradient_rms":21.717839288623054,"update_rms":0.004215446863787913,"accepted":true,"wall_s":4.80169915035367}
{"iteration":72,"score":78.6631062680232,"best":78.85379151692464,"gradient_rms":16.405029989553437,"update_rms":0.003928727723078798,"accepted":true,"wall_s":4.802299749106169}
{"iteration":73,"score":78.63173639041352,"best":78.85379151692464,"gradient_rms":14.628268226167544,"update_rms":0.0036544690170727755,"accepted":true,"wall_s":4.801814362406731}
{"iteration":74,"score":78.56879654506477,"best":78.85379151692464,"gradient_rms":12.773155354614618,"update_rms":0.0033646578470986495,"accepted":true,"wall_s":4.807570472359657}
{"iteration":75,"score":78.30540339927161,"best":78.85379151692464,"gradient_rms":16.64145507512794,"update_rms":0.003812174245181387,"accepted":true,"wall_s":4.798340555280447}
{"iteration":76,"score":78.22144958265132,"best":78.85379151692464,"gradient_rms":13.17113237067497,"update_rms":0.00336510317532322,"accepted":true,"wall_s":4.803047329187393}
{"iteration":77,"score":78.46213352680431,"best":78.85379151692464,"gradient_rms":16.721672770947574,"update_rms":0.0036468266611901752,"accepted":true,"wall_s":4.808425173163414}
{"iteration":78,"score":78.2296633282325,"best":78.85379151692464,"gradient_rms":29.051616176336665,"update_rms":0.005223642288571558,"accepted":true,"wall_s":4.524180144071579}
{"iteration":79,"score":77.9425552468168,"best":78.85379151692464,"gradient_rms":16.91116331108578,"update_rms":0.004547173538930059,"accepted":true,"wall_s":4.7924053482711315}
{"iteration":80,"score":78.41645668398081,"best":78.85379151692464,"gradient_rms":23.992834577835797,"update_rms":0.004950235333525354,"accepted":true,"wall_s":4.795609414577484}
{"iteration":81,"score":78.23370852245021,"best":78.85379151692464,"gradient_rms":15.779939894181675,"update_rms":0.004212412933979683,"accepted":true,"wall_s":4.796932328492403}
{"iteration":82,"score":77.90757344118889,"best":78.85379151692464,"gradient_rms":25.283724751453967,"update_rms":0.005119368627248692,"accepted":true,"wall_s":4.795802377164364}
{"iteration":83,"score":77.31648124992137,"best":78.85379151692464,"gradient_rms":28.01111977432872,"update_rms":0.005752082834939028,"accepted":true,"wall_s":4.802184600383043}
{"iteration":84,"score":77.62387074656561,"best":78.85379151692464,"gradient_rms":34.11945603272704,"update_rms":0.006562926741497535,"accepted":true,"wall_s":4.803581953048706}
{"iteration":85,"score":78.55632396625705,"best":78.85379151692464,"gradient_rms":37.67177486422154,"update_rms":0.007204885474234647,"accepted":true,"wall_s":4.803836718201637}
{"iteration":86,"score":78.46593482784976,"best":78.85379151692464,"gradient_rms":24.931061710997337,"update_rms":0.006185327841539077,"accepted":true,"wall_s":4.8016810193657875}
{"iteration":87,"score":78.53060920317722,"best":78.85379151692464,"gradient_rms":20.7108001232407,"update_rms":0.0053166957421186605,"accepted":true,"wall_s":4.798549335449934}
{"iteration":88,"score":78.75724444763092,"best":78.85379151692464,"gradient_rms":17.172285065132048,"update_rms":0.00447755075045017,"accepted":true,"wall_s":4.806333493441343}
{"iteration":89,"score":78.8621600756626,"best":78.8621600756626,"gradient_rms":10.33822180747219,"update_rms":0.003567748844959757,"accepted":true,"wall_s":4.531528260558844}
{"iteration":90,"score":78.87943833623292,"best":78.87943833623292,"gradient_rms":11.868256751250595,"update_rms":0.003152057599865604,"accepted":true,"wall_s":4.541595250368118}
{"iteration":91,"score":78.93103253755393,"best":78.93103253755393,"gradient_rms":19.39451573686291,"update_rms":0.0035695842066718543,"accepted":true,"wall_s":4.804855663329363}
{"iteration":92,"score":79.00868523025345,"best":79.00868523025345,"gradient_rms":36.4020245638568,"update_rms":0.005980219055784802,"accepted":true,"wall_s":4.822383146733046}
{"iteration":93,"score":78.87262381510087,"best":79.00868523025345,"gradient_rms":41.02635726512547,"update_rms":0.007447679492957159,"accepted":true,"wall_s":4.820508237928152}
{"iteration":94,"score":78.5783914999599,"best":79.00868523025345,"gradient_rms":26.286079396345624,"update_rms":0.0064628701916386545,"accepted":true,"wall_s":4.802671164274216}
{"iteration":95,"score":77.3708082709864,"best":79.00868523025345,"gradient_rms":37.50114504302586,"update_rms":0.006820574489155795,"accepted":true,"wall_s":4.8029090240597725}
{"iteration":96,"score":76.63632584467865,"best":79.00868523025345,"gradient_rms":34.021926902254435,"update_rms":0.006594242336456453,"accepted":true,"wall_s":4.7987758703529835}
{"iteration":97,"score":78.21115780236342,"best":79.00868523025345,"gradient_rms":27.92102590554086,"update_rms":0.006001527043927731,"accepted":true,"wall_s":4.795671928673983}
{"iteration":98,"score":78.08005858898343,"best":79.00868523025345,"gradient_rms":15.894857482442674,"update_rms":0.004805713465946642,"accepted":true,"wall_s":4.801276050508022}
{"iteration":99,"score":78.59894792276692,"best":79.00868523025345,"gradient_rms":21.174477739788596,"update_rms":0.00471299857146108,"accepted":true,"wall_s":4.809995472431183}
{"iteration":100,"score":78.51385328093262,"best":79.00868523025345,"gradient_rms":24.872502376889894,"update_rms":0.00504666357672965,"accepted":true,"wall_s":4.798932828009129}
{"iteration":101,"score":78.43244602357987,"best":79.00868523025345,"gradient_rms":18.598633676362386,"update_rms":0.00438949301197367,"accepted":true,"wall_s":4.7967314049601555}
{"iteration":102,"score":78.40933291321703,"best":79.00868523025345,"gradient_rms":16.384139761918345,"update_rms":0.003993100148924408,"accepted":true,"wall_s":4.801562055945396}
{"iteration":103,"score":78.53866351862376,"best":79.00868523025345,"gradient_rms":19.013660384078243,"update_rms":0.0036631095586798675,"accepted":true,"wall_s":4.8152719885110855}
{"iteration":104,"score":78.72697070683327,"best":79.00868523025345,"gradient_rms":24.037636064388863,"update_rms":0.004372972927727383,"accepted":true,"wall_s":4.795295812189579}
{"iteration":105,"score":78.56270237307604,"best":79.00868523025345,"gradient_rms":17.628325694603816,"update_rms":0.004180317043571337,"accepted":true,"wall_s":4.543455123901367}
{"iteration":106,"score":78.51222089785496,"best":79.00868523025345,"gradient_rms":26.17153733574679,"update_rms":0.004866635916778314,"accepted":true,"wall_s":4.806439206004143}
{"iteration":107,"score":78.07102551037579,"best":79.00868523025345,"gradient_rms":21.349829945714145,"update_rms":0.004528575919846184,"accepted":true,"wall_s":4.532126661390066}
{"iteration":108,"score":78.57632196265357,"best":79.00868523025345,"gradient_rms":27.58374783635851,"update_rms":0.004961216932204123,"accepted":true,"wall_s":4.801141649484634}
{"iteration":109,"score":77.40001553463448,"best":79.00868523025345,"gradient_rms":45.778344690669485,"update_rms":0.007307616110918744,"accepted":true,"wall_s":4.813897762447596}
{"iteration":110,"score":77.4738513928957,"best":79.00868523025345,"gradient_rms":36.70656093741869,"update_rms":0.007197706844448513,"accepted":true,"wall_s":4.801015254110098}
{"iteration":111,"score":78.70746943277443,"best":79.00868523025345,"gradient_rms":29.357443196614366,"update_rms":0.006404037513582551,"accepted":true,"wall_s":4.808773033320904}
{"iteration":112,"score":78.35990028599515,"best":79.00868523025345,"gradient_rms":39.85073983805405,"update_rms":0.0070199686299698685,"accepted":true,"wall_s":4.806142311543226}
{"iteration":113,"score":77.07694635664245,"best":79.00868523025345,"gradient_rms":41.35909973752621,"update_rms":0.00744336525698993,"accepted":true,"wall_s":4.810488823801279}
{"iteration":114,"score":78.1760834275795,"best":79.00868523025345,"gradient_rms":30.68627700184331,"update_rms":0.006480804247955435,"accepted":true,"wall_s":4.815079901367426}
{"iteration":115,"score":78.82871366814383,"best":79.00868523025345,"gradient_rms":28.359458648683777,"update_rms":0.005881532222736671,"accepted":true,"wall_s":4.8063031025230885}
{"iteration":116,"score":78.7660501160926,"best":79.00868523025345,"gradient_rms":29.561426220949883,"update_rms":0.005964882456957793,"accepted":true,"wall_s":4.797070644795895}
{"iteration":117,"score":78.91670377769853,"best":79.00868523025345,"gradient_rms":38.84530485484874,"update_rms":0.006823199281810932,"accepted":true,"wall_s":4.797504115849733}
{"iteration":118,"score":78.94689061856384,"best":79.00868523025345,"gradient_rms":10.959749317240297,"update_rms":0.005071822929706643,"accepted":true,"wall_s":4.799231119453907}
{"iteration":119,"score":78.99450935453642,"best":79.00868523025345,"gradient_rms":16.687681912565985,"update_rms":0.004011902007382657,"accepted":true,"wall_s":4.798477817326784}
{"iteration":120,"score":79.11333698900529,"best":79.11333698900529,"gradient_rms":11.56046441389224,"update_rms":0.003249449005298244,"accepted":true,"wall_s":4.811926003545523}
{"iteration":121,"score":79.2050548723124,"best":79.2050548723124,"gradient_rms":13.695501047341528,"update_rms":0.002902421423814032,"accepted":true,"wall_s":4.800147533416748}
{"iteration":122,"score":79.27307158697282,"best":79.27307158697282,"gradient_rms":13.246941920767483,"update_rms":0.002580688651004177,"accepted":true,"wall_s":4.796795696020126}
{"iteration":123,"score":79.30847590065326,"best":79.30847590065326,"gradient_rms":19.413902046011447,"update_rms":0.0032667587251103683,"accepted":true,"wall_s":4.525322254747152}
{"iteration":124,"score":79.34659932235036,"best":79.34659932235036,"gradient_rms":16.553885065700683,"update_rms":0.00336701967262122,"accepted":true,"wall_s":4.5290351659059525}
{"iteration":125,"score":79.55657160744637,"best":79.55657160744637,"gradient_rms":20.608516299508175,"update_rms":0.0037449881967474953,"accepted":true,"wall_s":4.810890622437}
{"iteration":126,"score":79.62665651176945,"best":79.62665651176945,"gradient_rms":18.552455367365084,"update_rms":0.0037497122165849224,"accepted":true,"wall_s":4.81097486615181}
{"iteration":127,"score":79.71747740735948,"best":79.71747740735948,"gradient_rms":18.380683969727336,"update_rms":0.0034241609221302718,"accepted":true,"wall_s":4.828226201236248}
{"iteration":128,"score":79.6651493360384,"best":79.71747740735948,"gradient_rms":23.96951154082082,"update_rms":0.0040275855170978075,"accepted":true,"wall_s":4.800680335611105}
{"iteration":129,"score":79.69326613281805,"best":79.71747740735948,"gradient_rms":21.024359817502763,"update_rms":0.003926565480417076,"accepted":true,"wall_s":4.800101701170206}
{"iteration":130,"score":79.5266497379588,"best":79.71747740735948,"gradient_rms":22.840361837917314,"update_rms":0.004208655465907192,"accepted":true,"wall_s":4.8025443106889725}
{"iteration":131,"score":78.64535276550347,"best":79.71747740735948,"gradient_rms":24.4053739018911,"update_rms":0.0043511487519186445,"accepted":true,"wall_s":4.800273288041353}
{"iteration":132,"score":79.17885160143227,"best":79.71747740735948,"gradient_rms":22.529786108165876,"update_rms":0.00418637060924572,"accepted":true,"wall_s":4.524659562855959}
{"iteration":133,"score":78.75590461659006,"best":79.71747740735948,"gradient_rms":17.7680288453751,"update_rms":0.0037613894961482553,"accepted":true,"wall_s":4.8011233024299145}
{"iteration":134,"score":79.02342182095705,"best":79.71747740735948,"gradient_rms":25.34155152726111,"update_rms":0.0042146235951915625,"accepted":true,"wall_s":4.822700802236795}
{"iteration":135,"score":79.53425236592854,"best":79.71747740735948,"gradient_rms":23.224806362236443,"update_rms":0.0041165091550337905,"accepted":true,"wall_s":4.808518558740616}
{"iteration":136,"score":79.1074880066138,"best":79.71747740735948,"gradient_rms":30.58327409479074,"update_rms":0.004888818920418159,"accepted":true,"wall_s":4.805228099226952}
{"iteration":137,"score":78.28081782627558,"best":79.71747740735948,"gradient_rms":25.96000039778509,"update_rms":0.004758354942497527,"accepted":true,"wall_s":4.808085177093744}
{"iteration":138,"score":78.36751818386246,"best":79.71747740735948,"gradient_rms":20.23517222143195,"update_rms":0.004240795681567221,"accepted":true,"wall_s":4.8057506158947945}
{"iteration":139,"score":78.7787421411394,"best":79.71747740735948,"gradient_rms":37.06331985273507,"update_rms":0.005864223512773367,"accepted":true,"wall_s":4.80380242317915}
{"iteration":140,"score":78.92287184325878,"best":79.71747740735948,"gradient_rms":23.842247200414935,"update_rms":0.005111949845148961,"accepted":true,"wall_s":4.53464037925005}
{"iteration":141,"score":78.95189793475024,"best":79.71747740735948,"gradient_rms":31.726697480586317,"update_rms":0.0056994107443654254,"accepted":true,"wall_s":4.530007943511009}
{"iteration":142,"score":78.93675269157404,"best":79.71747740735948,"gradient_rms":20.837593327249095,"update_rms":0.0049103322696897244,"accepted":true,"wall_s":4.799319859594107}
{"iteration":143,"score":78.8696861731143,"best":79.71747740735948,"gradient_rms":18.198624932239603,"update_rms":0.004278362109903714,"accepted":true,"wall_s":4.521708305925131}
{"iteration":144,"score":78.676686783309,"best":79.71747740735948,"gradient_rms":24.589558907826657,"update_rms":0.004597859907734771,"accepted":true,"wall_s":4.796334207057953}
{"iteration":145,"score":78.42181332137442,"best":79.71747740735948,"gradient_rms":24.164374550017566,"update_rms":0.004637413015321486,"accepted":true,"wall_s":4.800867922604084}
{"iteration":146,"score":78.45087579373225,"best":79.71747740735948,"gradient_rms":32.69574657794976,"update_rms":0.005533000776370983,"accepted":true,"wall_s":4.798370741307735}
{"iteration":147,"score":78.61830453046404,"best":79.71747740735948,"gradient_rms":42.112898051542786,"update_rms":0.006367888042134179,"accepted":true,"wall_s":4.817202638834715}
{"iteration":148,"score":78.07024701254736,"best":79.71747740735948,"gradient_rms":21.650903562429964,"update_rms":0.005209079900419026,"accepted":true,"wall_s":4.802322506904602}
{"iteration":149,"score":76.61452492267074,"best":79.71747740735948,"gradient_rms":19.8844056511381,"update_rms":0.004598830309269812,"accepted":true,"wall_s":4.797244891524315}
{"iteration":150,"score":78.27306677827826,"best":79.71747740735948,"gradient_rms":35.44919652924201,"update_rms":0.005547610978417886,"accepted":true,"wall_s":4.538663484156132}
{"iteration":151,"score":78.28236625906062,"best":79.71747740735948,"gradient_rms":22.701378904641825,"update_rms":0.004765633884015743,"accepted":true,"wall_s":4.807128503918648}
{"iteration":152,"score":78.14812437249975,"best":79.71747740735948,"gradient_rms":18.498129236879382,"update_rms":0.004004328505093708,"accepted":true,"wall_s":4.804215751588345}
{"iteration":153,"score":77.90847303983412,"best":79.71747740735948,"gradient_rms":20.784751021776383,"update_rms":0.004002552538185176,"accepted":true,"wall_s":4.80580186098814}
{"iteration":154,"score":77.74548926632671,"best":79.71747740735948,"gradient_rms":15.966043746786669,"update_rms":0.0034854613802274533,"accepted":true,"wall_s":4.799899026751518}
{"iteration":155,"score":77.86378775628562,"best":79.71747740735948,"gradient_rms":14.519933368769074,"update_rms":0.002982284469420217,"accepted":true,"wall_s":4.796643361449242}
{"iteration":156,"score":78.20706820432247,"best":79.71747740735948,"gradient_rms":15.33236556341433,"update_rms":0.0028049433670379303,"accepted":true,"wall_s":4.793817013502121}
{"iteration":157,"score":78.73400870776985,"best":79.71747740735948,"gradient_rms":17.499152332348533,"update_rms":0.0029282325783042103,"accepted":true,"wall_s":4.801343142986298}
{"iteration":158,"score":79.21345897355087,"best":79.71747740735948,"gradient_rms":14.690252070166704,"update_rms":0.002816800483247006,"accepted":true,"wall_s":4.801035851240158}
{"iteration":159,"score":79.40586821036734,"best":79.71747740735948,"gradient_rms":27.6966660529271,"update_rms":0.004075228934071247,"accepted":true,"wall_s":4.524513423442841}
{"iteration":160,"score":79.36788858129296,"best":79.71747740735948,"gradient_rms":15.785184118736494,"update_rms":0.0035086531654626384,"accepted":true,"wall_s":4.5214499197900295}
{"iteration":161,"score":78.04448782558022,"best":79.71747740735948,"gradient_rms":23.81278836779971,"update_rms":0.004003635254151062,"accepted":true,"wall_s":4.812772061675787}
{"iteration":162,"score":78.16034111765735,"best":79.71747740735948,"gradient_rms":31.00331953458251,"update_rms":0.005140049848853211,"accepted":true,"wall_s":4.800278317183256}
{"iteration":163,"score":78.19145279141584,"best":79.71747740735948,"gradient_rms":20.75995223404009,"update_rms":0.004468389042679268,"accepted":true,"wall_s":4.8188332207500935}
{"iteration":164,"score":77.49568926864332,"best":79.71747740735948,"gradient_rms":24.874367784964054,"update_rms":0.004463597191481745,"accepted":true,"wall_s":4.525601763278246}
{"iteration":165,"score":78.15680893351545,"best":79.71747740735948,"gradient_rms":38.075947494841465,"update_rms":0.005876574874146599,"accepted":true,"wall_s":4.807421166449785}
{"iteration":166,"score":78.76764999420536,"best":79.71747740735948,"gradient_rms":20.868461772640657,"update_rms":0.004810124887464378,"accepted":true,"wall_s":4.8190986923873425}
{"iteration":167,"score":78.09670900510105,"best":79.71747740735948,"gradient_rms":23.543069091332242,"update_rms":0.004677847102918189,"accepted":true,"wall_s":4.818803753703833}
{"iteration":168,"score":77.67267737628862,"best":79.71747740735948,"gradient_rms":26.544797172101998,"update_rms":0.00472930374377685,"accepted":true,"wall_s":4.527704823762178}
{"iteration":169,"score":77.66944268993926,"best":79.71747740735948,"gradient_rms":44.428245929148154,"update_rms":0.006495652163236004,"accepted":true,"wall_s":4.798600055277348}
{"iteration":170,"score":79.4657699835308,"best":79.71747740735948,"gradient_rms":33.225511559183765,"update_rms":0.006272977288432165,"accepted":true,"wall_s":4.809458903968334}
{"iteration":171,"score":79.17849242166704,"best":79.71747740735948,"gradient_rms":29.850606836275908,"update_rms":0.006068986206962205,"accepted":true,"wall_s":4.815744113177061}
{"iteration":172,"score":79.50725089532898,"best":79.71747740735948,"gradient_rms":27.477721955138346,"update_rms":0.005702902599480171,"accepted":true,"wall_s":4.772970400750637}
{"iteration":173,"score":79.82772754490136,"best":79.82772754490136,"gradient_rms":20.03480138505143,"update_rms":0.004919586947922901,"accepted":true,"wall_s":4.727117296308279}
{"iteration":174,"score":80.11862280185781,"best":80.11862280185781,"gradient_rms":16.705921399879745,"update_rms":0.004018284714526094,"accepted":true,"wall_s":4.720122393220663}
{"iteration":175,"score":80.13427478374965,"best":80.13427478374965,"gradient_rms":27.735261647447732,"update_rms":0.004362895387052319,"accepted":true,"wall_s":4.730914171785116}
{"iteration":176,"score":80.34949145859977,"best":80.34949145859977,"gradient_rms":28.419686341944118,"update_rms":0.004730891993970202,"accepted":true,"wall_s":4.512111514806747}
{"iteration":177,"score":80.11734551283347,"best":80.34949145859977,"gradient_rms":25.16316901172795,"update_rms":0.004672104435077951,"accepted":true,"wall_s":4.533093478530645}
{"iteration":178,"score":80.4906036244239,"best":80.4906036244239,"gradient_rms":23.61384269799541,"update_rms":0.00450068217765704,"accepted":true,"wall_s":4.820110768079758}
{"iteration":179,"score":80.50297790475514,"best":80.50297790475514,"gradient_rms":22.28182188615981,"update_rms":0.004391186076640704,"accepted":true,"wall_s":4.522405177354813}
{"iteration":180,"score":80.63916378173384,"best":80.63916378173384,"gradient_rms":23.71347003047236,"update_rms":0.0043625412483584355,"accepted":true,"wall_s":4.765193410217762}
{"iteration":181,"score":80.52341885871608,"best":80.63916378173384,"gradient_rms":16.140417879066423,"update_rms":0.003783788182429944,"accepted":true,"wall_s":4.7165712006390095}
{"iteration":182,"score":80.01639688451507,"best":80.63916378173384,"gradient_rms":21.801611527538665,"update_rms":0.0038489477514276663,"accepted":true,"wall_s":4.721629410982132}
{"iteration":183,"score":80.49766933573036,"best":80.63916378173384,"gradient_rms":21.951767214919954,"update_rms":0.003803771161302181,"accepted":true,"wall_s":4.717227768152952}
{"iteration":184,"score":79.38068785809922,"best":80.63916378173384,"gradient_rms":27.176184744764,"update_rms":0.004496714843331973,"accepted":true,"wall_s":4.7058599554002285}
{"iteration":185,"score":80.62009426266107,"best":80.63916378173384,"gradient_rms":30.30881961955585,"update_rms":0.0049571637139194545,"accepted":true,"wall_s":4.721522249281406}
{"iteration":186,"score":80.55239903744655,"best":80.63916378173384,"gradient_rms":20.493041034114164,"update_rms":0.00439376391202754,"accepted":true,"wall_s":4.712327919900417}
{"iteration":187,"score":80.03258840645803,"best":80.63916378173384,"gradient_rms":24.106183544981594,"update_rms":0.004594766210019588,"accepted":true,"wall_s":4.440281320363283}
{"iteration":188,"score":80.13753765397517,"best":80.63916378173384,"gradient_rms":30.354280397182393,"update_rms":0.005106338958515238,"accepted":true,"wall_s":4.716424148529768}
{"iteration":189,"score":80.3676202068015,"best":80.63916378173384,"gradient_rms":24.830685956236934,"update_rms":0.004759225936756408,"accepted":true,"wall_s":4.757235512137413}
{"iteration":190,"score":80.54468550638833,"best":80.63916378173384,"gradient_rms":26.839497507773626,"update_rms":0.004904829022301027,"accepted":true,"wall_s":4.7971295565366745}
{"iteration":191,"score":80.73213580491036,"best":80.73213580491036,"gradient_rms":11.292898434746629,"update_rms":0.0037281538753338923,"accepted":true,"wall_s":4.798226315528154}
{"iteration":192,"score":80.71971455500993,"best":80.73213580491036,"gradient_rms":18.39022295965253,"update_rms":0.0035123210368880092,"accepted":true,"wall_s":4.793470807373524}
{"iteration":193,"score":80.69949616274869,"best":80.73213580491036,"gradient_rms":18.947190708629403,"update_rms":0.003437890241674094,"accepted":true,"wall_s":4.797167245298624}
{"iteration":194,"score":80.80565130594815,"best":80.80565130594815,"gradient_rms":22.593904026558167,"update_rms":0.0037577498970594665,"accepted":true,"wall_s":4.800111550837755}
{"iteration":195,"score":80.79087609295247,"best":80.80565130594815,"gradient_rms":24.00130372209569,"update_rms":0.0038368580358597464,"accepted":true,"wall_s":4.790354605764151}
{"iteration":196,"score":80.85226553582424,"best":80.85226553582424,"gradient_rms":33.49462467016677,"update_rms":0.00519282795154736,"accepted":true,"wall_s":4.525954104959965}
{"iteration":197,"score":80.63968743989874,"best":80.85226553582424,"gradient_rms":21.049345213872105,"update_rms":0.004845190180275648,"accepted":true,"wall_s":4.524256054311991}
{"iteration":198,"score":80.17375428611702,"best":80.85226553582424,"gradient_rms":30.724939931958723,"update_rms":0.005454773895992768,"accepted":true,"wall_s":4.811044201254845}
{"iteration":199,"score":79.2391112145429,"best":80.85226553582424,"gradient_rms":27.583675257158486,"update_rms":0.005301234084382688,"accepted":true,"wall_s":4.808112155646086}
{"iteration":200,"score":79.24140581078925,"best":80.85226553582424,"gradient_rms":26.685895577000085,"update_rms":0.004959883870565226,"accepted":true,"wall_s":4.809290897101164}
{
  "status": "ok",
  "stop_reason": "completed_iterations",
  "initial_score": 75.83195051732558,
  "final_score": 79.24140581078925,
  "best_score": 80.85226553582424,
  "best_iteration": 196,
  "completed_iterations": 200,
  "completed_adam_steps": 200,
  "completed_optimizer_steps": 200,
  "total_wall_s": 951.930093344301,
  "initial_decode_wall_s": 0.00039869174361228943,
  "initial_score_wall_s": 0.7620945572853088,
  "mean_iteration_wall_s": 4.7576681762933735,
  "manifest": {
    "protocol": {
      "id": "unregistered-experimental",
      "status": "unregistered-experimental",
      "stage": "optimization",
      "requirements": {
        "native_score_abi": 11,
        "native_score_library_sha256": "1c6c78b0dee662233215a56dbdc1e50b8ed29f2d0eee9ae8c4ff7d0403b895ed"
      },
      "actual": {
        "parameter_space": "data",
        "optimizer": "adam",
        "iterations": 200,
        "directions": 64,
        "perturbation": 0.0025,
        "learning_rate": 0.01,
        "beta1": 0.7,
        "beta2": 0.999,
        "flow_steps": 128,
        "gradient_mode": "random-orthogonal",
        "difference": "centered",
        "native_score_abi": 11,
        "native_score_library_sha256": "1c6c78b0dee662233215a56dbdc1e50b8ed29f2d0eee9ae8c4ff7d0403b895ed",
        "target_helicity": [
          1,
          -5
        ],
        "data_start_mode": "exact-unclipped"
      },
      "differences_from_current": {
        "perturbation": {
          "expected": 0.005,
          "actual": 0.0025
        },
        "learning_rate": {
          "expected": 0.02,
          "actual": 0.01
        },
        "parameter_space": {
          "expected": "latent",
          "actual": "data"
        },
        "target_helicity": {
          "expected": [
            1,
            5
          ],
          "actual": [
            1,
            -5
          ]
        },
        "data_start_mode": {
          "expected": "not-applicable",
          "actual": "exact-unclipped"
        }
      }
    },
    "repository": {
      "commit": "729e592dfd7227d60d00fee68f63841bede65e1d",
      "tracked_dirty": false,
      "available": true
    },
    "algorithm": "adam_with_query_batched_local_gradient",
    "optimizer": "adam",
    "parameter_space": "data",
    "gradient_objective": "dynamic local full-density score with coordinate and maximum-surface-selection derivatives omitted",
    "formal_objective": "complete native QH score for every accepted center",
    "initial_case": "/home/scc/pb24511935/local_surface_evaluator_runs/axis_surface_prior_v3_negative_hand_continue_20260902_729e592/incomplete/axisv3_case_01341_continue_adam200.worker0.479847.partial/start.json",
    "initial_case_sha256": "94a7a416d546b08cdac11f6454a5b75f5880420db872542cd249ad9ba43b9a69",
    "checkpoint": "/home/scc/pb24511935/local_surface_evaluator/runs/qh_flow_physical_lr_longselect_20260729/lr_3em4/checkpoint_latest.pt",
    "checkpoint_sha256": "39a3293a459e248a0d1ec062607a1a467128b14d8ca973aadd82e113532ab99f",
    "native_lib": "/home/scc/pb24511935/local_surface_evaluator_worktrees/main/gpu_backend/build_native_score/libstellarator_gpu.so",
    "native_lib_sha256": "1c6c78b0dee662233215a56dbdc1e50b8ed29f2d0eee9ae8c4ff7d0403b895ed",
    "native_score": {
      "abi": 11,
      "validated_default_library_sha256": "1c6c78b0dee662233215a56dbdc1e50b8ed29f2d0eee9ae8c4ff7d0403b895ed"
    },
    "nfp": 5,
    "n_base_coils": 3,
    "target_helicity": [
      1,
      -5
    ],
    "iterations": 200,
    "max_wall_s": 7200.0,
    "flow": {
      "method": "rk4",
      "steps": 128,
      "dtype": "fp32",
      "use": "none"
    },
    "flow_pipeline": false,
    "coordinate_gradient": {
      "dimension": 300,
      "mode": "random-orthogonal",
      "random_directions": 64,
      "endpoint_count": 128,
      "perturbation": 0.0025,
      "difference": "centered",
      "psi_grid": 48,
      "psi_iterations": 4,
      "alpha_iterations": 4,
      "formal_surface_theta_count": 128,
      "local_surface_theta_count": 64
    },
    "adam": {
      "learning_rate": 0.01,
      "beta1": 0.7,
      "beta2": 0.999,
      "epsilon": 1e-08,
      "weight_decay": 0.0
    },
    "bfgs": {
      "initial_trust_rms": 0.01,
      "min_trust_rms": 1e-05,
      "max_trust_rms": 0.05,
      "trust_growth": 1.2,
      "trust_shrink": 0.5,
      "min_improvement": 0.0
    },
    "seed": 20290920,
    "axis_policy": "initial global search, then strict mixed-precision continuation",
    "devices": {
      "flow": 0,
      "score": 0
    },
    "initial_metadata_keys": [
      "data_prior_screening",
      "nfp",
      "original_space_local_gradient_adam",
      "raw"
    ],
    "data_parameterization": {
      "definition": "per-coordinate training-set standardization",
      "physical_mapping": "CoilNormalizer.inverse with canonical current L1/sign",
      "initial_source": "direct analytic-prior geometry with unclipped coordinates",
      "data_start_mode": "exact-unclipped",
      "initial_clipped_fraction": 0.0,
      "initial_roundtrip_relative_rms": 0.0,
      "flow_calls_after_initialization": 0
    }
  }
}
