{"iteration":1,"score":93.56589067415776,"best":93.56589067415776,"gradient_rms":1.3095171279990883,"update_rms":0.00125,"accepted":true,"wall_s":19.369069116888568}
{"iteration":2,"score":93.56589067415774,"best":93.56589067415776,"gradient_rms":1.4015131611927762,"update_rms":0.0,"accepted":false,"wall_s":20.73404885805212}
{"iteration":3,"score":93.56589067415776,"best":93.56589067415776,"gradient_rms":1.401513161192737,"update_rms":0.0,"accepted":false,"wall_s":20.44442785787396}
{"iteration":4,"score":93.56589067415776,"best":93.56589067415776,"gradient_rms":1.40151316119277,"update_rms":0.0,"accepted":false,"wall_s":20.493282735114917}
{"iteration":5,"score":93.56589067415776,"best":93.56589067415776,"gradient_rms":1.4015131611927865,"update_rms":0.0,"accepted":false,"wall_s":20.39197168010287}
{"iteration":6,"score":93.56840297400133,"best":93.56840297400133,"gradient_rms":1.401513161192775,"update_rms":9.765625e-06,"accepted":true,"wall_s":20.456281560007483}
{"iteration":7,"score":93.56840297400133,"best":93.56840297400133,"gradient_rms":1.199317426644344,"update_rms":0.0,"accepted":false,"wall_s":20.4856933709234}
{"iteration":8,"score":93.56840297400133,"best":93.56840297400133,"gradient_rms":1.1993174266443114,"update_rms":0.0,"accepted":false,"wall_s":20.449297175044194}
{"iteration":9,"score":93.56840297400133,"best":93.56840297400133,"gradient_rms":1.1993174266443172,"update_rms":0.0,"accepted":false,"wall_s":20.421587174991146}
{"iteration":10,"score":93.56840297400133,"best":93.56840297400133,"gradient_rms":1.199317426644287,"update_rms":0.0,"accepted":false,"wall_s":20.42623581411317}
{"iteration":11,"score":93.56840297400133,"best":93.56840297400133,"gradient_rms":1.1993174266443247,"update_rms":0.0,"accepted":false,"wall_s":20.416829398833215}
{"iteration":12,"score":93.56840297400133,"best":93.56840297400133,"gradient_rms":1.1993174266443025,"update_rms":0.0,"accepted":false,"wall_s":20.438256504945457}
{"iteration":13,"score":93.56840297400133,"best":93.56840297400133,"gradient_rms":1.1993174266443298,"update_rms":0.0,"accepted":false,"wall_s":20.421501646051183}
{"iteration":14,"score":93.56840297400132,"best":93.56840297400133,"gradient_rms":1.1993174266442979,"update_rms":0.0,"accepted":false,"wall_s":20.403707139892504}
{"iteration":15,"score":93.56840297400133,"best":93.56840297400133,"gradient_rms":1.1993174266443059,"update_rms":0.0,"accepted":false,"wall_s":20.46972357411869}
{"iteration":16,"score":93.56840297400133,"best":93.56840297400133,"gradient_rms":1.1993174266442592,"update_rms":0.0,"accepted":false,"wall_s":20.48214135481976}
{"iteration":17,"score":93.56840297400133,"best":93.56840297400133,"gradient_rms":1.1993174266443731,"update_rms":0.0,"accepted":false,"wall_s":20.42901746602729}
{"iteration":18,"score":93.56840297400133,"best":93.56840297400133,"gradient_rms":1.199317426644339,"update_rms":0.0,"accepted":false,"wall_s":20.61239647399634}
{"iteration":19,"score":93.56840297400133,"best":93.56840297400133,"gradient_rms":1.1993174266443016,"update_rms":0.0,"accepted":false,"wall_s":20.493706250097603}
{"iteration":20,"score":93.56840297400133,"best":93.56840297400133,"gradient_rms":1.1993174266443345,"update_rms":0.0,"accepted":false,"wall_s":20.50989065389149}
{"iteration":21,"score":93.56840297400133,"best":93.56840297400133,"gradient_rms":1.1993174266443154,"update_rms":0.0,"accepted":false,"wall_s":20.49403953203}
{"iteration":22,"score":93.56840297400133,"best":93.56840297400133,"gradient_rms":1.1993174266443416,"update_rms":0.0,"accepted":false,"wall_s":20.417072352953255}
{"iteration":23,"score":93.56840297400133,"best":93.56840297400133,"gradient_rms":1.199317426644307,"update_rms":0.0,"accepted":false,"wall_s":20.5272195530124}
{"iteration":24,"score":93.56840297400133,"best":93.56840297400133,"gradient_rms":1.1993174266442836,"update_rms":0.0,"accepted":false,"wall_s":20.428347300970927}
{"iteration":25,"score":93.56840297400132,"best":93.56840297400133,"gradient_rms":1.1993174266442672,"update_rms":0.0,"accepted":false,"wall_s":20.41370170004666}
{"iteration":26,"score":93.56840297400133,"best":93.56840297400133,"gradient_rms":1.1993174266442994,"update_rms":0.0,"accepted":false,"wall_s":20.414869381813332}
{"iteration":27,"score":93.56840297400133,"best":93.56840297400133,"gradient_rms":1.1993174266443085,"update_rms":0.0,"accepted":false,"wall_s":20.435878071933985}
{"iteration":28,"score":93.56840297400133,"best":93.56840297400133,"gradient_rms":1.1993174266443127,"update_rms":0.0,"accepted":false,"wall_s":20.40876295696944}
{"iteration":29,"score":93.56840297400133,"best":93.56840297400133,"gradient_rms":1.1993174266442774,"update_rms":0.0,"accepted":false,"wall_s":20.421726739034057}
{"iteration":30,"score":93.56840297400133,"best":93.56840297400133,"gradient_rms":1.199317426644299,"update_rms":0.0,"accepted":false,"wall_s":20.465854140929878}
{"iteration":31,"score":93.56840297400133,"best":93.56840297400133,"gradient_rms":1.1993174266443647,"update_rms":0.0,"accepted":false,"wall_s":20.483647930901498}
{"iteration":32,"score":93.56840297400133,"best":93.56840297400133,"gradient_rms":1.1993174266443265,"update_rms":0.0,"accepted":false,"wall_s":20.601426566950977}
{"iteration":33,"score":93.56840297400133,"best":93.56840297400133,"gradient_rms":1.1993174266443338,"update_rms":0.0,"accepted":false,"wall_s":20.405590494163334}
{"iteration":34,"score":93.56840297400133,"best":93.56840297400133,"gradient_rms":1.1993174266443622,"update_rms":0.0,"accepted":false,"wall_s":20.568714031018317}
{"iteration":35,"score":93.56840297400133,"best":93.56840297400133,"gradient_rms":1.199317426644364,"update_rms":0.0,"accepted":false,"wall_s":20.464344535022974}
{"iteration":36,"score":93.56840297400133,"best":93.56840297400133,"gradient_rms":1.199317426644288,"update_rms":0.0,"accepted":false,"wall_s":20.568701001117006}
{"iteration":37,"score":93.56840297400132,"best":93.56840297400133,"gradient_rms":1.1993174266442865,"update_rms":0.0,"accepted":false,"wall_s":20.46123832720332}
{"iteration":38,"score":93.56840297400133,"best":93.56840297400133,"gradient_rms":1.1993174266443645,"update_rms":0.0,"accepted":false,"wall_s":20.508645022986457}
{"iteration":39,"score":93.56840297400133,"best":93.56840297400133,"gradient_rms":1.1993174266443378,"update_rms":0.0,"accepted":false,"wall_s":20.460570983123034}
{"iteration":40,"score":93.56840297400133,"best":93.56840297400133,"gradient_rms":1.199317426644301,"update_rms":0.0,"accepted":false,"wall_s":20.552075356943533}
{
  "status": "ok",
  "stop_reason": "completed_iterations",
  "initial_score": 93.5316874736769,
  "final_score": 93.56840297400133,
  "best_score": 93.56840297400133,
  "best_iteration": 6,
  "completed_iterations": 40,
  "completed_adam_steps": 0,
  "completed_optimizer_steps": 2,
  "total_wall_s": 826.5375752809923,
  "initial_decode_wall_s": 1.482565987855196,
  "initial_score_wall_s": 0.7602173320483416,
  "mean_iteration_wall_s": 20.446287294622742,
  "manifest": {
    "algorithm": "bfgs_with_query_batched_local_gradient",
    "optimizer": "bfgs",
    "gradient_objective": "dynamic local full-density score with coordinate and maximum-surface-selection derivatives omitted",
    "formal_objective": "complete native QH score for every accepted center",
    "initial_case": "/home/scc/pb24511935/local_surface_evaluator/runtimes/local_score_d1b140f/reports/assets/local_query_batch_gradient_20260812/long_start10_36541/trajectory/step_1250.json",
    "initial_case_sha256": "07e2697b13bd3983a35237e2cc27f2a0ac6018060f1c9cef4be930e79d340fd9",
    "checkpoint": "/home/scc/pb24511935/local_surface_evaluator/runs/qh_flow_physical_lr_longselect_20260729/lr_3em4/checkpoint_latest.pt",
    "checkpoint_sha256": "39a3293a459e248a0d1ec062607a1a467128b14d8ca973aadd82e113532ab99f",
    "native_lib": "/home/scc/pb24511935/local_surface_evaluator/runtimes/local_score_d1b140f/gpu_backend/build_query_batch/libstellarator_gpu.so",
    "native_lib_sha256": "7834a88d5437ba9910c78bb0eb5483efc71134579624ee2cc74100297a5799a3",
    "nfp": 4,
    "n_base_coils": 3,
    "iterations": 40,
    "max_wall_s": 2100.0,
    "flow": {
      "method": "rk4",
      "steps": 128,
      "dtype": "fp32"
    },
    "coordinate_gradient": {
      "dimension": 300,
      "mode": "coordinate",
      "random_directions": null,
      "endpoint_count": 600,
      "perturbation": 0.005,
      "difference": "centered",
      "psi_grid": 48,
      "psi_iterations": 4,
      "alpha_iterations": 4,
      "formal_surface_theta_count": 128,
      "local_surface_theta_count": 64
    },
    "adam": {
      "learning_rate": 0.01,
      "beta1": 0.7,
      "beta2": 0.999,
      "epsilon": 1e-08,
      "weight_decay": 0.0
    },
    "bfgs": {
      "initial_trust_rms": 0.005,
      "min_trust_rms": 1e-05,
      "max_trust_rms": 0.02,
      "trust_growth": 1.2,
      "trust_shrink": 0.5,
      "min_improvement": 0.0
    },
    "seed": 20260812,
    "axis_policy": "initial global search, then strict mixed-precision continuation",
    "devices": {
      "flow": 0,
      "score": 1
    },
    "initial_metadata_keys": [
      "flow_prior_local_full_gradient_adam",
      "nfp",
      "raw"
    ]
  }
}
