Poincare currents normalized by mean|I|=230229
Stopping box: R=[0.657039, 1.38778], Z=[-0.364443, 0.364443]
R0 range = [1.23934, 1.26466], boundary R(phi=0) approx 1.26599
Beginning field line tracing
Poincare hits per line = [355, 355, 354, 354, 353, 353, 353, 353, 353, 353, 353, 353, 353, 353, 353, 353]
Saved Poincare plot to /home/scc/pb24511935/local_surface_evaluator/runs/alpha_nu_guarded_candidate275_20260729_relaxed/poincare_guarded_boozer_rho1.png
{
  "hit_counts": [
    355,
    355,
    354,
    354,
    353,
    353,
    353,
    353,
    353,
    353,
    353,
    353,
    353,
    353,
    353,
    353
  ],
  "seed_r_min": 1.239340512441178,
  "seed_r_max": 1.2646582584724193,
  "surface_r_outer_phi0": 1.265990771421432,
  "edge_fraction": 0.95,
  "tmax_fl": 200000000.0,
  "tol": 1e-11,
  "psi_drift": null,
  "save_path": "/home/scc/pb24511935/local_surface_evaluator/runs/alpha_nu_guarded_candidate275_20260729_relaxed/poincare_guarded_boozer_rho1.png"
}
