{"iteration":1,"score":0.3687777051842544,"best":0.3687777051842544,"gradient_rms":67.85064330512947,"update_rms":0.002999999997290635,"noise_rms":0.9423573669134678,"wall_s":16.410897916182876}
{"iteration":2,"score":0.36905228518733474,"best":0.36905228518733474,"gradient_rms":0.12151766987853296,"update_rms":0.0020074502095844085,"noise_rms":0.942415127426204,"wall_s":14.82985956594348}
{"iteration":3,"score":0.3701932277841947,"best":0.3701932277841947,"gradient_rms":123.01847665360839,"update_rms":0.001857998587354842,"noise_rms":0.9425394920019884,"wall_s":16.415826577693224}
{"iteration":4,"score":0.37225867676013497,"best":0.37225867676013497,"gradient_rms":0.07939676230155544,"update_rms":0.0015218604640896479,"noise_rms":0.9426440727011836,"wall_s":16.264302767813206}
{"iteration":5,"score":5.791590303861134,"best":5.791590303861134,"gradient_rms":128.42040362097262,"update_rms":0.0014143473694982233,"noise_rms":0.9426958404352904,"wall_s":17.929232992231846}
{"iteration":6,"score":6.51734236183025,"best":6.51734236183025,"gradient_rms":154.1853863242424,"update_rms":0.0014065142548945271,"noise_rms":0.9427607946024983,"wall_s":20.417398691177368}
{"iteration":7,"score":6.52374732433257,"best":6.52374732433257,"gradient_rms":133.7430746020478,"update_rms":0.001320185956528192,"noise_rms":0.9428745102844233,"wall_s":20.871042627841234}
{"iteration":8,"score":6.5463883742229285,"best":6.5463883742229285,"gradient_rms":110.71733975567307,"update_rms":0.001209313433689532,"noise_rms":0.9429843230670332,"wall_s":20.33771711960435}
{"iteration":9,"score":6.537891219261063,"best":6.5463883742229285,"gradient_rms":12.34405969776109,"update_rms":0.0010773700706437758,"noise_rms":0.9430886350097574,"wall_s":20.27677458152175}
{"iteration":10,"score":6.539429950352285,"best":6.5463883742229285,"gradient_rms":1.5740294997684223,"update_rms":0.0009604863323407774,"noise_rms":0.9431824026930885,"wall_s":20.3326549641788}
{"iteration":11,"score":6.54026989488253,"best":6.5463883742229285,"gradient_rms":1.4951691109810292,"update_rms":0.0008613453526561982,"noise_rms":0.9432670160266607,"wall_s":21.4970173407346}
{"iteration":12,"score":6.549583820932101,"best":6.549583820932101,"gradient_rms":1.6296367851883582,"update_rms":0.0007749733063656342,"noise_rms":0.943343507090104,"wall_s":20.5272409748286}
{"iteration":13,"score":6.562462249237226,"best":6.562462249237226,"gradient_rms":5.746098995676676,"update_rms":0.0006990033679416597,"noise_rms":0.9434158586442157,"wall_s":20.257997080683708}
{"iteration":14,"score":6.567556474774981,"best":6.567556474774981,"gradient_rms":6.178979193284555,"update_rms":0.0006320150767091953,"noise_rms":0.9434778783932266,"wall_s":20.106127521023154}
{"iteration":15,"score":6.567593443221399,"best":6.567593443221399,"gradient_rms":7.507509922496228,"update_rms":0.0005737266709989284,"noise_rms":0.9435370568034924,"wall_s":20.187138179317117}
{"iteration":16,"score":6.568005147404124,"best":6.568005147404124,"gradient_rms":6.895460843543889,"update_rms":0.0005260338768856827,"noise_rms":0.9435924921884902,"wall_s":20.463759016245604}
{"iteration":17,"score":6.570199180038852,"best":6.570199180038852,"gradient_rms":10.220199166458515,"update_rms":0.0004804576272540662,"noise_rms":0.9436451447065621,"wall_s":20.94871592335403}
{"iteration":18,"score":6.977785471853168,"best":6.977785471853168,"gradient_rms":8.41997266435965,"update_rms":0.00043868110908040276,"noise_rms":0.9436925621658272,"wall_s":20.19724395684898}
{"iteration":19,"score":6.987627417334508,"best":6.987627417334508,"gradient_rms":10.936256780722312,"update_rms":0.0003993339306608989,"noise_rms":0.9437341056328352,"wall_s":20.213286453858018}
{"iteration":20,"score":6.991474190207693,"best":6.991474190207693,"gradient_rms":10.079745912112728,"update_rms":0.00036807274044467925,"noise_rms":0.9437712462369302,"wall_s":20.10102686472237}
{"iteration":21,"score":6.994385934376715,"best":6.994385934376715,"gradient_rms":6.823849982231972,"update_rms":0.0003361273079580177,"noise_rms":0.943809982093591,"wall_s":20.300128150731325}
{"iteration":22,"score":6.99316654207392,"best":6.994385934376715,"gradient_rms":7.412076201094233,"update_rms":0.0003129031220498907,"noise_rms":0.9438457621005656,"wall_s":21.387372311204672}
{"iteration":23,"score":6.9991047742974715,"best":6.9991047742974715,"gradient_rms":7.73319834896462,"update_rms":0.0002941914034874838,"noise_rms":0.9438766000920749,"wall_s":21.033166090026498}
{"iteration":24,"score":7.0035460875054065,"best":7.0035460875054065,"gradient_rms":5.846359378070654,"update_rms":0.000268936588041357,"noise_rms":0.9439060712198727,"wall_s":20.50693411938846}
{"iteration":25,"score":7.007948294051422,"best":7.007948294051422,"gradient_rms":10.731924412683865,"update_rms":0.00025347923000617955,"noise_rms":0.943932755199573,"wall_s":20.154057197272778}
{"iteration":26,"score":7.00709510202924,"best":7.007948294051422,"gradient_rms":5.181130982507386,"update_rms":0.00024111678465181936,"noise_rms":0.9439582811139552,"wall_s":20.823489647358656}
{"iteration":27,"score":7.012760605295348,"best":7.012760605295348,"gradient_rms":7.969930845031126,"update_rms":0.00023486962661112927,"noise_rms":0.9439823331183438,"wall_s":20.86515756882727}
{"iteration":28,"score":7.0144241102256295,"best":7.0144241102256295,"gradient_rms":1.4530046018271743,"update_rms":0.0002147627280597117,"noise_rms":0.9440040664661934,"wall_s":20.280604565516114}
{"iteration":29,"score":6.998718277997321,"best":7.0144241102256295,"gradient_rms":0.6896548382686419,"update_rms":0.00019571876038502944,"noise_rms":0.9440237144493251,"wall_s":20.31086900830269}
{"iteration":30,"score":7.003031758045905,"best":7.0144241102256295,"gradient_rms":1.0006044720520049,"update_rms":0.00017901264816950764,"noise_rms":0.9440421043303749,"wall_s":20.861475383862853}
{"iteration":31,"score":7.0050139127038005,"best":7.0144241102256295,"gradient_rms":0.9611265606463234,"update_rms":0.000162378288200684,"noise_rms":0.9440581695832534,"wall_s":20.881880965083838}
{"iteration":32,"score":7.009157524352175,"best":7.0144241102256295,"gradient_rms":6.039920617178187,"update_rms":0.0001557967418173996,"noise_rms":0.9440745984785031,"wall_s":21.309658536687493}
{"iteration":33,"score":7.013774060066795,"best":7.0144241102256295,"gradient_rms":2.0838170589393075,"update_rms":0.0001433018677241589,"noise_rms":0.9440876478501538,"wall_s":20.174638053402305}
{"iteration":34,"score":7.018469147322034,"best":7.018469147322034,"gradient_rms":1.500774995772997,"update_rms":0.00013193956730241972,"noise_rms":0.9440999243997226,"wall_s":20.262512683868408}
{"iteration":35,"score":7.020161847446476,"best":7.020161847446476,"gradient_rms":6.5450411768208685,"update_rms":0.00013715894441402527,"noise_rms":0.9441121890842534,"wall_s":20.709751708433032}
{"iteration":36,"score":7.0216653258288995,"best":7.0216653258288995,"gradient_rms":1.9108013300251498,"update_rms":0.0001257126719893024,"noise_rms":0.9441233604241848,"wall_s":20.942179575562477}
{"iteration":37,"score":7.02218948293578,"best":7.02218948293578,"gradient_rms":1.0842939169883687,"update_rms":0.00011525633514613743,"noise_rms":0.9441339177560627,"wall_s":20.154720470309258}
{"iteration":38,"score":7.0265122949347285,"best":7.0265122949347285,"gradient_rms":6.5309625213052716,"update_rms":0.00012002825864149075,"noise_rms":0.9441479622255509,"wall_s":20.435352761298418}
{"iteration":39,"score":7.033160423012709,"best":7.033160423012709,"gradient_rms":0.7197494452784486,"update_rms":0.00010961243297349975,"noise_rms":0.9441609262902642,"wall_s":20.677694922313094}
{"iteration":40,"score":7.031710518319957,"best":7.033160423012709,"gradient_rms":1.0687550036286586,"update_rms":9.980710682138202e-05,"noise_rms":0.9441718409451433,"wall_s":21.406471509486437}
{"iteration":41,"score":7.035536666601271,"best":7.035536666601271,"gradient_rms":1.9124506314384757,"update_rms":9.334152239332643e-05,"noise_rms":0.9441814927656704,"wall_s":21.815414199605584}
{"iteration":42,"score":7.037312978553401,"best":7.037312978553401,"gradient_rms":0.48503209806092284,"update_rms":8.486981654140885e-05,"noise_rms":0.9441906571707251,"wall_s":20.298016810789704}
{"iteration":43,"score":7.041878379836583,"best":7.041878379836583,"gradient_rms":0.7427297865809358,"update_rms":7.79328049924197e-05,"noise_rms":0.9441988546107895,"wall_s":20.553116850554943}
{"iteration":44,"score":7.041288194688859,"best":7.041878379836583,"gradient_rms":1.5757707716748222,"update_rms":7.324696265443136e-05,"noise_rms":0.9442069488443392,"wall_s":20.220310609787703}
{"iteration":45,"score":7.044263796171701,"best":7.044263796171701,"gradient_rms":1.322938279344782,"update_rms":6.753460948694259e-05,"noise_rms":0.9442147398592088,"wall_s":20.16466306336224}
{"iteration":46,"score":7.046479980808828,"best":7.046479980808828,"gradient_rms":0.7009388236379354,"update_rms":6.191532050699402e-05,"noise_rms":0.9442215892914148,"wall_s":20.8446551207453}
{"iteration":47,"score":7.045540116241821,"best":7.046479980808828,"gradient_rms":1.3848832136205382,"update_rms":5.777882107277198e-05,"noise_rms":0.9442272371481913,"wall_s":20.463820207864046}
{"iteration":48,"score":7.046996491719286,"best":7.046996491719286,"gradient_rms":2.352844611624458,"update_rms":5.889927075773399e-05,"noise_rms":0.9442315184103892,"wall_s":20.541072364896536}
{"iteration":49,"score":7.045509438203943,"best":7.046996491719286,"gradient_rms":1.648606688917335,"update_rms":5.8068214388683476e-05,"noise_rms":0.9442350593140104,"wall_s":20.32321409136057}
{"iteration":50,"score":7.048341721918499,"best":7.048341721918499,"gradient_rms":1.684876960314843,"update_rms":5.554151360233196e-05,"noise_rms":0.9442372415965976,"wall_s":21.016044437885284}
{"iteration":51,"score":7.0507675953692175,"best":7.0507675953692175,"gradient_rms":1.191853039879201,"update_rms":5.28914059563231e-05,"noise_rms":0.9442399221977364,"wall_s":21.074318286031485}
{"iteration":52,"score":7.0486963571326156,"best":7.0507675953692175,"gradient_rms":0.8894478981852283,"update_rms":4.860953673175619e-05,"noise_rms":0.9442426391828581,"wall_s":20.49618119932711}
{"iteration":53,"score":7.053742415405793,"best":7.053742415405793,"gradient_rms":0.9091109980009088,"update_rms":4.4345408700050226e-05,"noise_rms":0.9442445700210924,"wall_s":20.134188376367092}
{"iteration":54,"score":7.054039376401805,"best":7.054039376401805,"gradient_rms":1.676621134311317,"update_rms":4.419808855818262e-05,"noise_rms":0.9442461982688722,"wall_s":20.18979155831039}
{"iteration":55,"score":7.05371307388774,"best":7.054039376401805,"gradient_rms":0.9775712471070257,"update_rms":4.019599731958847e-05,"noise_rms":0.944246943062393,"wall_s":20.11257528886199}
{"iteration":56,"score":7.0550698901797215,"best":7.0550698901797215,"gradient_rms":1.528606952852152,"update_rms":3.9616764645013195e-05,"noise_rms":0.9442475720263429,"wall_s":20.71387762390077}
{"iteration":57,"score":7.053686877835911,"best":7.0550698901797215,"gradient_rms":1.296702310011519,"update_rms":3.819205870085752e-05,"noise_rms":0.9442484932969335,"wall_s":21.005210822448134}
{"iteration":58,"score":7.057120890162076,"best":7.057120890162076,"gradient_rms":1.363129671724372,"update_rms":3.757285958559392e-05,"noise_rms":0.9442483299664468,"wall_s":20.11894234456122}
{"iteration":59,"score":7.0520056477777135,"best":7.057120890162076,"gradient_rms":0.6736503959006104,"update_rms":3.431789271139516e-05,"noise_rms":0.944248642420602,"wall_s":20.096864260733128}
{"iteration":60,"score":7.057837847734425,"best":7.057837847734425,"gradient_rms":0.750417159889801,"update_rms":3.210854505275082e-05,"noise_rms":0.9442491381668393,"wall_s":20.923591719940305}
{"iteration":61,"score":7.056820086872356,"best":7.057837847734425,"gradient_rms":1.5151707678237394,"update_rms":3.199551934103447e-05,"noise_rms":0.9442475507290004,"wall_s":20.177585953846574}
{"iteration":62,"score":7.058308176670183,"best":7.058308176670183,"gradient_rms":1.413106219088082,"update_rms":3.255699578300098e-05,"noise_rms":0.9442471423783109,"wall_s":20.651513040065765}
{"iteration":63,"score":7.0615951784727,"best":7.0615951784727,"gradient_rms":1.5046120433459167,"update_rms":3.401393824871257e-05,"noise_rms":0.9442458011410525,"wall_s":20.39204080402851}
{"iteration":64,"score":7.062724497830305,"best":7.062724497830305,"gradient_rms":1.1517224233955383,"update_rms":3.560691863566128e-05,"noise_rms":0.9442452085456958,"wall_s":20.11133474484086}
{"iteration":65,"score":7.0631087484598,"best":7.0631087484598,"gradient_rms":1.2192135681070166,"update_rms":3.5433910727163074e-05,"noise_rms":0.9442446006917293,"wall_s":20.141016524285078}
{"iteration":66,"score":7.064106477784669,"best":7.064106477784669,"gradient_rms":2.1510877098930967,"update_rms":4.3507479519791023e-05,"noise_rms":0.94424343737541,"wall_s":21.13780092075467}
{"iteration":67,"score":7.0625608191861025,"best":7.064106477784669,"gradient_rms":2.0284695924005147,"update_rms":4.714164537502187e-05,"noise_rms":0.9442409564634949,"wall_s":20.830527348443866}
{"iteration":68,"score":7.066787655583643,"best":7.066787655583643,"gradient_rms":0.9373492426532622,"update_rms":4.4373672658638754e-05,"noise_rms":0.9442383110116744,"wall_s":20.41192202270031}
{"iteration":69,"score":7.067432737474594,"best":7.067432737474594,"gradient_rms":1.2991179818962895,"update_rms":4.1409260681579576e-05,"noise_rms":0.9442360994766603,"wall_s":20.09141368418932}
{"iteration":70,"score":7.06815631931596,"best":7.06815631931596,"gradient_rms":1.9402665022374064,"update_rms":3.9998484779755685e-05,"noise_rms":0.9442341053356291,"wall_s":20.572390595450997}
{"iteration":71,"score":7.067717081387895,"best":7.06815631931596,"gradient_rms":2.394371317894876,"update_rms":4.617205088944282e-05,"noise_rms":0.9442303293511398,"wall_s":20.144976215437055}
{"iteration":72,"score":7.0686135337334886,"best":7.0686135337334886,"gradient_rms":1.171906418349197,"update_rms":4.347101015145815e-05,"noise_rms":0.9442257545643236,"wall_s":20.513147151097655}
{"iteration":73,"score":7.071522895106615,"best":7.071522895106615,"gradient_rms":2.001988548800346,"update_rms":4.523909935656275e-05,"noise_rms":0.944221407298597,"wall_s":20.283745288848877}
{"iteration":74,"score":7.068928645491074,"best":7.071522895106615,"gradient_rms":0.8737491735845546,"update_rms":4.293060718075627e-05,"noise_rms":0.9442173970131632,"wall_s":20.245255837216973}
{"iteration":75,"score":7.070709972926114,"best":7.071522895106615,"gradient_rms":2.1287523164442685,"update_rms":4.996704237144163e-05,"noise_rms":0.9442127985623502,"wall_s":20.390250397846103}
{"iteration":76,"score":7.071342429826355,"best":7.071522895106615,"gradient_rms":1.1595725736040507,"update_rms":4.7761344673037946e-05,"noise_rms":0.9442080753962268,"wall_s":20.91016510874033}
{"iteration":77,"score":7.075214610125245,"best":7.075214610125245,"gradient_rms":0.7936856429045996,"update_rms":4.351015054798423e-05,"noise_rms":0.9442044753679864,"wall_s":21.49786784313619}
{"iteration":78,"score":7.075692069300264,"best":7.075692069300264,"gradient_rms":1.8401713437632845,"update_rms":4.3118796964985253e-05,"noise_rms":0.9441995004480487,"wall_s":20.234355067834258}
{"iteration":79,"score":7.07434399118545,"best":7.075692069300264,"gradient_rms":1.295730317572059,"update_rms":4.227702334083024e-05,"noise_rms":0.9441947848596878,"wall_s":20.41708175651729}
{"iteration":80,"score":7.0785660049036885,"best":7.0785660049036885,"gradient_rms":2.237194666881502,"update_rms":4.618370839518657e-05,"noise_rms":0.9441889506731289,"wall_s":20.267247611656785}
{"iteration":81,"score":7.075487652651134,"best":7.0785660049036885,"gradient_rms":2.344254421413099,"update_rms":5.3596907878618204e-05,"noise_rms":0.9441823681726277,"wall_s":20.447327874600887}
{"iteration":82,"score":7.074768689262293,"best":7.0785660049036885,"gradient_rms":1.2097268625274658,"update_rms":4.982934607825236e-05,"noise_rms":0.9441751474260758,"wall_s":20.61332413367927}
{"iteration":83,"score":7.079202622564918,"best":7.079202622564918,"gradient_rms":1.7354005372736947,"update_rms":4.960111961924798e-05,"noise_rms":0.9441689371975166,"wall_s":20.328908022493124}
{"iteration":84,"score":7.081129691009982,"best":7.081129691009982,"gradient_rms":0.9069401690139629,"update_rms":4.603727941058857e-05,"noise_rms":0.9441626553500699,"wall_s":20.92716619372368}
{"iteration":85,"score":7.08517945439805,"best":7.08517945439805,"gradient_rms":1.3865357527414406,"update_rms":4.35607812586832e-05,"noise_rms":0.9441573886147829,"wall_s":20.28765639103949}
{"iteration":86,"score":7.083887035522123,"best":7.08517945439805,"gradient_rms":1.6675403786188758,"update_rms":4.5643867933149955e-05,"noise_rms":0.9441524697075835,"wall_s":20.218394994735718}
{"iteration":87,"score":7.085219254387676,"best":7.085219254387676,"gradient_rms":0.807017462756998,"update_rms":4.178544586172253e-05,"noise_rms":0.9441474426864911,"wall_s":20.978502174839377}
{"iteration":88,"score":7.08598506678871,"best":7.08598506678871,"gradient_rms":0.8725905363182044,"update_rms":3.844115662881335e-05,"noise_rms":0.9441426349392484,"wall_s":20.972023744136095}
{"iteration":89,"score":7.088501266456939,"best":7.088501266456939,"gradient_rms":1.4499559011817769,"update_rms":3.9177230591168604e-05,"noise_rms":0.9441385777889671,"wall_s":20.44387665949762}
{"iteration":90,"score":7.088015874356102,"best":7.088501266456939,"gradient_rms":1.5554263170644622,"update_rms":4.026405838212363e-05,"noise_rms":0.9441349223021017,"wall_s":20.1851297467947}
{"iteration":91,"score":7.088774931431324,"best":7.088774931431324,"gradient_rms":2.2040623461830107,"update_rms":4.36295040348918e-05,"noise_rms":0.9441308966147227,"wall_s":20.27626203931868}
{"iteration":92,"score":7.0892187665324276,"best":7.0892187665324276,"gradient_rms":1.6909730356581891,"update_rms":4.659371601555086e-05,"noise_rms":0.9441274781642884,"wall_s":20.870322924107313}
{"iteration":93,"score":7.092455073726302,"best":7.092455073726302,"gradient_rms":1.5222377591758909,"update_rms":4.603083728230265e-05,"noise_rms":0.9441226783684162,"wall_s":21.070550587028265}
{"iteration":94,"score":7.093288764603987,"best":7.093288764603987,"gradient_rms":1.1626991834021103,"update_rms":4.237092358610345e-05,"noise_rms":0.9441169414742132,"wall_s":20.87581318616867}
{"iteration":95,"score":7.092677881802308,"best":7.093288764603987,"gradient_rms":1.0369120801354343,"update_rms":4.1815604983352286e-05,"noise_rms":0.9441109099573303,"wall_s":20.437287455424666}
{"iteration":96,"score":7.092708111032173,"best":7.093288764603987,"gradient_rms":1.2606892821663116,"update_rms":4.069091178402981e-05,"noise_rms":0.9441042854290499,"wall_s":20.55105914361775}
{"iteration":97,"score":7.095452721530552,"best":7.095452721530552,"gradient_rms":1.3195918913989588,"update_rms":4.151354011722825e-05,"noise_rms":0.9440977124607034,"wall_s":21.68327136337757}
{"iteration":98,"score":7.096529737630077,"best":7.096529737630077,"gradient_rms":1.4706683703241104,"update_rms":4.140228921951073e-05,"noise_rms":0.9440908909467598,"wall_s":20.488270062953234}
{"iteration":99,"score":7.096278236847898,"best":7.096529737630077,"gradient_rms":0.8209500099148433,"update_rms":3.974277992614482e-05,"noise_rms":0.9440842142317157,"wall_s":20.867565404623747}
{"iteration":100,"score":7.097886768171389,"best":7.097886768171389,"gradient_rms":1.2983229535930743,"update_rms":3.952945269608753e-05,"noise_rms":0.9440785566197576,"wall_s":20.183382887393236}
{"iteration":101,"score":7.094474905337525,"best":7.097886768171389,"gradient_rms":0.8658550324908553,"update_rms":3.870716851101639e-05,"noise_rms":0.944074755554966,"wall_s":20.88508366420865}
{"iteration":102,"score":7.099710850317557,"best":7.099710850317557,"gradient_rms":1.6268172582629983,"update_rms":4.332927049544092e-05,"noise_rms":0.9440719042622348,"wall_s":20.791703356429935}
{"iteration":103,"score":7.0948623861041655,"best":7.099710850317557,"gradient_rms":1.6842912766038585,"update_rms":4.726463683607246e-05,"noise_rms":0.9440693727963971,"wall_s":21.444191571325064}
{"iteration":104,"score":7.102246766334473,"best":7.102246766334473,"gradient_rms":1.4059423968205549,"update_rms":4.806852907099671e-05,"noise_rms":0.9440668380996292,"wall_s":20.461528973653913}
{"iteration":105,"score":7.101899713882671,"best":7.102246766334473,"gradient_rms":2.7975247293905507,"update_rms":6.0591118847155346e-05,"noise_rms":0.9440672555180142,"wall_s":20.378342758864164}
{"iteration":106,"score":7.104635608063654,"best":7.104635608063654,"gradient_rms":2.666919322805518,"update_rms":6.798274405161333e-05,"noise_rms":0.9440684552122722,"wall_s":20.865608664229512}
{"iteration":107,"score":7.107726063402391,"best":7.107726063402391,"gradient_rms":1.2312033225234502,"update_rms":6.391169168024881e-05,"noise_rms":0.9440691885328414,"wall_s":22.044733615592122}
{"iteration":108,"score":7.106524059599277,"best":7.107726063402391,"gradient_rms":1.4268827099592596,"update_rms":6.027130306201078e-05,"noise_rms":0.9440702609056812,"wall_s":20.819490235298872}
{"iteration":109,"score":7.1092381192378555,"best":7.1092381192378555,"gradient_rms":1.3936908353794535,"update_rms":5.807450317680082e-05,"noise_rms":0.9440728542818619,"wall_s":21.270880607888103}
{"iteration":110,"score":7.108257228783524,"best":7.1092381192378555,"gradient_rms":1.1497433650841051,"update_rms":5.507029358321962e-05,"noise_rms":0.9440769118924317,"wall_s":20.498743323609233}
{"iteration":111,"score":7.099967009310337,"best":7.1092381192378555,"gradient_rms":1.200894974642967,"update_rms":5.326843624353184e-05,"noise_rms":0.9440807971214271,"wall_s":20.501308489590883}
{"iteration":112,"score":7.110119416300982,"best":7.110119416300982,"gradient_rms":1.7787972225805224,"update_rms":5.9569188469855904e-05,"noise_rms":0.9440834509331782,"wall_s":20.17308857664466}
{"iteration":113,"score":7.113426587266302,"best":7.113426587266302,"gradient_rms":2.4251451067219327,"update_rms":6.665283756145412e-05,"noise_rms":0.9440860786945204,"wall_s":22.013393465429544}
{"iteration":114,"score":7.11496144249031,"best":7.11496144249031,"gradient_rms":3.024501043302567,"update_rms":7.452022476675909e-05,"noise_rms":0.9440893528444065,"wall_s":20.842811096459627}
{"iteration":115,"score":7.115771593548066,"best":7.115771593548066,"gradient_rms":0.846033059829674,"update_rms":6.904501596997105e-05,"noise_rms":0.9440929440825241,"wall_s":20.823920583352447}
{"iteration":116,"score":7.1190603525976845,"best":7.1190603525976845,"gradient_rms":1.6177988950775246,"update_rms":6.848132018089991e-05,"noise_rms":0.9440955802170987,"wall_s":20.243846910074353}
{"iteration":117,"score":7.112137953539618,"best":7.1190603525976845,"gradient_rms":1.577062174167823,"update_rms":6.74283465305705e-05,"noise_rms":0.9440989563513964,"wall_s":20.376638563349843}
{"iteration":118,"score":7.120088896914026,"best":7.120088896914026,"gradient_rms":2.0912575640276097,"update_rms":6.948782020116773e-05,"noise_rms":0.9440994440033471,"wall_s":21.060781156644225}
{"iteration":119,"score":7.124938833298255,"best":7.124938833298255,"gradient_rms":1.0297429177023563,"update_rms":6.630300277913481e-05,"noise_rms":0.9441001742087225,"wall_s":20.110778076574206}
{"iteration":120,"score":7.12443354331389,"best":7.124938833298255,"gradient_rms":1.5301876036177875,"update_rms":6.481006221264247e-05,"noise_rms":0.9441009592097986,"wall_s":20.66874873265624}
{
  "status": "ok",
  "stop_reason": "completed_iterations",
  "initial_score": 0.3681156045594607,
  "final_score": 7.12443354331389,
  "best_score": 7.124938833298255,
  "best_iteration": 119,
  "completed_iterations": 120,
  "total_wall_s": 2491.0334914606065,
  "mean_iteration_wall_s": 20.42977167425367,
  "initial_decode_wall_s": 4.078846761956811,
  "initial_score_wall_s": 3.6043666005134583,
  "initial_score_elapsed_s": [
    3.602008940652013
  ],
  "final_noise_rms": 0.9441009592097986,
  "final_noise_abs_max": 2.7509043216705322,
  "best_case": "/home/scc/pb24511935/local_surface_evaluator_worktrees/qh-flow-zo-adam/runs/qh_flow_standard_adam_multistart_8x120_fixed/seed_2026073100/best.json"
}
